
> @ccssmnn/tilly@ test /home/reader/develop/tilly
> vitest

[33mTesting types with tsc and vue-tsc is an experimental feature.
Breaking changes might not follow SemVer, please pin Vitest's version when using it.[39m

[1m[46m RUN [49m[22m [36mv3.2.4 [39m[90m/home/reader/develop/tilly[39m

[90mstderr[2m | src/app/components/passkey-auth.test.tsx[2m > [22m[2mPasskeyAuthDialog[2m > [22m[2mloading states disable interactions
[22m[39mAn update to PasskeyAuthDialog inside a test was not wrapped in act(...).

When testing, code that causes React state updates should be wrapped into act(...):

act(() => {
  /* fire events that update state */
});
/* assert on the output */

This ensures that you're testing the behavior the user would see in the browser. Learn more at https://react.dev/link/wrap-tests-with-act

 [32m✓[39m src/app/components/passkey-auth.test.tsx [2m([22m[2m6 tests[22m[2m)[22m[33m 5427[2mms[22m[39m
   [33m[2m✓[22m[39m PasskeyAuthDialog[2m > [22msignup mode renders username input [33m 517[2mms[22m[39m
   [33m[2m✓[22m[39m PasskeyAuthDialog[2m > [22msubmit button triggers correct auth method in signup mode [33m 1957[2mms[22m[39m
   [33m[2m✓[22m[39m PasskeyAuthDialog[2m > [22msubmit button triggers correct auth method in login mode [33m 581[2mms[22m[39m
   [33m[2m✓[22m[39m PasskeyAuthDialog[2m > [22merror handling displays messages [33m 1576[2mms[22m[39m
   [33m[2m✓[22m[39m PasskeyAuthDialog[2m > [22mloading states disable interactions [33m 729[2mms[22m[39m
[90mstderr[2m | tests/integration/auth-flows.test.ts[2m > [22m[2mAuthentication Flows Integration Tests[2m > [22m[2mprofile is publicly readable
[22m[39mSyntaxError: Expected ',' or '}' after property value in JSON at position 35 (line 1 column 36)
    at JSON.parse (<anonymous>)
    at PureJSSessionLog.decryptNextTransactionChangesJson [90m(file:///home/reader/develop/tilly/[39mnode_modules/[4m.pnpm[24m/cojson@0.19.3/node_modules/[4mcojson[24m/src/crypto/PureJSCrypto.ts:375:21[90m)[39m
    at SessionMap.decryptTransaction [90m(file:///home/reader/develop/tilly/[39mnode_modules/[4m.pnpm[24m/cojson@0.19.3/node_modules/[4mcojson[24m/src/coValueCore/SessionMap.ts:281:39[90m)[39m
    at VerifiedState.decryptTransaction [90m(file:///home/reader/develop/tilly/[39mnode_modules/[4m.pnpm[24m/cojson@0.19.3/node_modules/[4mcojson[24m/src/coValueCore/verifiedState.ts:334:26[90m)[39m
    at decryptTransactionChangesAndMeta [90m(file:///home/reader/develop/tilly/[39mnode_modules/[4m.pnpm[24m/cojson@0.19.3/node_modules/[4mcojson[24m/src/coValueCore/decryptTransactionChangesAndMeta.ts:28:38[90m)[39m
    at CoValueCore.parseNewTransactions [90m(file:///home/reader/develop/tilly/[39mnode_modules/[4m.pnpm[24m/cojson@0.19.3/node_modules/[4mcojson[24m/src/coValueCore/coValueCore.ts:1076:9[90m)[39m
    at CoValueCore.getValidTransactions [90m(file:///home/reader/develop/tilly/[39mnode_modules/[4m.pnpm[24m/cojson@0.19.3/node_modules/[4mcojson[24m/src/coValueCore/coValueCore.ts:1105:10[90m)[39m
    at RawCoMap.processNewTransactions [90m(file:///home/reader/develop/tilly/[39mnode_modules/[4m.pnpm[24m/cojson@0.19.3/node_modules/[4mcojson[24m/src/coValues/coMap.ts:102:44[90m)[39m
    at new RawCoMap [90m(file:///home/reader/develop/tilly/[39mnode_modules/[4m.pnpm[24m/cojson@0.19.3/node_modules/[4mcojson[24m/src/coValues/coMap.ts:94:10[90m)[39m
    at coreToCoValue [90m(file:///home/reader/develop/tilly/[39mnode_modules/[4m.pnpm[24m/cojson@0.19.3/node_modules/[4mcojson[24m/src/coreToCoValue.ts:25:14[90m)[39m
The value is unavailable from co_zJbtfhx7C2ufzk1VwM7R2dzZYkm

 [32m✓[39m [44m[1m TS [22m[49m tests/integration/auth-flows.test.ts [2m([22m[2m7 tests[22m[2m)[22m
 [32m✓[39m [44m[1m TS [22m[49m tests/integration/static-build.test.ts [2m([22m[2m22 tests[22m[2m)[22m
 [32m✓[39m [44m[1m TS [22m[49m src/app/components/passkey-auth.test.tsx [2m([22m[2m6 tests[22m[2m)[22m
 [32m✓[39m [44m[1m TS [22m[49m tests/integration/api-auth.test.ts [2m([22m[2m7 tests[22m[2m)[22m
 [32m✓[39m [44m[1m TS [22m[49m src/shared/schema/user.test.ts [2m([22m[2m4 tests[22m[2m)[22m
 [32m✓[39m [44m[1m TS [22m[49m src/shared/intl/messages.test.ts [2m([22m[2m2 tests[22m[2m)[22m
 [32m✓[39m [44m[1m TS [22m[49m src/app/lib/api-client-with-fallback.test.ts [2m([22m[2m22 tests[22m[2m)[22m
 [32m✓[39m [44m[1m TS [22m[49m src/app/lib/feature-detection.test.ts [2m([22m[2m22 tests[22m[2m)[22m
 [32m✓[39m [44m[1m TS [22m[49m node_modules/.pnpm/@stablelib+base64@1.0.1/node_modules/@stablelib/base64/base64.test.ts [2m([22m[2m6 tests[22m[2m)[22m
 [32m✓[39m [44m[1m TS [22m[49m node_modules/.pnpm/cojson@0.18.24/node_modules/cojson/src/base64url.test.ts [2m([22m[2m1 test[22m[2m)[22m
 [32m✓[39m [44m[1m TS [22m[49m node_modules/.pnpm/cojson@0.19.3/node_modules/cojson/src/base64url.test.ts [2m([22m[2m1 test[22m[2m)[22m
 [32m✓[39m [44m[1m TS [22m[49m node_modules/.pnpm/entities@6.0.1/node_modules/entities/src/decode.spec.ts [2m([22m[2m22 tests[22m[2m)[22m
 [32m✓[39m [44m[1m TS [22m[49m node_modules/.pnpm/entities@6.0.1/node_modules/entities/src/encode.spec.ts [2m([22m[2m15 tests[22m[2m)[22m
 [32m✓[39m [44m[1m TS [22m[49m node_modules/.pnpm/entities@6.0.1/node_modules/entities/src/escape.spec.ts [2m([22m[2m2 tests[22m[2m)[22m
 [32m✓[39m [44m[1m TS [22m[49m node_modules/.pnpm/entities@6.0.1/node_modules/entities/src/index.spec.ts [2m([22m[2m11 tests[22m[2m)[22m
 [32m✓[39m [44m[1m TS [22m[49m node_modules/.pnpm/style-to-js@1.1.17/node_modules/style-to-js/src/index.test.ts [2m([22m[2m11 tests[22m[2m)[22m
 [32m✓[39m [44m[1m TS [22m[49m node_modules/.pnpm/style-to-js@1.1.17/node_modules/style-to-js/src/utilities.test.ts [2m([22m[2m6 tests[22m[2m)[22m
 [32m✓[39m [44m[1m TS [22m[49m node_modules/.pnpm/@apideck+better-ajv-errors@0.3.6_ajv@8.17.1/node_modules/@apideck/better-ajv-errors/src/index.test.ts [2m([22m[2m15 tests[22m[2m)[22m
 [32m✓[39m [44m[1m TS [22m[49m node_modules/.pnpm/@ccssmnn+intl@0.1.1_react@19.2.0/node_modules/@ccssmnn/intl/src/core.test.ts [2m([22m[2m15 tests[22m[2m)[22m
 [32m✓[39m [44m[1m TS [22m[49m node_modules/.pnpm/@ccssmnn+intl@0.1.1_react@19.2.0/node_modules/@ccssmnn/intl/src/react.test.tsx [2m([22m[2m18 tests[22m[2m)[22m
 [32m✓[39m [44m[1m TS [22m[49m node_modules/.pnpm/@radix-ui+react-alert-dialog@1.1.15_@types+react-dom@19.2.1_@types+react@19.2.2__@types_6481dafe719f67a1d8918c968d0870be/node_modules/@radix-ui/react-alert-dialog/src/alert-dialog.test.tsx [2m([22m[2m4 tests[22m[2m)[22m
 [32m✓[39m [44m[1m TS [22m[49m node_modules/.pnpm/@radix-ui+react-one-time-password-field@0.1.8_@types+react-dom@19.2.1_@types+react@19.2_9b65960000348f6bb2381df9e844c141/node_modules/@radix-ui/react-one-time-password-field/src/one-time-password-field.test.tsx [2m([22m[2m4 tests[22m[2m | [22m[33m1 skipped[39m[2m)[22m
 [32m✓[39m [44m[1m TS [22m[49m node_modules/.pnpm/@radix-ui+react-password-toggle-field@0.1.3_@types+react-dom@19.2.1_@types+react@19.2.2_f5eb4b860e18b7ca5f54bedba3076abb/node_modules/@radix-ui/react-password-toggle-field/src/password-toggle-field.test.tsx [2m([22m[2m14 tests[22m[2m)[22m
 [32m✓[39m [44m[1m TS [22m[49m node_modules/.pnpm/cojson-transport-ws@0.19.3/node_modules/cojson-transport-ws/src/tests/BatchedOutgoingMessages.test.ts [2m([22m[2m1 test[22m[2m)[22m
 [32m✓[39m [44m[1m TS [22m[49m node_modules/.pnpm/cojson-transport-ws@0.19.3/node_modules/cojson-transport-ws/src/tests/WebSocketPeerWithReconnection.test.ts [2m([22m[2m11 tests[22m[2m)[22m
 [32m✓[39m [44m[1m TS [22m[49m node_modules/.pnpm/cojson-transport-ws@0.19.3/node_modules/cojson-transport-ws/src/tests/createWebSocketPeer.test.ts [2m([22m[2m18 tests[22m[2m)[22m
 [32m✓[39m [44m[1m TS [22m[49m node_modules/.pnpm/cojson-transport-ws@0.19.3/node_modules/cojson-transport-ws/src/tests/webSocket.integration.test.ts [2m([22m[2m5 tests[22m[2m)[22m
 [32m✓[39m [44m[1m TS [22m[49m node_modules/.pnpm/cojson@0.18.24/node_modules/cojson/src/tests/GarbageCollector.test.ts [2m([22m[2m5 tests[22m[2m)[22m
 [32m✓[39m [44m[1m TS [22m[49m node_modules/.pnpm/cojson@0.18.24/node_modules/cojson/src/tests/IncomingMessagesQueue.test.ts [2m([22m[2m30 tests[22m[2m)[22m
 [32m✓[39m [44m[1m TS [22m[49m node_modules/.pnpm/cojson@0.18.24/node_modules/cojson/src/tests/LinkedList.test.ts [2m([22m[2m9 tests[22m[2m)[22m
 [32m✓[39m [44m[1m TS [22m[49m node_modules/.pnpm/cojson@0.18.24/node_modules/cojson/src/tests/PeerKnownStates.test.ts [2m([22m[2m7 tests[22m[2m)[22m
 [32m✓[39m [44m[1m TS [22m[49m node_modules/.pnpm/cojson@0.18.24/node_modules/cojson/src/tests/PeerState.test.ts [2m([22m[2m6 tests[22m[2m)[22m
 [32m✓[39m [44m[1m TS [22m[49m node_modules/.pnpm/cojson@0.18.24/node_modules/cojson/src/tests/PriorityBasedMessageQueue.test.ts [2m([22m[2m8 tests[22m[2m)[22m
 [32m✓[39m [44m[1m TS [22m[49m node_modules/.pnpm/cojson@0.18.24/node_modules/cojson/src/tests/PureJSCrypto.test.ts [2m([22m[2m7 tests[22m[2m)[22m
 [32m✓[39m [44m[1m TS [22m[49m node_modules/.pnpm/cojson@0.18.24/node_modules/cojson/src/tests/StorageApiAsync.test.ts [2m([22m[2m19 tests[22m[2m)[22m
 [32m✓[39m [44m[1m TS [22m[49m node_modules/.pnpm/cojson@0.18.24/node_modules/cojson/src/tests/StorageApiSync.test.ts [2m([22m[2m16 tests[22m[2m)[22m
 [32m✓[39m [44m[1m TS [22m[49m node_modules/.pnpm/cojson@0.18.24/node_modules/cojson/src/tests/StoreQueue.test.ts [2m([22m[2m15 tests[22m[2m)[22m
 [32m✓[39m [44m[1m TS [22m[49m node_modules/.pnpm/cojson@0.18.24/node_modules/cojson/src/tests/SyncStateManager.test.ts [2m([22m[2m9 tests[22m[2m)[22m
 [32m✓[39m [44m[1m TS [22m[49m node_modules/.pnpm/cojson@0.18.24/node_modules/cojson/src/tests/WasmCrypto.test.ts [2m([22m[2m7 tests[22m[2m)[22m
 [32m✓[39m [44m[1m TS [22m[49m node_modules/.pnpm/cojson@0.18.24/node_modules/cojson/src/tests/account.test.ts [2m([22m[2m12 tests[22m[2m)[22m
 [32m✓[39m [44m[1m TS [22m[49m node_modules/.pnpm/cojson@0.18.24/node_modules/cojson/src/tests/branching.test.ts [2m([22m[2m21 tests[22m[2m)[22m
 [32m✓[39m [44m[1m TS [22m[49m node_modules/.pnpm/cojson@0.18.24/node_modules/cojson/src/tests/coList.test.ts [2m([22m[2m28 tests[22m[2m)[22m
 [32m✓[39m [44m[1m TS [22m[49m node_modules/.pnpm/cojson@0.18.24/node_modules/cojson/src/tests/coMap.test.ts [2m([22m[2m8 tests[22m[2m)[22m
 [32m✓[39m [44m[1m TS [22m[49m node_modules/.pnpm/cojson@0.18.24/node_modules/cojson/src/tests/coPlainText.test.ts [2m([22m[2m13 tests[22m[2m)[22m
 [32m✓[39m [44m[1m TS [22m[49m node_modules/.pnpm/cojson@0.18.24/node_modules/cojson/src/tests/coStream.test.ts [2m([22m[2m14 tests[22m[2m)[22m
 [32m✓[39m [44m[1m TS [22m[49m node_modules/.pnpm/cojson@0.18.24/node_modules/cojson/src/tests/coValueContentMessage.test.ts [2m([22m[2m7 tests[22m[2m)[22m
 [32m✓[39m [44m[1m TS [22m[49m node_modules/.pnpm/cojson@0.18.24/node_modules/cojson/src/tests/coValueCore.dependencies.test.ts [2m([22m[2m5 tests[22m[2m)[22m
 [32m✓[39m [44m[1m TS [22m[49m node_modules/.pnpm/cojson@0.18.24/node_modules/cojson/src/tests/coValueCore.test.ts [2m([22m[2m22 tests[22m[2m)[22m
 [32m✓[39m [44m[1m TS [22m[49m node_modules/.pnpm/cojson@0.18.24/node_modules/cojson/src/tests/coValueCoreLoadingState.test.ts [2m([22m[2m9 tests[22m[2m)[22m
 [32m✓[39m [44m[1m TS [22m[49m node_modules/.pnpm/cojson@0.18.24/node_modules/cojson/src/tests/coreWasm.test.ts [2m([22m[2m4 tests[22m[2m)[22m
 [32m✓[39m [44m[1m TS [22m[49m node_modules/.pnpm/cojson@0.18.24/node_modules/cojson/src/tests/crypto.test.ts [2m([22m[2m7 tests[22m[2m)[22m
 [32m✓[39m [44m[1m TS [22m[49m node_modules/.pnpm/cojson@0.18.24/node_modules/cojson/src/tests/group.addMember.test.ts [2m([22m[2m12 tests[22m[2m)[22m
 [32m✓[39m [44m[1m TS [22m[49m node_modules/.pnpm/cojson@0.18.24/node_modules/cojson/src/tests/group.inheritance.test.ts [2m([22m[2m32 tests[22m[2m)[22m
 [32m✓[39m [44m[1m TS [22m[49m node_modules/.pnpm/cojson@0.18.24/node_modules/cojson/src/tests/group.invite.test.ts [2m([22m[2m9 tests[22m[2m)[22m
 [32m✓[39m [44m[1m TS [22m[49m node_modules/.pnpm/cojson@0.18.24/node_modules/cojson/src/tests/group.removeMember.test.ts [2m([22m[2m10 tests[22m[2m)[22m
 [32m✓[39m [44m[1m TS [22m[49m node_modules/.pnpm/cojson@0.18.24/node_modules/cojson/src/tests/group.roleOf.test.ts [2m([22m[2m19 tests[22m[2m | [22m[33m1 skipped[39m[2m)[22m
 [32m✓[39m [44m[1m TS [22m[49m node_modules/.pnpm/cojson@0.18.24/node_modules/cojson/src/tests/group.test.ts [2m([22m[2m19 tests[22m[2m)[22m
 [32m✓[39m [44m[1m TS [22m[49m node_modules/.pnpm/cojson@0.18.24/node_modules/cojson/src/tests/logger.test.ts [2m([22m[2m6 tests[22m[2m)[22m
 [32m✓[39m [44m[1m TS [22m[49m node_modules/.pnpm/cojson@0.18.24/node_modules/cojson/src/tests/permissions.test.ts [2m([22m[2m84 tests[22m[2m | [22m[33m3 skipped[39m[2m)[22m
 [32m✓[39m [44m[1m TS [22m[49m node_modules/.pnpm/cojson@0.18.24/node_modules/cojson/src/tests/priority.test.ts [2m([22m[2m6 tests[22m[2m)[22m
 [32m✓[39m [44m[1m TS [22m[49m node_modules/.pnpm/cojson@0.18.24/node_modules/cojson/src/tests/sync.auth.test.ts [2m([22m[2m4 tests[22m[2m)[22m
 [32m✓[39m [44m[1m TS [22m[49m node_modules/.pnpm/cojson@0.18.24/node_modules/cojson/src/tests/sync.content.test.ts [2m([22m[2m2 tests[22m[2m)[22m
 [32m✓[39m [44m[1m TS [22m[49m node_modules/.pnpm/cojson@0.18.24/node_modules/cojson/src/tests/sync.garbageCollection.test.ts [2m([22m[2m3 tests[22m[2m)[22m
 [32m✓[39m [44m[1m TS [22m[49m node_modules/.pnpm/cojson@0.18.24/node_modules/cojson/src/tests/sync.invite.test.ts [2m([22m[2m3 tests[22m[2m)[22m
 [32m✓[39m [44m[1m TS [22m[49m node_modules/.pnpm/cojson@0.18.24/node_modules/cojson/src/tests/sync.known.test.ts [2m([22m[2m2 tests[22m[2m)[22m
 [32m✓[39m [44m[1m TS [22m[49m node_modules/.pnpm/cojson@0.18.24/node_modules/cojson/src/tests/sync.load.test.ts [2m([22m[2m28 tests[22m[2m)[22m
 [32m✓[39m [44m[1m TS [22m[49m node_modules/.pnpm/cojson@0.18.24/node_modules/cojson/src/tests/sync.mesh.test.ts [2m([22m[2m8 tests[22m[2m)[22m
 [32m✓[39m [44m[1m TS [22m[49m node_modules/.pnpm/cojson@0.18.24/node_modules/cojson/src/tests/sync.peerReconciliation.test.ts [2m([22m[2m6 tests[22m[2m | [22m[33m1 skipped[39m[2m)[22m
 [32m✓[39m [44m[1m TS [22m[49m node_modules/.pnpm/cojson@0.18.24/node_modules/cojson/src/tests/sync.sharding.test.ts [2m([22m[2m9 tests[22m[2m)[22m
 [32m✓[39m [44m[1m TS [22m[49m node_modules/.pnpm/cojson@0.18.24/node_modules/cojson/src/tests/sync.storage.test.ts [2m([22m[2m13 tests[22m[2m)[22m
 [32m✓[39m [44m[1m TS [22m[49m node_modules/.pnpm/cojson@0.18.24/node_modules/cojson/src/tests/sync.storageAsync.test.ts [2m([22m[2m10 tests[22m[2m)[22m
 [32m✓[39m [44m[1m TS [22m[49m node_modules/.pnpm/cojson@0.18.24/node_modules/cojson/src/tests/sync.test.ts [2m([22m[2m34 tests[22m[2m)[22m
 [32m✓[39m [44m[1m TS [22m[49m node_modules/.pnpm/cojson@0.18.24/node_modules/cojson/src/tests/sync.upload.test.ts [2m([22m[2m10 tests[22m[2m)[22m
 [32m✓[39m [44m[1m TS [22m[49m node_modules/.pnpm/cojson-storage-indexeddb@0.19.3/node_modules/cojson-storage-indexeddb/src/tests/CoJsonIDBTransaction.test.ts [2m([22m[2m4 tests[22m[2m)[22m
 [32m✓[39m [44m[1m TS [22m[49m node_modules/.pnpm/cojson-storage-indexeddb@0.19.3/node_modules/cojson-storage-indexeddb/src/tests/storage.indexeddb.test.ts [2m([22m[2m8 tests[22m[2m)[22m
 [32m✓[39m [44m[1m TS [22m[49m node_modules/.pnpm/cojson@0.19.3/node_modules/cojson/src/tests/GarbageCollector.test.ts [2m([22m[2m5 tests[22m[2m)[22m
 [32m✓[39m [44m[1m TS [22m[49m node_modules/.pnpm/cojson@0.19.3/node_modules/cojson/src/tests/IncomingMessagesQueue.test.ts [2m([22m[2m30 tests[22m[2m)[22m
 [32m✓[39m [44m[1m TS [22m[49m node_modules/.pnpm/cojson@0.19.3/node_modules/cojson/src/tests/LinkedList.test.ts [2m([22m[2m9 tests[22m[2m)[22m
 [32m✓[39m [44m[1m TS [22m[49m node_modules/.pnpm/cojson@0.19.3/node_modules/cojson/src/tests/PeerKnownState.test.ts [2m([22m[2m21 tests[22m[2m)[22m
 [32m✓[39m [44m[1m TS [22m[49m node_modules/.pnpm/cojson@0.19.3/node_modules/cojson/src/tests/PeerState.test.ts [2m([22m[2m6 tests[22m[2m)[22m
 [32m✓[39m [44m[1m TS [22m[49m node_modules/.pnpm/cojson@0.19.3/node_modules/cojson/src/tests/PriorityBasedMessageQueue.test.ts [2m([22m[2m8 tests[22m[2m)[22m
 [32m✓[39m [44m[1m TS [22m[49m node_modules/.pnpm/cojson@0.19.3/node_modules/cojson/src/tests/PureJSCrypto.test.ts [2m([22m[2m7 tests[22m[2m)[22m
 [32m✓[39m [44m[1m TS [22m[49m node_modules/.pnpm/cojson@0.19.3/node_modules/cojson/src/tests/StorageApiAsync.test.ts [2m([22m[2m19 tests[22m[2m)[22m
 [32m✓[39m [44m[1m TS [22m[49m node_modules/.pnpm/cojson@0.19.3/node_modules/cojson/src/tests/StorageApiSync.test.ts [2m([22m[2m16 tests[22m[2m)[22m
 [32m✓[39m [44m[1m TS [22m[49m node_modules/.pnpm/cojson@0.19.3/node_modules/cojson/src/tests/StoreQueue.test.ts [2m([22m[2m15 tests[22m[2m)[22m
 [32m✓[39m [44m[1m TS [22m[49m node_modules/.pnpm/cojson@0.19.3/node_modules/cojson/src/tests/SyncStateManager.test.ts [2m([22m[2m9 tests[22m[2m)[22m
 [32m✓[39m [44m[1m TS [22m[49m node_modules/.pnpm/cojson@0.19.3/node_modules/cojson/src/tests/WasmCrypto.test.ts [2m([22m[2m7 tests[22m[2m)[22m
 [32m✓[39m [44m[1m TS [22m[49m node_modules/.pnpm/cojson@0.19.3/node_modules/cojson/src/tests/account.test.ts [2m([22m[2m12 tests[22m[2m)[22m
 [32m✓[39m [44m[1m TS [22m[49m node_modules/.pnpm/cojson@0.19.3/node_modules/cojson/src/tests/branching.test.ts [2m([22m[2m29 tests[22m[2m)[22m
 [32m✓[39m [44m[1m TS [22m[49m node_modules/.pnpm/cojson@0.19.3/node_modules/cojson/src/tests/coList.test.ts [2m([22m[2m29 tests[22m[2m)[22m
 [32m✓[39m [44m[1m TS [22m[49m node_modules/.pnpm/cojson@0.19.3/node_modules/cojson/src/tests/coMap.test.ts [2m([22m[2m9 tests[22m[2m)[22m
 [32m✓[39m [44m[1m TS [22m[49m node_modules/.pnpm/cojson@0.19.3/node_modules/cojson/src/tests/coPlainText.test.ts [2m([22m[2m13 tests[22m[2m)[22m
 [32m✓[39m [44m[1m TS [22m[49m node_modules/.pnpm/cojson@0.19.3/node_modules/cojson/src/tests/coStream.test.ts [2m([22m[2m15 tests[22m[2m)[22m
 [32m✓[39m [44m[1m TS [22m[49m node_modules/.pnpm/cojson@0.19.3/node_modules/cojson/src/tests/coValueContentMessage.test.ts [2m([22m[2m15 tests[22m[2m)[22m
 [32m✓[39m [44m[1m TS [22m[49m node_modules/.pnpm/cojson@0.19.3/node_modules/cojson/src/tests/coValueCore.dependencies.test.ts [2m([22m[2m11 tests[22m[2m)[22m
 [32m✓[39m [44m[1m TS [22m[49m node_modules/.pnpm/cojson@0.19.3/node_modules/cojson/src/tests/coValueCore.isCircularDependency.test.ts [2m([22m[2m5 tests[22m[2m)[22m
 [32m✓[39m [44m[1m TS [22m[49m node_modules/.pnpm/cojson@0.19.3/node_modules/cojson/src/tests/coValueCore.isCompletelyDownloaded.test.ts [2m([22m[2m11 tests[22m[2m | [22m[33m1 skipped[39m[2m)[22m
 [32m✓[39m [44m[1m TS [22m[49m node_modules/.pnpm/cojson@0.19.3/node_modules/cojson/src/tests/coValueCore.isStreaming.test.ts [2m([22m[2m8 tests[22m[2m)[22m
 [32m✓[39m [44m[1m TS [22m[49m node_modules/.pnpm/cojson@0.19.3/node_modules/cojson/src/tests/coValueCore.loadFromStorage.test.ts [2m([22m[2m22 tests[22m[2m)[22m
 [32m✓[39m [44m[1m TS [22m[49m node_modules/.pnpm/cojson@0.19.3/node_modules/cojson/src/tests/coValueCore.loadingState.test.ts [2m([22m[2m9 tests[22m[2m)[22m
 [32m✓[39m [44m[1m TS [22m[49m node_modules/.pnpm/cojson@0.19.3/node_modules/cojson/src/tests/coValueCore.newContentSince.test.ts [2m([22m[2m13 tests[22m[2m)[22m
 [32m✓[39m [44m[1m TS [22m[49m node_modules/.pnpm/cojson@0.19.3/node_modules/cojson/src/tests/coValueCore.test.ts [2m([22m[2m24 tests[22m[2m | [22m[33m1 skipped[39m[2m)[22m
 [32m✓[39m [44m[1m TS [22m[49m node_modules/.pnpm/cojson@0.19.3/node_modules/cojson/src/tests/coreWasm.test.ts [2m([22m[2m4 tests[22m[2m)[22m
 [32m✓[39m [44m[1m TS [22m[49m node_modules/.pnpm/cojson@0.19.3/node_modules/cojson/src/tests/crypto.test.ts [2m([22m[2m7 tests[22m[2m)[22m
 [32m✓[39m [44m[1m TS [22m[49m node_modules/.pnpm/cojson@0.19.3/node_modules/cojson/src/tests/group.addMember.test.ts [2m([22m[2m10 tests[22m[2m)[22m
 [32m✓[39m [44m[1m TS [22m[49m node_modules/.pnpm/cojson@0.19.3/node_modules/cojson/src/tests/group.childKeyRotation.test.ts [2m([22m[2m8 tests[22m[2m | [22m[33m7 skipped[39m[2m)[22m
 [32m✓[39m [44m[1m TS [22m[49m node_modules/.pnpm/cojson@0.19.3/node_modules/cojson/src/tests/group.inheritance.test.ts [2m([22m[2m35 tests[22m[2m)[22m
 [32m✓[39m [44m[1m TS [22m[49m node_modules/.pnpm/cojson@0.19.3/node_modules/cojson/src/tests/group.invite.test.ts [2m([22m[2m11 tests[22m[2m)[22m
 [32m✓[39m [44m[1m TS [22m[49m node_modules/.pnpm/cojson@0.19.3/node_modules/cojson/src/tests/group.removeMember.test.ts [2m([22m[2m7 tests[22m[2m)[22m
 [32m✓[39m [44m[1m TS [22m[49m node_modules/.pnpm/cojson@0.19.3/node_modules/cojson/src/tests/group.roleOf.test.ts [2m([22m[2m19 tests[22m[2m | [22m[33m1 skipped[39m[2m)[22m
 [32m✓[39m [44m[1m TS [22m[49m node_modules/.pnpm/cojson@0.19.3/node_modules/cojson/src/tests/group.test.ts [2m([22m[2m19 tests[22m[2m)[22m
 [32m✓[39m [44m[1m TS [22m[49m node_modules/.pnpm/cojson@0.19.3/node_modules/cojson/src/tests/knownState.test.ts [2m([22m[2m57 tests[22m[2m)[22m
 [32m✓[39m [44m[1m TS [22m[49m node_modules/.pnpm/cojson@0.19.3/node_modules/cojson/src/tests/logger.test.ts [2m([22m[2m6 tests[22m[2m)[22m
 [32m✓[39m [44m[1m TS [22m[49m node_modules/.pnpm/cojson@0.19.3/node_modules/cojson/src/tests/permissions.test.ts [2m([22m[2m78 tests[22m[2m | [22m[33m3 skipped[39m[2m)[22m
 [32m✓[39m [44m[1m TS [22m[49m node_modules/.pnpm/cojson@0.19.3/node_modules/cojson/src/tests/priority.test.ts [2m([22m[2m6 tests[22m[2m)[22m
 [32m✓[39m [44m[1m TS [22m[49m node_modules/.pnpm/cojson@0.19.3/node_modules/cojson/src/tests/sync.auth.test.ts [2m([22m[2m4 tests[22m[2m)[22m
 [32m✓[39m [44m[1m TS [22m[49m node_modules/.pnpm/cojson@0.19.3/node_modules/cojson/src/tests/sync.content.test.ts [2m([22m[2m2 tests[22m[2m)[22m
 [32m✓[39m [44m[1m TS [22m[49m node_modules/.pnpm/cojson@0.19.3/node_modules/cojson/src/tests/sync.garbageCollection.test.ts [2m([22m[2m3 tests[22m[2m)[22m
 [32m✓[39m [44m[1m TS [22m[49m node_modules/.pnpm/cojson@0.19.3/node_modules/cojson/src/tests/sync.invite.test.ts [2m([22m[2m3 tests[22m[2m)[22m
 [32m✓[39m [44m[1m TS [22m[49m node_modules/.pnpm/cojson@0.19.3/node_modules/cojson/src/tests/sync.known.test.ts [2m([22m[2m2 tests[22m[2m)[22m
 [32m✓[39m [44m[1m TS [22m[49m node_modules/.pnpm/cojson@0.19.3/node_modules/cojson/src/tests/sync.load.test.ts [2m([22m[2m29 tests[22m[2m)[22m
 [32m✓[39m [44m[1m TS [22m[49m node_modules/.pnpm/cojson@0.19.3/node_modules/cojson/src/tests/sync.mesh.test.ts [2m([22m[2m8 tests[22m[2m)[22m
 [32m✓[39m [44m[1m TS [22m[49m node_modules/.pnpm/cojson@0.19.3/node_modules/cojson/src/tests/sync.multipleServers.test.ts [2m([22m[2m8 tests[22m[2m)[22m
 [32m✓[39m [44m[1m TS [22m[49m node_modules/.pnpm/cojson@0.19.3/node_modules/cojson/src/tests/sync.peerReconciliation.test.ts [2m([22m[2m6 tests[22m[2m | [22m[33m1 skipped[39m[2m)[22m
 [32m✓[39m [44m[1m TS [22m[49m node_modules/.pnpm/cojson@0.19.3/node_modules/cojson/src/tests/sync.sharding.test.ts [2m([22m[2m9 tests[22m[2m)[22m
 [32m✓[39m [44m[1m TS [22m[49m node_modules/.pnpm/cojson@0.19.3/node_modules/cojson/src/tests/sync.storage.test.ts [2m([22m[2m14 tests[22m[2m)[22m
 [32m✓[39m [44m[1m TS [22m[49m node_modules/.pnpm/cojson@0.19.3/node_modules/cojson/src/tests/sync.storageAsync.test.ts [2m([22m[2m12 tests[22m[2m)[22m
 [32m✓[39m [44m[1m TS [22m[49m node_modules/.pnpm/cojson@0.19.3/node_modules/cojson/src/tests/sync.test.ts [2m([22m[2m33 tests[22m[2m)[22m
 [32m✓[39m [44m[1m TS [22m[49m node_modules/.pnpm/cojson@0.19.3/node_modules/cojson/src/tests/sync.upload.test.ts [2m([22m[2m11 tests[22m[2m)[22m
 [32m✓[39m [44m[1m TS [22m[49m node_modules/.pnpm/cojson-storage-indexeddb@0.18.24/node_modules/cojson-storage-indexeddb/src/tests/CoJsonIDBTransaction.test.ts [2m([22m[2m4 tests[22m[2m)[22m
 [32m✓[39m [44m[1m TS [22m[49m node_modules/.pnpm/cojson-storage-indexeddb@0.18.24/node_modules/cojson-storage-indexeddb/src/tests/storage.indexeddb.test.ts [2m([22m[2m8 tests[22m[2m)[22m
 [32m✓[39m [44m[1m TS [22m[49m node_modules/.pnpm/cojson-transport-ws@0.18.24/node_modules/cojson-transport-ws/src/tests/BatchedOutgoingMessages.test.ts [2m([22m[2m1 test[22m[2m)[22m
 [32m✓[39m [44m[1m TS [22m[49m node_modules/.pnpm/cojson-transport-ws@0.18.24/node_modules/cojson-transport-ws/src/tests/WebSocketPeerWithReconnection.test.ts [2m([22m[2m11 tests[22m[2m)[22m
 [32m✓[39m [44m[1m TS [22m[49m node_modules/.pnpm/cojson-transport-ws@0.18.24/node_modules/cojson-transport-ws/src/tests/createWebSocketPeer.test.ts [2m([22m[2m18 tests[22m[2m)[22m
 [32m✓[39m [44m[1m TS [22m[49m node_modules/.pnpm/cojson-transport-ws@0.18.24/node_modules/cojson-transport-ws/src/tests/webSocket.integration.test.ts [2m([22m[2m5 tests[22m[2m)[22m
 [32m✓[39m [44m[1m TS [22m[49m node_modules/.pnpm/jazz-tools@0.19.3_@tiptap+pm@2.26.2_csstype@3.1.3_react-dom@19.2.0_react@19.2.0__react@19.2.0/node_modules/jazz-tools/src/media/create-image-factory.test.ts [2m([22m[2m7 tests[22m[2m)[22m
 [32m✓[39m [44m[1m TS [22m[49m node_modules/.pnpm/jazz-tools@0.19.3_@tiptap+pm@2.26.2_csstype@3.1.3_react-dom@19.2.0_react@19.2.0__react@19.2.0/node_modules/jazz-tools/src/media/utils.test.ts [2m([22m[2m19 tests[22m[2m)[22m
 [32m✓[39m [44m[1m TS [22m[49m node_modules/.pnpm/jazz-tools@0.18.24_@tiptap+pm@2.26.2_csstype@3.1.3_react-dom@19.2.0_react@19.2.0__react@19.2.0/node_modules/jazz-tools/src/media/create-image-factory.test.ts [2m([22m[2m6 tests[22m[2m)[22m
 [32m✓[39m [44m[1m TS [22m[49m node_modules/.pnpm/jazz-tools@0.18.24_@tiptap+pm@2.26.2_csstype@3.1.3_react-dom@19.2.0_react@19.2.0__react@19.2.0/node_modules/jazz-tools/src/media/utils.test.ts [2m([22m[2m18 tests[22m[2m)[22m
 [32m✓[39m [44m[1m TS [22m[49m node_modules/.pnpm/jazz-tools@0.19.3_@tiptap+pm@2.26.2_csstype@3.1.3_react-dom@19.2.0_react@19.2.0__react@19.2.0/node_modules/jazz-tools/src/browser/tests/LocalStorageKVStore.test.ts [2m([22m[2m8 tests[22m[2m)[22m
 [32m✓[39m [44m[1m TS [22m[49m node_modules/.pnpm/jazz-tools@0.19.3_@tiptap+pm@2.26.2_csstype@3.1.3_react-dom@19.2.0_react@19.2.0__react@19.2.0/node_modules/jazz-tools/src/browser/tests/PasskeyAuth.test.ts [2m([22m[2m8 tests[22m[2m)[22m
 [32m✓[39m [44m[1m TS [22m[49m node_modules/.pnpm/jazz-tools@0.19.3_@tiptap+pm@2.26.2_csstype@3.1.3_react-dom@19.2.0_react@19.2.0__react@19.2.0/node_modules/jazz-tools/src/browser/tests/createInviteLink.test.ts [2m([22m[2m1 test[22m[2m)[22m
 [32m✓[39m [44m[1m TS [22m[49m node_modules/.pnpm/jazz-tools@0.19.3_@tiptap+pm@2.26.2_csstype@3.1.3_react-dom@19.2.0_react@19.2.0__react@19.2.0/node_modules/jazz-tools/src/browser/tests/storageOptions.test.ts [2m([22m[2m4 tests[22m[2m)[22m
 [32m✓[39m [44m[1m TS [22m[49m node_modules/.pnpm/jazz-tools@0.19.3_@tiptap+pm@2.26.2_csstype@3.1.3_react-dom@19.2.0_react@19.2.0__react@19.2.0/node_modules/jazz-tools/src/media/create-image/server.test.ts [2m([22m[2m2 tests[22m[2m)[22m
 [32m✓[39m [44m[1m TS [22m[49m node_modules/.pnpm/jazz-tools@0.19.3_@tiptap+pm@2.26.2_csstype@3.1.3_react-dom@19.2.0_react@19.2.0__react@19.2.0/node_modules/jazz-tools/src/prosemirror/tests/plugin.test.ts [2m([22m[2m9 tests[22m[2m)[22m
 [32m✓[39m [44m[1m TS [22m[49m node_modules/.pnpm/jazz-tools@0.19.3_@tiptap+pm@2.26.2_csstype@3.1.3_react-dom@19.2.0_react@19.2.0__react@19.2.0/node_modules/jazz-tools/src/react/tests/useAcceptInvite.test.ts [2m([22m[2m1 test[22m[2m)[22m
 [32m✓[39m [44m[1m TS [22m[49m node_modules/.pnpm/jazz-tools@0.19.3_@tiptap+pm@2.26.2_csstype@3.1.3_react-dom@19.2.0_react@19.2.0__react@19.2.0/node_modules/jazz-tools/src/react-core/tests/createCoValueSubscriptionContext.test.tsx [2m([22m[2m7 tests[22m[2m)[22m
 [32m✓[39m [44m[1m TS [22m[49m node_modules/.pnpm/jazz-tools@0.19.3_@tiptap+pm@2.26.2_csstype@3.1.3_react-dom@19.2.0_react@19.2.0__react@19.2.0/node_modules/jazz-tools/src/react-core/tests/useAccount.selector.test.ts [2m([22m[2m9 tests[22m[2m)[22m
 [32m✓[39m [44m[1m TS [22m[49m node_modules/.pnpm/jazz-tools@0.19.3_@tiptap+pm@2.26.2_csstype@3.1.3_react-dom@19.2.0_react@19.2.0__react@19.2.0/node_modules/jazz-tools/src/react-core/tests/useAccount.test.ts [2m([22m[2m7 tests[22m[2m)[22m
 [32m✓[39m [44m[1m TS [22m[49m node_modules/.pnpm/jazz-tools@0.19.3_@tiptap+pm@2.26.2_csstype@3.1.3_react-dom@19.2.0_react@19.2.0__react@19.2.0/node_modules/jazz-tools/src/react-core/tests/useCoState.selector.test.ts [2m([22m[2m3 tests[22m[2m)[22m
 [32m✓[39m [44m[1m TS [22m[49m node_modules/.pnpm/jazz-tools@0.19.3_@tiptap+pm@2.26.2_csstype@3.1.3_react-dom@19.2.0_react@19.2.0__react@19.2.0/node_modules/jazz-tools/src/react-core/tests/useCoState.test.ts [2m([22m[2m20 tests[22m[2m)[22m
 [32m✓[39m [44m[1m TS [22m[49m node_modules/.pnpm/jazz-tools@0.19.3_@tiptap+pm@2.26.2_csstype@3.1.3_react-dom@19.2.0_react@19.2.0__react@19.2.0/node_modules/jazz-tools/src/react-core/tests/useDemoAuth.test.tsx [2m([22m[2m5 tests[22m[2m)[22m
 [32m✓[39m [44m[1m TS [22m[49m node_modules/.pnpm/jazz-tools@0.19.3_@tiptap+pm@2.26.2_csstype@3.1.3_react-dom@19.2.0_react@19.2.0__react@19.2.0/node_modules/jazz-tools/src/react-core/tests/useInboxSender.test.ts [2m([22m[2m2 tests[22m[2m)[22m
 [32m✓[39m [44m[1m TS [22m[49m node_modules/.pnpm/jazz-tools@0.19.3_@tiptap+pm@2.26.2_csstype@3.1.3_react-dom@19.2.0_react@19.2.0__react@19.2.0/node_modules/jazz-tools/src/react-core/tests/useIsAuthenticated.test.ts [2m([22m[2m2 tests[22m[2m)[22m
 [32m✓[39m [44m[1m TS [22m[49m node_modules/.pnpm/jazz-tools@0.19.3_@tiptap+pm@2.26.2_csstype@3.1.3_react-dom@19.2.0_react@19.2.0__react@19.2.0/node_modules/jazz-tools/src/react-core/tests/usePassPhraseAuth.test.ts [2m([22m[2m6 tests[22m[2m)[22m
 [32m✓[39m [44m[1m TS [22m[49m node_modules/.pnpm/jazz-tools@0.19.3_@tiptap+pm@2.26.2_csstype@3.1.3_react-dom@19.2.0_react@19.2.0__react@19.2.0/node_modules/jazz-tools/src/react-core/tests/useSubscriptionSelector.test.ts [2m([22m[2m9 tests[22m[2m)[22m
 [32m✓[39m [44m[1m TS [22m[49m node_modules/.pnpm/jazz-tools@0.19.3_@tiptap+pm@2.26.2_csstype@3.1.3_react-dom@19.2.0_react@19.2.0__react@19.2.0/node_modules/jazz-tools/src/react-core/tests/useSyncConnectionStatus.test.ts [2m([22m[2m2 tests[22m[2m)[22m
 [32m✓[39m [44m[1m TS [22m[49m node_modules/.pnpm/jazz-tools@0.19.3_@tiptap+pm@2.26.2_csstype@3.1.3_react-dom@19.2.0_react@19.2.0__react@19.2.0/node_modules/jazz-tools/src/svelte/tests/CoState.svelte.test.ts [2m([22m[2m1 test[22m[2m)[22m
 [32m✓[39m [44m[1m TS [22m[49m node_modules/.pnpm/jazz-tools@0.19.3_@tiptap+pm@2.26.2_csstype@3.1.3_react-dom@19.2.0_react@19.2.0__react@19.2.0/node_modules/jazz-tools/src/svelte/tests/sync-connection-status.svelte.test.ts [2m([22m[2m2 tests[22m[2m)[22m
 [32m✓[39m [44m[1m TS [22m[49m node_modules/.pnpm/jazz-tools@0.19.3_@tiptap+pm@2.26.2_csstype@3.1.3_react-dom@19.2.0_react@19.2.0__react@19.2.0/node_modules/jazz-tools/src/tools/lib/cache.test.ts [2m([22m[2m3 tests[22m[2m)[22m
 [32m✓[39m [44m[1m TS [22m[49m node_modules/.pnpm/jazz-tools@0.19.3_@tiptap+pm@2.26.2_csstype@3.1.3_react-dom@19.2.0_react@19.2.0__react@19.2.0/node_modules/jazz-tools/src/tools/lib/utils.test.ts [2m([22m[2m6 tests[22m[2m)[22m
 [32m✓[39m [44m[1m TS [22m[49m node_modules/.pnpm/jazz-tools@0.19.3_@tiptap+pm@2.26.2_csstype@3.1.3_react-dom@19.2.0_react@19.2.0__react@19.2.0/node_modules/jazz-tools/src/tools/tests/AuthSecretStorage.test.ts [2m([22m[2m27 tests[22m[2m)[22m
 [32m✓[39m [44m[1m TS [22m[49m node_modules/.pnpm/jazz-tools@0.19.3_@tiptap+pm@2.26.2_csstype@3.1.3_react-dom@19.2.0_react@19.2.0__react@19.2.0/node_modules/jazz-tools/src/tools/tests/CoValueCoreSubscription.test.ts [2m([22m[2m27 tests[22m[2m)[22m
 [32m✓[39m [44m[1m TS [22m[49m node_modules/.pnpm/jazz-tools@0.19.3_@tiptap+pm@2.26.2_csstype@3.1.3_react-dom@19.2.0_react@19.2.0__react@19.2.0/node_modules/jazz-tools/src/tools/tests/ContextManager.test.ts [2m([22m[2m26 tests[22m[2m)[22m
 [32m✓[39m [44m[1m TS [22m[49m node_modules/.pnpm/jazz-tools@0.19.3_@tiptap+pm@2.26.2_csstype@3.1.3_react-dom@19.2.0_react@19.2.0__react@19.2.0/node_modules/jazz-tools/src/tools/tests/DemoAuth.test.ts [2m([22m[2m9 tests[22m[2m)[22m
 [32m✓[39m [44m[1m TS [22m[49m node_modules/.pnpm/jazz-tools@0.19.3_@tiptap+pm@2.26.2_csstype@3.1.3_react-dom@19.2.0_react@19.2.0__react@19.2.0/node_modules/jazz-tools/src/tools/tests/PassphraseAuth.test.ts [2m([22m[2m15 tests[22m[2m)[22m
 [32m✓[39m [44m[1m TS [22m[49m node_modules/.pnpm/jazz-tools@0.19.3_@tiptap+pm@2.26.2_csstype@3.1.3_react-dom@19.2.0_react@19.2.0__react@19.2.0/node_modules/jazz-tools/src/tools/tests/account.test.ts [2m([22m[2m17 tests[22m[2m)[22m
 [32m✓[39m [44m[1m TS [22m[49m node_modules/.pnpm/jazz-tools@0.19.3_@tiptap+pm@2.26.2_csstype@3.1.3_react-dom@19.2.0_react@19.2.0__react@19.2.0/node_modules/jazz-tools/src/tools/tests/authenticate-request.test.ts [2m([22m[2m9 tests[22m[2m)[22m
 [32m✓[39m [44m[1m TS [22m[49m node_modules/.pnpm/jazz-tools@0.19.3_@tiptap+pm@2.26.2_csstype@3.1.3_react-dom@19.2.0_react@19.2.0__react@19.2.0/node_modules/jazz-tools/src/tools/tests/coDiscriminatedUnion.test.ts [2m([22m[2m18 tests[22m[2m)[22m
 [32m✓[39m [44m[1m TS [22m[49m node_modules/.pnpm/jazz-tools@0.19.3_@tiptap+pm@2.26.2_csstype@3.1.3_react-dom@19.2.0_react@19.2.0__react@19.2.0/node_modules/jazz-tools/src/tools/tests/coFeed.branch.test.ts [2m([22m[2m16 tests[22m[2m)[22m
 [32m✓[39m [44m[1m TS [22m[49m node_modules/.pnpm/jazz-tools@0.19.3_@tiptap+pm@2.26.2_csstype@3.1.3_react-dom@19.2.0_react@19.2.0__react@19.2.0/node_modules/jazz-tools/src/tools/tests/coFeed.test.ts [2m([22m[2m38 tests[22m[2m)[22m
 [32m✓[39m [44m[1m TS [22m[49m node_modules/.pnpm/jazz-tools@0.19.3_@tiptap+pm@2.26.2_csstype@3.1.3_react-dom@19.2.0_react@19.2.0__react@19.2.0/node_modules/jazz-tools/src/tools/tests/coList.branch.test.ts [2m([22m[2m14 tests[22m[2m)[22m
 [32m✓[39m [44m[1m TS [22m[49m node_modules/.pnpm/jazz-tools@0.19.3_@tiptap+pm@2.26.2_csstype@3.1.3_react-dom@19.2.0_react@19.2.0__react@19.2.0/node_modules/jazz-tools/src/tools/tests/coList.test.ts [2m([22m[2m60 tests[22m[2m)[22m
 [32m✓[39m [44m[1m TS [22m[49m node_modules/.pnpm/jazz-tools@0.19.3_@tiptap+pm@2.26.2_csstype@3.1.3_react-dom@19.2.0_react@19.2.0__react@19.2.0/node_modules/jazz-tools/src/tools/tests/coList.unique.test.ts [2m([22m[2m10 tests[22m[2m)[22m
 [32m✓[39m [44m[1m TS [22m[49m node_modules/.pnpm/jazz-tools@0.19.3_@tiptap+pm@2.26.2_csstype@3.1.3_react-dom@19.2.0_react@19.2.0__react@19.2.0/node_modules/jazz-tools/src/tools/tests/coMap.branch.test.ts [2m([22m[2m14 tests[22m[2m)[22m
 [32m✓[39m [44m[1m TS [22m[49m node_modules/.pnpm/jazz-tools@0.19.3_@tiptap+pm@2.26.2_csstype@3.1.3_react-dom@19.2.0_react@19.2.0__react@19.2.0/node_modules/jazz-tools/src/tools/tests/coMap.record.test.ts [2m([22m[2m27 tests[22m[2m)[22m
 [32m✓[39m [44m[1m TS [22m[49m node_modules/.pnpm/jazz-tools@0.19.3_@tiptap+pm@2.26.2_csstype@3.1.3_react-dom@19.2.0_react@19.2.0__react@19.2.0/node_modules/jazz-tools/src/tools/tests/coMap.test.ts [2m([22m[2m91 tests[22m[2m)[22m
 [32m✓[39m [44m[1m TS [22m[49m node_modules/.pnpm/jazz-tools@0.19.3_@tiptap+pm@2.26.2_csstype@3.1.3_react-dom@19.2.0_react@19.2.0__react@19.2.0/node_modules/jazz-tools/src/tools/tests/coMap.unique.test.ts [2m([22m[2m13 tests[22m[2m)[22m
 [32m✓[39m [44m[1m TS [22m[49m node_modules/.pnpm/jazz-tools@0.19.3_@tiptap+pm@2.26.2_csstype@3.1.3_react-dom@19.2.0_react@19.2.0__react@19.2.0/node_modules/jazz-tools/src/tools/tests/coOptional.test.ts [2m([22m[2m4 tests[22m[2m)[22m
 [32m✓[39m [44m[1m TS [22m[49m node_modules/.pnpm/jazz-tools@0.19.3_@tiptap+pm@2.26.2_csstype@3.1.3_react-dom@19.2.0_react@19.2.0__react@19.2.0/node_modules/jazz-tools/src/tools/tests/coPlainText.test.ts [2m([22m[2m21 tests[22m[2m)[22m
 [32m✓[39m [44m[1m TS [22m[49m node_modules/.pnpm/jazz-tools@0.19.3_@tiptap+pm@2.26.2_csstype@3.1.3_react-dom@19.2.0_react@19.2.0__react@19.2.0/node_modules/jazz-tools/src/tools/tests/coVector.test.ts [2m([22m[2m68 tests[22m[2m)[22m
 [32m✓[39m [44m[1m TS [22m[49m node_modules/.pnpm/jazz-tools@0.19.3_@tiptap+pm@2.26.2_csstype@3.1.3_react-dom@19.2.0_react@19.2.0__react@19.2.0/node_modules/jazz-tools/src/tools/tests/createContext.test.ts [2m([22m[2m18 tests[22m[2m)[22m
 [32m✓[39m [44m[1m TS [22m[49m node_modules/.pnpm/jazz-tools@0.19.3_@tiptap+pm@2.26.2_csstype@3.1.3_react-dom@19.2.0_react@19.2.0__react@19.2.0/node_modules/jazz-tools/src/tools/tests/deepLoading.test.ts [2m([22m[2m35 tests[22m[2m)[22m
 [32m✓[39m [44m[1m TS [22m[49m node_modules/.pnpm/jazz-tools@0.19.3_@tiptap+pm@2.26.2_csstype@3.1.3_react-dom@19.2.0_react@19.2.0__react@19.2.0/node_modules/jazz-tools/src/tools/tests/exportImport.test.ts [2m([22m[2m14 tests[22m[2m)[22m
 [32m✓[39m [44m[1m TS [22m[49m node_modules/.pnpm/jazz-tools@0.19.3_@tiptap+pm@2.26.2_csstype@3.1.3_react-dom@19.2.0_react@19.2.0__react@19.2.0/node_modules/jazz-tools/src/tools/tests/group.test.ts [2m([22m[2m10 tests[22m[2m)[22m
 [32m✓[39m [44m[1m TS [22m[49m node_modules/.pnpm/jazz-tools@0.19.3_@tiptap+pm@2.26.2_csstype@3.1.3_react-dom@19.2.0_react@19.2.0__react@19.2.0/node_modules/jazz-tools/src/tools/tests/groupsAndAccounts.test.ts [2m([22m[2m56 tests[22m[2m)[22m
 [32m✓[39m [44m[1m TS [22m[49m node_modules/.pnpm/jazz-tools@0.19.3_@tiptap+pm@2.26.2_csstype@3.1.3_react-dom@19.2.0_react@19.2.0__react@19.2.0/node_modules/jazz-tools/src/tools/tests/inbox.test.ts [2m([22m[2m14 tests[22m[2m)[22m
 [32m✓[39m [44m[1m TS [22m[49m node_modules/.pnpm/jazz-tools@0.19.3_@tiptap+pm@2.26.2_csstype@3.1.3_react-dom@19.2.0_react@19.2.0__react@19.2.0/node_modules/jazz-tools/src/tools/tests/interfaces.test.ts [2m([22m[2m9 tests[22m[2m)[22m
 [32m✓[39m [44m[1m TS [22m[49m node_modules/.pnpm/jazz-tools@0.19.3_@tiptap+pm@2.26.2_csstype@3.1.3_react-dom@19.2.0_react@19.2.0__react@19.2.0/node_modules/jazz-tools/src/tools/tests/invites.test.ts [2m([22m[2m6 tests[22m[2m)[22m
 [32m✓[39m [44m[1m TS [22m[49m node_modules/.pnpm/jazz-tools@0.19.3_@tiptap+pm@2.26.2_csstype@3.1.3_react-dom@19.2.0_react@19.2.0__react@19.2.0/node_modules/jazz-tools/src/tools/tests/load.test.ts [2m([22m[2m12 tests[22m[2m)[22m
 [32m✓[39m [44m[1m TS [22m[49m node_modules/.pnpm/jazz-tools@0.19.3_@tiptap+pm@2.26.2_csstype@3.1.3_react-dom@19.2.0_react@19.2.0__react@19.2.0/node_modules/jazz-tools/src/tools/tests/request.test.ts [2m([22m[2m18 tests[22m[2m)[22m
 [32m✓[39m [44m[1m TS [22m[49m node_modules/.pnpm/jazz-tools@0.19.3_@tiptap+pm@2.26.2_csstype@3.1.3_react-dom@19.2.0_react@19.2.0__react@19.2.0/node_modules/jazz-tools/src/tools/tests/schema.resolved.test.ts [2m([22m[2m32 tests[22m[2m | [22m[33m3 skipped[39m[2m)[22m
 [32m✓[39m [44m[1m TS [22m[49m node_modules/.pnpm/jazz-tools@0.19.3_@tiptap+pm@2.26.2_csstype@3.1.3_react-dom@19.2.0_react@19.2.0__react@19.2.0/node_modules/jazz-tools/src/tools/tests/schema.test.ts [2m([22m[2m15 tests[22m[2m)[22m
 [32m✓[39m [44m[1m TS [22m[49m node_modules/.pnpm/jazz-tools@0.19.3_@tiptap+pm@2.26.2_csstype@3.1.3_react-dom@19.2.0_react@19.2.0__react@19.2.0/node_modules/jazz-tools/src/tools/tests/schemaUnion.test.ts [2m([22m[2m5 tests[22m[2m)[22m
 [32m✓[39m [44m[1m TS [22m[49m node_modules/.pnpm/jazz-tools@0.19.3_@tiptap+pm@2.26.2_csstype@3.1.3_react-dom@19.2.0_react@19.2.0__react@19.2.0/node_modules/jazz-tools/src/tools/tests/subscribe.test.ts [2m([22m[2m21 tests[22m[2m)[22m
 [32m✓[39m [44m[1m TS [22m[49m node_modules/.pnpm/jazz-tools@0.19.3_@tiptap+pm@2.26.2_csstype@3.1.3_react-dom@19.2.0_react@19.2.0__react@19.2.0/node_modules/jazz-tools/src/tools/tests/testing.test.ts [2m([22m[2m4 tests[22m[2m)[22m
 [32m✓[39m [44m[1m TS [22m[49m node_modules/.pnpm/jazz-tools@0.19.3_@tiptap+pm@2.26.2_csstype@3.1.3_react-dom@19.2.0_react@19.2.0__react@19.2.0/node_modules/jazz-tools/src/tools/tests/zod.test.ts [2m([22m[2m55 tests[22m[2m)[22m
 [32m✓[39m [44m[1m TS [22m[49m node_modules/.pnpm/jazz-tools@0.18.24_@tiptap+pm@2.26.2_csstype@3.1.3_react-dom@19.2.0_react@19.2.0__react@19.2.0/node_modules/jazz-tools/src/browser/tests/LocalStorageKVStore.test.ts [2m([22m[2m8 tests[22m[2m)[22m
 [32m✓[39m [44m[1m TS [22m[49m node_modules/.pnpm/jazz-tools@0.18.24_@tiptap+pm@2.26.2_csstype@3.1.3_react-dom@19.2.0_react@19.2.0__react@19.2.0/node_modules/jazz-tools/src/browser/tests/PasskeyAuth.test.ts [2m([22m[2m8 tests[22m[2m)[22m
 [32m✓[39m [44m[1m TS [22m[49m node_modules/.pnpm/jazz-tools@0.18.24_@tiptap+pm@2.26.2_csstype@3.1.3_react-dom@19.2.0_react@19.2.0__react@19.2.0/node_modules/jazz-tools/src/browser/tests/createInviteLink.test.ts [2m([22m[2m1 test[22m[2m)[22m
 [32m✓[39m [44m[1m TS [22m[49m node_modules/.pnpm/jazz-tools@0.18.24_@tiptap+pm@2.26.2_csstype@3.1.3_react-dom@19.2.0_react@19.2.0__react@19.2.0/node_modules/jazz-tools/src/browser/tests/storageOptions.test.ts [2m([22m[2m4 tests[22m[2m)[22m
 [32m✓[39m [44m[1m TS [22m[49m node_modules/.pnpm/jazz-tools@0.18.24_@tiptap+pm@2.26.2_csstype@3.1.3_react-dom@19.2.0_react@19.2.0__react@19.2.0/node_modules/jazz-tools/src/media/create-image/server.test.ts [2m([22m[2m2 tests[22m[2m)[22m
 [32m✓[39m [44m[1m TS [22m[49m node_modules/.pnpm/jazz-tools@0.18.24_@tiptap+pm@2.26.2_csstype@3.1.3_react-dom@19.2.0_react@19.2.0__react@19.2.0/node_modules/jazz-tools/src/react/tests/useAcceptInvite.test.ts [2m([22m[2m1 test[22m[2m)[22m
 [32m✓[39m [44m[1m TS [22m[49m node_modules/.pnpm/jazz-tools@0.18.24_@tiptap+pm@2.26.2_csstype@3.1.3_react-dom@19.2.0_react@19.2.0__react@19.2.0/node_modules/jazz-tools/src/prosemirror/tests/plugin.test.ts [2m([22m[2m9 tests[22m[2m)[22m
 [32m✓[39m [44m[1m TS [22m[49m node_modules/.pnpm/jazz-tools@0.18.24_@tiptap+pm@2.26.2_csstype@3.1.3_react-dom@19.2.0_react@19.2.0__react@19.2.0/node_modules/jazz-tools/src/react-core/tests/useAccount.test.ts [2m([22m[2m6 tests[22m[2m)[22m
 [32m✓[39m [44m[1m TS [22m[49m node_modules/.pnpm/jazz-tools@0.18.24_@tiptap+pm@2.26.2_csstype@3.1.3_react-dom@19.2.0_react@19.2.0__react@19.2.0/node_modules/jazz-tools/src/react-core/tests/useAccountWithSelector.test.ts [2m([22m[2m9 tests[22m[2m)[22m
 [32m✓[39m [44m[1m TS [22m[49m node_modules/.pnpm/jazz-tools@0.18.24_@tiptap+pm@2.26.2_csstype@3.1.3_react-dom@19.2.0_react@19.2.0__react@19.2.0/node_modules/jazz-tools/src/react-core/tests/useCoState.test.ts [2m([22m[2m18 tests[22m[2m)[22m
 [32m✓[39m [44m[1m TS [22m[49m node_modules/.pnpm/jazz-tools@0.18.24_@tiptap+pm@2.26.2_csstype@3.1.3_react-dom@19.2.0_react@19.2.0__react@19.2.0/node_modules/jazz-tools/src/react-core/tests/useCoStateWithSelector.test.ts [2m([22m[2m3 tests[22m[2m)[22m
 [32m✓[39m [44m[1m TS [22m[49m node_modules/.pnpm/jazz-tools@0.18.24_@tiptap+pm@2.26.2_csstype@3.1.3_react-dom@19.2.0_react@19.2.0__react@19.2.0/node_modules/jazz-tools/src/react-core/tests/useDemoAuth.test.tsx [2m([22m[2m5 tests[22m[2m)[22m
 [32m✓[39m [44m[1m TS [22m[49m node_modules/.pnpm/jazz-tools@0.18.24_@tiptap+pm@2.26.2_csstype@3.1.3_react-dom@19.2.0_react@19.2.0__react@19.2.0/node_modules/jazz-tools/src/react-core/tests/useInboxSender.test.ts [2m([22m[2m2 tests[22m[2m)[22m
 [32m✓[39m [44m[1m TS [22m[49m node_modules/.pnpm/jazz-tools@0.18.24_@tiptap+pm@2.26.2_csstype@3.1.3_react-dom@19.2.0_react@19.2.0__react@19.2.0/node_modules/jazz-tools/src/react-core/tests/useIsAuthenticated.test.ts [2m([22m[2m2 tests[22m[2m)[22m
 [32m✓[39m [44m[1m TS [22m[49m node_modules/.pnpm/jazz-tools@0.18.24_@tiptap+pm@2.26.2_csstype@3.1.3_react-dom@19.2.0_react@19.2.0__react@19.2.0/node_modules/jazz-tools/src/react-core/tests/usePassPhraseAuth.test.ts [2m([22m[2m6 tests[22m[2m)[22m
 [32m✓[39m [44m[1m TS [22m[49m node_modules/.pnpm/jazz-tools@0.18.24_@tiptap+pm@2.26.2_csstype@3.1.3_react-dom@19.2.0_react@19.2.0__react@19.2.0/node_modules/jazz-tools/src/react-core/tests/useSubscriptionSelector.test.ts [2m([22m[2m9 tests[22m[2m)[22m
 [32m✓[39m [44m[1m TS [22m[49m node_modules/.pnpm/jazz-tools@0.18.24_@tiptap+pm@2.26.2_csstype@3.1.3_react-dom@19.2.0_react@19.2.0__react@19.2.0/node_modules/jazz-tools/src/react-core/tests/useSyncConnectionStatus.test.ts [2m([22m[2m2 tests[22m[2m)[22m
 [32m✓[39m [44m[1m TS [22m[49m node_modules/.pnpm/jazz-tools@0.18.24_@tiptap+pm@2.26.2_csstype@3.1.3_react-dom@19.2.0_react@19.2.0__react@19.2.0/node_modules/jazz-tools/src/svelte/tests/sync-connection-status.svelte.test.ts [2m([22m[2m2 tests[22m[2m)[22m
 [32m✓[39m [44m[1m TS [22m[49m node_modules/.pnpm/jazz-tools@0.18.24_@tiptap+pm@2.26.2_csstype@3.1.3_react-dom@19.2.0_react@19.2.0__react@19.2.0/node_modules/jazz-tools/src/tools/subscribe/CoValueCoreSubscription.test.ts [2m([22m[2m24 tests[22m[2m)[22m
 [32m✓[39m [44m[1m TS [22m[49m node_modules/.pnpm/jazz-tools@0.18.24_@tiptap+pm@2.26.2_csstype@3.1.3_react-dom@19.2.0_react@19.2.0__react@19.2.0/node_modules/jazz-tools/src/tools/tests/AuthSecretStorage.test.ts [2m([22m[2m24 tests[22m[2m)[22m
 [32m✓[39m [44m[1m TS [22m[49m node_modules/.pnpm/jazz-tools@0.18.24_@tiptap+pm@2.26.2_csstype@3.1.3_react-dom@19.2.0_react@19.2.0__react@19.2.0/node_modules/jazz-tools/src/tools/tests/ContextManager.test.ts [2m([22m[2m25 tests[22m[2m)[22m
 [32m✓[39m [44m[1m TS [22m[49m node_modules/.pnpm/jazz-tools@0.18.24_@tiptap+pm@2.26.2_csstype@3.1.3_react-dom@19.2.0_react@19.2.0__react@19.2.0/node_modules/jazz-tools/src/tools/tests/DemoAuth.test.ts [2m([22m[2m9 tests[22m[2m)[22m
 [32m✓[39m [44m[1m TS [22m[49m node_modules/.pnpm/jazz-tools@0.18.24_@tiptap+pm@2.26.2_csstype@3.1.3_react-dom@19.2.0_react@19.2.0__react@19.2.0/node_modules/jazz-tools/src/tools/tests/PassphraseAuth.test.ts [2m([22m[2m15 tests[22m[2m)[22m
 [32m✓[39m [44m[1m TS [22m[49m node_modules/.pnpm/jazz-tools@0.18.24_@tiptap+pm@2.26.2_csstype@3.1.3_react-dom@19.2.0_react@19.2.0__react@19.2.0/node_modules/jazz-tools/src/tools/tests/account.test.ts [2m([22m[2m16 tests[22m[2m)[22m
 [32m✓[39m [44m[1m TS [22m[49m node_modules/.pnpm/jazz-tools@0.18.24_@tiptap+pm@2.26.2_csstype@3.1.3_react-dom@19.2.0_react@19.2.0__react@19.2.0/node_modules/jazz-tools/src/tools/tests/coDiscriminatedUnion.test.ts [2m([22m[2m10 tests[22m[2m)[22m
 [32m✓[39m [44m[1m TS [22m[49m node_modules/.pnpm/jazz-tools@0.18.24_@tiptap+pm@2.26.2_csstype@3.1.3_react-dom@19.2.0_react@19.2.0__react@19.2.0/node_modules/jazz-tools/src/tools/tests/coFeed.branch.test.ts [2m([22m[2m16 tests[22m[2m)[22m
 [32m✓[39m [44m[1m TS [22m[49m node_modules/.pnpm/jazz-tools@0.18.24_@tiptap+pm@2.26.2_csstype@3.1.3_react-dom@19.2.0_react@19.2.0__react@19.2.0/node_modules/jazz-tools/src/tools/tests/coFeed.test.ts [2m([22m[2m38 tests[22m[2m)[22m
 [32m✓[39m [44m[1m TS [22m[49m node_modules/.pnpm/jazz-tools@0.18.24_@tiptap+pm@2.26.2_csstype@3.1.3_react-dom@19.2.0_react@19.2.0__react@19.2.0/node_modules/jazz-tools/src/tools/tests/coList.branch.test.ts [2m([22m[2m14 tests[22m[2m)[22m
 [32m✓[39m [44m[1m TS [22m[49m node_modules/.pnpm/jazz-tools@0.18.24_@tiptap+pm@2.26.2_csstype@3.1.3_react-dom@19.2.0_react@19.2.0__react@19.2.0/node_modules/jazz-tools/src/tools/tests/coList.test.ts [2m([22m[2m69 tests[22m[2m)[22m
 [32m✓[39m [44m[1m TS [22m[49m node_modules/.pnpm/jazz-tools@0.18.24_@tiptap+pm@2.26.2_csstype@3.1.3_react-dom@19.2.0_react@19.2.0__react@19.2.0/node_modules/jazz-tools/src/tools/tests/coMap.branch.test.ts [2m([22m[2m14 tests[22m[2m)[22m
 [32m✓[39m [44m[1m TS [22m[49m node_modules/.pnpm/jazz-tools@0.18.24_@tiptap+pm@2.26.2_csstype@3.1.3_react-dom@19.2.0_react@19.2.0__react@19.2.0/node_modules/jazz-tools/src/tools/tests/coMap.record.test.ts [2m([22m[2m27 tests[22m[2m)[22m
 [32m✓[39m [44m[1m TS [22m[49m node_modules/.pnpm/jazz-tools@0.18.24_@tiptap+pm@2.26.2_csstype@3.1.3_react-dom@19.2.0_react@19.2.0__react@19.2.0/node_modules/jazz-tools/src/tools/tests/coMap.test.ts [2m([22m[2m99 tests[22m[2m)[22m
 [32m✓[39m [44m[1m TS [22m[49m node_modules/.pnpm/jazz-tools@0.18.24_@tiptap+pm@2.26.2_csstype@3.1.3_react-dom@19.2.0_react@19.2.0__react@19.2.0/node_modules/jazz-tools/src/tools/tests/coOptional.test.ts [2m([22m[2m4 tests[22m[2m)[22m
 [32m✓[39m [44m[1m TS [22m[49m node_modules/.pnpm/jazz-tools@0.18.24_@tiptap+pm@2.26.2_csstype@3.1.3_react-dom@19.2.0_react@19.2.0__react@19.2.0/node_modules/jazz-tools/src/tools/tests/coPlainText.test.ts [2m([22m[2m21 tests[22m[2m)[22m
 [32m✓[39m [44m[1m TS [22m[49m node_modules/.pnpm/jazz-tools@0.18.24_@tiptap+pm@2.26.2_csstype@3.1.3_react-dom@19.2.0_react@19.2.0__react@19.2.0/node_modules/jazz-tools/src/tools/tests/createContext.test.ts [2m([22m[2m18 tests[22m[2m)[22m
 [32m✓[39m [44m[1m TS [22m[49m node_modules/.pnpm/jazz-tools@0.18.24_@tiptap+pm@2.26.2_csstype@3.1.3_react-dom@19.2.0_react@19.2.0__react@19.2.0/node_modules/jazz-tools/src/tools/tests/deepLoading.test.ts [2m([22m[2m30 tests[22m[2m)[22m
 [32m✓[39m [44m[1m TS [22m[49m node_modules/.pnpm/jazz-tools@0.18.24_@tiptap+pm@2.26.2_csstype@3.1.3_react-dom@19.2.0_react@19.2.0__react@19.2.0/node_modules/jazz-tools/src/tools/tests/exportImport.test.ts [2m([22m[2m14 tests[22m[2m)[22m
 [32m✓[39m [44m[1m TS [22m[49m node_modules/.pnpm/jazz-tools@0.18.24_@tiptap+pm@2.26.2_csstype@3.1.3_react-dom@19.2.0_react@19.2.0__react@19.2.0/node_modules/jazz-tools/src/tools/tests/group.test.ts [2m([22m[2m5 tests[22m[2m)[22m
 [32m✓[39m [44m[1m TS [22m[49m node_modules/.pnpm/jazz-tools@0.18.24_@tiptap+pm@2.26.2_csstype@3.1.3_react-dom@19.2.0_react@19.2.0__react@19.2.0/node_modules/jazz-tools/src/tools/tests/groupsAndAccounts.test.ts [2m([22m[2m48 tests[22m[2m)[22m
 [32m✓[39m [44m[1m TS [22m[49m node_modules/.pnpm/jazz-tools@0.18.24_@tiptap+pm@2.26.2_csstype@3.1.3_react-dom@19.2.0_react@19.2.0__react@19.2.0/node_modules/jazz-tools/src/tools/tests/inbox.test.ts [2m([22m[2m14 tests[22m[2m)[22m
 [32m✓[39m [44m[1m TS [22m[49m node_modules/.pnpm/jazz-tools@0.18.24_@tiptap+pm@2.26.2_csstype@3.1.3_react-dom@19.2.0_react@19.2.0__react@19.2.0/node_modules/jazz-tools/src/tools/tests/interfaces.test.ts [2m([22m[2m9 tests[22m[2m)[22m
 [32m✓[39m [44m[1m TS [22m[49m node_modules/.pnpm/jazz-tools@0.18.24_@tiptap+pm@2.26.2_csstype@3.1.3_react-dom@19.2.0_react@19.2.0__react@19.2.0/node_modules/jazz-tools/src/tools/tests/invites.test.ts [2m([22m[2m6 tests[22m[2m)[22m
 [32m✓[39m [44m[1m TS [22m[49m node_modules/.pnpm/jazz-tools@0.18.24_@tiptap+pm@2.26.2_csstype@3.1.3_react-dom@19.2.0_react@19.2.0__react@19.2.0/node_modules/jazz-tools/src/tools/tests/load.test.ts [2m([22m[2m9 tests[22m[2m)[22m
 [32m✓[39m [44m[1m TS [22m[49m node_modules/.pnpm/jazz-tools@0.18.24_@tiptap+pm@2.26.2_csstype@3.1.3_react-dom@19.2.0_react@19.2.0__react@19.2.0/node_modules/jazz-tools/src/tools/tests/request.test.ts [2m([22m[2m18 tests[22m[2m)[22m
 [32m✓[39m [44m[1m TS [22m[49m node_modules/.pnpm/jazz-tools@0.18.24_@tiptap+pm@2.26.2_csstype@3.1.3_react-dom@19.2.0_react@19.2.0__react@19.2.0/node_modules/jazz-tools/src/tools/tests/schema.test.ts [2m([22m[2m15 tests[22m[2m)[22m
 [32m✓[39m [44m[1m TS [22m[49m node_modules/.pnpm/jazz-tools@0.18.24_@tiptap+pm@2.26.2_csstype@3.1.3_react-dom@19.2.0_react@19.2.0__react@19.2.0/node_modules/jazz-tools/src/tools/tests/schemaUnion.test.ts [2m([22m[2m5 tests[22m[2m)[22m
 [32m✓[39m [44m[1m TS [22m[49m node_modules/.pnpm/jazz-tools@0.18.24_@tiptap+pm@2.26.2_csstype@3.1.3_react-dom@19.2.0_react@19.2.0__react@19.2.0/node_modules/jazz-tools/src/tools/tests/subscribe.test.ts [2m([22m[2m21 tests[22m[2m)[22m
 [32m✓[39m [44m[1m TS [22m[49m node_modules/.pnpm/jazz-tools@0.18.24_@tiptap+pm@2.26.2_csstype@3.1.3_react-dom@19.2.0_react@19.2.0__react@19.2.0/node_modules/jazz-tools/src/tools/tests/testing.test.ts [2m([22m[2m4 tests[22m[2m)[22m
 [32m✓[39m [44m[1m TS [22m[49m node_modules/.pnpm/jazz-tools@0.18.24_@tiptap+pm@2.26.2_csstype@3.1.3_react-dom@19.2.0_react@19.2.0__react@19.2.0/node_modules/jazz-tools/src/tools/tests/zod.test.ts [2m([22m[2m52 tests[22m[2m)[22m
 [32m✓[39m [44m[1m TS [22m[49m node_modules/.pnpm/jazz-tools@0.18.24_@tiptap+pm@2.26.2_csstype@3.1.3_react-dom@19.2.0_react@19.2.0__react@19.2.0/node_modules/jazz-tools/src/tools/lib/cache.test.ts [2m([22m[2m3 tests[22m[2m)[22m
 [32m✓[39m [44m[1m TS [22m[49m node_modules/.pnpm/zod@4.1.11/node_modules/zod/src/v3/tests/all-errors.test.ts [2m([22m[2m6 tests[22m[2m)[22m
 [32m✓[39m [44m[1m TS [22m[49m node_modules/.pnpm/zod@4.1.11/node_modules/zod/src/v3/tests/anyunknown.test.ts [2m([22m[2m3 tests[22m[2m)[22m
 [32m✓[39m [44m[1m TS [22m[49m node_modules/.pnpm/zod@4.1.11/node_modules/zod/src/v3/tests/array.test.ts [2m([22m[2m6 tests[22m[2m)[22m
 [32m✓[39m [44m[1m TS [22m[49m node_modules/.pnpm/zod@4.1.11/node_modules/zod/src/v3/tests/async-parsing.test.ts [2m([22m[2m24 tests[22m[2m)[22m
 [32m✓[39m [44m[1m TS [22m[49m node_modules/.pnpm/zod@4.1.11/node_modules/zod/src/v3/tests/async-refinements.test.ts [2m([22m[2m4 tests[22m[2m)[22m
 [32m✓[39m [44m[1m TS [22m[49m node_modules/.pnpm/zod@4.1.11/node_modules/zod/src/v3/tests/base.test.ts [2m([22m[2m2 tests[22m[2m)[22m
 [32m✓[39m [44m[1m TS [22m[49m node_modules/.pnpm/zod@4.1.11/node_modules/zod/src/v3/tests/bigint.test.ts [2m([22m[2m3 tests[22m[2m)[22m
 [32m✓[39m [44m[1m TS [22m[49m node_modules/.pnpm/zod@4.1.11/node_modules/zod/src/v3/tests/branded.test.ts [2m([22m[2m1 test[22m[2m)[22m
 [32m✓[39m [44m[1m TS [22m[49m node_modules/.pnpm/zod@4.1.11/node_modules/zod/src/v3/tests/catch.test.ts [2m([22m[2m17 tests[22m[2m)[22m
 [32m✓[39m [44m[1m TS [22m[49m node_modules/.pnpm/zod@4.1.11/node_modules/zod/src/v3/tests/coerce.test.ts [2m([22m[2m5 tests[22m[2m)[22m
 [32m✓[39m [44m[1m TS [22m[49m node_modules/.pnpm/zod@4.1.11/node_modules/zod/src/v3/tests/complex.test.ts [2m([22m[2m1 test[22m[2m)[22m
 [32m✓[39m [44m[1m TS [22m[49m node_modules/.pnpm/zod@4.1.11/node_modules/zod/src/v3/tests/custom.test.ts [2m([22m[2m3 tests[22m[2m)[22m
 [32m✓[39m [44m[1m TS [22m[49m node_modules/.pnpm/zod@4.1.11/node_modules/zod/src/v3/tests/date.test.ts [2m([22m[2m3 tests[22m[2m)[22m
 [32m✓[39m [44m[1m TS [22m[49m node_modules/.pnpm/zod@4.1.11/node_modules/zod/src/v3/tests/deepmasking.test.ts [2m([22m[2m1 test[22m[2m)[22m
 [32m✓[39m [44m[1m TS [22m[49m node_modules/.pnpm/zod@4.1.11/node_modules/zod/src/v3/tests/default.test.ts [2m([22m[2m11 tests[22m[2m)[22m
 [32m✓[39m [44m[1m TS [22m[49m node_modules/.pnpm/zod@4.1.11/node_modules/zod/src/v3/tests/description.test.ts [2m([22m[2m4 tests[22m[2m)[22m
 [32m✓[39m [44m[1m TS [22m[49m node_modules/.pnpm/zod@4.1.11/node_modules/zod/src/v3/tests/discriminated-unions.test.ts [2m([22m[2m14 tests[22m[2m)[22m
 [32m✓[39m [44m[1m TS [22m[49m node_modules/.pnpm/zod@4.1.11/node_modules/zod/src/v3/tests/enum.test.ts [2m([22m[2m8 tests[22m[2m)[22m
 [32m✓[39m [44m[1m TS [22m[49m node_modules/.pnpm/zod@4.1.11/node_modules/zod/src/v3/tests/error.test.ts [2m([22m[2m29 tests[22m[2m)[22m
 [32m✓[39m [44m[1m TS [22m[49m node_modules/.pnpm/zod@4.1.11/node_modules/zod/src/v3/tests/firstparty.test.ts [2m([22m[2m1 test[22m[2m)[22m
 [32m✓[39m [44m[1m TS [22m[49m node_modules/.pnpm/zod@4.1.11/node_modules/zod/src/v3/tests/firstpartyschematypes.test.ts [2m([22m[2m1 test[22m[2m)[22m
 [32m✓[39m [44m[1m TS [22m[49m node_modules/.pnpm/zod@4.1.11/node_modules/zod/src/v3/tests/function.test.ts [2m([22m[2m18 tests[22m[2m)[22m
 [32m✓[39m [44m[1m TS [22m[49m node_modules/.pnpm/zod@4.1.11/node_modules/zod/src/v3/tests/generics.test.ts [2m([22m[2m2 tests[22m[2m)[22m
 [32m✓[39m [44m[1m TS [22m[49m node_modules/.pnpm/zod@4.1.11/node_modules/zod/src/v3/tests/instanceof.test.ts [2m([22m[2m2 tests[22m[2m)[22m
 [32m✓[39m [44m[1m TS [22m[49m node_modules/.pnpm/zod@4.1.11/node_modules/zod/src/v3/tests/intersection.test.ts [2m([22m[2m5 tests[22m[2m)[22m
 [32m✓[39m [44m[1m TS [22m[49m node_modules/.pnpm/zod@4.1.11/node_modules/zod/src/v3/tests/language-server.test.ts [2m([22m[2m1 test[22m[2m)[22m
 [32m✓[39m [44m[1m TS [22m[49m node_modules/.pnpm/zod@4.1.11/node_modules/zod/src/v3/tests/literal.test.ts [2m([22m[2m3 tests[22m[2m)[22m
 [32m✓[39m [44m[1m TS [22m[49m node_modules/.pnpm/zod@4.1.11/node_modules/zod/src/v3/tests/map.test.ts [2m([22m[2m7 tests[22m[2m)[22m
 [32m✓[39m [44m[1m TS [22m[49m node_modules/.pnpm/zod@4.1.11/node_modules/zod/src/v3/tests/masking.test.ts [2m([22m[2m1 test[22m[2m)[22m
 [32m✓[39m [44m[1m TS [22m[49m node_modules/.pnpm/zod@4.1.11/node_modules/zod/src/v3/tests/mocker.test.ts [2m([22m[2m1 test[22m[2m)[22m
 [32m✓[39m [44m[1m TS [22m[49m node_modules/.pnpm/zod@4.1.11/node_modules/zod/src/v3/tests/nan.test.ts [2m([22m[2m2 tests[22m[2m)[22m
 [32m✓[39m [44m[1m TS [22m[49m node_modules/.pnpm/zod@4.1.11/node_modules/zod/src/v3/tests/nativeEnum.test.ts [2m([22m[2m5 tests[22m[2m)[22m
 [32m✓[39m [44m[1m TS [22m[49m node_modules/.pnpm/zod@4.1.11/node_modules/zod/src/v3/tests/nullable.test.ts [2m([22m[2m2 tests[22m[2m)[22m
 [32m✓[39m [44m[1m TS [22m[49m node_modules/.pnpm/zod@4.1.11/node_modules/zod/src/v3/tests/number.test.ts [2m([22m[2m6 tests[22m[2m)[22m
 [32m✓[39m [44m[1m TS [22m[49m node_modules/.pnpm/zod@4.1.11/node_modules/zod/src/v3/tests/object-augmentation.test.ts [2m([22m[2m1 test[22m[2m)[22m
 [32m✓[39m [44m[1m TS [22m[49m node_modules/.pnpm/zod@4.1.11/node_modules/zod/src/v3/tests/object-in-es5-env.test.ts [2m([22m[2m3 tests[22m[2m)[22m
 [32m✓[39m [44m[1m TS [22m[49m node_modules/.pnpm/zod@4.1.11/node_modules/zod/src/v3/tests/object.test.ts [2m([22m[2m37 tests[22m[2m)[22m
 [32m✓[39m [44m[1m TS [22m[49m node_modules/.pnpm/zod@4.1.11/node_modules/zod/src/v3/tests/optional.test.ts [2m([22m[2m2 tests[22m[2m)[22m
 [32m✓[39m [44m[1m TS [22m[49m node_modules/.pnpm/zod@4.1.11/node_modules/zod/src/v3/tests/parseUtil.test.ts [2m([22m[2m1 test[22m[2m)[22m
 [32m✓[39m [44m[1m TS [22m[49m node_modules/.pnpm/zod@4.1.11/node_modules/zod/src/v3/tests/parser.test.ts [2m([22m[2m8 tests[22m[2m)[22m
 [32m✓[39m [44m[1m TS [22m[49m node_modules/.pnpm/zod@4.1.11/node_modules/zod/src/v3/tests/partials.test.ts [2m([22m[2m15 tests[22m[2m)[22m
 [32m✓[39m [44m[1m TS [22m[49m node_modules/.pnpm/zod@4.1.11/node_modules/zod/src/v3/tests/pickomit.test.ts [2m([22m[2m10 tests[22m[2m)[22m
 [32m✓[39m [44m[1m TS [22m[49m node_modules/.pnpm/zod@4.1.11/node_modules/zod/src/v3/tests/pipeline.test.ts [2m([22m[2m3 tests[22m[2m)[22m
 [32m✓[39m [44m[1m TS [22m[49m node_modules/.pnpm/zod@4.1.11/node_modules/zod/src/v3/tests/preprocess.test.ts [2m([22m[2m10 tests[22m[2m)[22m
 [32m✓[39m [44m[1m TS [22m[49m node_modules/.pnpm/zod@4.1.11/node_modules/zod/src/v3/tests/primitive.test.ts [2m([22m[2m71 tests[22m[2m)[22m
 [32m✓[39m [44m[1m TS [22m[49m node_modules/.pnpm/zod@4.1.11/node_modules/zod/src/v3/tests/promise.test.ts [2m([22m[2m10 tests[22m[2m)[22m
 [32m✓[39m [44m[1m TS [22m[49m node_modules/.pnpm/zod@4.1.11/node_modules/zod/src/v3/tests/readonly.test.ts [2m([22m[2m3 tests[22m[2m)[22m
 [32m✓[39m [44m[1m TS [22m[49m node_modules/.pnpm/zod@4.1.11/node_modules/zod/src/v3/tests/record.test.ts [2m([22m[2m10 tests[22m[2m)[22m
 [32m✓[39m [44m[1m TS [22m[49m node_modules/.pnpm/zod@4.1.11/node_modules/zod/src/v3/tests/recursive.test.ts [2m([22m[2m4 tests[22m[2m)[22m
 [32m✓[39m [44m[1m TS [22m[49m node_modules/.pnpm/zod@4.1.11/node_modules/zod/src/v3/tests/refine.test.ts [2m([22m[2m14 tests[22m[2m)[22m
 [32m✓[39m [44m[1m TS [22m[49m node_modules/.pnpm/zod@4.1.11/node_modules/zod/src/v3/tests/safeparse.test.ts [2m([22m[2m3 tests[22m[2m)[22m
 [32m✓[39m [44m[1m TS [22m[49m node_modules/.pnpm/zod@4.1.11/node_modules/zod/src/v3/tests/set.test.ts [2m([22m[2m11 tests[22m[2m)[22m
 [32m✓[39m [44m[1m TS [22m[49m node_modules/.pnpm/zod@4.1.11/node_modules/zod/src/v3/tests/standard-schema.test.ts [2m([22m[2m6 tests[22m[2m)[22m
 [32m✓[39m [44m[1m TS [22m[49m node_modules/.pnpm/zod@4.1.11/node_modules/zod/src/v3/tests/string.test.ts [2m([22m[2m34 tests[22m[2m)[22m
 [32m✓[39m [44m[1m TS [22m[49m node_modules/.pnpm/zod@4.1.11/node_modules/zod/src/v3/tests/transformer.test.ts [2m([22m[2m16 tests[22m[2m)[22m
 [32m✓[39m [44m[1m TS [22m[49m node_modules/.pnpm/zod@4.1.11/node_modules/zod/src/v3/tests/tuple.test.ts [2m([22m[2m8 tests[22m[2m)[22m
 [32m✓[39m [44m[1m TS [22m[49m node_modules/.pnpm/zod@4.1.11/node_modules/zod/src/v3/tests/unions.test.ts [2m([22m[2m6 tests[22m[2m)[22m
 [32m✓[39m [44m[1m TS [22m[49m node_modules/.pnpm/zod@4.1.11/node_modules/zod/src/v3/tests/validations.test.ts [2m([22m[2m14 tests[22m[2m)[22m
 [32m✓[39m [44m[1m TS [22m[49m node_modules/.pnpm/zod@4.1.11/node_modules/zod/src/v3/tests/void.test.ts [2m([22m[2m1 test[22m[2m)[22m
 [32m✓[39m [44m[1m TS [22m[49m node_modules/.pnpm/zod@4.1.12/node_modules/zod/src/v3/tests/all-errors.test.ts [2m([22m[2m6 tests[22m[2m)[22m
 [32m✓[39m [44m[1m TS [22m[49m node_modules/.pnpm/zod@4.1.12/node_modules/zod/src/v3/tests/anyunknown.test.ts [2m([22m[2m3 tests[22m[2m)[22m
 [32m✓[39m [44m[1m TS [22m[49m node_modules/.pnpm/zod@4.1.12/node_modules/zod/src/v3/tests/array.test.ts [2m([22m[2m6 tests[22m[2m)[22m
 [32m✓[39m [44m[1m TS [22m[49m node_modules/.pnpm/zod@4.1.12/node_modules/zod/src/v3/tests/async-parsing.test.ts [2m([22m[2m24 tests[22m[2m)[22m
 [32m✓[39m [44m[1m TS [22m[49m node_modules/.pnpm/zod@4.1.12/node_modules/zod/src/v3/tests/async-refinements.test.ts [2m([22m[2m4 tests[22m[2m)[22m
 [32m✓[39m [44m[1m TS [22m[49m node_modules/.pnpm/zod@4.1.12/node_modules/zod/src/v3/tests/base.test.ts [2m([22m[2m2 tests[22m[2m)[22m
 [32m✓[39m [44m[1m TS [22m[49m node_modules/.pnpm/zod@4.1.12/node_modules/zod/src/v3/tests/bigint.test.ts [2m([22m[2m3 tests[22m[2m)[22m
 [32m✓[39m [44m[1m TS [22m[49m node_modules/.pnpm/zod@4.1.12/node_modules/zod/src/v3/tests/branded.test.ts [2m([22m[2m1 test[22m[2m)[22m
 [32m✓[39m [44m[1m TS [22m[49m node_modules/.pnpm/zod@4.1.12/node_modules/zod/src/v3/tests/catch.test.ts [2m([22m[2m17 tests[22m[2m)[22m
 [32m✓[39m [44m[1m TS [22m[49m node_modules/.pnpm/zod@4.1.12/node_modules/zod/src/v3/tests/coerce.test.ts [2m([22m[2m5 tests[22m[2m)[22m
 [32m✓[39m [44m[1m TS [22m[49m node_modules/.pnpm/zod@4.1.12/node_modules/zod/src/v3/tests/complex.test.ts [2m([22m[2m1 test[22m[2m)[22m
 [32m✓[39m [44m[1m TS [22m[49m node_modules/.pnpm/zod@4.1.12/node_modules/zod/src/v3/tests/custom.test.ts [2m([22m[2m3 tests[22m[2m)[22m
 [32m✓[39m [44m[1m TS [22m[49m node_modules/.pnpm/zod@4.1.12/node_modules/zod/src/v3/tests/date.test.ts [2m([22m[2m3 tests[22m[2m)[22m
 [32m✓[39m [44m[1m TS [22m[49m node_modules/.pnpm/zod@4.1.12/node_modules/zod/src/v3/tests/deepmasking.test.ts [2m([22m[2m1 test[22m[2m)[22m
 [32m✓[39m [44m[1m TS [22m[49m node_modules/.pnpm/zod@4.1.12/node_modules/zod/src/v3/tests/default.test.ts [2m([22m[2m11 tests[22m[2m)[22m
 [32m✓[39m [44m[1m TS [22m[49m node_modules/.pnpm/zod@4.1.12/node_modules/zod/src/v3/tests/description.test.ts [2m([22m[2m4 tests[22m[2m)[22m
 [32m✓[39m [44m[1m TS [22m[49m node_modules/.pnpm/zod@4.1.12/node_modules/zod/src/v3/tests/discriminated-unions.test.ts [2m([22m[2m14 tests[22m[2m)[22m
 [32m✓[39m [44m[1m TS [22m[49m node_modules/.pnpm/zod@4.1.12/node_modules/zod/src/v3/tests/enum.test.ts [2m([22m[2m8 tests[22m[2m)[22m
 [32m✓[39m [44m[1m TS [22m[49m node_modules/.pnpm/zod@4.1.12/node_modules/zod/src/v3/tests/error.test.ts [2m([22m[2m29 tests[22m[2m)[22m
 [32m✓[39m [44m[1m TS [22m[49m node_modules/.pnpm/zod@4.1.12/node_modules/zod/src/v3/tests/firstparty.test.ts [2m([22m[2m1 test[22m[2m)[22m
 [32m✓[39m [44m[1m TS [22m[49m node_modules/.pnpm/zod@4.1.12/node_modules/zod/src/v3/tests/firstpartyschematypes.test.ts [2m([22m[2m1 test[22m[2m)[22m
 [32m✓[39m [44m[1m TS [22m[49m node_modules/.pnpm/zod@4.1.12/node_modules/zod/src/v3/tests/function.test.ts [2m([22m[2m18 tests[22m[2m)[22m
 [32m✓[39m [44m[1m TS [22m[49m node_modules/.pnpm/zod@4.1.12/node_modules/zod/src/v3/tests/generics.test.ts [2m([22m[2m2 tests[22m[2m)[22m
 [32m✓[39m [44m[1m TS [22m[49m node_modules/.pnpm/zod@4.1.12/node_modules/zod/src/v3/tests/instanceof.test.ts [2m([22m[2m2 tests[22m[2m)[22m
 [32m✓[39m [44m[1m TS [22m[49m node_modules/.pnpm/zod@4.1.12/node_modules/zod/src/v3/tests/intersection.test.ts [2m([22m[2m5 tests[22m[2m)[22m
 [32m✓[39m [44m[1m TS [22m[49m node_modules/.pnpm/zod@4.1.12/node_modules/zod/src/v3/tests/language-server.test.ts [2m([22m[2m1 test[22m[2m)[22m
 [32m✓[39m [44m[1m TS [22m[49m node_modules/.pnpm/zod@4.1.12/node_modules/zod/src/v3/tests/literal.test.ts [2m([22m[2m3 tests[22m[2m)[22m
 [32m✓[39m [44m[1m TS [22m[49m node_modules/.pnpm/zod@4.1.12/node_modules/zod/src/v3/tests/map.test.ts [2m([22m[2m7 tests[22m[2m)[22m
 [32m✓[39m [44m[1m TS [22m[49m node_modules/.pnpm/zod@4.1.12/node_modules/zod/src/v3/tests/masking.test.ts [2m([22m[2m1 test[22m[2m)[22m
 [32m✓[39m [44m[1m TS [22m[49m node_modules/.pnpm/zod@4.1.12/node_modules/zod/src/v3/tests/mocker.test.ts [2m([22m[2m1 test[22m[2m)[22m
 [32m✓[39m [44m[1m TS [22m[49m node_modules/.pnpm/zod@4.1.12/node_modules/zod/src/v3/tests/nan.test.ts [2m([22m[2m2 tests[22m[2m)[22m
 [32m✓[39m [44m[1m TS [22m[49m node_modules/.pnpm/zod@4.1.12/node_modules/zod/src/v3/tests/nativeEnum.test.ts [2m([22m[2m5 tests[22m[2m)[22m
 [32m✓[39m [44m[1m TS [22m[49m node_modules/.pnpm/zod@4.1.12/node_modules/zod/src/v3/tests/nullable.test.ts [2m([22m[2m2 tests[22m[2m)[22m
 [32m✓[39m [44m[1m TS [22m[49m node_modules/.pnpm/zod@4.1.12/node_modules/zod/src/v3/tests/number.test.ts [2m([22m[2m6 tests[22m[2m)[22m
 [32m✓[39m [44m[1m TS [22m[49m node_modules/.pnpm/zod@4.1.12/node_modules/zod/src/v3/tests/object-augmentation.test.ts [2m([22m[2m1 test[22m[2m)[22m
 [32m✓[39m [44m[1m TS [22m[49m node_modules/.pnpm/zod@4.1.12/node_modules/zod/src/v3/tests/object-in-es5-env.test.ts [2m([22m[2m3 tests[22m[2m)[22m
 [32m✓[39m [44m[1m TS [22m[49m node_modules/.pnpm/zod@4.1.12/node_modules/zod/src/v3/tests/object.test.ts [2m([22m[2m37 tests[22m[2m)[22m
 [32m✓[39m [44m[1m TS [22m[49m node_modules/.pnpm/zod@4.1.12/node_modules/zod/src/v3/tests/optional.test.ts [2m([22m[2m2 tests[22m[2m)[22m
 [32m✓[39m [44m[1m TS [22m[49m node_modules/.pnpm/zod@4.1.12/node_modules/zod/src/v3/tests/parseUtil.test.ts [2m([22m[2m1 test[22m[2m)[22m
 [32m✓[39m [44m[1m TS [22m[49m node_modules/.pnpm/zod@4.1.12/node_modules/zod/src/v3/tests/parser.test.ts [2m([22m[2m8 tests[22m[2m)[22m
 [32m✓[39m [44m[1m TS [22m[49m node_modules/.pnpm/zod@4.1.12/node_modules/zod/src/v3/tests/partials.test.ts [2m([22m[2m15 tests[22m[2m)[22m
 [32m✓[39m [44m[1m TS [22m[49m node_modules/.pnpm/zod@4.1.12/node_modules/zod/src/v3/tests/pickomit.test.ts [2m([22m[2m10 tests[22m[2m)[22m
 [32m✓[39m [44m[1m TS [22m[49m node_modules/.pnpm/zod@4.1.12/node_modules/zod/src/v3/tests/pipeline.test.ts [2m([22m[2m3 tests[22m[2m)[22m
 [32m✓[39m [44m[1m TS [22m[49m node_modules/.pnpm/zod@4.1.12/node_modules/zod/src/v3/tests/preprocess.test.ts [2m([22m[2m10 tests[22m[2m)[22m
 [32m✓[39m [44m[1m TS [22m[49m node_modules/.pnpm/zod@4.1.12/node_modules/zod/src/v3/tests/primitive.test.ts [2m([22m[2m71 tests[22m[2m)[22m
 [32m✓[39m [44m[1m TS [22m[49m node_modules/.pnpm/zod@4.1.12/node_modules/zod/src/v3/tests/promise.test.ts [2m([22m[2m10 tests[22m[2m)[22m
 [32m✓[39m [44m[1m TS [22m[49m node_modules/.pnpm/zod@4.1.12/node_modules/zod/src/v3/tests/readonly.test.ts [2m([22m[2m3 tests[22m[2m)[22m
 [32m✓[39m [44m[1m TS [22m[49m node_modules/.pnpm/zod@4.1.12/node_modules/zod/src/v3/tests/record.test.ts [2m([22m[2m10 tests[22m[2m)[22m
 [32m✓[39m [44m[1m TS [22m[49m node_modules/.pnpm/zod@4.1.12/node_modules/zod/src/v3/tests/recursive.test.ts [2m([22m[2m4 tests[22m[2m)[22m
 [32m✓[39m [44m[1m TS [22m[49m node_modules/.pnpm/zod@4.1.12/node_modules/zod/src/v3/tests/refine.test.ts [2m([22m[2m14 tests[22m[2m)[22m
 [32m✓[39m [44m[1m TS [22m[49m node_modules/.pnpm/zod@4.1.12/node_modules/zod/src/v3/tests/safeparse.test.ts [2m([22m[2m3 tests[22m[2m)[22m
 [32m✓[39m [44m[1m TS [22m[49m node_modules/.pnpm/zod@4.1.12/node_modules/zod/src/v3/tests/set.test.ts [2m([22m[2m11 tests[22m[2m)[22m
 [32m✓[39m [44m[1m TS [22m[49m node_modules/.pnpm/zod@4.1.12/node_modules/zod/src/v3/tests/standard-schema.test.ts [2m([22m[2m6 tests[22m[2m)[22m
 [32m✓[39m [44m[1m TS [22m[49m node_modules/.pnpm/zod@4.1.12/node_modules/zod/src/v3/tests/string.test.ts [2m([22m[2m34 tests[22m[2m)[22m
 [32m✓[39m [44m[1m TS [22m[49m node_modules/.pnpm/zod@4.1.12/node_modules/zod/src/v3/tests/transformer.test.ts [2m([22m[2m16 tests[22m[2m)[22m
 [32m✓[39m [44m[1m TS [22m[49m node_modules/.pnpm/zod@4.1.12/node_modules/zod/src/v3/tests/tuple.test.ts [2m([22m[2m8 tests[22m[2m)[22m
 [32m✓[39m [44m[1m TS [22m[49m node_modules/.pnpm/zod@4.1.12/node_modules/zod/src/v3/tests/unions.test.ts [2m([22m[2m6 tests[22m[2m)[22m
 [32m✓[39m [44m[1m TS [22m[49m node_modules/.pnpm/zod@4.1.12/node_modules/zod/src/v3/tests/validations.test.ts [2m([22m[2m14 tests[22m[2m)[22m
 [32m✓[39m [44m[1m TS [22m[49m node_modules/.pnpm/zod@4.1.12/node_modules/zod/src/v3/tests/void.test.ts [2m([22m[2m1 test[22m[2m)[22m
 [32m✓[39m [44m[1m TS [22m[49m node_modules/.pnpm/zod@3.25.76/node_modules/zod/src/v3/tests/all-errors.test.ts [2m([22m[2m6 tests[22m[2m)[22m
 [32m✓[39m [44m[1m TS [22m[49m node_modules/.pnpm/zod@3.25.76/node_modules/zod/src/v3/tests/anyunknown.test.ts [2m([22m[2m3 tests[22m[2m)[22m
 [32m✓[39m [44m[1m TS [22m[49m node_modules/.pnpm/zod@3.25.76/node_modules/zod/src/v3/tests/array.test.ts [2m([22m[2m6 tests[22m[2m)[22m
 [32m✓[39m [44m[1m TS [22m[49m node_modules/.pnpm/zod@3.25.76/node_modules/zod/src/v3/tests/async-parsing.test.ts [2m([22m[2m24 tests[22m[2m)[22m
 [32m✓[39m [44m[1m TS [22m[49m node_modules/.pnpm/zod@3.25.76/node_modules/zod/src/v3/tests/async-refinements.test.ts [2m([22m[2m4 tests[22m[2m)[22m
 [32m✓[39m [44m[1m TS [22m[49m node_modules/.pnpm/zod@3.25.76/node_modules/zod/src/v3/tests/base.test.ts [2m([22m[2m2 tests[22m[2m)[22m
 [32m✓[39m [44m[1m TS [22m[49m node_modules/.pnpm/zod@3.25.76/node_modules/zod/src/v3/tests/bigint.test.ts [2m([22m[2m3 tests[22m[2m)[22m
 [32m✓[39m [44m[1m TS [22m[49m node_modules/.pnpm/zod@3.25.76/node_modules/zod/src/v3/tests/branded.test.ts [2m([22m[2m1 test[22m[2m)[22m
 [32m✓[39m [44m[1m TS [22m[49m node_modules/.pnpm/zod@3.25.76/node_modules/zod/src/v3/tests/catch.test.ts [2m([22m[2m17 tests[22m[2m)[22m
 [32m✓[39m [44m[1m TS [22m[49m node_modules/.pnpm/zod@3.25.76/node_modules/zod/src/v3/tests/coerce.test.ts [2m([22m[2m5 tests[22m[2m)[22m
 [32m✓[39m [44m[1m TS [22m[49m node_modules/.pnpm/zod@3.25.76/node_modules/zod/src/v3/tests/complex.test.ts [2m([22m[2m1 test[22m[2m)[22m
 [32m✓[39m [44m[1m TS [22m[49m node_modules/.pnpm/zod@3.25.76/node_modules/zod/src/v3/tests/custom.test.ts [2m([22m[2m3 tests[22m[2m)[22m
 [32m✓[39m [44m[1m TS [22m[49m node_modules/.pnpm/zod@3.25.76/node_modules/zod/src/v3/tests/date.test.ts [2m([22m[2m3 tests[22m[2m)[22m
 [32m✓[39m [44m[1m TS [22m[49m node_modules/.pnpm/zod@3.25.76/node_modules/zod/src/v3/tests/deepmasking.test.ts [2m([22m[2m1 test[22m[2m)[22m
 [32m✓[39m [44m[1m TS [22m[49m node_modules/.pnpm/zod@3.25.76/node_modules/zod/src/v3/tests/default.test.ts [2m([22m[2m11 tests[22m[2m)[22m
 [32m✓[39m [44m[1m TS [22m[49m node_modules/.pnpm/zod@3.25.76/node_modules/zod/src/v3/tests/description.test.ts [2m([22m[2m4 tests[22m[2m)[22m
 [32m✓[39m [44m[1m TS [22m[49m node_modules/.pnpm/zod@3.25.76/node_modules/zod/src/v3/tests/discriminated-unions.test.ts [2m([22m[2m14 tests[22m[2m)[22m
 [32m✓[39m [44m[1m TS [22m[49m node_modules/.pnpm/zod@3.25.76/node_modules/zod/src/v3/tests/enum.test.ts [2m([22m[2m8 tests[22m[2m)[22m
 [32m✓[39m [44m[1m TS [22m[49m node_modules/.pnpm/zod@3.25.76/node_modules/zod/src/v3/tests/error.test.ts [2m([22m[2m29 tests[22m[2m)[22m
 [32m✓[39m [44m[1m TS [22m[49m node_modules/.pnpm/zod@3.25.76/node_modules/zod/src/v3/tests/firstparty.test.ts [2m([22m[2m1 test[22m[2m)[22m
 [32m✓[39m [44m[1m TS [22m[49m node_modules/.pnpm/zod@3.25.76/node_modules/zod/src/v3/tests/firstpartyschematypes.test.ts [2m([22m[2m1 test[22m[2m)[22m
 [32m✓[39m [44m[1m TS [22m[49m node_modules/.pnpm/zod@3.25.76/node_modules/zod/src/v3/tests/function.test.ts [2m([22m[2m18 tests[22m[2m)[22m
 [32m✓[39m [44m[1m TS [22m[49m node_modules/.pnpm/zod@3.25.76/node_modules/zod/src/v3/tests/generics.test.ts [2m([22m[2m2 tests[22m[2m)[22m
 [32m✓[39m [44m[1m TS [22m[49m node_modules/.pnpm/zod@3.25.76/node_modules/zod/src/v3/tests/instanceof.test.ts [2m([22m[2m2 tests[22m[2m)[22m
 [32m✓[39m [44m[1m TS [22m[49m node_modules/.pnpm/zod@3.25.76/node_modules/zod/src/v3/tests/intersection.test.ts [2m([22m[2m5 tests[22m[2m)[22m
 [32m✓[39m [44m[1m TS [22m[49m node_modules/.pnpm/zod@3.25.76/node_modules/zod/src/v3/tests/language-server.test.ts [2m([22m[2m1 test[22m[2m)[22m
 [32m✓[39m [44m[1m TS [22m[49m node_modules/.pnpm/zod@3.25.76/node_modules/zod/src/v3/tests/literal.test.ts [2m([22m[2m3 tests[22m[2m)[22m
 [32m✓[39m [44m[1m TS [22m[49m node_modules/.pnpm/zod@3.25.76/node_modules/zod/src/v3/tests/map.test.ts [2m([22m[2m7 tests[22m[2m)[22m
 [32m✓[39m [44m[1m TS [22m[49m node_modules/.pnpm/zod@3.25.76/node_modules/zod/src/v3/tests/masking.test.ts [2m([22m[2m1 test[22m[2m)[22m
 [32m✓[39m [44m[1m TS [22m[49m node_modules/.pnpm/zod@3.25.76/node_modules/zod/src/v3/tests/mocker.test.ts [2m([22m[2m1 test[22m[2m)[22m
 [32m✓[39m [44m[1m TS [22m[49m node_modules/.pnpm/zod@3.25.76/node_modules/zod/src/v3/tests/nan.test.ts [2m([22m[2m2 tests[22m[2m)[22m
 [32m✓[39m [44m[1m TS [22m[49m node_modules/.pnpm/zod@3.25.76/node_modules/zod/src/v3/tests/nativeEnum.test.ts [2m([22m[2m5 tests[22m[2m)[22m
 [32m✓[39m [44m[1m TS [22m[49m node_modules/.pnpm/zod@3.25.76/node_modules/zod/src/v3/tests/nullable.test.ts [2m([22m[2m2 tests[22m[2m)[22m
 [32m✓[39m [44m[1m TS [22m[49m node_modules/.pnpm/zod@3.25.76/node_modules/zod/src/v3/tests/number.test.ts [2m([22m[2m6 tests[22m[2m)[22m
 [32m✓[39m [44m[1m TS [22m[49m node_modules/.pnpm/zod@3.25.76/node_modules/zod/src/v3/tests/object-augmentation.test.ts [2m([22m[2m1 test[22m[2m)[22m
 [32m✓[39m [44m[1m TS [22m[49m node_modules/.pnpm/zod@3.25.76/node_modules/zod/src/v3/tests/object-in-es5-env.test.ts [2m([22m[2m3 tests[22m[2m)[22m
 [32m✓[39m [44m[1m TS [22m[49m node_modules/.pnpm/zod@3.25.76/node_modules/zod/src/v3/tests/object.test.ts [2m([22m[2m37 tests[22m[2m)[22m
 [32m✓[39m [44m[1m TS [22m[49m node_modules/.pnpm/zod@3.25.76/node_modules/zod/src/v3/tests/optional.test.ts [2m([22m[2m2 tests[22m[2m)[22m
 [32m✓[39m [44m[1m TS [22m[49m node_modules/.pnpm/zod@3.25.76/node_modules/zod/src/v3/tests/parseUtil.test.ts [2m([22m[2m1 test[22m[2m)[22m
 [32m✓[39m [44m[1m TS [22m[49m node_modules/.pnpm/zod@3.25.76/node_modules/zod/src/v3/tests/parser.test.ts [2m([22m[2m8 tests[22m[2m)[22m
 [32m✓[39m [44m[1m TS [22m[49m node_modules/.pnpm/zod@3.25.76/node_modules/zod/src/v3/tests/partials.test.ts [2m([22m[2m15 tests[22m[2m)[22m
 [32m✓[39m [44m[1m TS [22m[49m node_modules/.pnpm/zod@3.25.76/node_modules/zod/src/v3/tests/pickomit.test.ts [2m([22m[2m10 tests[22m[2m)[22m
 [32m✓[39m [44m[1m TS [22m[49m node_modules/.pnpm/zod@3.25.76/node_modules/zod/src/v3/tests/pipeline.test.ts [2m([22m[2m3 tests[22m[2m)[22m
 [32m✓[39m [44m[1m TS [22m[49m node_modules/.pnpm/zod@3.25.76/node_modules/zod/src/v3/tests/preprocess.test.ts [2m([22m[2m10 tests[22m[2m)[22m
 [32m✓[39m [44m[1m TS [22m[49m node_modules/.pnpm/zod@3.25.76/node_modules/zod/src/v3/tests/primitive.test.ts [2m([22m[2m71 tests[22m[2m)[22m
 [32m✓[39m [44m[1m TS [22m[49m node_modules/.pnpm/zod@3.25.76/node_modules/zod/src/v3/tests/promise.test.ts [2m([22m[2m10 tests[22m[2m)[22m
 [32m✓[39m [44m[1m TS [22m[49m node_modules/.pnpm/zod@3.25.76/node_modules/zod/src/v3/tests/readonly.test.ts [2m([22m[2m3 tests[22m[2m)[22m
 [32m✓[39m [44m[1m TS [22m[49m node_modules/.pnpm/zod@3.25.76/node_modules/zod/src/v3/tests/record.test.ts [2m([22m[2m10 tests[22m[2m)[22m
 [32m✓[39m [44m[1m TS [22m[49m node_modules/.pnpm/zod@3.25.76/node_modules/zod/src/v3/tests/recursive.test.ts [2m([22m[2m4 tests[22m[2m)[22m
 [32m✓[39m [44m[1m TS [22m[49m node_modules/.pnpm/zod@3.25.76/node_modules/zod/src/v3/tests/refine.test.ts [2m([22m[2m14 tests[22m[2m)[22m
 [32m✓[39m [44m[1m TS [22m[49m node_modules/.pnpm/zod@3.25.76/node_modules/zod/src/v3/tests/safeparse.test.ts [2m([22m[2m3 tests[22m[2m)[22m
 [32m✓[39m [44m[1m TS [22m[49m node_modules/.pnpm/zod@3.25.76/node_modules/zod/src/v3/tests/set.test.ts [2m([22m[2m11 tests[22m[2m)[22m
 [32m✓[39m [44m[1m TS [22m[49m node_modules/.pnpm/zod@3.25.76/node_modules/zod/src/v3/tests/standard-schema.test.ts [2m([22m[2m6 tests[22m[2m)[22m
 [32m✓[39m [44m[1m TS [22m[49m node_modules/.pnpm/zod@3.25.76/node_modules/zod/src/v3/tests/string.test.ts [2m([22m[2m34 tests[22m[2m)[22m
 [32m✓[39m [44m[1m TS [22m[49m node_modules/.pnpm/zod@3.25.76/node_modules/zod/src/v3/tests/transformer.test.ts [2m([22m[2m16 tests[22m[2m)[22m
 [32m✓[39m [44m[1m TS [22m[49m node_modules/.pnpm/zod@3.25.76/node_modules/zod/src/v3/tests/tuple.test.ts [2m([22m[2m8 tests[22m[2m)[22m
 [32m✓[39m [44m[1m TS [22m[49m node_modules/.pnpm/zod@3.25.76/node_modules/zod/src/v3/tests/unions.test.ts [2m([22m[2m6 tests[22m[2m)[22m
 [32m✓[39m [44m[1m TS [22m[49m node_modules/.pnpm/zod@3.25.76/node_modules/zod/src/v3/tests/validations.test.ts [2m([22m[2m14 tests[22m[2m)[22m
 [32m✓[39m [44m[1m TS [22m[49m node_modules/.pnpm/zod@3.25.76/node_modules/zod/src/v3/tests/void.test.ts [2m([22m[2m1 test[22m[2m)[22m
 [32m✓[39m [44m[1m TS [22m[49m node_modules/.pnpm/@testing-library+jest-dom@6.9.1/node_modules/@testing-library/jest-dom/types/__tests__/bun/bun-custom-expect-types.test.ts [2m([22m[2m0 test[22m[2m)[22m
 [32m✓[39m [44m[1m TS [22m[49m node_modules/.pnpm/@testing-library+jest-dom@6.9.1/node_modules/@testing-library/jest-dom/types/__tests__/bun/bun-types.test.ts [2m([22m[2m0 test[22m[2m)[22m
 [32m✓[39m [44m[1m TS [22m[49m node_modules/.pnpm/@testing-library+jest-dom@6.9.1/node_modules/@testing-library/jest-dom/types/__tests__/jest/jest-custom-expect-types.test.ts [2m([22m[2m0 test[22m[2m)[22m
 [32m✓[39m [44m[1m TS [22m[49m node_modules/.pnpm/@testing-library+jest-dom@6.9.1/node_modules/@testing-library/jest-dom/types/__tests__/jest/jest-types.test.ts [2m([22m[2m0 test[22m[2m)[22m
 [32m✓[39m [44m[1m TS [22m[49m node_modules/.pnpm/@testing-library+jest-dom@6.9.1/node_modules/@testing-library/jest-dom/types/__tests__/jest-globals/jest-globals-custom-expect-types.test.ts [2m([22m[2m0 test[22m[2m)[22m
 [32m✓[39m [44m[1m TS [22m[49m node_modules/.pnpm/@testing-library+jest-dom@6.9.1/node_modules/@testing-library/jest-dom/types/__tests__/jest-globals/jest-globals-types.test.ts [2m([22m[2m0 test[22m[2m)[22m
 [32m✓[39m [44m[1m TS [22m[49m node_modules/.pnpm/@testing-library+jest-dom@6.9.1/node_modules/@testing-library/jest-dom/types/__tests__/vitest/vitest-custom-expect-types.test.ts [2m([22m[2m0 test[22m[2m)[22m
 [32m✓[39m [44m[1m TS [22m[49m node_modules/.pnpm/@testing-library+jest-dom@6.9.1/node_modules/@testing-library/jest-dom/types/__tests__/vitest/vitest-types.test.ts [2m([22m[2m0 test[22m[2m)[22m
 [32m✓[39m [44m[1m TS [22m[49m node_modules/.pnpm/jazz-tools@0.19.3_@tiptap+pm@2.26.2_csstype@3.1.3_react-dom@19.2.0_react@19.2.0__react@19.2.0/node_modules/jazz-tools/src/better-auth/database-adapter/tests/index.test.ts [2m([22m[2m7 tests[22m[2m)[22m
 [32m✓[39m [44m[1m TS [22m[49m node_modules/.pnpm/jazz-tools@0.19.3_@tiptap+pm@2.26.2_csstype@3.1.3_react-dom@19.2.0_react@19.2.0__react@19.2.0/node_modules/jazz-tools/src/better-auth/database-adapter/tests/utils.test.ts [2m([22m[2m56 tests[22m[2m)[22m
 [32m✓[39m [44m[1m TS [22m[49m node_modules/.pnpm/jazz-tools@0.19.3_@tiptap+pm@2.26.2_csstype@3.1.3_react-dom@19.2.0_react@19.2.0__react@19.2.0/node_modules/jazz-tools/src/better-auth/auth/tests/client.test.ts [2m([22m[2m13 tests[22m[2m)[22m
 [32m✓[39m [44m[1m TS [22m[49m node_modules/.pnpm/jazz-tools@0.19.3_@tiptap+pm@2.26.2_csstype@3.1.3_react-dom@19.2.0_react@19.2.0__react@19.2.0/node_modules/jazz-tools/src/better-auth/auth/tests/react.test.tsx [2m([22m[2m2 tests[22m[2m)[22m
 [32m✓[39m [44m[1m TS [22m[49m node_modules/.pnpm/jazz-tools@0.19.3_@tiptap+pm@2.26.2_csstype@3.1.3_react-dom@19.2.0_react@19.2.0__react@19.2.0/node_modules/jazz-tools/src/better-auth/auth/tests/server.test.ts [2m([22m[2m8 tests[22m[2m)[22m
 [32m✓[39m [44m[1m TS [22m[49m node_modules/.pnpm/jazz-tools@0.19.3_@tiptap+pm@2.26.2_csstype@3.1.3_react-dom@19.2.0_react@19.2.0__react@19.2.0/node_modules/jazz-tools/src/inspector/tests/ui/data-table.test.tsx [2m([22m[2m12 tests[22m[2m)[22m
 [32m✓[39m [44m[1m TS [22m[49m node_modules/.pnpm/jazz-tools@0.19.3_@tiptap+pm@2.26.2_csstype@3.1.3_react-dom@19.2.0_react@19.2.0__react@19.2.0/node_modules/jazz-tools/src/inspector/tests/utils/history.test.ts [2m([22m[2m15 tests[22m[2m)[22m
 [32m✓[39m [44m[1m TS [22m[49m node_modules/.pnpm/jazz-tools@0.19.3_@tiptap+pm@2.26.2_csstype@3.1.3_react-dom@19.2.0_react@19.2.0__react@19.2.0/node_modules/jazz-tools/src/inspector/tests/viewer/co-value-editor.test.tsx [2m([22m[2m28 tests[22m[2m)[22m
 [32m✓[39m [44m[1m TS [22m[49m node_modules/.pnpm/jazz-tools@0.19.3_@tiptap+pm@2.26.2_csstype@3.1.3_react-dom@19.2.0_react@19.2.0__react@19.2.0/node_modules/jazz-tools/src/inspector/tests/viewer/comap-view.test.tsx [2m([22m[2m24 tests[22m[2m)[22m
 [32m✓[39m [44m[1m TS [22m[49m node_modules/.pnpm/jazz-tools@0.19.3_@tiptap+pm@2.26.2_csstype@3.1.3_react-dom@19.2.0_react@19.2.0__react@19.2.0/node_modules/jazz-tools/src/inspector/tests/viewer/history-view.test.tsx [2m([22m[2m8 tests[22m[2m)[22m
 [32m✓[39m [44m[1m TS [22m[49m node_modules/.pnpm/jazz-tools@0.19.3_@tiptap+pm@2.26.2_csstype@3.1.3_react-dom@19.2.0_react@19.2.0__react@19.2.0/node_modules/jazz-tools/src/react/tests/media/image.test.tsx [2m([22m[2m21 tests[22m[2m)[22m
 [32m✓[39m [44m[1m TS [22m[49m node_modules/.pnpm/jazz-tools@0.19.3_@tiptap+pm@2.26.2_csstype@3.1.3_react-dom@19.2.0_react@19.2.0__react@19.2.0/node_modules/jazz-tools/src/svelte/tests/media/image.svelte.test.ts [2m([22m[2m20 tests[22m[2m)[22m
 [32m✓[39m [44m[1m TS [22m[49m node_modules/.pnpm/jazz-tools@0.19.3_@tiptap+pm@2.26.2_csstype@3.1.3_react-dom@19.2.0_react@19.2.0__react@19.2.0/node_modules/jazz-tools/src/tools/tests/patterns/notifications.test.ts [2m([22m[2m1 test[22m[2m)[22m
 [32m✓[39m [44m[1m TS [22m[49m node_modules/.pnpm/jazz-tools@0.19.3_@tiptap+pm@2.26.2_csstype@3.1.3_react-dom@19.2.0_react@19.2.0__react@19.2.0/node_modules/jazz-tools/src/tools/tests/patterns/quest.test.ts [2m([22m[2m2 tests[22m[2m)[22m
 [32m✓[39m [44m[1m TS [22m[49m node_modules/.pnpm/jazz-tools@0.19.3_@tiptap+pm@2.26.2_csstype@3.1.3_react-dom@19.2.0_react@19.2.0__react@19.2.0/node_modules/jazz-tools/src/tools/tests/patterns/requestToJoin.test.ts [2m([22m[2m4 tests[22m[2m)[22m
 [32m✓[39m [44m[1m TS [22m[49m node_modules/.pnpm/jazz-tools@0.18.24_@tiptap+pm@2.26.2_csstype@3.1.3_react-dom@19.2.0_react@19.2.0__react@19.2.0/node_modules/jazz-tools/src/better-auth/database-adapter/tests/index.test.ts [2m([22m[2m7 tests[22m[2m)[22m
 [32m✓[39m [44m[1m TS [22m[49m node_modules/.pnpm/jazz-tools@0.18.24_@tiptap+pm@2.26.2_csstype@3.1.3_react-dom@19.2.0_react@19.2.0__react@19.2.0/node_modules/jazz-tools/src/better-auth/database-adapter/tests/utils.test.ts [2m([22m[2m56 tests[22m[2m)[22m
 [32m✓[39m [44m[1m TS [22m[49m node_modules/.pnpm/jazz-tools@0.18.24_@tiptap+pm@2.26.2_csstype@3.1.3_react-dom@19.2.0_react@19.2.0__react@19.2.0/node_modules/jazz-tools/src/better-auth/auth/tests/client.test.ts [2m([22m[2m13 tests[22m[2m)[22m
 [32m✓[39m [44m[1m TS [22m[49m node_modules/.pnpm/jazz-tools@0.18.24_@tiptap+pm@2.26.2_csstype@3.1.3_react-dom@19.2.0_react@19.2.0__react@19.2.0/node_modules/jazz-tools/src/better-auth/auth/tests/react.test.tsx [2m([22m[2m2 tests[22m[2m)[22m
 [32m✓[39m [44m[1m TS [22m[49m node_modules/.pnpm/jazz-tools@0.18.24_@tiptap+pm@2.26.2_csstype@3.1.3_react-dom@19.2.0_react@19.2.0__react@19.2.0/node_modules/jazz-tools/src/better-auth/auth/tests/server.test.ts [2m([22m[2m8 tests[22m[2m)[22m
 [32m✓[39m [44m[1m TS [22m[49m node_modules/.pnpm/jazz-tools@0.18.24_@tiptap+pm@2.26.2_csstype@3.1.3_react-dom@19.2.0_react@19.2.0__react@19.2.0/node_modules/jazz-tools/src/react/tests/media/image.test.tsx [2m([22m[2m19 tests[22m[2m)[22m
 [32m✓[39m [44m[1m TS [22m[49m node_modules/.pnpm/jazz-tools@0.18.24_@tiptap+pm@2.26.2_csstype@3.1.3_react-dom@19.2.0_react@19.2.0__react@19.2.0/node_modules/jazz-tools/src/tools/tests/patterns/notifications.test.ts [2m([22m[2m1 test[22m[2m)[22m
 [32m✓[39m [44m[1m TS [22m[49m node_modules/.pnpm/jazz-tools@0.18.24_@tiptap+pm@2.26.2_csstype@3.1.3_react-dom@19.2.0_react@19.2.0__react@19.2.0/node_modules/jazz-tools/src/tools/tests/patterns/quest.test.ts [2m([22m[2m2 tests[22m[2m)[22m
 [32m✓[39m [44m[1m TS [22m[49m node_modules/.pnpm/jazz-tools@0.18.24_@tiptap+pm@2.26.2_csstype@3.1.3_react-dom@19.2.0_react@19.2.0__react@19.2.0/node_modules/jazz-tools/src/tools/tests/patterns/requestToJoin.test.ts [2m([22m[2m4 tests[22m[2m)[22m
 [32m✓[39m [44m[1m TS [22m[49m node_modules/.pnpm/jazz-tools@0.18.24_@tiptap+pm@2.26.2_csstype@3.1.3_react-dom@19.2.0_react@19.2.0__react@19.2.0/node_modules/jazz-tools/src/svelte/tests/media/image.svelte.test.ts [2m([22m[2m18 tests[22m[2m)[22m
 [32m✓[39m [44m[1m TS [22m[49m node_modules/.pnpm/zod@4.1.11/node_modules/zod/src/v4/mini/tests/assignability.test.ts [2m([22m[2m2 tests[22m[2m)[22m
 [32m✓[39m [44m[1m TS [22m[49m node_modules/.pnpm/zod@4.1.11/node_modules/zod/src/v4/mini/tests/brand.test.ts [2m([22m[2m1 test[22m[2m)[22m
 [32m✓[39m [44m[1m TS [22m[49m node_modules/.pnpm/zod@4.1.11/node_modules/zod/src/v4/mini/tests/checks.test.ts [2m([22m[2m17 tests[22m[2m)[22m
 [32m✓[39m [44m[1m TS [22m[49m node_modules/.pnpm/zod@4.1.11/node_modules/zod/src/v4/mini/tests/codec.test.ts [2m([22m[2m13 tests[22m[2m)[22m
 [32m✓[39m [44m[1m TS [22m[49m node_modules/.pnpm/zod@4.1.11/node_modules/zod/src/v4/mini/tests/computed.test.ts [2m([22m[2m5 tests[22m[2m)[22m
 [32m✓[39m [44m[1m TS [22m[49m node_modules/.pnpm/zod@4.1.11/node_modules/zod/src/v4/mini/tests/error.test.ts [2m([22m[2m2 tests[22m[2m)[22m
 [32m✓[39m [44m[1m TS [22m[49m node_modules/.pnpm/zod@4.1.11/node_modules/zod/src/v4/mini/tests/functions.test.ts [2m([22m[2m1 test[22m[2m)[22m
 [32m✓[39m [44m[1m TS [22m[49m node_modules/.pnpm/zod@4.1.11/node_modules/zod/src/v4/mini/tests/index.test.ts [2m([22m[2m59 tests[22m[2m)[22m
 [32m✓[39m [44m[1m TS [22m[49m node_modules/.pnpm/zod@4.1.11/node_modules/zod/src/v4/mini/tests/number.test.ts [2m([22m[2m9 tests[22m[2m)[22m
 [32m✓[39m [44m[1m TS [22m[49m node_modules/.pnpm/zod@4.1.11/node_modules/zod/src/v4/mini/tests/object.test.ts [2m([22m[2m12 tests[22m[2m)[22m
 [32m✓[39m [44m[1m TS [22m[49m node_modules/.pnpm/zod@4.1.11/node_modules/zod/src/v4/mini/tests/prototypes.test.ts [2m([22m[2m2 tests[22m[2m)[22m
 [32m✓[39m [44m[1m TS [22m[49m node_modules/.pnpm/zod@4.1.11/node_modules/zod/src/v4/mini/tests/recursive-types.test.ts [2m([22m[2m6 tests[22m[2m)[22m
 [32m✓[39m [44m[1m TS [22m[49m node_modules/.pnpm/zod@4.1.11/node_modules/zod/src/v4/mini/tests/string.test.ts [2m([22m[2m25 tests[22m[2m)[22m
 [32m✓[39m [44m[1m TS [22m[49m node_modules/.pnpm/zod@4.1.11/node_modules/zod/src/v4/core/tests/extend.test.ts [2m([22m[2m1 test[22m[2m)[22m
 [32m✓[39m [44m[1m TS [22m[49m node_modules/.pnpm/zod@4.1.11/node_modules/zod/src/v4/core/tests/index.test.ts [2m([22m[2m3 tests[22m[2m)[22m
 [32m✓[39m [44m[1m TS [22m[49m node_modules/.pnpm/zod@4.1.12/node_modules/zod/src/v4/mini/tests/assignability.test.ts [2m([22m[2m2 tests[22m[2m)[22m
 [32m✓[39m [44m[1m TS [22m[49m node_modules/.pnpm/zod@4.1.12/node_modules/zod/src/v4/mini/tests/brand.test.ts [2m([22m[2m1 test[22m[2m)[22m
 [32m✓[39m [44m[1m TS [22m[49m node_modules/.pnpm/zod@4.1.12/node_modules/zod/src/v4/mini/tests/checks.test.ts [2m([22m[2m17 tests[22m[2m)[22m
 [32m✓[39m [44m[1m TS [22m[49m node_modules/.pnpm/zod@4.1.12/node_modules/zod/src/v4/mini/tests/codec.test.ts [2m([22m[2m13 tests[22m[2m)[22m
 [32m✓[39m [44m[1m TS [22m[49m node_modules/.pnpm/zod@4.1.12/node_modules/zod/src/v4/mini/tests/computed.test.ts [2m([22m[2m5 tests[22m[2m)[22m
 [32m✓[39m [44m[1m TS [22m[49m node_modules/.pnpm/zod@4.1.12/node_modules/zod/src/v4/mini/tests/error.test.ts [2m([22m[2m2 tests[22m[2m)[22m
 [32m✓[39m [44m[1m TS [22m[49m node_modules/.pnpm/zod@4.1.12/node_modules/zod/src/v4/mini/tests/functions.test.ts [2m([22m[2m1 test[22m[2m)[22m
 [32m✓[39m [44m[1m TS [22m[49m node_modules/.pnpm/zod@4.1.12/node_modules/zod/src/v4/mini/tests/index.test.ts [2m([22m[2m59 tests[22m[2m)[22m
 [32m✓[39m [44m[1m TS [22m[49m node_modules/.pnpm/zod@4.1.12/node_modules/zod/src/v4/mini/tests/number.test.ts [2m([22m[2m9 tests[22m[2m)[22m
 [32m✓[39m [44m[1m TS [22m[49m node_modules/.pnpm/zod@4.1.12/node_modules/zod/src/v4/mini/tests/object.test.ts [2m([22m[2m12 tests[22m[2m)[22m
 [32m✓[39m [44m[1m TS [22m[49m node_modules/.pnpm/zod@4.1.12/node_modules/zod/src/v4/mini/tests/prototypes.test.ts [2m([22m[2m2 tests[22m[2m)[22m
 [32m✓[39m [44m[1m TS [22m[49m node_modules/.pnpm/zod@4.1.12/node_modules/zod/src/v4/mini/tests/recursive-types.test.ts [2m([22m[2m6 tests[22m[2m)[22m
 [32m✓[39m [44m[1m TS [22m[49m node_modules/.pnpm/zod@4.1.12/node_modules/zod/src/v4/mini/tests/string.test.ts [2m([22m[2m25 tests[22m[2m)[22m
 [32m✓[39m [44m[1m TS [22m[49m node_modules/.pnpm/zod@4.1.11/node_modules/zod/src/v4/classic/tests/anyunknown.test.ts [2m([22m[2m3 tests[22m[2m)[22m
 [32m✓[39m [44m[1m TS [22m[49m node_modules/.pnpm/zod@4.1.11/node_modules/zod/src/v4/classic/tests/array.test.ts [2m([22m[2m9 tests[22m[2m)[22m
 [32m✓[39m [44m[1m TS [22m[49m node_modules/.pnpm/zod@4.1.11/node_modules/zod/src/v4/classic/tests/assignability.test.ts [2m([22m[2m5 tests[22m[2m)[22m
 [32m✓[39m [44m[1m TS [22m[49m node_modules/.pnpm/zod@4.1.11/node_modules/zod/src/v4/classic/tests/async-parsing.test.ts [2m([22m[2m23 tests[22m[2m)[22m
 [32m✓[39m [44m[1m TS [22m[49m node_modules/.pnpm/zod@4.1.11/node_modules/zod/src/v4/classic/tests/async-refinements.test.ts [2m([22m[2m4 tests[22m[2m)[22m
 [32m✓[39m [44m[1m TS [22m[49m node_modules/.pnpm/zod@4.1.11/node_modules/zod/src/v4/classic/tests/base.test.ts [2m([22m[2m1 test[22m[2m)[22m
 [32m✓[39m [44m[1m TS [22m[49m node_modules/.pnpm/zod@4.1.11/node_modules/zod/src/v4/classic/tests/bigint.test.ts [2m([22m[2m3 tests[22m[2m)[22m
 [32m✓[39m [44m[1m TS [22m[49m node_modules/.pnpm/zod@4.1.11/node_modules/zod/src/v4/classic/tests/brand.test.ts [2m([22m[2m3 tests[22m[2m)[22m
 [32m✓[39m [44m[1m TS [22m[49m node_modules/.pnpm/zod@4.1.11/node_modules/zod/src/v4/classic/tests/catch.test.ts [2m([22m[2m17 tests[22m[2m)[22m
 [32m✓[39m [44m[1m TS [22m[49m node_modules/.pnpm/zod@4.1.11/node_modules/zod/src/v4/classic/tests/coalesce.test.ts [2m([22m[2m1 test[22m[2m)[22m
 [32m✓[39m [44m[1m TS [22m[49m node_modules/.pnpm/zod@4.1.11/node_modules/zod/src/v4/classic/tests/codec-examples.test.ts [2m([22m[2m19 tests[22m[2m)[22m
 [32m✓[39m [44m[1m TS [22m[49m node_modules/.pnpm/zod@4.1.11/node_modules/zod/src/v4/classic/tests/codec.test.ts [2m([22m[2m14 tests[22m[2m)[22m
 [32m✓[39m [44m[1m TS [22m[49m node_modules/.pnpm/zod@4.1.11/node_modules/zod/src/v4/classic/tests/coerce.test.ts [2m([22m[2m6 tests[22m[2m)[22m
 [32m✓[39m [44m[1m TS [22m[49m node_modules/.pnpm/zod@4.1.11/node_modules/zod/src/v4/classic/tests/continuability.test.ts [2m([22m[2m1 test[22m[2m)[22m
 [32m✓[39m [44m[1m TS [22m[49m node_modules/.pnpm/zod@4.1.11/node_modules/zod/src/v4/classic/tests/custom.test.ts [2m([22m[2m4 tests[22m[2m)[22m
 [32m✓[39m [44m[1m TS [22m[49m node_modules/.pnpm/zod@4.1.11/node_modules/zod/src/v4/classic/tests/date.test.ts [2m([22m[2m3 tests[22m[2m)[22m
 [32m✓[39m [44m[1m TS [22m[49m node_modules/.pnpm/zod@4.1.11/node_modules/zod/src/v4/classic/tests/datetime.test.ts [2m([22m[2m14 tests[22m[2m)[22m
 [32m✓[39m [44m[1m TS [22m[49m node_modules/.pnpm/zod@4.1.11/node_modules/zod/src/v4/classic/tests/default.test.ts [2m([22m[2m16 tests[22m[2m)[22m
 [32m✓[39m [44m[1m TS [22m[49m node_modules/.pnpm/zod@4.1.11/node_modules/zod/src/v4/classic/tests/description.test.ts [2m([22m[2m2 tests[22m[2m)[22m
 [32m✓[39m [44m[1m TS [22m[49m node_modules/.pnpm/zod@4.1.11/node_modules/zod/src/v4/classic/tests/discriminated-unions.test.ts [2m([22m[2m22 tests[22m[2m)[22m
 [32m✓[39m [44m[1m TS [22m[49m node_modules/.pnpm/zod@4.1.11/node_modules/zod/src/v4/classic/tests/enum.test.ts [2m([22m[2m19 tests[22m[2m)[22m
 [32m✓[39m [44m[1m TS [22m[49m node_modules/.pnpm/zod@4.1.11/node_modules/zod/src/v4/classic/tests/error-utils.test.ts [2m([22m[2m13 tests[22m[2m)[22m
 [32m✓[39m [44m[1m TS [22m[49m node_modules/.pnpm/zod@4.1.11/node_modules/zod/src/v4/classic/tests/error.test.ts [2m([22m[2m27 tests[22m[2m)[22m
 [32m✓[39m [44m[1m TS [22m[49m node_modules/.pnpm/zod@4.1.11/node_modules/zod/src/v4/classic/tests/file.test.ts [2m([22m[2m3 tests[22m[2m)[22m
 [32m✓[39m [44m[1m TS [22m[49m node_modules/.pnpm/zod@4.1.11/node_modules/zod/src/v4/classic/tests/firstparty.test.ts [2m([22m[2m2 tests[22m[2m)[22m
 [32m✓[39m [44m[1m TS [22m[49m node_modules/.pnpm/zod@4.1.11/node_modules/zod/src/v4/classic/tests/function.test.ts [2m([22m[2m17 tests[22m[2m)[22m
 [32m✓[39m [44m[1m TS [22m[49m node_modules/.pnpm/zod@4.1.11/node_modules/zod/src/v4/classic/tests/generics.test.ts [2m([22m[2m4 tests[22m[2m)[22m
 [32m✓[39m [44m[1m TS [22m[49m node_modules/.pnpm/zod@4.1.11/node_modules/zod/src/v4/classic/tests/hash.test.ts [2m([22m[2m1 test[22m[2m)[22m
 [32m✓[39m [44m[1m TS [22m[49m node_modules/.pnpm/zod@4.1.11/node_modules/zod/src/v4/classic/tests/index.test.ts [2m([22m[2m58 tests[22m[2m)[22m
 [32m✓[39m [44m[1m TS [22m[49m node_modules/.pnpm/zod@4.1.11/node_modules/zod/src/v4/classic/tests/instanceof.test.ts [2m([22m[2m2 tests[22m[2m)[22m
 [32m✓[39m [44m[1m TS [22m[49m node_modules/.pnpm/zod@4.1.11/node_modules/zod/src/v4/classic/tests/intersection.test.ts [2m([22m[2m10 tests[22m[2m)[22m
 [32m✓[39m [44m[1m TS [22m[49m node_modules/.pnpm/zod@4.1.11/node_modules/zod/src/v4/classic/tests/json.test.ts [2m([22m[2m1 test[22m[2m)[22m
 [32m✓[39m [44m[1m TS [22m[49m node_modules/.pnpm/zod@4.1.11/node_modules/zod/src/v4/classic/tests/lazy.test.ts [2m([22m[2m9 tests[22m[2m)[22m
 [32m✓[39m [44m[1m TS [22m[49m node_modules/.pnpm/zod@4.1.11/node_modules/zod/src/v4/classic/tests/literal.test.ts [2m([22m[2m10 tests[22m[2m)[22m
 [32m✓[39m [44m[1m TS [22m[49m node_modules/.pnpm/zod@4.1.11/node_modules/zod/src/v4/classic/tests/map.test.ts [2m([22m[2m8 tests[22m[2m)[22m
 [32m✓[39m [44m[1m TS [22m[49m node_modules/.pnpm/zod@4.1.11/node_modules/zod/src/v4/classic/tests/nan.test.ts [2m([22m[2m2 tests[22m[2m)[22m
 [32m✓[39m [44m[1m TS [22m[49m node_modules/.pnpm/zod@4.1.11/node_modules/zod/src/v4/classic/tests/nested-refine.test.ts [2m([22m[2m1 test[22m[2m)[22m
 [32m✓[39m [44m[1m TS [22m[49m node_modules/.pnpm/zod@4.1.11/node_modules/zod/src/v4/classic/tests/nonoptional.test.ts [2m([22m[2m4 tests[22m[2m)[22m
 [32m✓[39m [44m[1m TS [22m[49m node_modules/.pnpm/zod@4.1.11/node_modules/zod/src/v4/classic/tests/nullable.test.ts [2m([22m[2m3 tests[22m[2m)[22m
 [32m✓[39m [44m[1m TS [22m[49m node_modules/.pnpm/zod@4.1.11/node_modules/zod/src/v4/classic/tests/number.test.ts [2m([22m[2m26 tests[22m[2m)[22m
 [32m✓[39m [44m[1m TS [22m[49m node_modules/.pnpm/zod@4.1.11/node_modules/zod/src/v4/classic/tests/object.test.ts [2m([22m[2m49 tests[22m[2m)[22m
 [32m✓[39m [44m[1m TS [22m[49m node_modules/.pnpm/zod@4.1.11/node_modules/zod/src/v4/classic/tests/optional.test.ts [2m([22m[2m6 tests[22m[2m)[22m
 [32m✓[39m [44m[1m TS [22m[49m node_modules/.pnpm/zod@4.1.11/node_modules/zod/src/v4/classic/tests/partial.test.ts [2m([22m[2m12 tests[22m[2m)[22m
 [32m✓[39m [44m[1m TS [22m[49m node_modules/.pnpm/zod@4.1.11/node_modules/zod/src/v4/classic/tests/pickomit.test.ts [2m([22m[2m12 tests[22m[2m)[22m
 [32m✓[39m [44m[1m TS [22m[49m node_modules/.pnpm/zod@4.1.11/node_modules/zod/src/v4/classic/tests/pipe.test.ts [2m([22m[2m7 tests[22m[2m)[22m
 [32m✓[39m [44m[1m TS [22m[49m node_modules/.pnpm/zod@4.1.11/node_modules/zod/src/v4/classic/tests/prefault.test.ts [2m([22m[2m4 tests[22m[2m)[22m
 [32m✓[39m [44m[1m TS [22m[49m node_modules/.pnpm/zod@4.1.11/node_modules/zod/src/v4/classic/tests/preprocess.test.ts [2m([22m[2m11 tests[22m[2m)[22m
 [32m✓[39m [44m[1m TS [22m[49m node_modules/.pnpm/zod@4.1.11/node_modules/zod/src/v4/classic/tests/primitive.test.ts [2m([22m[2m14 tests[22m[2m)[22m
 [32m✓[39m [44m[1m TS [22m[49m node_modules/.pnpm/zod@4.1.11/node_modules/zod/src/v4/classic/tests/promise.test.ts [2m([22m[2m10 tests[22m[2m)[22m
 [32m✓[39m [44m[1m TS [22m[49m node_modules/.pnpm/zod@4.1.11/node_modules/zod/src/v4/classic/tests/prototypes.test.ts [2m([22m[2m1 test[22m[2m)[22m
 [32m✓[39m [44m[1m TS [22m[49m node_modules/.pnpm/zod@4.1.11/node_modules/zod/src/v4/classic/tests/readonly.test.ts [2m([22m[2m7 tests[22m[2m)[22m
 [32m✓[39m [44m[1m TS [22m[49m node_modules/.pnpm/zod@4.1.11/node_modules/zod/src/v4/classic/tests/record.test.ts [2m([22m[2m13 tests[22m[2m)[22m
 [32m✓[39m [44m[1m TS [22m[49m node_modules/.pnpm/zod@4.1.11/node_modules/zod/src/v4/classic/tests/recursive-types.test.ts [2m([22m[2m13 tests[22m[2m)[22m
 [32m✓[39m [44m[1m TS [22m[49m node_modules/.pnpm/zod@4.1.11/node_modules/zod/src/v4/classic/tests/refine.test.ts [2m([22m[2m16 tests[22m[2m)[22m
 [32m✓[39m [44m[1m TS [22m[49m node_modules/.pnpm/zod@4.1.11/node_modules/zod/src/v4/classic/tests/registries.test.ts [2m([22m[2m16 tests[22m[2m)[22m
 [32m✓[39m [44m[1m TS [22m[49m node_modules/.pnpm/zod@4.1.11/node_modules/zod/src/v4/classic/tests/set.test.ts [2m([22m[2m12 tests[22m[2m)[22m
 [32m✓[39m [44m[1m TS [22m[49m node_modules/.pnpm/zod@4.1.11/node_modules/zod/src/v4/classic/tests/standard-schema.test.ts [2m([22m[2m4 tests[22m[2m)[22m
 [32m✓[39m [44m[1m TS [22m[49m node_modules/.pnpm/zod@4.1.11/node_modules/zod/src/v4/classic/tests/string-formats.test.ts [2m([22m[2m3 tests[22m[2m)[22m
 [32m✓[39m [44m[1m TS [22m[49m node_modules/.pnpm/zod@4.1.11/node_modules/zod/src/v4/classic/tests/string.test.ts [2m([22m[2m42 tests[22m[2m)[22m
 [32m✓[39m [44m[1m TS [22m[49m node_modules/.pnpm/zod@4.1.11/node_modules/zod/src/v4/classic/tests/stringbool.test.ts [2m([22m[2m7 tests[22m[2m)[22m
 [32m✓[39m [44m[1m TS [22m[49m node_modules/.pnpm/zod@4.1.11/node_modules/zod/src/v4/classic/tests/template-literal.test.ts [2m([22m[2m8 tests[22m[2m)[22m
 [32m✓[39m [44m[1m TS [22m[49m node_modules/.pnpm/zod@4.1.11/node_modules/zod/src/v4/classic/tests/to-json-schema.test.ts [2m([22m[2m61 tests[22m[2m)[22m
 [32m✓[39m [44m[1m TS [22m[49m node_modules/.pnpm/zod@4.1.11/node_modules/zod/src/v4/classic/tests/transform.test.ts [2m([22m[2m18 tests[22m[2m)[22m
 [32m✓[39m [44m[1m TS [22m[49m node_modules/.pnpm/zod@4.1.11/node_modules/zod/src/v4/classic/tests/tuple.test.ts [2m([22m[2m6 tests[22m[2m)[22m
 [32m✓[39m [44m[1m TS [22m[49m node_modules/.pnpm/zod@4.1.11/node_modules/zod/src/v4/classic/tests/union.test.ts [2m([22m[2m10 tests[22m[2m)[22m
 [32m✓[39m [44m[1m TS [22m[49m node_modules/.pnpm/zod@4.1.11/node_modules/zod/src/v4/classic/tests/validations.test.ts [2m([22m[2m13 tests[22m[2m)[22m
 [32m✓[39m [44m[1m TS [22m[49m node_modules/.pnpm/zod@4.1.11/node_modules/zod/src/v4/classic/tests/void.test.ts [2m([22m[2m1 test[22m[2m)[22m
 [32m✓[39m [44m[1m TS [22m[49m node_modules/.pnpm/zod@4.1.12/node_modules/zod/src/v4/classic/tests/anyunknown.test.ts [2m([22m[2m3 tests[22m[2m)[22m
 [32m✓[39m [44m[1m TS [22m[49m node_modules/.pnpm/zod@4.1.12/node_modules/zod/src/v4/classic/tests/array.test.ts [2m([22m[2m9 tests[22m[2m)[22m
 [32m✓[39m [44m[1m TS [22m[49m node_modules/.pnpm/zod@4.1.12/node_modules/zod/src/v4/classic/tests/assignability.test.ts [2m([22m[2m5 tests[22m[2m)[22m
 [32m✓[39m [44m[1m TS [22m[49m node_modules/.pnpm/zod@4.1.12/node_modules/zod/src/v4/classic/tests/async-parsing.test.ts [2m([22m[2m23 tests[22m[2m)[22m
 [32m✓[39m [44m[1m TS [22m[49m node_modules/.pnpm/zod@4.1.12/node_modules/zod/src/v4/classic/tests/async-refinements.test.ts [2m([22m[2m4 tests[22m[2m)[22m
 [32m✓[39m [44m[1m TS [22m[49m node_modules/.pnpm/zod@4.1.12/node_modules/zod/src/v4/classic/tests/base.test.ts [2m([22m[2m1 test[22m[2m)[22m
 [32m✓[39m [44m[1m TS [22m[49m node_modules/.pnpm/zod@4.1.12/node_modules/zod/src/v4/classic/tests/bigint.test.ts [2m([22m[2m3 tests[22m[2m)[22m
 [32m✓[39m [44m[1m TS [22m[49m node_modules/.pnpm/zod@4.1.12/node_modules/zod/src/v4/classic/tests/brand.test.ts [2m([22m[2m3 tests[22m[2m)[22m
 [32m✓[39m [44m[1m TS [22m[49m node_modules/.pnpm/zod@4.1.12/node_modules/zod/src/v4/classic/tests/catch.test.ts [2m([22m[2m17 tests[22m[2m)[22m
 [32m✓[39m [44m[1m TS [22m[49m node_modules/.pnpm/zod@4.1.12/node_modules/zod/src/v4/classic/tests/coalesce.test.ts [2m([22m[2m1 test[22m[2m)[22m
 [32m✓[39m [44m[1m TS [22m[49m node_modules/.pnpm/zod@4.1.12/node_modules/zod/src/v4/classic/tests/codec-examples.test.ts [2m([22m[2m19 tests[22m[2m)[22m
 [32m✓[39m [44m[1m TS [22m[49m node_modules/.pnpm/zod@4.1.12/node_modules/zod/src/v4/classic/tests/codec.test.ts [2m([22m[2m14 tests[22m[2m)[22m
 [32m✓[39m [44m[1m TS [22m[49m node_modules/.pnpm/zod@4.1.12/node_modules/zod/src/v4/classic/tests/coerce.test.ts [2m([22m[2m6 tests[22m[2m)[22m
 [32m✓[39m [44m[1m TS [22m[49m node_modules/.pnpm/zod@4.1.12/node_modules/zod/src/v4/classic/tests/continuability.test.ts [2m([22m[2m1 test[22m[2m)[22m
 [32m✓[39m [44m[1m TS [22m[49m node_modules/.pnpm/zod@4.1.12/node_modules/zod/src/v4/classic/tests/custom.test.ts [2m([22m[2m4 tests[22m[2m)[22m
 [32m✓[39m [44m[1m TS [22m[49m node_modules/.pnpm/zod@4.1.12/node_modules/zod/src/v4/classic/tests/date.test.ts [2m([22m[2m3 tests[22m[2m)[22m
 [32m✓[39m [44m[1m TS [22m[49m node_modules/.pnpm/zod@4.1.12/node_modules/zod/src/v4/classic/tests/datetime.test.ts [2m([22m[2m14 tests[22m[2m)[22m
 [32m✓[39m [44m[1m TS [22m[49m node_modules/.pnpm/zod@4.1.12/node_modules/zod/src/v4/classic/tests/default.test.ts [2m([22m[2m16 tests[22m[2m)[22m
 [32m✓[39m [44m[1m TS [22m[49m node_modules/.pnpm/zod@4.1.12/node_modules/zod/src/v4/classic/tests/description.test.ts [2m([22m[2m2 tests[22m[2m)[22m
 [32m✓[39m [44m[1m TS [22m[49m node_modules/.pnpm/zod@4.1.12/node_modules/zod/src/v4/classic/tests/discriminated-unions.test.ts [2m([22m[2m22 tests[22m[2m)[22m
 [32m✓[39m [44m[1m TS [22m[49m node_modules/.pnpm/zod@4.1.12/node_modules/zod/src/v4/classic/tests/enum.test.ts [2m([22m[2m19 tests[22m[2m)[22m
 [32m✓[39m [44m[1m TS [22m[49m node_modules/.pnpm/zod@4.1.12/node_modules/zod/src/v4/classic/tests/error-utils.test.ts [2m([22m[2m13 tests[22m[2m)[22m
 [32m✓[39m [44m[1m TS [22m[49m node_modules/.pnpm/zod@4.1.12/node_modules/zod/src/v4/classic/tests/error.test.ts [2m([22m[2m27 tests[22m[2m)[22m
 [32m✓[39m [44m[1m TS [22m[49m node_modules/.pnpm/zod@4.1.12/node_modules/zod/src/v4/classic/tests/file.test.ts [2m([22m[2m3 tests[22m[2m)[22m
 [32m✓[39m [44m[1m TS [22m[49m node_modules/.pnpm/zod@4.1.12/node_modules/zod/src/v4/classic/tests/firstparty.test.ts [2m([22m[2m2 tests[22m[2m)[22m
 [32m✓[39m [44m[1m TS [22m[49m node_modules/.pnpm/zod@4.1.12/node_modules/zod/src/v4/classic/tests/function.test.ts [2m([22m[2m17 tests[22m[2m)[22m
 [32m✓[39m [44m[1m TS [22m[49m node_modules/.pnpm/zod@4.1.12/node_modules/zod/src/v4/classic/tests/generics.test.ts [2m([22m[2m4 tests[22m[2m)[22m
 [32m✓[39m [44m[1m TS [22m[49m node_modules/.pnpm/zod@4.1.12/node_modules/zod/src/v4/classic/tests/hash.test.ts [2m([22m[2m1 test[22m[2m)[22m
 [32m✓[39m [44m[1m TS [22m[49m node_modules/.pnpm/zod@4.1.12/node_modules/zod/src/v4/classic/tests/index.test.ts [2m([22m[2m58 tests[22m[2m)[22m
 [32m✓[39m [44m[1m TS [22m[49m node_modules/.pnpm/zod@4.1.12/node_modules/zod/src/v4/classic/tests/instanceof.test.ts [2m([22m[2m2 tests[22m[2m)[22m
 [32m✓[39m [44m[1m TS [22m[49m node_modules/.pnpm/zod@4.1.12/node_modules/zod/src/v4/classic/tests/intersection.test.ts [2m([22m[2m10 tests[22m[2m)[22m
 [32m✓[39m [44m[1m TS [22m[49m node_modules/.pnpm/zod@4.1.12/node_modules/zod/src/v4/classic/tests/json.test.ts [2m([22m[2m1 test[22m[2m)[22m
 [32m✓[39m [44m[1m TS [22m[49m node_modules/.pnpm/zod@4.1.12/node_modules/zod/src/v4/classic/tests/lazy.test.ts [2m([22m[2m9 tests[22m[2m)[22m
 [32m✓[39m [44m[1m TS [22m[49m node_modules/.pnpm/zod@4.1.12/node_modules/zod/src/v4/classic/tests/literal.test.ts [2m([22m[2m10 tests[22m[2m)[22m
 [32m✓[39m [44m[1m TS [22m[49m node_modules/.pnpm/zod@4.1.12/node_modules/zod/src/v4/classic/tests/map.test.ts [2m([22m[2m8 tests[22m[2m)[22m
 [32m✓[39m [44m[1m TS [22m[49m node_modules/.pnpm/zod@4.1.12/node_modules/zod/src/v4/classic/tests/nan.test.ts [2m([22m[2m2 tests[22m[2m)[22m
 [32m✓[39m [44m[1m TS [22m[49m node_modules/.pnpm/zod@4.1.12/node_modules/zod/src/v4/classic/tests/nested-refine.test.ts [2m([22m[2m1 test[22m[2m)[22m
 [32m✓[39m [44m[1m TS [22m[49m node_modules/.pnpm/zod@4.1.12/node_modules/zod/src/v4/classic/tests/nonoptional.test.ts [2m([22m[2m4 tests[22m[2m)[22m
 [32m✓[39m [44m[1m TS [22m[49m node_modules/.pnpm/zod@4.1.12/node_modules/zod/src/v4/classic/tests/nullable.test.ts [2m([22m[2m3 tests[22m[2m)[22m
 [32m✓[39m [44m[1m TS [22m[49m node_modules/.pnpm/zod@4.1.12/node_modules/zod/src/v4/classic/tests/number.test.ts [2m([22m[2m26 tests[22m[2m)[22m
 [32m✓[39m [44m[1m TS [22m[49m node_modules/.pnpm/zod@4.1.12/node_modules/zod/src/v4/classic/tests/object.test.ts [2m([22m[2m49 tests[22m[2m)[22m
 [32m✓[39m [44m[1m TS [22m[49m node_modules/.pnpm/zod@4.1.12/node_modules/zod/src/v4/classic/tests/optional.test.ts [2m([22m[2m6 tests[22m[2m)[22m
 [32m✓[39m [44m[1m TS [22m[49m node_modules/.pnpm/zod@4.1.12/node_modules/zod/src/v4/classic/tests/partial.test.ts [2m([22m[2m12 tests[22m[2m)[22m
 [32m✓[39m [44m[1m TS [22m[49m node_modules/.pnpm/zod@4.1.12/node_modules/zod/src/v4/classic/tests/pickomit.test.ts [2m([22m[2m12 tests[22m[2m)[22m
 [32m✓[39m [44m[1m TS [22m[49m node_modules/.pnpm/zod@4.1.12/node_modules/zod/src/v4/classic/tests/pipe.test.ts [2m([22m[2m7 tests[22m[2m)[22m
 [32m✓[39m [44m[1m TS [22m[49m node_modules/.pnpm/zod@4.1.12/node_modules/zod/src/v4/classic/tests/prefault.test.ts [2m([22m[2m4 tests[22m[2m)[22m
 [32m✓[39m [44m[1m TS [22m[49m node_modules/.pnpm/zod@4.1.12/node_modules/zod/src/v4/classic/tests/preprocess.test.ts [2m([22m[2m11 tests[22m[2m)[22m
 [32m✓[39m [44m[1m TS [22m[49m node_modules/.pnpm/zod@4.1.12/node_modules/zod/src/v4/classic/tests/primitive.test.ts [2m([22m[2m14 tests[22m[2m)[22m
 [32m✓[39m [44m[1m TS [22m[49m node_modules/.pnpm/zod@4.1.12/node_modules/zod/src/v4/classic/tests/promise.test.ts [2m([22m[2m10 tests[22m[2m)[22m
 [32m✓[39m [44m[1m TS [22m[49m node_modules/.pnpm/zod@4.1.12/node_modules/zod/src/v4/classic/tests/prototypes.test.ts [2m([22m[2m1 test[22m[2m)[22m
 [32m✓[39m [44m[1m TS [22m[49m node_modules/.pnpm/zod@4.1.12/node_modules/zod/src/v4/classic/tests/readonly.test.ts [2m([22m[2m7 tests[22m[2m)[22m
 [32m✓[39m [44m[1m TS [22m[49m node_modules/.pnpm/zod@4.1.12/node_modules/zod/src/v4/classic/tests/record.test.ts [2m([22m[2m13 tests[22m[2m)[22m
 [32m✓[39m [44m[1m TS [22m[49m node_modules/.pnpm/zod@4.1.12/node_modules/zod/src/v4/classic/tests/recursive-types.test.ts [2m([22m[2m13 tests[22m[2m)[22m
 [32m✓[39m [44m[1m TS [22m[49m node_modules/.pnpm/zod@4.1.12/node_modules/zod/src/v4/classic/tests/refine.test.ts [2m([22m[2m16 tests[22m[2m)[22m
 [32m✓[39m [44m[1m TS [22m[49m node_modules/.pnpm/zod@4.1.12/node_modules/zod/src/v4/classic/tests/registries.test.ts [2m([22m[2m16 tests[22m[2m)[22m
 [32m✓[39m [44m[1m TS [22m[49m node_modules/.pnpm/zod@4.1.12/node_modules/zod/src/v4/classic/tests/set.test.ts [2m([22m[2m12 tests[22m[2m)[22m
 [32m✓[39m [44m[1m TS [22m[49m node_modules/.pnpm/zod@4.1.12/node_modules/zod/src/v4/classic/tests/standard-schema.test.ts [2m([22m[2m4 tests[22m[2m)[22m
 [32m✓[39m [44m[1m TS [22m[49m node_modules/.pnpm/zod@4.1.12/node_modules/zod/src/v4/classic/tests/string-formats.test.ts [2m([22m[2m3 tests[22m[2m)[22m
 [32m✓[39m [44m[1m TS [22m[49m node_modules/.pnpm/zod@4.1.12/node_modules/zod/src/v4/classic/tests/string.test.ts [2m([22m[2m42 tests[22m[2m)[22m
 [32m✓[39m [44m[1m TS [22m[49m node_modules/.pnpm/zod@4.1.12/node_modules/zod/src/v4/classic/tests/stringbool.test.ts [2m([22m[2m7 tests[22m[2m)[22m
 [32m✓[39m [44m[1m TS [22m[49m node_modules/.pnpm/zod@4.1.12/node_modules/zod/src/v4/classic/tests/template-literal.test.ts [2m([22m[2m8 tests[22m[2m)[22m
 [32m✓[39m [44m[1m TS [22m[49m node_modules/.pnpm/zod@4.1.12/node_modules/zod/src/v4/classic/tests/to-json-schema.test.ts [2m([22m[2m61 tests[22m[2m)[22m
 [32m✓[39m [44m[1m TS [22m[49m node_modules/.pnpm/zod@4.1.12/node_modules/zod/src/v4/classic/tests/transform.test.ts [2m([22m[2m18 tests[22m[2m)[22m
 [32m✓[39m [44m[1m TS [22m[49m node_modules/.pnpm/zod@4.1.12/node_modules/zod/src/v4/classic/tests/tuple.test.ts [2m([22m[2m6 tests[22m[2m)[22m
 [32m✓[39m [44m[1m TS [22m[49m node_modules/.pnpm/zod@4.1.12/node_modules/zod/src/v4/classic/tests/union.test.ts [2m([22m[2m10 tests[22m[2m)[22m
 [32m✓[39m [44m[1m TS [22m[49m node_modules/.pnpm/zod@4.1.12/node_modules/zod/src/v4/classic/tests/validations.test.ts [2m([22m[2m13 tests[22m[2m)[22m
 [32m✓[39m [44m[1m TS [22m[49m node_modules/.pnpm/zod@4.1.12/node_modules/zod/src/v4/classic/tests/void.test.ts [2m([22m[2m1 test[22m[2m)[22m
 [32m✓[39m [44m[1m TS [22m[49m node_modules/.pnpm/zod@4.1.12/node_modules/zod/src/v4/core/tests/extend.test.ts [2m([22m[2m1 test[22m[2m)[22m
 [32m✓[39m [44m[1m TS [22m[49m node_modules/.pnpm/zod@4.1.12/node_modules/zod/src/v4/core/tests/index.test.ts [2m([22m[2m3 tests[22m[2m)[22m
 [32m✓[39m [44m[1m TS [22m[49m node_modules/.pnpm/zod@3.25.76/node_modules/zod/src/v4/core/tests/index.test.ts [2m([22m[2m3 tests[22m[2m)[22m
 [32m✓[39m [44m[1m TS [22m[49m node_modules/.pnpm/zod@3.25.76/node_modules/zod/src/v4/classic/tests/anyunknown.test.ts [2m([22m[2m3 tests[22m[2m)[22m
 [32m✓[39m [44m[1m TS [22m[49m node_modules/.pnpm/zod@3.25.76/node_modules/zod/src/v4/classic/tests/array.test.ts [2m([22m[2m9 tests[22m[2m)[22m
 [32m✓[39m [44m[1m TS [22m[49m node_modules/.pnpm/zod@3.25.76/node_modules/zod/src/v4/classic/tests/assignability.test.ts [2m([22m[2m5 tests[22m[2m)[22m
 [32m✓[39m [44m[1m TS [22m[49m node_modules/.pnpm/zod@3.25.76/node_modules/zod/src/v4/classic/tests/async-parsing.test.ts [2m([22m[2m23 tests[22m[2m)[22m
 [32m✓[39m [44m[1m TS [22m[49m node_modules/.pnpm/zod@3.25.76/node_modules/zod/src/v4/classic/tests/async-refinements.test.ts [2m([22m[2m4 tests[22m[2m)[22m
 [32m✓[39m [44m[1m TS [22m[49m node_modules/.pnpm/zod@3.25.76/node_modules/zod/src/v4/classic/tests/base.test.ts [2m([22m[2m1 test[22m[2m)[22m
 [32m✓[39m [44m[1m TS [22m[49m node_modules/.pnpm/zod@3.25.76/node_modules/zod/src/v4/classic/tests/bigint.test.ts [2m([22m[2m3 tests[22m[2m)[22m
 [32m✓[39m [44m[1m TS [22m[49m node_modules/.pnpm/zod@3.25.76/node_modules/zod/src/v4/classic/tests/brand.test.ts [2m([22m[2m3 tests[22m[2m)[22m
 [32m✓[39m [44m[1m TS [22m[49m node_modules/.pnpm/zod@3.25.76/node_modules/zod/src/v4/classic/tests/catch.test.ts [2m([22m[2m16 tests[22m[2m)[22m
 [32m✓[39m [44m[1m TS [22m[49m node_modules/.pnpm/zod@3.25.76/node_modules/zod/src/v4/classic/tests/coalesce.test.ts [2m([22m[2m1 test[22m[2m)[22m
 [32m✓[39m [44m[1m TS [22m[49m node_modules/.pnpm/zod@3.25.76/node_modules/zod/src/v4/classic/tests/coerce.test.ts [2m([22m[2m6 tests[22m[2m)[22m
 [32m✓[39m [44m[1m TS [22m[49m node_modules/.pnpm/zod@3.25.76/node_modules/zod/src/v4/classic/tests/continuability.test.ts [2m([22m[2m1 test[22m[2m)[22m
 [32m✓[39m [44m[1m TS [22m[49m node_modules/.pnpm/zod@3.25.76/node_modules/zod/src/v4/classic/tests/custom.test.ts [2m([22m[2m4 tests[22m[2m)[22m
 [32m✓[39m [44m[1m TS [22m[49m node_modules/.pnpm/zod@3.25.76/node_modules/zod/src/v4/classic/tests/date.test.ts [2m([22m[2m3 tests[22m[2m)[22m
 [32m✓[39m [44m[1m TS [22m[49m node_modules/.pnpm/zod@3.25.76/node_modules/zod/src/v4/classic/tests/datetime.test.ts [2m([22m[2m14 tests[22m[2m)[22m
 [32m✓[39m [44m[1m TS [22m[49m node_modules/.pnpm/zod@3.25.76/node_modules/zod/src/v4/classic/tests/default.test.ts [2m([22m[2m13 tests[22m[2m)[22m
 [32m✓[39m [44m[1m TS [22m[49m node_modules/.pnpm/zod@3.25.76/node_modules/zod/src/v4/classic/tests/description.test.ts [2m([22m[2m2 tests[22m[2m)[22m
 [32m✓[39m [44m[1m TS [22m[49m node_modules/.pnpm/zod@3.25.76/node_modules/zod/src/v4/classic/tests/discriminated-unions.test.ts [2m([22m[2m20 tests[22m[2m)[22m
 [32m✓[39m [44m[1m TS [22m[49m node_modules/.pnpm/zod@3.25.76/node_modules/zod/src/v4/classic/tests/enum.test.ts [2m([22m[2m19 tests[22m[2m)[22m
 [32m✓[39m [44m[1m TS [22m[49m node_modules/.pnpm/zod@3.25.76/node_modules/zod/src/v4/classic/tests/error-utils.test.ts [2m([22m[2m12 tests[22m[2m)[22m
 [32m✓[39m [44m[1m TS [22m[49m node_modules/.pnpm/zod@3.25.76/node_modules/zod/src/v4/classic/tests/error.test.ts [2m([22m[2m27 tests[22m[2m)[22m
 [32m✓[39m [44m[1m TS [22m[49m node_modules/.pnpm/zod@3.25.76/node_modules/zod/src/v4/classic/tests/file.test.ts [2m([22m[2m2 tests[22m[2m)[22m
 [32m✓[39m [44m[1m TS [22m[49m node_modules/.pnpm/zod@3.25.76/node_modules/zod/src/v4/classic/tests/firstparty.test.ts [2m([22m[2m2 tests[22m[2m)[22m
 [32m✓[39m [44m[1m TS [22m[49m node_modules/.pnpm/zod@3.25.76/node_modules/zod/src/v4/classic/tests/function.test.ts [2m([22m[2m13 tests[22m[2m)[22m
 [32m✓[39m [44m[1m TS [22m[49m node_modules/.pnpm/zod@3.25.76/node_modules/zod/src/v4/classic/tests/generics.test.ts [2m([22m[2m4 tests[22m[2m)[22m
 [32m✓[39m [44m[1m TS [22m[49m node_modules/.pnpm/zod@3.25.76/node_modules/zod/src/v4/classic/tests/index.test.ts [2m([22m[2m56 tests[22m[2m)[22m
 [32m✓[39m [44m[1m TS [22m[49m node_modules/.pnpm/zod@3.25.76/node_modules/zod/src/v4/classic/tests/instanceof.test.ts [2m([22m[2m2 tests[22m[2m)[22m
 [32m✓[39m [44m[1m TS [22m[49m node_modules/.pnpm/zod@3.25.76/node_modules/zod/src/v4/classic/tests/intersection.test.ts [2m([22m[2m10 tests[22m[2m)[22m
 [32m✓[39m [44m[1m TS [22m[49m node_modules/.pnpm/zod@3.25.76/node_modules/zod/src/v4/classic/tests/json.test.ts [2m([22m[2m1 test[22m[2m)[22m
 [32m✓[39m [44m[1m TS [22m[49m node_modules/.pnpm/zod@3.25.76/node_modules/zod/src/v4/classic/tests/lazy.test.ts [2m([22m[2m9 tests[22m[2m)[22m
 [32m✓[39m [44m[1m TS [22m[49m node_modules/.pnpm/zod@3.25.76/node_modules/zod/src/v4/classic/tests/literal.test.ts [2m([22m[2m9 tests[22m[2m)[22m
 [32m✓[39m [44m[1m TS [22m[49m node_modules/.pnpm/zod@3.25.76/node_modules/zod/src/v4/classic/tests/map.test.ts [2m([22m[2m8 tests[22m[2m)[22m
 [32m✓[39m [44m[1m TS [22m[49m node_modules/.pnpm/zod@3.25.76/node_modules/zod/src/v4/classic/tests/nan.test.ts [2m([22m[2m2 tests[22m[2m)[22m
 [32m✓[39m [44m[1m TS [22m[49m node_modules/.pnpm/zod@3.25.76/node_modules/zod/src/v4/classic/tests/nested-refine.test.ts [2m([22m[2m1 test[22m[2m)[22m
 [32m✓[39m [44m[1m TS [22m[49m node_modules/.pnpm/zod@3.25.76/node_modules/zod/src/v4/classic/tests/nonoptional.test.ts [2m([22m[2m3 tests[22m[2m)[22m
 [32m✓[39m [44m[1m TS [22m[49m node_modules/.pnpm/zod@3.25.76/node_modules/zod/src/v4/classic/tests/nullable.test.ts [2m([22m[2m3 tests[22m[2m)[22m
 [32m✓[39m [44m[1m TS [22m[49m node_modules/.pnpm/zod@3.25.76/node_modules/zod/src/v4/classic/tests/number.test.ts [2m([22m[2m25 tests[22m[2m)[22m
 [32m✓[39m [44m[1m TS [22m[49m node_modules/.pnpm/zod@3.25.76/node_modules/zod/src/v4/classic/tests/object.test.ts [2m([22m[2m45 tests[22m[2m)[22m
 [32m✓[39m [44m[1m TS [22m[49m node_modules/.pnpm/zod@3.25.76/node_modules/zod/src/v4/classic/tests/optional.test.ts [2m([22m[2m5 tests[22m[2m)[22m
 [32m✓[39m [44m[1m TS [22m[49m node_modules/.pnpm/zod@3.25.76/node_modules/zod/src/v4/classic/tests/partial.test.ts [2m([22m[2m8 tests[22m[2m)[22m
 [32m✓[39m [44m[1m TS [22m[49m node_modules/.pnpm/zod@3.25.76/node_modules/zod/src/v4/classic/tests/pickomit.test.ts [2m([22m[2m12 tests[22m[2m)[22m
 [32m✓[39m [44m[1m TS [22m[49m node_modules/.pnpm/zod@3.25.76/node_modules/zod/src/v4/classic/tests/pipe.test.ts [2m([22m[2m5 tests[22m[2m)[22m
 [32m✓[39m [44m[1m TS [22m[49m node_modules/.pnpm/zod@3.25.76/node_modules/zod/src/v4/classic/tests/prefault.test.ts [2m([22m[2m2 tests[22m[2m)[22m
 [32m✓[39m [44m[1m TS [22m[49m node_modules/.pnpm/zod@3.25.76/node_modules/zod/src/v4/classic/tests/preprocess.test.ts [2m([22m[2m11 tests[22m[2m)[22m
 [32m✓[39m [44m[1m TS [22m[49m node_modules/.pnpm/zod@3.25.76/node_modules/zod/src/v4/classic/tests/primitive.test.ts [2m([22m[2m14 tests[22m[2m)[22m
 [32m✓[39m [44m[1m TS [22m[49m node_modules/.pnpm/zod@3.25.76/node_modules/zod/src/v4/classic/tests/promise.test.ts [2m([22m[2m10 tests[22m[2m)[22m
 [32m✓[39m [44m[1m TS [22m[49m node_modules/.pnpm/zod@3.25.76/node_modules/zod/src/v4/classic/tests/prototypes.test.ts [2m([22m[2m1 test[22m[2m)[22m
 [32m✓[39m [44m[1m TS [22m[49m node_modules/.pnpm/zod@3.25.76/node_modules/zod/src/v4/classic/tests/readonly.test.ts [2m([22m[2m7 tests[22m[2m)[22m
 [32m✓[39m [44m[1m TS [22m[49m node_modules/.pnpm/zod@3.25.76/node_modules/zod/src/v4/classic/tests/record.test.ts [2m([22m[2m13 tests[22m[2m)[22m
 [32m✓[39m [44m[1m TS [22m[49m node_modules/.pnpm/zod@3.25.76/node_modules/zod/src/v4/classic/tests/recursive-types.test.ts [2m([22m[2m8 tests[22m[2m)[22m
 [32m✓[39m [44m[1m TS [22m[49m node_modules/.pnpm/zod@3.25.76/node_modules/zod/src/v4/classic/tests/refine.test.ts [2m([22m[2m15 tests[22m[2m)[22m
 [32m✓[39m [44m[1m TS [22m[49m node_modules/.pnpm/zod@3.25.76/node_modules/zod/src/v4/classic/tests/registries.test.ts [2m([22m[2m16 tests[22m[2m)[22m
 [32m✓[39m [44m[1m TS [22m[49m node_modules/.pnpm/zod@3.25.76/node_modules/zod/src/v4/classic/tests/set.test.ts [2m([22m[2m12 tests[22m[2m)[22m
 [32m✓[39m [44m[1m TS [22m[49m node_modules/.pnpm/zod@3.25.76/node_modules/zod/src/v4/classic/tests/standard-schema.test.ts [2m([22m[2m4 tests[22m[2m)[22m
 [32m✓[39m [44m[1m TS [22m[49m node_modules/.pnpm/zod@3.25.76/node_modules/zod/src/v4/classic/tests/string-formats.test.ts [2m([22m[2m2 tests[22m[2m)[22m
 [32m✓[39m [44m[1m TS [22m[49m node_modules/.pnpm/zod@3.25.76/node_modules/zod/src/v4/classic/tests/string.test.ts [2m([22m[2m36 tests[22m[2m)[22m
 [32m✓[39m [44m[1m TS [22m[49m node_modules/.pnpm/zod@3.25.76/node_modules/zod/src/v4/classic/tests/stringbool.test.ts [2m([22m[2m4 tests[22m[2m)[22m
 [32m✓[39m [44m[1m TS [22m[49m node_modules/.pnpm/zod@3.25.76/node_modules/zod/src/v4/classic/tests/template-literal.test.ts [2m([22m[2m8 tests[22m[2m)[22m
 [32m✓[39m [44m[1m TS [22m[49m node_modules/.pnpm/zod@3.25.76/node_modules/zod/src/v4/classic/tests/to-json-schema.test.ts [2m([22m[2m48 tests[22m[2m)[22m
 [32m✓[39m [44m[1m TS [22m[49m node_modules/.pnpm/zod@3.25.76/node_modules/zod/src/v4/classic/tests/transform.test.ts [2m([22m[2m16 tests[22m[2m)[22m
 [32m✓[39m [44m[1m TS [22m[49m node_modules/.pnpm/zod@3.25.76/node_modules/zod/src/v4/classic/tests/tuple.test.ts [2m([22m[2m6 tests[22m[2m)[22m
 [32m✓[39m [44m[1m TS [22m[49m node_modules/.pnpm/zod@3.25.76/node_modules/zod/src/v4/classic/tests/union.test.ts [2m([22m[2m8 tests[22m[2m)[22m
 [32m✓[39m [44m[1m TS [22m[49m node_modules/.pnpm/zod@3.25.76/node_modules/zod/src/v4/classic/tests/validations.test.ts [2m([22m[2m13 tests[22m[2m)[22m
 [32m✓[39m [44m[1m TS [22m[49m node_modules/.pnpm/zod@3.25.76/node_modules/zod/src/v4/classic/tests/void.test.ts [2m([22m[2m1 test[22m[2m)[22m
 [32m✓[39m [44m[1m TS [22m[49m node_modules/.pnpm/zod@3.25.76/node_modules/zod/src/v4/mini/tests/assignability.test.ts [2m([22m[2m2 tests[22m[2m)[22m
 [32m✓[39m [44m[1m TS [22m[49m node_modules/.pnpm/zod@3.25.76/node_modules/zod/src/v4/mini/tests/brand.test.ts [2m([22m[2m1 test[22m[2m)[22m
 [32m✓[39m [44m[1m TS [22m[49m node_modules/.pnpm/zod@3.25.76/node_modules/zod/src/v4/mini/tests/checks.test.ts [2m([22m[2m17 tests[22m[2m)[22m
 [32m✓[39m [44m[1m TS [22m[49m node_modules/.pnpm/zod@3.25.76/node_modules/zod/src/v4/mini/tests/computed.test.ts [2m([22m[2m5 tests[22m[2m)[22m
 [32m✓[39m [44m[1m TS [22m[49m node_modules/.pnpm/zod@3.25.76/node_modules/zod/src/v4/mini/tests/error.test.ts [2m([22m[2m2 tests[22m[2m)[22m
 [32m✓[39m [44m[1m TS [22m[49m node_modules/.pnpm/zod@3.25.76/node_modules/zod/src/v4/mini/tests/functions.test.ts [2m([22m[2m1 test[22m[2m)[22m
 [32m✓[39m [44m[1m TS [22m[49m node_modules/.pnpm/zod@3.25.76/node_modules/zod/src/v4/mini/tests/index.test.ts [2m([22m[2m56 tests[22m[2m)[22m
 [32m✓[39m [44m[1m TS [22m[49m node_modules/.pnpm/zod@3.25.76/node_modules/zod/src/v4/mini/tests/number.test.ts [2m([22m[2m9 tests[22m[2m)[22m
 [32m✓[39m [44m[1m TS [22m[49m node_modules/.pnpm/zod@3.25.76/node_modules/zod/src/v4/mini/tests/object.test.ts [2m([22m[2m11 tests[22m[2m)[22m
 [32m✓[39m [44m[1m TS [22m[49m node_modules/.pnpm/zod@3.25.76/node_modules/zod/src/v4/mini/tests/prototypes.test.ts [2m([22m[2m2 tests[22m[2m)[22m
 [32m✓[39m [44m[1m TS [22m[49m node_modules/.pnpm/zod@3.25.76/node_modules/zod/src/v4/mini/tests/recursive-types.test.ts [2m([22m[2m6 tests[22m[2m)[22m
 [32m✓[39m [44m[1m TS [22m[49m node_modules/.pnpm/zod@3.25.76/node_modules/zod/src/v4/mini/tests/string.test.ts [2m([22m[2m24 tests[22m[2m)[22m
 [32m✓[39m [44m[1m TS [22m[49m node_modules/.pnpm/jazz-tools@0.19.3_@tiptap+pm@2.26.2_csstype@3.1.3_react-dom@19.2.0_react@19.2.0__react@19.2.0/node_modules/jazz-tools/src/better-auth/database-adapter/tests/repository/account.test.ts [2m([22m[2m4 tests[22m[2m)[22m
 [32m✓[39m [44m[1m TS [22m[49m node_modules/.pnpm/jazz-tools@0.19.3_@tiptap+pm@2.26.2_csstype@3.1.3_react-dom@19.2.0_react@19.2.0__react@19.2.0/node_modules/jazz-tools/src/better-auth/database-adapter/tests/repository/generic.test.ts [2m([22m[2m5 tests[22m[2m)[22m
 [32m✓[39m [44m[1m TS [22m[49m node_modules/.pnpm/jazz-tools@0.19.3_@tiptap+pm@2.26.2_csstype@3.1.3_react-dom@19.2.0_react@19.2.0__react@19.2.0/node_modules/jazz-tools/src/better-auth/database-adapter/tests/repository/session.test.ts [2m([22m[2m12 tests[22m[2m)[22m
 [32m✓[39m [44m[1m TS [22m[49m node_modules/.pnpm/jazz-tools@0.19.3_@tiptap+pm@2.26.2_csstype@3.1.3_react-dom@19.2.0_react@19.2.0__react@19.2.0/node_modules/jazz-tools/src/better-auth/database-adapter/tests/repository/user.test.ts [2m([22m[2m20 tests[22m[2m)[22m
 [32m✓[39m [44m[1m TS [22m[49m node_modules/.pnpm/jazz-tools@0.19.3_@tiptap+pm@2.26.2_csstype@3.1.3_react-dom@19.2.0_react@19.2.0__react@19.2.0/node_modules/jazz-tools/src/better-auth/database-adapter/tests/repository/verification.test.ts [2m([22m[2m1 test[22m[2m)[22m
 [32m✓[39m [44m[1m TS [22m[49m node_modules/.pnpm/jazz-tools@0.19.3_@tiptap+pm@2.26.2_csstype@3.1.3_react-dom@19.2.0_react@19.2.0__react@19.2.0/node_modules/jazz-tools/src/tools/auth/clerk/tests/JazzClerkAuth.test.ts [2m([22m[2m13 tests[22m[2m)[22m
 [32m✓[39m [44m[1m TS [22m[49m node_modules/.pnpm/jazz-tools@0.19.3_@tiptap+pm@2.26.2_csstype@3.1.3_react-dom@19.2.0_react@19.2.0__react@19.2.0/node_modules/jazz-tools/src/tools/auth/clerk/tests/getClerkUsername.test.ts [2m([22m[2m7 tests[22m[2m)[22m
 [32m✓[39m [44m[1m TS [22m[49m node_modules/.pnpm/jazz-tools@0.19.3_@tiptap+pm@2.26.2_csstype@3.1.3_react-dom@19.2.0_react@19.2.0__react@19.2.0/node_modules/jazz-tools/src/tools/auth/clerk/tests/types.test.ts [2m([22m[2m2 tests[22m[2m)[22m
 [32m✓[39m [44m[1m TS [22m[49m node_modules/.pnpm/jazz-tools@0.18.24_@tiptap+pm@2.26.2_csstype@3.1.3_react-dom@19.2.0_react@19.2.0__react@19.2.0/node_modules/jazz-tools/src/better-auth/database-adapter/tests/repository/account.test.ts [2m([22m[2m4 tests[22m[2m)[22m
 [32m✓[39m [44m[1m TS [22m[49m node_modules/.pnpm/jazz-tools@0.18.24_@tiptap+pm@2.26.2_csstype@3.1.3_react-dom@19.2.0_react@19.2.0__react@19.2.0/node_modules/jazz-tools/src/better-auth/database-adapter/tests/repository/generic.test.ts [2m([22m[2m5 tests[22m[2m)[22m
 [32m✓[39m [44m[1m TS [22m[49m node_modules/.pnpm/jazz-tools@0.18.24_@tiptap+pm@2.26.2_csstype@3.1.3_react-dom@19.2.0_react@19.2.0__react@19.2.0/node_modules/jazz-tools/src/better-auth/database-adapter/tests/repository/session.test.ts [2m([22m[2m12 tests[22m[2m)[22m
 [32m✓[39m [44m[1m TS [22m[49m node_modules/.pnpm/jazz-tools@0.18.24_@tiptap+pm@2.26.2_csstype@3.1.3_react-dom@19.2.0_react@19.2.0__react@19.2.0/node_modules/jazz-tools/src/better-auth/database-adapter/tests/repository/user.test.ts [2m([22m[2m20 tests[22m[2m)[22m
 [32m✓[39m [44m[1m TS [22m[49m node_modules/.pnpm/jazz-tools@0.18.24_@tiptap+pm@2.26.2_csstype@3.1.3_react-dom@19.2.0_react@19.2.0__react@19.2.0/node_modules/jazz-tools/src/better-auth/database-adapter/tests/repository/verification.test.ts [2m([22m[2m1 test[22m[2m)[22m
 [32m✓[39m [44m[1m TS [22m[49m node_modules/.pnpm/jazz-tools@0.18.24_@tiptap+pm@2.26.2_csstype@3.1.3_react-dom@19.2.0_react@19.2.0__react@19.2.0/node_modules/jazz-tools/src/tools/auth/clerk/tests/JazzClerkAuth.test.ts [2m([22m[2m13 tests[22m[2m)[22m
 [32m✓[39m [44m[1m TS [22m[49m node_modules/.pnpm/jazz-tools@0.18.24_@tiptap+pm@2.26.2_csstype@3.1.3_react-dom@19.2.0_react@19.2.0__react@19.2.0/node_modules/jazz-tools/src/tools/auth/clerk/tests/getClerkUsername.test.ts [2m([22m[2m7 tests[22m[2m)[22m
 [32m✓[39m [44m[1m TS [22m[49m node_modules/.pnpm/jazz-tools@0.18.24_@tiptap+pm@2.26.2_csstype@3.1.3_react-dom@19.2.0_react@19.2.0__react@19.2.0/node_modules/jazz-tools/src/tools/auth/clerk/tests/types.test.ts [2m([22m[2m2 tests[22m[2m)[22m
 [32m✓[39m [44m[1m TS [22m[49m node_modules/.pnpm/zod@4.1.11/node_modules/zod/src/v4/core/tests/locales/be.test.ts [2m([22m[2m4 tests[22m[2m)[22m
 [32m✓[39m [44m[1m TS [22m[49m node_modules/.pnpm/zod@4.1.11/node_modules/zod/src/v4/core/tests/locales/en.test.ts [2m([22m[2m1 test[22m[2m)[22m
 [32m✓[39m [44m[1m TS [22m[49m node_modules/.pnpm/zod@4.1.11/node_modules/zod/src/v4/core/tests/locales/es.test.ts [2m([22m[2m5 tests[22m[2m)[22m
 [32m✓[39m [44m[1m TS [22m[49m node_modules/.pnpm/zod@4.1.11/node_modules/zod/src/v4/core/tests/locales/ru.test.ts [2m([22m[2m4 tests[22m[2m)[22m
 [32m✓[39m [44m[1m TS [22m[49m node_modules/.pnpm/zod@4.1.11/node_modules/zod/src/v4/core/tests/locales/tr.test.ts [2m([22m[2m2 tests[22m[2m)[22m
 [32m✓[39m [44m[1m TS [22m[49m node_modules/.pnpm/zod@3.25.76/node_modules/zod/src/v4/core/tests/locales/be.test.ts [2m([22m[2m4 tests[22m[2m)[22m
 [32m✓[39m [44m[1m TS [22m[49m node_modules/.pnpm/zod@3.25.76/node_modules/zod/src/v4/core/tests/locales/en.test.ts [2m([22m[2m1 test[22m[2m)[22m
 [32m✓[39m [44m[1m TS [22m[49m node_modules/.pnpm/zod@3.25.76/node_modules/zod/src/v4/core/tests/locales/ru.test.ts [2m([22m[2m4 tests[22m[2m)[22m
 [32m✓[39m [44m[1m TS [22m[49m node_modules/.pnpm/zod@3.25.76/node_modules/zod/src/v4/core/tests/locales/tr.test.ts [2m([22m[2m2 tests[22m[2m)[22m
 [32m✓[39m [44m[1m TS [22m[49m node_modules/.pnpm/zod@4.1.12/node_modules/zod/src/v4/core/tests/locales/be.test.ts [2m([22m[2m4 tests[22m[2m)[22m
 [32m✓[39m [44m[1m TS [22m[49m node_modules/.pnpm/zod@4.1.12/node_modules/zod/src/v4/core/tests/locales/en.test.ts [2m([22m[2m1 test[22m[2m)[22m
 [32m✓[39m [44m[1m TS [22m[49m node_modules/.pnpm/zod@4.1.12/node_modules/zod/src/v4/core/tests/locales/es.test.ts [2m([22m[2m5 tests[22m[2m)[22m
 [32m✓[39m [44m[1m TS [22m[49m node_modules/.pnpm/zod@4.1.12/node_modules/zod/src/v4/core/tests/locales/ru.test.ts [2m([22m[2m4 tests[22m[2m)[22m
 [32m✓[39m [44m[1m TS [22m[49m node_modules/.pnpm/zod@4.1.12/node_modules/zod/src/v4/core/tests/locales/tr.test.ts [2m([22m[2m2 tests[22m[2m)[22m
 [32m✓[39m [44m[1m TS [22m[49m node_modules/jazz-tools/src/media/create-image-factory.test.ts [2m([22m[2m7 tests[22m[2m)[22m
 [32m✓[39m [44m[1m TS [22m[49m node_modules/jazz-tools/src/media/utils.test.ts [2m([22m[2m19 tests[22m[2m)[22m
 [32m✓[39m [44m[1m TS [22m[49m node_modules/jazz-tools/src/browser/tests/LocalStorageKVStore.test.ts [2m([22m[2m8 tests[22m[2m)[22m
 [32m✓[39m [44m[1m TS [22m[49m node_modules/jazz-tools/src/browser/tests/PasskeyAuth.test.ts [2m([22m[2m8 tests[22m[2m)[22m
 [32m✓[39m [44m[1m TS [22m[49m node_modules/jazz-tools/src/browser/tests/createInviteLink.test.ts [2m([22m[2m1 test[22m[2m)[22m
 [32m✓[39m [44m[1m TS [22m[49m node_modules/jazz-tools/src/browser/tests/storageOptions.test.ts [2m([22m[2m4 tests[22m[2m)[22m
 [32m✓[39m [44m[1m TS [22m[49m node_modules/jazz-tools/src/prosemirror/tests/plugin.test.ts [2m([22m[2m9 tests[22m[2m)[22m
 [32m✓[39m [44m[1m TS [22m[49m node_modules/jazz-tools/src/react/tests/useAcceptInvite.test.ts [2m([22m[2m1 test[22m[2m)[22m
 [32m✓[39m [44m[1m TS [22m[49m node_modules/jazz-tools/src/react-core/tests/createCoValueSubscriptionContext.test.tsx [2m([22m[2m7 tests[22m[2m)[22m
 [32m✓[39m [44m[1m TS [22m[49m node_modules/jazz-tools/src/react-core/tests/useAccount.selector.test.ts [2m([22m[2m9 tests[22m[2m)[22m
 [32m✓[39m [44m[1m TS [22m[49m node_modules/jazz-tools/src/react-core/tests/useAccount.test.ts [2m([22m[2m7 tests[22m[2m)[22m
 [32m✓[39m [44m[1m TS [22m[49m node_modules/jazz-tools/src/react-core/tests/useCoState.selector.test.ts [2m([22m[2m3 tests[22m[2m)[22m
 [32m✓[39m [44m[1m TS [22m[49m node_modules/jazz-tools/src/react-core/tests/useCoState.test.ts [2m([22m[2m20 tests[22m[2m)[22m
 [32m✓[39m [44m[1m TS [22m[49m node_modules/jazz-tools/src/react-core/tests/useDemoAuth.test.tsx [2m([22m[2m5 tests[22m[2m)[22m
 [32m✓[39m [44m[1m TS [22m[49m node_modules/jazz-tools/src/react-core/tests/useInboxSender.test.ts [2m([22m[2m2 tests[22m[2m)[22m
 [32m✓[39m [44m[1m TS [22m[49m node_modules/jazz-tools/src/react-core/tests/useIsAuthenticated.test.ts [2m([22m[2m2 tests[22m[2m)[22m
 [32m✓[39m [44m[1m TS [22m[49m node_modules/jazz-tools/src/react-core/tests/usePassPhraseAuth.test.ts [2m([22m[2m6 tests[22m[2m)[22m
 [32m✓[39m [44m[1m TS [22m[49m node_modules/jazz-tools/src/react-core/tests/useSubscriptionSelector.test.ts [2m([22m[2m9 tests[22m[2m)[22m
 [32m✓[39m [44m[1m TS [22m[49m node_modules/jazz-tools/src/react-core/tests/useSyncConnectionStatus.test.ts [2m([22m[2m2 tests[22m[2m)[22m
 [32m✓[39m [44m[1m TS [22m[49m node_modules/jazz-tools/src/media/create-image/server.test.ts [2m([22m[2m2 tests[22m[2m)[22m
 [32m✓[39m [44m[1m TS [22m[49m node_modules/jazz-tools/src/tools/tests/AuthSecretStorage.test.ts [2m([22m[2m27 tests[22m[2m)[22m
 [32m✓[39m [44m[1m TS [22m[49m node_modules/jazz-tools/src/tools/tests/CoValueCoreSubscription.test.ts [2m([22m[2m27 tests[22m[2m)[22m
 [32m✓[39m [44m[1m TS [22m[49m node_modules/jazz-tools/src/tools/tests/ContextManager.test.ts [2m([22m[2m26 tests[22m[2m)[22m
 [32m✓[39m [44m[1m TS [22m[49m node_modules/jazz-tools/src/tools/tests/DemoAuth.test.ts [2m([22m[2m9 tests[22m[2m)[22m
 [32m✓[39m [44m[1m TS [22m[49m node_modules/jazz-tools/src/tools/tests/PassphraseAuth.test.ts [2m([22m[2m15 tests[22m[2m)[22m
 [32m✓[39m [44m[1m TS [22m[49m node_modules/jazz-tools/src/tools/tests/account.test.ts [2m([22m[2m17 tests[22m[2m)[22m
 [32m✓[39m [44m[1m TS [22m[49m node_modules/jazz-tools/src/tools/tests/authenticate-request.test.ts [2m([22m[2m9 tests[22m[2m)[22m
 [32m✓[39m [44m[1m TS [22m[49m node_modules/jazz-tools/src/tools/tests/coDiscriminatedUnion.test.ts [2m([22m[2m18 tests[22m[2m)[22m
 [32m✓[39m [44m[1m TS [22m[49m node_modules/jazz-tools/src/tools/tests/coFeed.branch.test.ts [2m([22m[2m16 tests[22m[2m)[22m
 [32m✓[39m [44m[1m TS [22m[49m node_modules/jazz-tools/src/tools/tests/coFeed.test.ts [2m([22m[2m38 tests[22m[2m)[22m
 [32m✓[39m [44m[1m TS [22m[49m node_modules/jazz-tools/src/tools/tests/coList.branch.test.ts [2m([22m[2m14 tests[22m[2m)[22m
 [32m✓[39m [44m[1m TS [22m[49m node_modules/jazz-tools/src/tools/tests/coList.test.ts [2m([22m[2m60 tests[22m[2m)[22m
 [32m✓[39m [44m[1m TS [22m[49m node_modules/jazz-tools/src/tools/tests/coList.unique.test.ts [2m([22m[2m10 tests[22m[2m)[22m
 [32m✓[39m [44m[1m TS [22m[49m node_modules/jazz-tools/src/tools/tests/coMap.branch.test.ts [2m([22m[2m14 tests[22m[2m)[22m
 [32m✓[39m [44m[1m TS [22m[49m node_modules/jazz-tools/src/tools/tests/coMap.record.test.ts [2m([22m[2m27 tests[22m[2m)[22m
 [32m✓[39m [44m[1m TS [22m[49m node_modules/jazz-tools/src/tools/tests/coMap.test.ts [2m([22m[2m91 tests[22m[2m)[22m
 [32m✓[39m [44m[1m TS [22m[49m node_modules/jazz-tools/src/tools/tests/coMap.unique.test.ts [2m([22m[2m13 tests[22m[2m)[22m
 [32m✓[39m [44m[1m TS [22m[49m node_modules/jazz-tools/src/tools/tests/coOptional.test.ts [2m([22m[2m4 tests[22m[2m)[22m
 [32m✓[39m [44m[1m TS [22m[49m node_modules/jazz-tools/src/tools/tests/coPlainText.test.ts [2m([22m[2m21 tests[22m[2m)[22m
 [32m✓[39m [44m[1m TS [22m[49m node_modules/jazz-tools/src/tools/tests/coVector.test.ts [2m([22m[2m68 tests[22m[2m)[22m
 [32m✓[39m [44m[1m TS [22m[49m node_modules/jazz-tools/src/tools/tests/createContext.test.ts [2m([22m[2m18 tests[22m[2m)[22m
 [32m✓[39m [44m[1m TS [22m[49m node_modules/jazz-tools/src/tools/tests/deepLoading.test.ts [2m([22m[2m35 tests[22m[2m)[22m
 [32m✓[39m [44m[1m TS [22m[49m node_modules/jazz-tools/src/tools/tests/exportImport.test.ts [2m([22m[2m14 tests[22m[2m)[22m
 [32m✓[39m [44m[1m TS [22m[49m node_modules/jazz-tools/src/tools/tests/group.test.ts [2m([22m[2m10 tests[22m[2m)[22m
 [32m✓[39m [44m[1m TS [22m[49m node_modules/jazz-tools/src/tools/tests/groupsAndAccounts.test.ts [2m([22m[2m56 tests[22m[2m)[22m
 [32m✓[39m [44m[1m TS [22m[49m node_modules/jazz-tools/src/tools/tests/inbox.test.ts [2m([22m[2m14 tests[22m[2m)[22m
 [32m✓[39m [44m[1m TS [22m[49m node_modules/jazz-tools/src/tools/tests/interfaces.test.ts [2m([22m[2m9 tests[22m[2m)[22m
 [32m✓[39m [44m[1m TS [22m[49m node_modules/jazz-tools/src/tools/tests/invites.test.ts [2m([22m[2m6 tests[22m[2m)[22m
 [32m✓[39m [44m[1m TS [22m[49m node_modules/jazz-tools/src/tools/tests/load.test.ts [2m([22m[2m12 tests[22m[2m)[22m
 [32m✓[39m [44m[1m TS [22m[49m node_modules/jazz-tools/src/tools/tests/request.test.ts [2m([22m[2m18 tests[22m[2m)[22m
 [32m✓[39m [44m[1m TS [22m[49m node_modules/jazz-tools/src/tools/tests/schema.resolved.test.ts [2m([22m[2m32 tests[22m[2m | [22m[33m3 skipped[39m[2m)[22m
 [32m✓[39m [44m[1m TS [22m[49m node_modules/jazz-tools/src/tools/tests/schema.test.ts [2m([22m[2m15 tests[22m[2m)[22m
 [32m✓[39m [44m[1m TS [22m[49m node_modules/jazz-tools/src/tools/tests/schemaUnion.test.ts [2m([22m[2m5 tests[22m[2m)[22m
 [32m✓[39m [44m[1m TS [22m[49m node_modules/jazz-tools/src/tools/tests/subscribe.test.ts [2m([22m[2m21 tests[22m[2m)[22m
 [32m✓[39m [44m[1m TS [22m[49m node_modules/jazz-tools/src/tools/tests/testing.test.ts [2m([22m[2m4 tests[22m[2m)[22m
 [32m✓[39m [44m[1m TS [22m[49m node_modules/jazz-tools/src/tools/tests/zod.test.ts [2m([22m[2m55 tests[22m[2m)[22m
 [32m✓[39m [44m[1m TS [22m[49m node_modules/jazz-tools/src/svelte/tests/CoState.svelte.test.ts [2m([22m[2m1 test[22m[2m)[22m
 [32m✓[39m [44m[1m TS [22m[49m node_modules/jazz-tools/src/svelte/tests/sync-connection-status.svelte.test.ts [2m([22m[2m2 tests[22m[2m)[22m
 [32m✓[39m [44m[1m TS [22m[49m node_modules/jazz-tools/src/tools/lib/cache.test.ts [2m([22m[2m3 tests[22m[2m)[22m
 [32m✓[39m [44m[1m TS [22m[49m node_modules/jazz-tools/src/tools/lib/utils.test.ts [2m([22m[2m6 tests[22m[2m)[22m
 [32m✓[39m [44m[1m TS [22m[49m node_modules/zod/src/v3/tests/all-errors.test.ts [2m([22m[2m6 tests[22m[2m)[22m
 [32m✓[39m [44m[1m TS [22m[49m node_modules/zod/src/v3/tests/anyunknown.test.ts [2m([22m[2m3 tests[22m[2m)[22m
 [32m✓[39m [44m[1m TS [22m[49m node_modules/zod/src/v3/tests/array.test.ts [2m([22m[2m6 tests[22m[2m)[22m
 [32m✓[39m [44m[1m TS [22m[49m node_modules/zod/src/v3/tests/async-parsing.test.ts [2m([22m[2m24 tests[22m[2m)[22m
 [32m✓[39m [44m[1m TS [22m[49m node_modules/zod/src/v3/tests/async-refinements.test.ts [2m([22m[2m4 tests[22m[2m)[22m
 [32m✓[39m [44m[1m TS [22m[49m node_modules/zod/src/v3/tests/base.test.ts [2m([22m[2m2 tests[22m[2m)[22m
 [32m✓[39m [44m[1m TS [22m[49m node_modules/zod/src/v3/tests/bigint.test.ts [2m([22m[2m3 tests[22m[2m)[22m
 [32m✓[39m [44m[1m TS [22m[49m node_modules/zod/src/v3/tests/branded.test.ts [2m([22m[2m1 test[22m[2m)[22m
 [32m✓[39m [44m[1m TS [22m[49m node_modules/zod/src/v3/tests/catch.test.ts [2m([22m[2m17 tests[22m[2m)[22m
 [32m✓[39m [44m[1m TS [22m[49m node_modules/zod/src/v3/tests/coerce.test.ts [2m([22m[2m5 tests[22m[2m)[22m
 [32m✓[39m [44m[1m TS [22m[49m node_modules/zod/src/v3/tests/complex.test.ts [2m([22m[2m1 test[22m[2m)[22m
 [32m✓[39m [44m[1m TS [22m[49m node_modules/zod/src/v3/tests/custom.test.ts [2m([22m[2m3 tests[22m[2m)[22m
 [32m✓[39m [44m[1m TS [22m[49m node_modules/zod/src/v3/tests/date.test.ts [2m([22m[2m3 tests[22m[2m)[22m
 [32m✓[39m [44m[1m TS [22m[49m node_modules/zod/src/v3/tests/deepmasking.test.ts [2m([22m[2m1 test[22m[2m)[22m
 [32m✓[39m [44m[1m TS [22m[49m node_modules/zod/src/v3/tests/default.test.ts [2m([22m[2m11 tests[22m[2m)[22m
 [32m✓[39m [44m[1m TS [22m[49m node_modules/zod/src/v3/tests/description.test.ts [2m([22m[2m4 tests[22m[2m)[22m
 [32m✓[39m [44m[1m TS [22m[49m node_modules/zod/src/v3/tests/discriminated-unions.test.ts [2m([22m[2m14 tests[22m[2m)[22m
 [32m✓[39m [44m[1m TS [22m[49m node_modules/zod/src/v3/tests/enum.test.ts [2m([22m[2m8 tests[22m[2m)[22m
 [32m✓[39m [44m[1m TS [22m[49m node_modules/zod/src/v3/tests/error.test.ts [2m([22m[2m29 tests[22m[2m)[22m
 [32m✓[39m [44m[1m TS [22m[49m node_modules/zod/src/v3/tests/firstparty.test.ts [2m([22m[2m1 test[22m[2m)[22m
 [32m✓[39m [44m[1m TS [22m[49m node_modules/zod/src/v3/tests/firstpartyschematypes.test.ts [2m([22m[2m1 test[22m[2m)[22m
 [32m✓[39m [44m[1m TS [22m[49m node_modules/zod/src/v3/tests/function.test.ts [2m([22m[2m18 tests[22m[2m)[22m
 [32m✓[39m [44m[1m TS [22m[49m node_modules/zod/src/v3/tests/generics.test.ts [2m([22m[2m2 tests[22m[2m)[22m
 [32m✓[39m [44m[1m TS [22m[49m node_modules/zod/src/v3/tests/instanceof.test.ts [2m([22m[2m2 tests[22m[2m)[22m
 [32m✓[39m [44m[1m TS [22m[49m node_modules/zod/src/v3/tests/intersection.test.ts [2m([22m[2m5 tests[22m[2m)[22m
 [32m✓[39m [44m[1m TS [22m[49m node_modules/zod/src/v3/tests/language-server.test.ts [2m([22m[2m1 test[22m[2m)[22m
 [32m✓[39m [44m[1m TS [22m[49m node_modules/zod/src/v3/tests/literal.test.ts [2m([22m[2m3 tests[22m[2m)[22m
 [32m✓[39m [44m[1m TS [22m[49m node_modules/zod/src/v3/tests/map.test.ts [2m([22m[2m7 tests[22m[2m)[22m
 [32m✓[39m [44m[1m TS [22m[49m node_modules/zod/src/v3/tests/masking.test.ts [2m([22m[2m1 test[22m[2m)[22m
 [32m✓[39m [44m[1m TS [22m[49m node_modules/zod/src/v3/tests/mocker.test.ts [2m([22m[2m1 test[22m[2m)[22m
 [32m✓[39m [44m[1m TS [22m[49m node_modules/zod/src/v3/tests/nan.test.ts [2m([22m[2m2 tests[22m[2m)[22m
 [32m✓[39m [44m[1m TS [22m[49m node_modules/zod/src/v3/tests/nativeEnum.test.ts [2m([22m[2m5 tests[22m[2m)[22m
 [32m✓[39m [44m[1m TS [22m[49m node_modules/zod/src/v3/tests/nullable.test.ts [2m([22m[2m2 tests[22m[2m)[22m
 [32m✓[39m [44m[1m TS [22m[49m node_modules/zod/src/v3/tests/number.test.ts [2m([22m[2m6 tests[22m[2m)[22m
 [32m✓[39m [44m[1m TS [22m[49m node_modules/zod/src/v3/tests/object-augmentation.test.ts [2m([22m[2m1 test[22m[2m)[22m
 [32m✓[39m [44m[1m TS [22m[49m node_modules/zod/src/v3/tests/object-in-es5-env.test.ts [2m([22m[2m3 tests[22m[2m)[22m
 [32m✓[39m [44m[1m TS [22m[49m node_modules/zod/src/v3/tests/object.test.ts [2m([22m[2m37 tests[22m[2m)[22m
 [32m✓[39m [44m[1m TS [22m[49m node_modules/zod/src/v3/tests/optional.test.ts [2m([22m[2m2 tests[22m[2m)[22m
 [32m✓[39m [44m[1m TS [22m[49m node_modules/zod/src/v3/tests/parseUtil.test.ts [2m([22m[2m1 test[22m[2m)[22m
 [32m✓[39m [44m[1m TS [22m[49m node_modules/zod/src/v3/tests/parser.test.ts [2m([22m[2m8 tests[22m[2m)[22m
 [32m✓[39m [44m[1m TS [22m[49m node_modules/zod/src/v3/tests/partials.test.ts [2m([22m[2m15 tests[22m[2m)[22m
 [32m✓[39m [44m[1m TS [22m[49m node_modules/zod/src/v3/tests/pickomit.test.ts [2m([22m[2m10 tests[22m[2m)[22m
 [32m✓[39m [44m[1m TS [22m[49m node_modules/zod/src/v3/tests/pipeline.test.ts [2m([22m[2m3 tests[22m[2m)[22m
 [32m✓[39m [44m[1m TS [22m[49m node_modules/zod/src/v3/tests/preprocess.test.ts [2m([22m[2m10 tests[22m[2m)[22m
 [32m✓[39m [44m[1m TS [22m[49m node_modules/zod/src/v3/tests/primitive.test.ts [2m([22m[2m71 tests[22m[2m)[22m
 [32m✓[39m [44m[1m TS [22m[49m node_modules/zod/src/v3/tests/promise.test.ts [2m([22m[2m10 tests[22m[2m)[22m
 [32m✓[39m [44m[1m TS [22m[49m node_modules/zod/src/v3/tests/readonly.test.ts [2m([22m[2m3 tests[22m[2m)[22m
 [32m✓[39m [44m[1m TS [22m[49m node_modules/zod/src/v3/tests/record.test.ts [2m([22m[2m10 tests[22m[2m)[22m
 [32m✓[39m [44m[1m TS [22m[49m node_modules/zod/src/v3/tests/recursive.test.ts [2m([22m[2m4 tests[22m[2m)[22m
 [32m✓[39m [44m[1m TS [22m[49m node_modules/zod/src/v3/tests/refine.test.ts [2m([22m[2m14 tests[22m[2m)[22m
 [32m✓[39m [44m[1m TS [22m[49m node_modules/zod/src/v3/tests/safeparse.test.ts [2m([22m[2m3 tests[22m[2m)[22m
 [32m✓[39m [44m[1m TS [22m[49m node_modules/zod/src/v3/tests/set.test.ts [2m([22m[2m11 tests[22m[2m)[22m
 [32m✓[39m [44m[1m TS [22m[49m node_modules/zod/src/v3/tests/standard-schema.test.ts [2m([22m[2m6 tests[22m[2m)[22m
 [32m✓[39m [44m[1m TS [22m[49m node_modules/zod/src/v3/tests/string.test.ts [2m([22m[2m34 tests[22m[2m)[22m
 [32m✓[39m [44m[1m TS [22m[49m node_modules/zod/src/v3/tests/transformer.test.ts [2m([22m[2m16 tests[22m[2m)[22m
 [32m✓[39m [44m[1m TS [22m[49m node_modules/zod/src/v3/tests/tuple.test.ts [2m([22m[2m8 tests[22m[2m)[22m
 [32m✓[39m [44m[1m TS [22m[49m node_modules/zod/src/v3/tests/unions.test.ts [2m([22m[2m6 tests[22m[2m)[22m
 [32m✓[39m [44m[1m TS [22m[49m node_modules/zod/src/v3/tests/validations.test.ts [2m([22m[2m14 tests[22m[2m)[22m
 [32m✓[39m [44m[1m TS [22m[49m node_modules/zod/src/v3/tests/void.test.ts [2m([22m[2m1 test[22m[2m)[22m
 [32m✓[39m [44m[1m TS [22m[49m node_modules/@ccssmnn/intl/src/core.test.ts [2m([22m[2m15 tests[22m[2m)[22m
 [32m✓[39m [44m[1m TS [22m[49m node_modules/@ccssmnn/intl/src/react.test.tsx [2m([22m[2m18 tests[22m[2m)[22m
 [32m✓[39m [44m[1m TS [22m[49m node_modules/.pnpm/node_modules/cojson/src/base64url.test.ts [2m([22m[2m1 test[22m[2m)[22m
 [32m✓[39m [44m[1m TS [22m[49m node_modules/.pnpm/node_modules/entities/src/decode.spec.ts [2m([22m[2m22 tests[22m[2m)[22m
 [32m✓[39m [44m[1m TS [22m[49m node_modules/.pnpm/node_modules/entities/src/encode.spec.ts [2m([22m[2m15 tests[22m[2m)[22m
 [32m✓[39m [44m[1m TS [22m[49m node_modules/.pnpm/node_modules/entities/src/escape.spec.ts [2m([22m[2m2 tests[22m[2m)[22m
 [32m✓[39m [44m[1m TS [22m[49m node_modules/.pnpm/node_modules/entities/src/index.spec.ts [2m([22m[2m11 tests[22m[2m)[22m
 [32m✓[39m [44m[1m TS [22m[49m node_modules/.pnpm/node_modules/style-to-js/src/index.test.ts [2m([22m[2m11 tests[22m[2m)[22m
 [32m✓[39m [44m[1m TS [22m[49m node_modules/.pnpm/node_modules/style-to-js/src/utilities.test.ts [2m([22m[2m6 tests[22m[2m)[22m
 [32m✓[39m [44m[1m TS [22m[49m node_modules/jazz-tools/src/better-auth/auth/tests/client.test.ts [2m([22m[2m13 tests[22m[2m)[22m
 [32m✓[39m [44m[1m TS [22m[49m node_modules/jazz-tools/src/better-auth/auth/tests/react.test.tsx [2m([22m[2m2 tests[22m[2m)[22m
 [32m✓[39m [44m[1m TS [22m[49m node_modules/jazz-tools/src/better-auth/auth/tests/server.test.ts [2m([22m[2m8 tests[22m[2m)[22m
 [32m✓[39m [44m[1m TS [22m[49m node_modules/jazz-tools/src/better-auth/database-adapter/tests/index.test.ts [2m([22m[2m7 tests[22m[2m)[22m
 [32m✓[39m [44m[1m TS [22m[49m node_modules/jazz-tools/src/better-auth/database-adapter/tests/utils.test.ts [2m([22m[2m56 tests[22m[2m)[22m
 [32m✓[39m [44m[1m TS [22m[49m node_modules/jazz-tools/src/react/tests/media/image.test.tsx [2m([22m[2m21 tests[22m[2m)[22m
 [32m✓[39m [44m[1m TS [22m[49m node_modules/jazz-tools/src/inspector/tests/ui/data-table.test.tsx [2m([22m[2m12 tests[22m[2m)[22m
 [32m✓[39m [44m[1m TS [22m[49m node_modules/jazz-tools/src/inspector/tests/utils/history.test.ts [2m([22m[2m15 tests[22m[2m)[22m
 [32m✓[39m [44m[1m TS [22m[49m node_modules/jazz-tools/src/inspector/tests/viewer/co-value-editor.test.tsx [2m([22m[2m28 tests[22m[2m)[22m
 [32m✓[39m [44m[1m TS [22m[49m node_modules/jazz-tools/src/inspector/tests/viewer/comap-view.test.tsx [2m([22m[2m24 tests[22m[2m)[22m
 [32m✓[39m [44m[1m TS [22m[49m node_modules/jazz-tools/src/inspector/tests/viewer/history-view.test.tsx [2m([22m[2m8 tests[22m[2m)[22m
 [32m✓[39m [44m[1m TS [22m[49m node_modules/jazz-tools/src/tools/tests/patterns/notifications.test.ts [2m([22m[2m1 test[22m[2m)[22m
 [32m✓[39m [44m[1m TS [22m[49m node_modules/jazz-tools/src/tools/tests/patterns/quest.test.ts [2m([22m[2m2 tests[22m[2m)[22m
 [32m✓[39m [44m[1m TS [22m[49m node_modules/jazz-tools/src/tools/tests/patterns/requestToJoin.test.ts [2m([22m[2m4 tests[22m[2m)[22m
 [32m✓[39m [44m[1m TS [22m[49m node_modules/jazz-tools/src/svelte/tests/media/image.svelte.test.ts [2m([22m[2m20 tests[22m[2m)[22m
 [32m✓[39m [44m[1m TS [22m[49m node_modules/zod/src/v4/classic/tests/anyunknown.test.ts [2m([22m[2m3 tests[22m[2m)[22m
 [32m✓[39m [44m[1m TS [22m[49m node_modules/zod/src/v4/classic/tests/array.test.ts [2m([22m[2m9 tests[22m[2m)[22m
 [32m✓[39m [44m[1m TS [22m[49m node_modules/zod/src/v4/classic/tests/assignability.test.ts [2m([22m[2m5 tests[22m[2m)[22m
 [32m✓[39m [44m[1m TS [22m[49m node_modules/zod/src/v4/classic/tests/async-parsing.test.ts [2m([22m[2m23 tests[22m[2m)[22m
 [32m✓[39m [44m[1m TS [22m[49m node_modules/zod/src/v4/classic/tests/async-refinements.test.ts [2m([22m[2m4 tests[22m[2m)[22m
 [32m✓[39m [44m[1m TS [22m[49m node_modules/zod/src/v4/classic/tests/base.test.ts [2m([22m[2m1 test[22m[2m)[22m
 [32m✓[39m [44m[1m TS [22m[49m node_modules/zod/src/v4/classic/tests/bigint.test.ts [2m([22m[2m3 tests[22m[2m)[22m
 [32m✓[39m [44m[1m TS [22m[49m node_modules/zod/src/v4/classic/tests/brand.test.ts [2m([22m[2m3 tests[22m[2m)[22m
 [32m✓[39m [44m[1m TS [22m[49m node_modules/zod/src/v4/classic/tests/catch.test.ts [2m([22m[2m17 tests[22m[2m)[22m
 [32m✓[39m [44m[1m TS [22m[49m node_modules/zod/src/v4/classic/tests/coalesce.test.ts [2m([22m[2m1 test[22m[2m)[22m
 [32m✓[39m [44m[1m TS [22m[49m node_modules/zod/src/v4/classic/tests/codec-examples.test.ts [2m([22m[2m19 tests[22m[2m)[22m
 [32m✓[39m [44m[1m TS [22m[49m node_modules/zod/src/v4/classic/tests/codec.test.ts [2m([22m[2m14 tests[22m[2m)[22m
 [32m✓[39m [44m[1m TS [22m[49m node_modules/zod/src/v4/classic/tests/coerce.test.ts [2m([22m[2m6 tests[22m[2m)[22m
 [32m✓[39m [44m[1m TS [22m[49m node_modules/zod/src/v4/classic/tests/continuability.test.ts [2m([22m[2m1 test[22m[2m)[22m
 [32m✓[39m [44m[1m TS [22m[49m node_modules/zod/src/v4/classic/tests/custom.test.ts [2m([22m[2m4 tests[22m[2m)[22m
 [32m✓[39m [44m[1m TS [22m[49m node_modules/zod/src/v4/classic/tests/date.test.ts [2m([22m[2m3 tests[22m[2m)[22m
 [32m✓[39m [44m[1m TS [22m[49m node_modules/zod/src/v4/classic/tests/datetime.test.ts [2m([22m[2m14 tests[22m[2m)[22m
 [32m✓[39m [44m[1m TS [22m[49m node_modules/zod/src/v4/classic/tests/default.test.ts [2m([22m[2m16 tests[22m[2m)[22m
 [32m✓[39m [44m[1m TS [22m[49m node_modules/zod/src/v4/classic/tests/description.test.ts [2m([22m[2m2 tests[22m[2m)[22m
 [32m✓[39m [44m[1m TS [22m[49m node_modules/zod/src/v4/classic/tests/discriminated-unions.test.ts [2m([22m[2m22 tests[22m[2m)[22m
 [32m✓[39m [44m[1m TS [22m[49m node_modules/zod/src/v4/classic/tests/enum.test.ts [2m([22m[2m19 tests[22m[2m)[22m
 [32m✓[39m [44m[1m TS [22m[49m node_modules/zod/src/v4/classic/tests/error-utils.test.ts [2m([22m[2m13 tests[22m[2m)[22m
 [32m✓[39m [44m[1m TS [22m[49m node_modules/zod/src/v4/classic/tests/error.test.ts [2m([22m[2m27 tests[22m[2m)[22m
 [32m✓[39m [44m[1m TS [22m[49m node_modules/zod/src/v4/classic/tests/file.test.ts [2m([22m[2m3 tests[22m[2m)[22m
 [32m✓[39m [44m[1m TS [22m[49m node_modules/zod/src/v4/classic/tests/firstparty.test.ts [2m([22m[2m2 tests[22m[2m)[22m
 [32m✓[39m [44m[1m TS [22m[49m node_modules/zod/src/v4/classic/tests/function.test.ts [2m([22m[2m17 tests[22m[2m)[22m
 [32m✓[39m [44m[1m TS [22m[49m node_modules/zod/src/v4/classic/tests/generics.test.ts [2m([22m[2m4 tests[22m[2m)[22m
 [32m✓[39m [44m[1m TS [22m[49m node_modules/zod/src/v4/classic/tests/hash.test.ts [2m([22m[2m1 test[22m[2m)[22m
 [32m✓[39m [44m[1m TS [22m[49m node_modules/zod/src/v4/classic/tests/index.test.ts [2m([22m[2m58 tests[22m[2m)[22m
 [32m✓[39m [44m[1m TS [22m[49m node_modules/zod/src/v4/classic/tests/instanceof.test.ts [2m([22m[2m2 tests[22m[2m)[22m
 [32m✓[39m [44m[1m TS [22m[49m node_modules/zod/src/v4/classic/tests/intersection.test.ts [2m([22m[2m10 tests[22m[2m)[22m
 [32m✓[39m [44m[1m TS [22m[49m node_modules/zod/src/v4/classic/tests/json.test.ts [2m([22m[2m1 test[22m[2m)[22m
 [32m✓[39m [44m[1m TS [22m[49m node_modules/zod/src/v4/classic/tests/lazy.test.ts [2m([22m[2m9 tests[22m[2m)[22m
 [32m✓[39m [44m[1m TS [22m[49m node_modules/zod/src/v4/classic/tests/literal.test.ts [2m([22m[2m10 tests[22m[2m)[22m
 [32m✓[39m [44m[1m TS [22m[49m node_modules/zod/src/v4/classic/tests/map.test.ts [2m([22m[2m8 tests[22m[2m)[22m
 [32m✓[39m [44m[1m TS [22m[49m node_modules/zod/src/v4/classic/tests/nan.test.ts [2m([22m[2m2 tests[22m[2m)[22m
 [32m✓[39m [44m[1m TS [22m[49m node_modules/zod/src/v4/classic/tests/nested-refine.test.ts [2m([22m[2m1 test[22m[2m)[22m
 [32m✓[39m [44m[1m TS [22m[49m node_modules/zod/src/v4/classic/tests/nonoptional.test.ts [2m([22m[2m4 tests[22m[2m)[22m
 [32m✓[39m [44m[1m TS [22m[49m node_modules/zod/src/v4/classic/tests/nullable.test.ts [2m([22m[2m3 tests[22m[2m)[22m
 [32m✓[39m [44m[1m TS [22m[49m node_modules/zod/src/v4/classic/tests/number.test.ts [2m([22m[2m26 tests[22m[2m)[22m
 [32m✓[39m [44m[1m TS [22m[49m node_modules/zod/src/v4/classic/tests/object.test.ts [2m([22m[2m49 tests[22m[2m)[22m
 [32m✓[39m [44m[1m TS [22m[49m node_modules/zod/src/v4/classic/tests/optional.test.ts [2m([22m[2m6 tests[22m[2m)[22m
 [32m✓[39m [44m[1m TS [22m[49m node_modules/zod/src/v4/classic/tests/partial.test.ts [2m([22m[2m12 tests[22m[2m)[22m
 [32m✓[39m [44m[1m TS [22m[49m node_modules/zod/src/v4/classic/tests/pickomit.test.ts [2m([22m[2m12 tests[22m[2m)[22m
 [32m✓[39m [44m[1m TS [22m[49m node_modules/zod/src/v4/classic/tests/pipe.test.ts [2m([22m[2m7 tests[22m[2m)[22m
 [32m✓[39m [44m[1m TS [22m[49m node_modules/zod/src/v4/classic/tests/prefault.test.ts [2m([22m[2m4 tests[22m[2m)[22m
 [32m✓[39m [44m[1m TS [22m[49m node_modules/zod/src/v4/classic/tests/preprocess.test.ts [2m([22m[2m11 tests[22m[2m)[22m
 [32m✓[39m [44m[1m TS [22m[49m node_modules/zod/src/v4/classic/tests/primitive.test.ts [2m([22m[2m14 tests[22m[2m)[22m
 [32m✓[39m [44m[1m TS [22m[49m node_modules/zod/src/v4/classic/tests/promise.test.ts [2m([22m[2m10 tests[22m[2m)[22m
 [32m✓[39m [44m[1m TS [22m[49m node_modules/zod/src/v4/classic/tests/prototypes.test.ts [2m([22m[2m1 test[22m[2m)[22m
 [32m✓[39m [44m[1m TS [22m[49m node_modules/zod/src/v4/classic/tests/readonly.test.ts [2m([22m[2m7 tests[22m[2m)[22m
 [32m✓[39m [44m[1m TS [22m[49m node_modules/zod/src/v4/classic/tests/record.test.ts [2m([22m[2m13 tests[22m[2m)[22m
 [32m✓[39m [44m[1m TS [22m[49m node_modules/zod/src/v4/classic/tests/recursive-types.test.ts [2m([22m[2m13 tests[22m[2m)[22m
 [32m✓[39m [44m[1m TS [22m[49m node_modules/zod/src/v4/classic/tests/refine.test.ts [2m([22m[2m16 tests[22m[2m)[22m
 [32m✓[39m [44m[1m TS [22m[49m node_modules/zod/src/v4/classic/tests/registries.test.ts [2m([22m[2m16 tests[22m[2m)[22m
 [32m✓[39m [44m[1m TS [22m[49m node_modules/zod/src/v4/classic/tests/set.test.ts [2m([22m[2m12 tests[22m[2m)[22m
 [32m✓[39m [44m[1m TS [22m[49m node_modules/zod/src/v4/classic/tests/standard-schema.test.ts [2m([22m[2m4 tests[22m[2m)[22m
 [32m✓[39m [44m[1m TS [22m[49m node_modules/zod/src/v4/classic/tests/string-formats.test.ts [2m([22m[2m3 tests[22m[2m)[22m
 [32m✓[39m [44m[1m TS [22m[49m node_modules/zod/src/v4/classic/tests/string.test.ts [2m([22m[2m42 tests[22m[2m)[22m
 [32m✓[39m [44m[1m TS [22m[49m node_modules/zod/src/v4/classic/tests/stringbool.test.ts [2m([22m[2m7 tests[22m[2m)[22m
 [32m✓[39m [44m[1m TS [22m[49m node_modules/zod/src/v4/classic/tests/template-literal.test.ts [2m([22m[2m8 tests[22m[2m)[22m
 [32m✓[39m [44m[1m TS [22m[49m node_modules/zod/src/v4/classic/tests/to-json-schema.test.ts [2m([22m[2m61 tests[22m[2m)[22m
 [32m✓[39m [44m[1m TS [22m[49m node_modules/zod/src/v4/classic/tests/transform.test.ts [2m([22m[2m18 tests[22m[2m)[22m
 [32m✓[39m [44m[1m TS [22m[49m node_modules/zod/src/v4/classic/tests/tuple.test.ts [2m([22m[2m6 tests[22m[2m)[22m
 [32m✓[39m [44m[1m TS [22m[49m node_modules/zod/src/v4/classic/tests/union.test.ts [2m([22m[2m10 tests[22m[2m)[22m
 [32m✓[39m [44m[1m TS [22m[49m node_modules/zod/src/v4/classic/tests/validations.test.ts [2m([22m[2m13 tests[22m[2m)[22m
 [32m✓[39m [44m[1m TS [22m[49m node_modules/zod/src/v4/classic/tests/void.test.ts [2m([22m[2m1 test[22m[2m)[22m
 [32m✓[39m [44m[1m TS [22m[49m node_modules/zod/src/v4/core/tests/extend.test.ts [2m([22m[2m1 test[22m[2m)[22m
 [32m✓[39m [44m[1m TS [22m[49m node_modules/zod/src/v4/core/tests/index.test.ts [2m([22m[2m3 tests[22m[2m)[22m
 [32m✓[39m [44m[1m TS [22m[49m node_modules/zod/src/v4/mini/tests/assignability.test.ts [2m([22m[2m2 tests[22m[2m)[22m
 [32m✓[39m [44m[1m TS [22m[49m node_modules/zod/src/v4/mini/tests/brand.test.ts [2m([22m[2m1 test[22m[2m)[22m
 [32m✓[39m [44m[1m TS [22m[49m node_modules/zod/src/v4/mini/tests/checks.test.ts [2m([22m[2m17 tests[22m[2m)[22m
 [32m✓[39m [44m[1m TS [22m[49m node_modules/zod/src/v4/mini/tests/codec.test.ts [2m([22m[2m13 tests[22m[2m)[22m
 [32m✓[39m [44m[1m TS [22m[49m node_modules/zod/src/v4/mini/tests/computed.test.ts [2m([22m[2m5 tests[22m[2m)[22m
 [32m✓[39m [44m[1m TS [22m[49m node_modules/zod/src/v4/mini/tests/error.test.ts [2m([22m[2m2 tests[22m[2m)[22m
 [32m✓[39m [44m[1m TS [22m[49m node_modules/zod/src/v4/mini/tests/functions.test.ts [2m([22m[2m1 test[22m[2m)[22m
 [32m✓[39m [44m[1m TS [22m[49m node_modules/zod/src/v4/mini/tests/index.test.ts [2m([22m[2m59 tests[22m[2m)[22m
 [32m✓[39m [44m[1m TS [22m[49m node_modules/zod/src/v4/mini/tests/number.test.ts [2m([22m[2m9 tests[22m[2m)[22m
 [32m✓[39m [44m[1m TS [22m[49m node_modules/zod/src/v4/mini/tests/object.test.ts [2m([22m[2m12 tests[22m[2m)[22m
 [32m✓[39m [44m[1m TS [22m[49m node_modules/zod/src/v4/mini/tests/prototypes.test.ts [2m([22m[2m2 tests[22m[2m)[22m
 [32m✓[39m [44m[1m TS [22m[49m node_modules/zod/src/v4/mini/tests/recursive-types.test.ts [2m([22m[2m6 tests[22m[2m)[22m
 [32m✓[39m [44m[1m TS [22m[49m node_modules/zod/src/v4/mini/tests/string.test.ts [2m([22m[2m25 tests[22m[2m)[22m
 [32m✓[39m [44m[1m TS [22m[49m node_modules/.pnpm/node_modules/cojson/src/tests/GarbageCollector.test.ts [2m([22m[2m5 tests[22m[2m)[22m
 [32m✓[39m [44m[1m TS [22m[49m node_modules/.pnpm/node_modules/cojson/src/tests/IncomingMessagesQueue.test.ts [2m([22m[2m30 tests[22m[2m)[22m
 [32m✓[39m [44m[1m TS [22m[49m node_modules/.pnpm/node_modules/cojson/src/tests/LinkedList.test.ts [2m([22m[2m9 tests[22m[2m)[22m
 [32m✓[39m [44m[1m TS [22m[49m node_modules/.pnpm/node_modules/cojson/src/tests/PeerKnownState.test.ts [2m([22m[2m21 tests[22m[2m)[22m
 [32m✓[39m [44m[1m TS [22m[49m node_modules/.pnpm/node_modules/cojson/src/tests/PeerState.test.ts [2m([22m[2m6 tests[22m[2m)[22m
 [32m✓[39m [44m[1m TS [22m[49m node_modules/.pnpm/node_modules/cojson/src/tests/PriorityBasedMessageQueue.test.ts [2m([22m[2m8 tests[22m[2m)[22m
 [32m✓[39m [44m[1m TS [22m[49m node_modules/.pnpm/node_modules/cojson/src/tests/PureJSCrypto.test.ts [2m([22m[2m7 tests[22m[2m)[22m
 [32m✓[39m [44m[1m TS [22m[49m node_modules/.pnpm/node_modules/cojson/src/tests/StorageApiAsync.test.ts [2m([22m[2m19 tests[22m[2m)[22m
 [32m✓[39m [44m[1m TS [22m[49m node_modules/.pnpm/node_modules/cojson/src/tests/StorageApiSync.test.ts [2m([22m[2m16 tests[22m[2m)[22m
 [32m✓[39m [44m[1m TS [22m[49m node_modules/.pnpm/node_modules/cojson/src/tests/StoreQueue.test.ts [2m([22m[2m15 tests[22m[2m)[22m
 [32m✓[39m [44m[1m TS [22m[49m node_modules/.pnpm/node_modules/cojson/src/tests/SyncStateManager.test.ts [2m([22m[2m9 tests[22m[2m)[22m
 [32m✓[39m [44m[1m TS [22m[49m node_modules/.pnpm/node_modules/cojson/src/tests/WasmCrypto.test.ts [2m([22m[2m7 tests[22m[2m)[22m
 [32m✓[39m [44m[1m TS [22m[49m node_modules/.pnpm/node_modules/cojson/src/tests/account.test.ts [2m([22m[2m12 tests[22m[2m)[22m
 [32m✓[39m [44m[1m TS [22m[49m node_modules/.pnpm/node_modules/cojson/src/tests/branching.test.ts [2m([22m[2m29 tests[22m[2m)[22m
 [32m✓[39m [44m[1m TS [22m[49m node_modules/.pnpm/node_modules/cojson/src/tests/coList.test.ts [2m([22m[2m29 tests[22m[2m)[22m
 [32m✓[39m [44m[1m TS [22m[49m node_modules/.pnpm/node_modules/cojson/src/tests/coMap.test.ts [2m([22m[2m9 tests[22m[2m)[22m
 [32m✓[39m [44m[1m TS [22m[49m node_modules/.pnpm/node_modules/cojson/src/tests/coPlainText.test.ts [2m([22m[2m13 tests[22m[2m)[22m
 [32m✓[39m [44m[1m TS [22m[49m node_modules/.pnpm/node_modules/cojson/src/tests/coStream.test.ts [2m([22m[2m15 tests[22m[2m)[22m
 [32m✓[39m [44m[1m TS [22m[49m node_modules/.pnpm/node_modules/cojson/src/tests/coValueContentMessage.test.ts [2m([22m[2m15 tests[22m[2m)[22m
 [32m✓[39m [44m[1m TS [22m[49m node_modules/.pnpm/node_modules/cojson/src/tests/coValueCore.dependencies.test.ts [2m([22m[2m11 tests[22m[2m)[22m
 [32m✓[39m [44m[1m TS [22m[49m node_modules/.pnpm/node_modules/cojson/src/tests/coValueCore.isCircularDependency.test.ts [2m([22m[2m5 tests[22m[2m)[22m
 [32m✓[39m [44m[1m TS [22m[49m node_modules/.pnpm/node_modules/cojson/src/tests/coValueCore.isCompletelyDownloaded.test.ts [2m([22m[2m11 tests[22m[2m | [22m[33m1 skipped[39m[2m)[22m
 [32m✓[39m [44m[1m TS [22m[49m node_modules/.pnpm/node_modules/cojson/src/tests/coValueCore.isStreaming.test.ts [2m([22m[2m8 tests[22m[2m)[22m
 [32m✓[39m [44m[1m TS [22m[49m node_modules/.pnpm/node_modules/cojson/src/tests/coValueCore.loadFromStorage.test.ts [2m([22m[2m22 tests[22m[2m)[22m
 [32m✓[39m [44m[1m TS [22m[49m node_modules/.pnpm/node_modules/cojson/src/tests/coValueCore.loadingState.test.ts [2m([22m[2m9 tests[22m[2m)[22m
 [32m✓[39m [44m[1m TS [22m[49m node_modules/.pnpm/node_modules/cojson/src/tests/coValueCore.newContentSince.test.ts [2m([22m[2m13 tests[22m[2m)[22m
 [32m✓[39m [44m[1m TS [22m[49m node_modules/.pnpm/node_modules/cojson/src/tests/coValueCore.test.ts [2m([22m[2m24 tests[22m[2m | [22m[33m1 skipped[39m[2m)[22m
 [32m✓[39m [44m[1m TS [22m[49m node_modules/.pnpm/node_modules/cojson/src/tests/coreWasm.test.ts [2m([22m[2m4 tests[22m[2m)[22m
 [32m✓[39m [44m[1m TS [22m[49m node_modules/.pnpm/node_modules/cojson/src/tests/crypto.test.ts [2m([22m[2m7 tests[22m[2m)[22m
 [32m✓[39m [44m[1m TS [22m[49m node_modules/.pnpm/node_modules/cojson/src/tests/group.addMember.test.ts [2m([22m[2m10 tests[22m[2m)[22m
 [32m✓[39m [44m[1m TS [22m[49m node_modules/.pnpm/node_modules/cojson/src/tests/group.childKeyRotation.test.ts [2m([22m[2m8 tests[22m[2m | [22m[33m7 skipped[39m[2m)[22m
 [32m✓[39m [44m[1m TS [22m[49m node_modules/.pnpm/node_modules/cojson/src/tests/group.inheritance.test.ts [2m([22m[2m35 tests[22m[2m)[22m
 [32m✓[39m [44m[1m TS [22m[49m node_modules/.pnpm/node_modules/cojson/src/tests/group.invite.test.ts [2m([22m[2m11 tests[22m[2m)[22m
 [32m✓[39m [44m[1m TS [22m[49m node_modules/.pnpm/node_modules/cojson/src/tests/group.removeMember.test.ts [2m([22m[2m7 tests[22m[2m)[22m
 [32m✓[39m [44m[1m TS [22m[49m node_modules/.pnpm/node_modules/cojson/src/tests/group.roleOf.test.ts [2m([22m[2m19 tests[22m[2m | [22m[33m1 skipped[39m[2m)[22m
 [32m✓[39m [44m[1m TS [22m[49m node_modules/.pnpm/node_modules/cojson/src/tests/group.test.ts [2m([22m[2m19 tests[22m[2m)[22m
 [32m✓[39m [44m[1m TS [22m[49m node_modules/.pnpm/node_modules/cojson/src/tests/knownState.test.ts [2m([22m[2m57 tests[22m[2m)[22m
 [32m✓[39m [44m[1m TS [22m[49m node_modules/.pnpm/node_modules/cojson/src/tests/logger.test.ts [2m([22m[2m6 tests[22m[2m)[22m
 [32m✓[39m [44m[1m TS [22m[49m node_modules/.pnpm/node_modules/cojson/src/tests/permissions.test.ts [2m([22m[2m78 tests[22m[2m | [22m[33m3 skipped[39m[2m)[22m
 [32m✓[39m [44m[1m TS [22m[49m node_modules/.pnpm/node_modules/cojson/src/tests/priority.test.ts [2m([22m[2m6 tests[22m[2m)[22m
 [32m✓[39m [44m[1m TS [22m[49m node_modules/.pnpm/node_modules/cojson/src/tests/sync.auth.test.ts [2m([22m[2m4 tests[22m[2m)[22m
 [32m✓[39m [44m[1m TS [22m[49m node_modules/.pnpm/node_modules/cojson/src/tests/sync.content.test.ts [2m([22m[2m2 tests[22m[2m)[22m
 [32m✓[39m [44m[1m TS [22m[49m node_modules/.pnpm/node_modules/cojson/src/tests/sync.garbageCollection.test.ts [2m([22m[2m3 tests[22m[2m)[22m
 [32m✓[39m [44m[1m TS [22m[49m node_modules/.pnpm/node_modules/cojson/src/tests/sync.invite.test.ts [2m([22m[2m3 tests[22m[2m)[22m
 [32m✓[39m [44m[1m TS [22m[49m node_modules/.pnpm/node_modules/cojson/src/tests/sync.known.test.ts [2m([22m[2m2 tests[22m[2m)[22m
 [32m✓[39m [44m[1m TS [22m[49m node_modules/.pnpm/node_modules/cojson/src/tests/sync.load.test.ts [2m([22m[2m29 tests[22m[2m)[22m
 [32m✓[39m [44m[1m TS [22m[49m node_modules/.pnpm/node_modules/cojson/src/tests/sync.mesh.test.ts [2m([22m[2m8 tests[22m[2m)[22m
 [32m✓[39m [44m[1m TS [22m[49m node_modules/.pnpm/node_modules/cojson/src/tests/sync.multipleServers.test.ts [2m([22m[2m8 tests[22m[2m)[22m
 [32m✓[39m [44m[1m TS [22m[49m node_modules/.pnpm/node_modules/cojson/src/tests/sync.peerReconciliation.test.ts [2m([22m[2m6 tests[22m[2m | [22m[33m1 skipped[39m[2m)[22m
 [32m✓[39m [44m[1m TS [22m[49m node_modules/.pnpm/node_modules/cojson/src/tests/sync.sharding.test.ts [2m([22m[2m9 tests[22m[2m)[22m
 [32m✓[39m [44m[1m TS [22m[49m node_modules/.pnpm/node_modules/cojson/src/tests/sync.storage.test.ts [2m([22m[2m14 tests[22m[2m)[22m
 [32m✓[39m [44m[1m TS [22m[49m node_modules/.pnpm/node_modules/cojson/src/tests/sync.storageAsync.test.ts [2m([22m[2m12 tests[22m[2m)[22m
 [32m✓[39m [44m[1m TS [22m[49m node_modules/.pnpm/node_modules/cojson/src/tests/sync.test.ts [2m([22m[2m33 tests[22m[2m)[22m
 [32m✓[39m [44m[1m TS [22m[49m node_modules/.pnpm/node_modules/cojson/src/tests/sync.upload.test.ts [2m([22m[2m11 tests[22m[2m)[22m
 [32m✓[39m [44m[1m TS [22m[49m node_modules/.pnpm/node_modules/cojson-storage-indexeddb/src/tests/CoJsonIDBTransaction.test.ts [2m([22m[2m4 tests[22m[2m)[22m
 [32m✓[39m [44m[1m TS [22m[49m node_modules/.pnpm/node_modules/cojson-storage-indexeddb/src/tests/storage.indexeddb.test.ts [2m([22m[2m8 tests[22m[2m)[22m
 [32m✓[39m [44m[1m TS [22m[49m node_modules/.pnpm/node_modules/cojson-transport-ws/src/tests/BatchedOutgoingMessages.test.ts [2m([22m[2m1 test[22m[2m)[22m
 [32m✓[39m [44m[1m TS [22m[49m node_modules/.pnpm/node_modules/cojson-transport-ws/src/tests/WebSocketPeerWithReconnection.test.ts [2m([22m[2m11 tests[22m[2m)[22m
 [32m✓[39m [44m[1m TS [22m[49m node_modules/.pnpm/node_modules/cojson-transport-ws/src/tests/createWebSocketPeer.test.ts [2m([22m[2m18 tests[22m[2m)[22m
 [32m✓[39m [44m[1m TS [22m[49m node_modules/.pnpm/node_modules/cojson-transport-ws/src/tests/webSocket.integration.test.ts [2m([22m[2m5 tests[22m[2m)[22m
 [32m✓[39m [44m[1m TS [22m[49m node_modules/jazz-tools/src/better-auth/database-adapter/tests/repository/account.test.ts [2m([22m[2m4 tests[22m[2m)[22m
 [32m✓[39m [44m[1m TS [22m[49m node_modules/jazz-tools/src/better-auth/database-adapter/tests/repository/generic.test.ts [2m([22m[2m5 tests[22m[2m)[22m
 [32m✓[39m [44m[1m TS [22m[49m node_modules/jazz-tools/src/better-auth/database-adapter/tests/repository/session.test.ts [2m([22m[2m12 tests[22m[2m)[22m
 [32m✓[39m [44m[1m TS [22m[49m node_modules/jazz-tools/src/better-auth/database-adapter/tests/repository/user.test.ts [2m([22m[2m20 tests[22m[2m)[22m
 [32m✓[39m [44m[1m TS [22m[49m node_modules/jazz-tools/src/better-auth/database-adapter/tests/repository/verification.test.ts [2m([22m[2m1 test[22m[2m)[22m
 [32m✓[39m [44m[1m TS [22m[49m node_modules/jazz-tools/src/tools/auth/clerk/tests/JazzClerkAuth.test.ts [2m([22m[2m13 tests[22m[2m)[22m
 [32m✓[39m [44m[1m TS [22m[49m node_modules/jazz-tools/src/tools/auth/clerk/tests/getClerkUsername.test.ts [2m([22m[2m7 tests[22m[2m)[22m
 [32m✓[39m [44m[1m TS [22m[49m node_modules/jazz-tools/src/tools/auth/clerk/tests/types.test.ts [2m([22m[2m2 tests[22m[2m)[22m
 [32m✓[39m [44m[1m TS [22m[49m node_modules/zod/src/v4/core/tests/locales/be.test.ts [2m([22m[2m4 tests[22m[2m)[22m
 [32m✓[39m [44m[1m TS [22m[49m node_modules/zod/src/v4/core/tests/locales/en.test.ts [2m([22m[2m1 test[22m[2m)[22m
 [32m✓[39m [44m[1m TS [22m[49m node_modules/zod/src/v4/core/tests/locales/es.test.ts [2m([22m[2m5 tests[22m[2m)[22m
 [32m✓[39m [44m[1m TS [22m[49m node_modules/zod/src/v4/core/tests/locales/ru.test.ts [2m([22m[2m4 tests[22m[2m)[22m
 [32m✓[39m [44m[1m TS [22m[49m node_modules/zod/src/v4/core/tests/locales/tr.test.ts [2m([22m[2m2 tests[22m[2m)[22m
 [32m✓[39m [44m[1m TS [22m[49m node_modules/@testing-library/jest-dom/types/__tests__/bun/bun-custom-expect-types.test.ts [2m([22m[2m0 test[22m[2m)[22m
 [32m✓[39m [44m[1m TS [22m[49m node_modules/@testing-library/jest-dom/types/__tests__/bun/bun-types.test.ts [2m([22m[2m0 test[22m[2m)[22m
 [32m✓[39m [44m[1m TS [22m[49m node_modules/@testing-library/jest-dom/types/__tests__/jest/jest-custom-expect-types.test.ts [2m([22m[2m0 test[22m[2m)[22m
 [32m✓[39m [44m[1m TS [22m[49m node_modules/@testing-library/jest-dom/types/__tests__/jest/jest-types.test.ts [2m([22m[2m0 test[22m[2m)[22m
 [32m✓[39m [44m[1m TS [22m[49m node_modules/@testing-library/jest-dom/types/__tests__/jest-globals/jest-globals-custom-expect-types.test.ts [2m([22m[2m0 test[22m[2m)[22m
 [32m✓[39m [44m[1m TS [22m[49m node_modules/@testing-library/jest-dom/types/__tests__/jest-globals/jest-globals-types.test.ts [2m([22m[2m0 test[22m[2m)[22m
 [32m✓[39m [44m[1m TS [22m[49m node_modules/@testing-library/jest-dom/types/__tests__/vitest/vitest-custom-expect-types.test.ts [2m([22m[2m0 test[22m[2m)[22m
 [32m✓[39m [44m[1m TS [22m[49m node_modules/@testing-library/jest-dom/types/__tests__/vitest/vitest-types.test.ts [2m([22m[2m0 test[22m[2m)[22m
 [32m✓[39m [44m[1m TS [22m[49m node_modules/.pnpm/astro-eslint-parser@1.2.2/node_modules/entities/src/decode.spec.ts [2m([22m[2m22 tests[22m[2m)[22m
 [32m✓[39m [44m[1m TS [22m[49m node_modules/.pnpm/astro-eslint-parser@1.2.2/node_modules/entities/src/encode.spec.ts [2m([22m[2m15 tests[22m[2m)[22m
 [32m✓[39m [44m[1m TS [22m[49m node_modules/.pnpm/astro-eslint-parser@1.2.2/node_modules/entities/src/escape.spec.ts [2m([22m[2m2 tests[22m[2m)[22m
 [32m✓[39m [44m[1m TS [22m[49m node_modules/.pnpm/astro-eslint-parser@1.2.2/node_modules/entities/src/index.spec.ts [2m([22m[2m11 tests[22m[2m)[22m
 [32m✓[39m [44m[1m TS [22m[49m node_modules/.pnpm/cojson-transport-ws@0.19.3/node_modules/cojson/src/base64url.test.ts [2m([22m[2m1 test[22m[2m)[22m
 [32m✓[39m [44m[1m TS [22m[49m node_modules/.pnpm/cojson-storage-indexeddb@0.19.3/node_modules/cojson/src/base64url.test.ts [2m([22m[2m1 test[22m[2m)[22m
 [32m✓[39m [44m[1m TS [22m[49m node_modules/.pnpm/cojson-transport-ws@0.18.24/node_modules/cojson/src/base64url.test.ts [2m([22m[2m1 test[22m[2m)[22m
 [32m✓[39m [44m[1m TS [22m[49m node_modules/.pnpm/cojson-storage-indexeddb@0.18.24/node_modules/cojson/src/base64url.test.ts [2m([22m[2m1 test[22m[2m)[22m
 [32m✓[39m [44m[1m TS [22m[49m node_modules/.pnpm/hast-util-to-jsx-runtime@2.3.6/node_modules/style-to-js/src/index.test.ts [2m([22m[2m11 tests[22m[2m)[22m
 [32m✓[39m [44m[1m TS [22m[49m node_modules/.pnpm/hast-util-to-jsx-runtime@2.3.6/node_modules/style-to-js/src/utilities.test.ts [2m([22m[2m6 tests[22m[2m)[22m
 [32m✓[39m [44m[1m TS [22m[49m node_modules/.pnpm/jazz-tools@0.19.3_@tiptap+pm@2.26.2_csstype@3.1.3_react-dom@19.2.0_react@19.2.0__react@19.2.0/node_modules/cojson/src/base64url.test.ts [2m([22m[2m1 test[22m[2m)[22m
 [32m✓[39m [44m[1m TS [22m[49m node_modules/.pnpm/jazz-tools@0.18.24_@tiptap+pm@2.26.2_csstype@3.1.3_react-dom@19.2.0_react@19.2.0__react@19.2.0/node_modules/cojson/src/base64url.test.ts [2m([22m[2m1 test[22m[2m)[22m
 [32m✓[39m [44m[1m TS [22m[49m node_modules/.pnpm/parse5@7.3.0/node_modules/entities/src/decode.spec.ts [2m([22m[2m22 tests[22m[2m)[22m
 [32m✓[39m [44m[1m TS [22m[49m node_modules/.pnpm/parse5@7.3.0/node_modules/entities/src/encode.spec.ts [2m([22m[2m15 tests[22m[2m)[22m
 [32m✓[39m [44m[1m TS [22m[49m node_modules/.pnpm/parse5@7.3.0/node_modules/entities/src/escape.spec.ts [2m([22m[2m2 tests[22m[2m)[22m
 [32m✓[39m [44m[1m TS [22m[49m node_modules/.pnpm/parse5@7.3.0/node_modules/entities/src/index.spec.ts [2m([22m[2m11 tests[22m[2m)[22m
 [32m✓[39m [44m[1m TS [22m[49m node_modules/.pnpm/cojson-transport-ws@0.19.3/node_modules/cojson/src/tests/GarbageCollector.test.ts [2m([22m[2m5 tests[22m[2m)[22m
 [32m✓[39m [44m[1m TS [22m[49m node_modules/.pnpm/cojson-transport-ws@0.19.3/node_modules/cojson/src/tests/IncomingMessagesQueue.test.ts [2m([22m[2m30 tests[22m[2m)[22m
 [32m✓[39m [44m[1m TS [22m[49m node_modules/.pnpm/cojson-transport-ws@0.19.3/node_modules/cojson/src/tests/LinkedList.test.ts [2m([22m[2m9 tests[22m[2m)[22m
 [32m✓[39m [44m[1m TS [22m[49m node_modules/.pnpm/cojson-transport-ws@0.19.3/node_modules/cojson/src/tests/PeerKnownState.test.ts [2m([22m[2m21 tests[22m[2m)[22m
 [32m✓[39m [44m[1m TS [22m[49m node_modules/.pnpm/cojson-transport-ws@0.19.3/node_modules/cojson/src/tests/PeerState.test.ts [2m([22m[2m6 tests[22m[2m)[22m
 [32m✓[39m [44m[1m TS [22m[49m node_modules/.pnpm/cojson-transport-ws@0.19.3/node_modules/cojson/src/tests/PriorityBasedMessageQueue.test.ts [2m([22m[2m8 tests[22m[2m)[22m
 [32m✓[39m [44m[1m TS [22m[49m node_modules/.pnpm/cojson-transport-ws@0.19.3/node_modules/cojson/src/tests/PureJSCrypto.test.ts [2m([22m[2m7 tests[22m[2m)[22m
 [32m✓[39m [44m[1m TS [22m[49m node_modules/.pnpm/cojson-transport-ws@0.19.3/node_modules/cojson/src/tests/StorageApiAsync.test.ts [2m([22m[2m19 tests[22m[2m)[22m
 [32m✓[39m [44m[1m TS [22m[49m node_modules/.pnpm/cojson-transport-ws@0.19.3/node_modules/cojson/src/tests/StorageApiSync.test.ts [2m([22m[2m16 tests[22m[2m)[22m
 [32m✓[39m [44m[1m TS [22m[49m node_modules/.pnpm/cojson-transport-ws@0.19.3/node_modules/cojson/src/tests/StoreQueue.test.ts [2m([22m[2m15 tests[22m[2m)[22m
 [32m✓[39m [44m[1m TS [22m[49m node_modules/.pnpm/cojson-transport-ws@0.19.3/node_modules/cojson/src/tests/SyncStateManager.test.ts [2m([22m[2m9 tests[22m[2m)[22m
 [32m✓[39m [44m[1m TS [22m[49m node_modules/.pnpm/cojson-transport-ws@0.19.3/node_modules/cojson/src/tests/WasmCrypto.test.ts [2m([22m[2m7 tests[22m[2m)[22m
 [32m✓[39m [44m[1m TS [22m[49m node_modules/.pnpm/cojson-transport-ws@0.19.3/node_modules/cojson/src/tests/account.test.ts [2m([22m[2m12 tests[22m[2m)[22m
 [32m✓[39m [44m[1m TS [22m[49m node_modules/.pnpm/cojson-transport-ws@0.19.3/node_modules/cojson/src/tests/branching.test.ts [2m([22m[2m29 tests[22m[2m)[22m
 [32m✓[39m [44m[1m TS [22m[49m node_modules/.pnpm/cojson-transport-ws@0.19.3/node_modules/cojson/src/tests/coList.test.ts [2m([22m[2m29 tests[22m[2m)[22m
 [32m✓[39m [44m[1m TS [22m[49m node_modules/.pnpm/cojson-transport-ws@0.19.3/node_modules/cojson/src/tests/coMap.test.ts [2m([22m[2m9 tests[22m[2m)[22m
 [32m✓[39m [44m[1m TS [22m[49m node_modules/.pnpm/cojson-transport-ws@0.19.3/node_modules/cojson/src/tests/coPlainText.test.ts [2m([22m[2m13 tests[22m[2m)[22m
 [32m✓[39m [44m[1m TS [22m[49m node_modules/.pnpm/cojson-transport-ws@0.19.3/node_modules/cojson/src/tests/coStream.test.ts [2m([22m[2m15 tests[22m[2m)[22m
 [32m✓[39m [44m[1m TS [22m[49m node_modules/.pnpm/cojson-transport-ws@0.19.3/node_modules/cojson/src/tests/coValueContentMessage.test.ts [2m([22m[2m15 tests[22m[2m)[22m
 [32m✓[39m [44m[1m TS [22m[49m node_modules/.pnpm/cojson-transport-ws@0.19.3/node_modules/cojson/src/tests/coValueCore.dependencies.test.ts [2m([22m[2m11 tests[22m[2m)[22m
 [32m✓[39m [44m[1m TS [22m[49m node_modules/.pnpm/cojson-transport-ws@0.19.3/node_modules/cojson/src/tests/coValueCore.isCircularDependency.test.ts [2m([22m[2m5 tests[22m[2m)[22m
 [32m✓[39m [44m[1m TS [22m[49m node_modules/.pnpm/cojson-transport-ws@0.19.3/node_modules/cojson/src/tests/coValueCore.isCompletelyDownloaded.test.ts [2m([22m[2m11 tests[22m[2m | [22m[33m1 skipped[39m[2m)[22m
 [32m✓[39m [44m[1m TS [22m[49m node_modules/.pnpm/cojson-transport-ws@0.19.3/node_modules/cojson/src/tests/coValueCore.isStreaming.test.ts [2m([22m[2m8 tests[22m[2m)[22m
 [32m✓[39m [44m[1m TS [22m[49m node_modules/.pnpm/cojson-transport-ws@0.19.3/node_modules/cojson/src/tests/coValueCore.loadFromStorage.test.ts [2m([22m[2m22 tests[22m[2m)[22m
 [32m✓[39m [44m[1m TS [22m[49m node_modules/.pnpm/cojson-transport-ws@0.19.3/node_modules/cojson/src/tests/coValueCore.loadingState.test.ts [2m([22m[2m9 tests[22m[2m)[22m
 [32m✓[39m [44m[1m TS [22m[49m node_modules/.pnpm/cojson-transport-ws@0.19.3/node_modules/cojson/src/tests/coValueCore.newContentSince.test.ts [2m([22m[2m13 tests[22m[2m)[22m
 [32m✓[39m [44m[1m TS [22m[49m node_modules/.pnpm/cojson-transport-ws@0.19.3/node_modules/cojson/src/tests/coValueCore.test.ts [2m([22m[2m24 tests[22m[2m | [22m[33m1 skipped[39m[2m)[22m
 [32m✓[39m [44m[1m TS [22m[49m node_modules/.pnpm/cojson-transport-ws@0.19.3/node_modules/cojson/src/tests/coreWasm.test.ts [2m([22m[2m4 tests[22m[2m)[22m
 [32m✓[39m [44m[1m TS [22m[49m node_modules/.pnpm/cojson-transport-ws@0.19.3/node_modules/cojson/src/tests/crypto.test.ts [2m([22m[2m7 tests[22m[2m)[22m
 [32m✓[39m [44m[1m TS [22m[49m node_modules/.pnpm/cojson-transport-ws@0.19.3/node_modules/cojson/src/tests/group.addMember.test.ts [2m([22m[2m10 tests[22m[2m)[22m
 [32m✓[39m [44m[1m TS [22m[49m node_modules/.pnpm/cojson-transport-ws@0.19.3/node_modules/cojson/src/tests/group.childKeyRotation.test.ts [2m([22m[2m8 tests[22m[2m | [22m[33m7 skipped[39m[2m)[22m
 [32m✓[39m [44m[1m TS [22m[49m node_modules/.pnpm/cojson-transport-ws@0.19.3/node_modules/cojson/src/tests/group.inheritance.test.ts [2m([22m[2m35 tests[22m[2m)[22m
 [32m✓[39m [44m[1m TS [22m[49m node_modules/.pnpm/cojson-transport-ws@0.19.3/node_modules/cojson/src/tests/group.invite.test.ts [2m([22m[2m11 tests[22m[2m)[22m
 [32m✓[39m [44m[1m TS [22m[49m node_modules/.pnpm/cojson-transport-ws@0.19.3/node_modules/cojson/src/tests/group.removeMember.test.ts [2m([22m[2m7 tests[22m[2m)[22m
 [32m✓[39m [44m[1m TS [22m[49m node_modules/.pnpm/cojson-transport-ws@0.19.3/node_modules/cojson/src/tests/group.roleOf.test.ts [2m([22m[2m19 tests[22m[2m | [22m[33m1 skipped[39m[2m)[22m
 [32m✓[39m [44m[1m TS [22m[49m node_modules/.pnpm/cojson-transport-ws@0.19.3/node_modules/cojson/src/tests/group.test.ts [2m([22m[2m19 tests[22m[2m)[22m
 [32m✓[39m [44m[1m TS [22m[49m node_modules/.pnpm/cojson-transport-ws@0.19.3/node_modules/cojson/src/tests/knownState.test.ts [2m([22m[2m57 tests[22m[2m)[22m
 [32m✓[39m [44m[1m TS [22m[49m node_modules/.pnpm/cojson-transport-ws@0.19.3/node_modules/cojson/src/tests/logger.test.ts [2m([22m[2m6 tests[22m[2m)[22m
 [32m✓[39m [44m[1m TS [22m[49m node_modules/.pnpm/cojson-transport-ws@0.19.3/node_modules/cojson/src/tests/permissions.test.ts [2m([22m[2m78 tests[22m[2m | [22m[33m3 skipped[39m[2m)[22m
 [32m✓[39m [44m[1m TS [22m[49m node_modules/.pnpm/cojson-transport-ws@0.19.3/node_modules/cojson/src/tests/priority.test.ts [2m([22m[2m6 tests[22m[2m)[22m
 [32m✓[39m [44m[1m TS [22m[49m node_modules/.pnpm/cojson-transport-ws@0.19.3/node_modules/cojson/src/tests/sync.auth.test.ts [2m([22m[2m4 tests[22m[2m)[22m
 [32m✓[39m [44m[1m TS [22m[49m node_modules/.pnpm/cojson-transport-ws@0.19.3/node_modules/cojson/src/tests/sync.content.test.ts [2m([22m[2m2 tests[22m[2m)[22m
 [32m✓[39m [44m[1m TS [22m[49m node_modules/.pnpm/cojson-transport-ws@0.19.3/node_modules/cojson/src/tests/sync.garbageCollection.test.ts [2m([22m[2m3 tests[22m[2m)[22m
 [32m✓[39m [44m[1m TS [22m[49m node_modules/.pnpm/cojson-transport-ws@0.19.3/node_modules/cojson/src/tests/sync.invite.test.ts [2m([22m[2m3 tests[22m[2m)[22m
 [32m✓[39m [44m[1m TS [22m[49m node_modules/.pnpm/cojson-transport-ws@0.19.3/node_modules/cojson/src/tests/sync.known.test.ts [2m([22m[2m2 tests[22m[2m)[22m
 [32m✓[39m [44m[1m TS [22m[49m node_modules/.pnpm/cojson-transport-ws@0.19.3/node_modules/cojson/src/tests/sync.load.test.ts [2m([22m[2m29 tests[22m[2m)[22m
 [32m✓[39m [44m[1m TS [22m[49m node_modules/.pnpm/cojson-transport-ws@0.19.3/node_modules/cojson/src/tests/sync.mesh.test.ts [2m([22m[2m8 tests[22m[2m)[22m
 [32m✓[39m [44m[1m TS [22m[49m node_modules/.pnpm/cojson-transport-ws@0.19.3/node_modules/cojson/src/tests/sync.multipleServers.test.ts [2m([22m[2m8 tests[22m[2m)[22m
 [32m✓[39m [44m[1m TS [22m[49m node_modules/.pnpm/cojson-transport-ws@0.19.3/node_modules/cojson/src/tests/sync.peerReconciliation.test.ts [2m([22m[2m6 tests[22m[2m | [22m[33m1 skipped[39m[2m)[22m
 [32m✓[39m [44m[1m TS [22m[49m node_modules/.pnpm/cojson-transport-ws@0.19.3/node_modules/cojson/src/tests/sync.sharding.test.ts [2m([22m[2m9 tests[22m[2m)[22m
 [32m✓[39m [44m[1m TS [22m[49m node_modules/.pnpm/cojson-transport-ws@0.19.3/node_modules/cojson/src/tests/sync.storage.test.ts [2m([22m[2m14 tests[22m[2m)[22m
 [32m✓[39m [44m[1m TS [22m[49m node_modules/.pnpm/cojson-transport-ws@0.19.3/node_modules/cojson/src/tests/sync.storageAsync.test.ts [2m([22m[2m12 tests[22m[2m)[22m
 [32m✓[39m [44m[1m TS [22m[49m node_modules/.pnpm/cojson-transport-ws@0.19.3/node_modules/cojson/src/tests/sync.test.ts [2m([22m[2m33 tests[22m[2m)[22m
 [32m✓[39m [44m[1m TS [22m[49m node_modules/.pnpm/cojson-transport-ws@0.19.3/node_modules/cojson/src/tests/sync.upload.test.ts [2m([22m[2m11 tests[22m[2m)[22m
 [32m✓[39m [44m[1m TS [22m[49m node_modules/.pnpm/cojson-storage-indexeddb@0.19.3/node_modules/cojson/src/tests/GarbageCollector.test.ts [2m([22m[2m5 tests[22m[2m)[22m
 [32m✓[39m [44m[1m TS [22m[49m node_modules/.pnpm/cojson-storage-indexeddb@0.19.3/node_modules/cojson/src/tests/IncomingMessagesQueue.test.ts [2m([22m[2m30 tests[22m[2m)[22m
 [32m✓[39m [44m[1m TS [22m[49m node_modules/.pnpm/cojson-storage-indexeddb@0.19.3/node_modules/cojson/src/tests/LinkedList.test.ts [2m([22m[2m9 tests[22m[2m)[22m
 [32m✓[39m [44m[1m TS [22m[49m node_modules/.pnpm/cojson-storage-indexeddb@0.19.3/node_modules/cojson/src/tests/PeerKnownState.test.ts [2m([22m[2m21 tests[22m[2m)[22m
 [32m✓[39m [44m[1m TS [22m[49m node_modules/.pnpm/cojson-storage-indexeddb@0.19.3/node_modules/cojson/src/tests/PeerState.test.ts [2m([22m[2m6 tests[22m[2m)[22m
 [32m✓[39m [44m[1m TS [22m[49m node_modules/.pnpm/cojson-storage-indexeddb@0.19.3/node_modules/cojson/src/tests/PriorityBasedMessageQueue.test.ts [2m([22m[2m8 tests[22m[2m)[22m
 [32m✓[39m [44m[1m TS [22m[49m node_modules/.pnpm/cojson-storage-indexeddb@0.19.3/node_modules/cojson/src/tests/PureJSCrypto.test.ts [2m([22m[2m7 tests[22m[2m)[22m
 [32m✓[39m [44m[1m TS [22m[49m node_modules/.pnpm/cojson-storage-indexeddb@0.19.3/node_modules/cojson/src/tests/StorageApiAsync.test.ts [2m([22m[2m19 tests[22m[2m)[22m
 [32m✓[39m [44m[1m TS [22m[49m node_modules/.pnpm/cojson-storage-indexeddb@0.19.3/node_modules/cojson/src/tests/StorageApiSync.test.ts [2m([22m[2m16 tests[22m[2m)[22m
 [32m✓[39m [44m[1m TS [22m[49m node_modules/.pnpm/cojson-storage-indexeddb@0.19.3/node_modules/cojson/src/tests/StoreQueue.test.ts [2m([22m[2m15 tests[22m[2m)[22m
 [32m✓[39m [44m[1m TS [22m[49m node_modules/.pnpm/cojson-storage-indexeddb@0.19.3/node_modules/cojson/src/tests/SyncStateManager.test.ts [2m([22m[2m9 tests[22m[2m)[22m
 [32m✓[39m [44m[1m TS [22m[49m node_modules/.pnpm/cojson-storage-indexeddb@0.19.3/node_modules/cojson/src/tests/WasmCrypto.test.ts [2m([22m[2m7 tests[22m[2m)[22m
 [32m✓[39m [44m[1m TS [22m[49m node_modules/.pnpm/cojson-storage-indexeddb@0.19.3/node_modules/cojson/src/tests/account.test.ts [2m([22m[2m12 tests[22m[2m)[22m
 [32m✓[39m [44m[1m TS [22m[49m node_modules/.pnpm/cojson-storage-indexeddb@0.19.3/node_modules/cojson/src/tests/branching.test.ts [2m([22m[2m29 tests[22m[2m)[22m
 [32m✓[39m [44m[1m TS [22m[49m node_modules/.pnpm/cojson-storage-indexeddb@0.19.3/node_modules/cojson/src/tests/coList.test.ts [2m([22m[2m29 tests[22m[2m)[22m
 [32m✓[39m [44m[1m TS [22m[49m node_modules/.pnpm/cojson-storage-indexeddb@0.19.3/node_modules/cojson/src/tests/coMap.test.ts [2m([22m[2m9 tests[22m[2m)[22m
 [32m✓[39m [44m[1m TS [22m[49m node_modules/.pnpm/cojson-storage-indexeddb@0.19.3/node_modules/cojson/src/tests/coPlainText.test.ts [2m([22m[2m13 tests[22m[2m)[22m
 [32m✓[39m [44m[1m TS [22m[49m node_modules/.pnpm/cojson-storage-indexeddb@0.19.3/node_modules/cojson/src/tests/coStream.test.ts [2m([22m[2m15 tests[22m[2m)[22m
 [32m✓[39m [44m[1m TS [22m[49m node_modules/.pnpm/cojson-storage-indexeddb@0.19.3/node_modules/cojson/src/tests/coValueContentMessage.test.ts [2m([22m[2m15 tests[22m[2m)[22m
 [32m✓[39m [44m[1m TS [22m[49m node_modules/.pnpm/cojson-storage-indexeddb@0.19.3/node_modules/cojson/src/tests/coValueCore.dependencies.test.ts [2m([22m[2m11 tests[22m[2m)[22m
 [32m✓[39m [44m[1m TS [22m[49m node_modules/.pnpm/cojson-storage-indexeddb@0.19.3/node_modules/cojson/src/tests/coValueCore.isCircularDependency.test.ts [2m([22m[2m5 tests[22m[2m)[22m
 [32m✓[39m [44m[1m TS [22m[49m node_modules/.pnpm/cojson-storage-indexeddb@0.19.3/node_modules/cojson/src/tests/coValueCore.isCompletelyDownloaded.test.ts [2m([22m[2m11 tests[22m[2m | [22m[33m1 skipped[39m[2m)[22m
 [32m✓[39m [44m[1m TS [22m[49m node_modules/.pnpm/cojson-storage-indexeddb@0.19.3/node_modules/cojson/src/tests/coValueCore.isStreaming.test.ts [2m([22m[2m8 tests[22m[2m)[22m
 [32m✓[39m [44m[1m TS [22m[49m node_modules/.pnpm/cojson-storage-indexeddb@0.19.3/node_modules/cojson/src/tests/coValueCore.loadFromStorage.test.ts [2m([22m[2m22 tests[22m[2m)[22m
 [32m✓[39m [44m[1m TS [22m[49m node_modules/.pnpm/cojson-storage-indexeddb@0.19.3/node_modules/cojson/src/tests/coValueCore.loadingState.test.ts [2m([22m[2m9 tests[22m[2m)[22m
 [32m✓[39m [44m[1m TS [22m[49m node_modules/.pnpm/cojson-storage-indexeddb@0.19.3/node_modules/cojson/src/tests/coValueCore.newContentSince.test.ts [2m([22m[2m13 tests[22m[2m)[22m
 [32m✓[39m [44m[1m TS [22m[49m node_modules/.pnpm/cojson-storage-indexeddb@0.19.3/node_modules/cojson/src/tests/coValueCore.test.ts [2m([22m[2m24 tests[22m[2m | [22m[33m1 skipped[39m[2m)[22m
 [32m✓[39m [44m[1m TS [22m[49m node_modules/.pnpm/cojson-storage-indexeddb@0.19.3/node_modules/cojson/src/tests/coreWasm.test.ts [2m([22m[2m4 tests[22m[2m)[22m
 [32m✓[39m [44m[1m TS [22m[49m node_modules/.pnpm/cojson-storage-indexeddb@0.19.3/node_modules/cojson/src/tests/crypto.test.ts [2m([22m[2m7 tests[22m[2m)[22m
 [32m✓[39m [44m[1m TS [22m[49m node_modules/.pnpm/cojson-storage-indexeddb@0.19.3/node_modules/cojson/src/tests/group.addMember.test.ts [2m([22m[2m10 tests[22m[2m)[22m
 [32m✓[39m [44m[1m TS [22m[49m node_modules/.pnpm/cojson-storage-indexeddb@0.19.3/node_modules/cojson/src/tests/group.childKeyRotation.test.ts [2m([22m[2m8 tests[22m[2m | [22m[33m7 skipped[39m[2m)[22m
 [32m✓[39m [44m[1m TS [22m[49m node_modules/.pnpm/cojson-storage-indexeddb@0.19.3/node_modules/cojson/src/tests/group.inheritance.test.ts [2m([22m[2m35 tests[22m[2m)[22m
 [32m✓[39m [44m[1m TS [22m[49m node_modules/.pnpm/cojson-storage-indexeddb@0.19.3/node_modules/cojson/src/tests/group.invite.test.ts [2m([22m[2m11 tests[22m[2m)[22m
 [32m✓[39m [44m[1m TS [22m[49m node_modules/.pnpm/cojson-storage-indexeddb@0.19.3/node_modules/cojson/src/tests/group.removeMember.test.ts [2m([22m[2m7 tests[22m[2m)[22m
 [32m✓[39m [44m[1m TS [22m[49m node_modules/.pnpm/cojson-storage-indexeddb@0.19.3/node_modules/cojson/src/tests/group.roleOf.test.ts [2m([22m[2m19 tests[22m[2m | [22m[33m1 skipped[39m[2m)[22m
 [32m✓[39m [44m[1m TS [22m[49m node_modules/.pnpm/cojson-storage-indexeddb@0.19.3/node_modules/cojson/src/tests/group.test.ts [2m([22m[2m19 tests[22m[2m)[22m
 [32m✓[39m [44m[1m TS [22m[49m node_modules/.pnpm/cojson-storage-indexeddb@0.19.3/node_modules/cojson/src/tests/knownState.test.ts [2m([22m[2m57 tests[22m[2m)[22m
 [32m✓[39m [44m[1m TS [22m[49m node_modules/.pnpm/cojson-storage-indexeddb@0.19.3/node_modules/cojson/src/tests/logger.test.ts [2m([22m[2m6 tests[22m[2m)[22m
 [32m✓[39m [44m[1m TS [22m[49m node_modules/.pnpm/cojson-storage-indexeddb@0.19.3/node_modules/cojson/src/tests/permissions.test.ts [2m([22m[2m78 tests[22m[2m | [22m[33m3 skipped[39m[2m)[22m
 [32m✓[39m [44m[1m TS [22m[49m node_modules/.pnpm/cojson-storage-indexeddb@0.19.3/node_modules/cojson/src/tests/priority.test.ts [2m([22m[2m6 tests[22m[2m)[22m
 [32m✓[39m [44m[1m TS [22m[49m node_modules/.pnpm/cojson-storage-indexeddb@0.19.3/node_modules/cojson/src/tests/sync.auth.test.ts [2m([22m[2m4 tests[22m[2m)[22m
 [32m✓[39m [44m[1m TS [22m[49m node_modules/.pnpm/cojson-storage-indexeddb@0.19.3/node_modules/cojson/src/tests/sync.content.test.ts [2m([22m[2m2 tests[22m[2m)[22m
 [32m✓[39m [44m[1m TS [22m[49m node_modules/.pnpm/cojson-storage-indexeddb@0.19.3/node_modules/cojson/src/tests/sync.garbageCollection.test.ts [2m([22m[2m3 tests[22m[2m)[22m
 [32m✓[39m [44m[1m TS [22m[49m node_modules/.pnpm/cojson-storage-indexeddb@0.19.3/node_modules/cojson/src/tests/sync.invite.test.ts [2m([22m[2m3 tests[22m[2m)[22m
 [32m✓[39m [44m[1m TS [22m[49m node_modules/.pnpm/cojson-storage-indexeddb@0.19.3/node_modules/cojson/src/tests/sync.known.test.ts [2m([22m[2m2 tests[22m[2m)[22m
 [32m✓[39m [44m[1m TS [22m[49m node_modules/.pnpm/cojson-storage-indexeddb@0.19.3/node_modules/cojson/src/tests/sync.load.test.ts [2m([22m[2m29 tests[22m[2m)[22m
 [32m✓[39m [44m[1m TS [22m[49m node_modules/.pnpm/cojson-storage-indexeddb@0.19.3/node_modules/cojson/src/tests/sync.mesh.test.ts [2m([22m[2m8 tests[22m[2m)[22m
 [32m✓[39m [44m[1m TS [22m[49m node_modules/.pnpm/cojson-storage-indexeddb@0.19.3/node_modules/cojson/src/tests/sync.multipleServers.test.ts [2m([22m[2m8 tests[22m[2m)[22m
 [32m✓[39m [44m[1m TS [22m[49m node_modules/.pnpm/cojson-storage-indexeddb@0.19.3/node_modules/cojson/src/tests/sync.peerReconciliation.test.ts [2m([22m[2m6 tests[22m[2m | [22m[33m1 skipped[39m[2m)[22m
 [32m✓[39m [44m[1m TS [22m[49m node_modules/.pnpm/cojson-storage-indexeddb@0.19.3/node_modules/cojson/src/tests/sync.sharding.test.ts [2m([22m[2m9 tests[22m[2m)[22m
 [32m✓[39m [44m[1m TS [22m[49m node_modules/.pnpm/cojson-storage-indexeddb@0.19.3/node_modules/cojson/src/tests/sync.storage.test.ts [2m([22m[2m14 tests[22m[2m)[22m
 [32m✓[39m [44m[1m TS [22m[49m node_modules/.pnpm/cojson-storage-indexeddb@0.19.3/node_modules/cojson/src/tests/sync.storageAsync.test.ts [2m([22m[2m12 tests[22m[2m)[22m
 [32m✓[39m [44m[1m TS [22m[49m node_modules/.pnpm/cojson-storage-indexeddb@0.19.3/node_modules/cojson/src/tests/sync.test.ts [2m([22m[2m33 tests[22m[2m)[22m
 [32m✓[39m [44m[1m TS [22m[49m node_modules/.pnpm/cojson-storage-indexeddb@0.19.3/node_modules/cojson/src/tests/sync.upload.test.ts [2m([22m[2m11 tests[22m[2m)[22m
 [32m✓[39m [44m[1m TS [22m[49m node_modules/.pnpm/cojson-transport-ws@0.18.24/node_modules/cojson/src/tests/GarbageCollector.test.ts [2m([22m[2m5 tests[22m[2m)[22m
 [32m✓[39m [44m[1m TS [22m[49m node_modules/.pnpm/cojson-transport-ws@0.18.24/node_modules/cojson/src/tests/IncomingMessagesQueue.test.ts [2m([22m[2m30 tests[22m[2m)[22m
 [32m✓[39m [44m[1m TS [22m[49m node_modules/.pnpm/cojson-transport-ws@0.18.24/node_modules/cojson/src/tests/LinkedList.test.ts [2m([22m[2m9 tests[22m[2m)[22m
 [32m✓[39m [44m[1m TS [22m[49m node_modules/.pnpm/cojson-transport-ws@0.18.24/node_modules/cojson/src/tests/PeerKnownStates.test.ts [2m([22m[2m7 tests[22m[2m)[22m
 [32m✓[39m [44m[1m TS [22m[49m node_modules/.pnpm/cojson-transport-ws@0.18.24/node_modules/cojson/src/tests/PeerState.test.ts [2m([22m[2m6 tests[22m[2m)[22m
 [32m✓[39m [44m[1m TS [22m[49m node_modules/.pnpm/cojson-transport-ws@0.18.24/node_modules/cojson/src/tests/PriorityBasedMessageQueue.test.ts [2m([22m[2m8 tests[22m[2m)[22m
 [32m✓[39m [44m[1m TS [22m[49m node_modules/.pnpm/cojson-transport-ws@0.18.24/node_modules/cojson/src/tests/PureJSCrypto.test.ts [2m([22m[2m7 tests[22m[2m)[22m
 [32m✓[39m [44m[1m TS [22m[49m node_modules/.pnpm/cojson-transport-ws@0.18.24/node_modules/cojson/src/tests/StorageApiAsync.test.ts [2m([22m[2m19 tests[22m[2m)[22m
 [32m✓[39m [44m[1m TS [22m[49m node_modules/.pnpm/cojson-transport-ws@0.18.24/node_modules/cojson/src/tests/StorageApiSync.test.ts [2m([22m[2m16 tests[22m[2m)[22m
 [32m✓[39m [44m[1m TS [22m[49m node_modules/.pnpm/cojson-transport-ws@0.18.24/node_modules/cojson/src/tests/StoreQueue.test.ts [2m([22m[2m15 tests[22m[2m)[22m
 [32m✓[39m [44m[1m TS [22m[49m node_modules/.pnpm/cojson-transport-ws@0.18.24/node_modules/cojson/src/tests/SyncStateManager.test.ts [2m([22m[2m9 tests[22m[2m)[22m
 [32m✓[39m [44m[1m TS [22m[49m node_modules/.pnpm/cojson-transport-ws@0.18.24/node_modules/cojson/src/tests/WasmCrypto.test.ts [2m([22m[2m7 tests[22m[2m)[22m
 [32m✓[39m [44m[1m TS [22m[49m node_modules/.pnpm/cojson-transport-ws@0.18.24/node_modules/cojson/src/tests/account.test.ts [2m([22m[2m12 tests[22m[2m)[22m
 [32m✓[39m [44m[1m TS [22m[49m node_modules/.pnpm/cojson-transport-ws@0.18.24/node_modules/cojson/src/tests/branching.test.ts [2m([22m[2m21 tests[22m[2m)[22m
 [32m✓[39m [44m[1m TS [22m[49m node_modules/.pnpm/cojson-transport-ws@0.18.24/node_modules/cojson/src/tests/coList.test.ts [2m([22m[2m28 tests[22m[2m)[22m
 [32m✓[39m [44m[1m TS [22m[49m node_modules/.pnpm/cojson-transport-ws@0.18.24/node_modules/cojson/src/tests/coMap.test.ts [2m([22m[2m8 tests[22m[2m)[22m
 [32m✓[39m [44m[1m TS [22m[49m node_modules/.pnpm/cojson-transport-ws@0.18.24/node_modules/cojson/src/tests/coPlainText.test.ts [2m([22m[2m13 tests[22m[2m)[22m
 [32m✓[39m [44m[1m TS [22m[49m node_modules/.pnpm/cojson-transport-ws@0.18.24/node_modules/cojson/src/tests/coStream.test.ts [2m([22m[2m14 tests[22m[2m)[22m
 [32m✓[39m [44m[1m TS [22m[49m node_modules/.pnpm/cojson-transport-ws@0.18.24/node_modules/cojson/src/tests/coValueContentMessage.test.ts [2m([22m[2m7 tests[22m[2m)[22m
 [32m✓[39m [44m[1m TS [22m[49m node_modules/.pnpm/cojson-transport-ws@0.18.24/node_modules/cojson/src/tests/coValueCore.dependencies.test.ts [2m([22m[2m5 tests[22m[2m)[22m
 [32m✓[39m [44m[1m TS [22m[49m node_modules/.pnpm/cojson-transport-ws@0.18.24/node_modules/cojson/src/tests/coValueCore.test.ts [2m([22m[2m22 tests[22m[2m)[22m
 [32m✓[39m [44m[1m TS [22m[49m node_modules/.pnpm/cojson-transport-ws@0.18.24/node_modules/cojson/src/tests/coValueCoreLoadingState.test.ts [2m([22m[2m9 tests[22m[2m)[22m
 [32m✓[39m [44m[1m TS [22m[49m node_modules/.pnpm/cojson-transport-ws@0.18.24/node_modules/cojson/src/tests/coreWasm.test.ts [2m([22m[2m4 tests[22m[2m)[22m
 [32m✓[39m [44m[1m TS [22m[49m node_modules/.pnpm/cojson-transport-ws@0.18.24/node_modules/cojson/src/tests/crypto.test.ts [2m([22m[2m7 tests[22m[2m)[22m
 [32m✓[39m [44m[1m TS [22m[49m node_modules/.pnpm/cojson-transport-ws@0.18.24/node_modules/cojson/src/tests/group.addMember.test.ts [2m([22m[2m12 tests[22m[2m)[22m
 [32m✓[39m [44m[1m TS [22m[49m node_modules/.pnpm/cojson-transport-ws@0.18.24/node_modules/cojson/src/tests/group.inheritance.test.ts [2m([22m[2m32 tests[22m[2m)[22m
 [32m✓[39m [44m[1m TS [22m[49m node_modules/.pnpm/cojson-transport-ws@0.18.24/node_modules/cojson/src/tests/group.invite.test.ts [2m([22m[2m9 tests[22m[2m)[22m
 [32m✓[39m [44m[1m TS [22m[49m node_modules/.pnpm/cojson-transport-ws@0.18.24/node_modules/cojson/src/tests/group.removeMember.test.ts [2m([22m[2m10 tests[22m[2m)[22m
 [32m✓[39m [44m[1m TS [22m[49m node_modules/.pnpm/cojson-transport-ws@0.18.24/node_modules/cojson/src/tests/group.roleOf.test.ts [2m([22m[2m19 tests[22m[2m | [22m[33m1 skipped[39m[2m)[22m
 [32m✓[39m [44m[1m TS [22m[49m node_modules/.pnpm/cojson-transport-ws@0.18.24/node_modules/cojson/src/tests/group.test.ts [2m([22m[2m19 tests[22m[2m)[22m
 [32m✓[39m [44m[1m TS [22m[49m node_modules/.pnpm/cojson-transport-ws@0.18.24/node_modules/cojson/src/tests/logger.test.ts [2m([22m[2m6 tests[22m[2m)[22m
 [32m✓[39m [44m[1m TS [22m[49m node_modules/.pnpm/cojson-transport-ws@0.18.24/node_modules/cojson/src/tests/permissions.test.ts [2m([22m[2m84 tests[22m[2m | [22m[33m3 skipped[39m[2m)[22m
 [32m✓[39m [44m[1m TS [22m[49m node_modules/.pnpm/cojson-transport-ws@0.18.24/node_modules/cojson/src/tests/priority.test.ts [2m([22m[2m6 tests[22m[2m)[22m
 [32m✓[39m [44m[1m TS [22m[49m node_modules/.pnpm/cojson-transport-ws@0.18.24/node_modules/cojson/src/tests/sync.auth.test.ts [2m([22m[2m4 tests[22m[2m)[22m
 [32m✓[39m [44m[1m TS [22m[49m node_modules/.pnpm/cojson-transport-ws@0.18.24/node_modules/cojson/src/tests/sync.content.test.ts [2m([22m[2m2 tests[22m[2m)[22m
 [32m✓[39m [44m[1m TS [22m[49m node_modules/.pnpm/cojson-transport-ws@0.18.24/node_modules/cojson/src/tests/sync.garbageCollection.test.ts [2m([22m[2m3 tests[22m[2m)[22m
 [32m✓[39m [44m[1m TS [22m[49m node_modules/.pnpm/cojson-transport-ws@0.18.24/node_modules/cojson/src/tests/sync.invite.test.ts [2m([22m[2m3 tests[22m[2m)[22m
 [32m✓[39m [44m[1m TS [22m[49m node_modules/.pnpm/cojson-transport-ws@0.18.24/node_modules/cojson/src/tests/sync.known.test.ts [2m([22m[2m2 tests[22m[2m)[22m
 [32m✓[39m [44m[1m TS [22m[49m node_modules/.pnpm/cojson-transport-ws@0.18.24/node_modules/cojson/src/tests/sync.load.test.ts [2m([22m[2m28 tests[22m[2m)[22m
 [32m✓[39m [44m[1m TS [22m[49m node_modules/.pnpm/cojson-transport-ws@0.18.24/node_modules/cojson/src/tests/sync.mesh.test.ts [2m([22m[2m8 tests[22m[2m)[22m
 [32m✓[39m [44m[1m TS [22m[49m node_modules/.pnpm/cojson-transport-ws@0.18.24/node_modules/cojson/src/tests/sync.peerReconciliation.test.ts [2m([22m[2m6 tests[22m[2m | [22m[33m1 skipped[39m[2m)[22m
 [32m✓[39m [44m[1m TS [22m[49m node_modules/.pnpm/cojson-transport-ws@0.18.24/node_modules/cojson/src/tests/sync.sharding.test.ts [2m([22m[2m9 tests[22m[2m)[22m
 [32m✓[39m [44m[1m TS [22m[49m node_modules/.pnpm/cojson-transport-ws@0.18.24/node_modules/cojson/src/tests/sync.storage.test.ts [2m([22m[2m13 tests[22m[2m)[22m
 [32m✓[39m [44m[1m TS [22m[49m node_modules/.pnpm/cojson-transport-ws@0.18.24/node_modules/cojson/src/tests/sync.storageAsync.test.ts [2m([22m[2m10 tests[22m[2m)[22m
 [32m✓[39m [44m[1m TS [22m[49m node_modules/.pnpm/cojson-transport-ws@0.18.24/node_modules/cojson/src/tests/sync.test.ts [2m([22m[2m34 tests[22m[2m)[22m
 [32m✓[39m [44m[1m TS [22m[49m node_modules/.pnpm/cojson-transport-ws@0.18.24/node_modules/cojson/src/tests/sync.upload.test.ts [2m([22m[2m10 tests[22m[2m)[22m
 [32m✓[39m [44m[1m TS [22m[49m node_modules/.pnpm/cojson-storage-indexeddb@0.18.24/node_modules/cojson/src/tests/GarbageCollector.test.ts [2m([22m[2m5 tests[22m[2m)[22m
 [32m✓[39m [44m[1m TS [22m[49m node_modules/.pnpm/cojson-storage-indexeddb@0.18.24/node_modules/cojson/src/tests/IncomingMessagesQueue.test.ts [2m([22m[2m30 tests[22m[2m)[22m
 [32m✓[39m [44m[1m TS [22m[49m node_modules/.pnpm/cojson-storage-indexeddb@0.18.24/node_modules/cojson/src/tests/LinkedList.test.ts [2m([22m[2m9 tests[22m[2m)[22m
 [32m✓[39m [44m[1m TS [22m[49m node_modules/.pnpm/cojson-storage-indexeddb@0.18.24/node_modules/cojson/src/tests/PeerKnownStates.test.ts [2m([22m[2m7 tests[22m[2m)[22m
 [32m✓[39m [44m[1m TS [22m[49m node_modules/.pnpm/cojson-storage-indexeddb@0.18.24/node_modules/cojson/src/tests/PeerState.test.ts [2m([22m[2m6 tests[22m[2m)[22m
 [32m✓[39m [44m[1m TS [22m[49m node_modules/.pnpm/cojson-storage-indexeddb@0.18.24/node_modules/cojson/src/tests/PriorityBasedMessageQueue.test.ts [2m([22m[2m8 tests[22m[2m)[22m
 [32m✓[39m [44m[1m TS [22m[49m node_modules/.pnpm/cojson-storage-indexeddb@0.18.24/node_modules/cojson/src/tests/PureJSCrypto.test.ts [2m([22m[2m7 tests[22m[2m)[22m
 [32m✓[39m [44m[1m TS [22m[49m node_modules/.pnpm/cojson-storage-indexeddb@0.18.24/node_modules/cojson/src/tests/StorageApiAsync.test.ts [2m([22m[2m19 tests[22m[2m)[22m
 [32m✓[39m [44m[1m TS [22m[49m node_modules/.pnpm/cojson-storage-indexeddb@0.18.24/node_modules/cojson/src/tests/StorageApiSync.test.ts [2m([22m[2m16 tests[22m[2m)[22m
 [32m✓[39m [44m[1m TS [22m[49m node_modules/.pnpm/cojson-storage-indexeddb@0.18.24/node_modules/cojson/src/tests/StoreQueue.test.ts [2m([22m[2m15 tests[22m[2m)[22m
 [32m✓[39m [44m[1m TS [22m[49m node_modules/.pnpm/cojson-storage-indexeddb@0.18.24/node_modules/cojson/src/tests/SyncStateManager.test.ts [2m([22m[2m9 tests[22m[2m)[22m
 [32m✓[39m [44m[1m TS [22m[49m node_modules/.pnpm/cojson-storage-indexeddb@0.18.24/node_modules/cojson/src/tests/WasmCrypto.test.ts [2m([22m[2m7 tests[22m[2m)[22m
 [32m✓[39m [44m[1m TS [22m[49m node_modules/.pnpm/cojson-storage-indexeddb@0.18.24/node_modules/cojson/src/tests/account.test.ts [2m([22m[2m12 tests[22m[2m)[22m
 [32m✓[39m [44m[1m TS [22m[49m node_modules/.pnpm/cojson-storage-indexeddb@0.18.24/node_modules/cojson/src/tests/branching.test.ts [2m([22m[2m21 tests[22m[2m)[22m
 [32m✓[39m [44m[1m TS [22m[49m node_modules/.pnpm/cojson-storage-indexeddb@0.18.24/node_modules/cojson/src/tests/coList.test.ts [2m([22m[2m28 tests[22m[2m)[22m
 [32m✓[39m [44m[1m TS [22m[49m node_modules/.pnpm/cojson-storage-indexeddb@0.18.24/node_modules/cojson/src/tests/coMap.test.ts [2m([22m[2m8 tests[22m[2m)[22m
 [32m✓[39m [44m[1m TS [22m[49m node_modules/.pnpm/cojson-storage-indexeddb@0.18.24/node_modules/cojson/src/tests/coPlainText.test.ts [2m([22m[2m13 tests[22m[2m)[22m
 [32m✓[39m [44m[1m TS [22m[49m node_modules/.pnpm/cojson-storage-indexeddb@0.18.24/node_modules/cojson/src/tests/coStream.test.ts [2m([22m[2m14 tests[22m[2m)[22m
 [32m✓[39m [44m[1m TS [22m[49m node_modules/.pnpm/cojson-storage-indexeddb@0.18.24/node_modules/cojson/src/tests/coValueContentMessage.test.ts [2m([22m[2m7 tests[22m[2m)[22m
 [32m✓[39m [44m[1m TS [22m[49m node_modules/.pnpm/cojson-storage-indexeddb@0.18.24/node_modules/cojson/src/tests/coValueCore.dependencies.test.ts [2m([22m[2m5 tests[22m[2m)[22m
 [32m✓[39m [44m[1m TS [22m[49m node_modules/.pnpm/cojson-storage-indexeddb@0.18.24/node_modules/cojson/src/tests/coValueCore.test.ts [2m([22m[2m22 tests[22m[2m)[22m
 [32m✓[39m [44m[1m TS [22m[49m node_modules/.pnpm/cojson-storage-indexeddb@0.18.24/node_modules/cojson/src/tests/coValueCoreLoadingState.test.ts [2m([22m[2m9 tests[22m[2m)[22m
 [32m✓[39m [44m[1m TS [22m[49m node_modules/.pnpm/cojson-storage-indexeddb@0.18.24/node_modules/cojson/src/tests/coreWasm.test.ts [2m([22m[2m4 tests[22m[2m)[22m
 [32m✓[39m [44m[1m TS [22m[49m node_modules/.pnpm/cojson-storage-indexeddb@0.18.24/node_modules/cojson/src/tests/crypto.test.ts [2m([22m[2m7 tests[22m[2m)[22m
 [32m✓[39m [44m[1m TS [22m[49m node_modules/.pnpm/cojson-storage-indexeddb@0.18.24/node_modules/cojson/src/tests/group.addMember.test.ts [2m([22m[2m12 tests[22m[2m)[22m
 [32m✓[39m [44m[1m TS [22m[49m node_modules/.pnpm/cojson-storage-indexeddb@0.18.24/node_modules/cojson/src/tests/group.inheritance.test.ts [2m([22m[2m32 tests[22m[2m)[22m
 [32m✓[39m [44m[1m TS [22m[49m node_modules/.pnpm/cojson-storage-indexeddb@0.18.24/node_modules/cojson/src/tests/group.invite.test.ts [2m([22m[2m9 tests[22m[2m)[22m
 [32m✓[39m [44m[1m TS [22m[49m node_modules/.pnpm/cojson-storage-indexeddb@0.18.24/node_modules/cojson/src/tests/group.removeMember.test.ts [2m([22m[2m10 tests[22m[2m)[22m
 [32m✓[39m [44m[1m TS [22m[49m node_modules/.pnpm/cojson-storage-indexeddb@0.18.24/node_modules/cojson/src/tests/group.roleOf.test.ts [2m([22m[2m19 tests[22m[2m | [22m[33m1 skipped[39m[2m)[22m
 [32m✓[39m [44m[1m TS [22m[49m node_modules/.pnpm/cojson-storage-indexeddb@0.18.24/node_modules/cojson/src/tests/group.test.ts [2m([22m[2m19 tests[22m[2m)[22m
 [32m✓[39m [44m[1m TS [22m[49m node_modules/.pnpm/cojson-storage-indexeddb@0.18.24/node_modules/cojson/src/tests/logger.test.ts [2m([22m[2m6 tests[22m[2m)[22m
 [32m✓[39m [44m[1m TS [22m[49m node_modules/.pnpm/cojson-storage-indexeddb@0.18.24/node_modules/cojson/src/tests/permissions.test.ts [2m([22m[2m84 tests[22m[2m | [22m[33m3 skipped[39m[2m)[22m
 [32m✓[39m [44m[1m TS [22m[49m node_modules/.pnpm/cojson-storage-indexeddb@0.18.24/node_modules/cojson/src/tests/priority.test.ts [2m([22m[2m6 tests[22m[2m)[22m
 [32m✓[39m [44m[1m TS [22m[49m node_modules/.pnpm/cojson-storage-indexeddb@0.18.24/node_modules/cojson/src/tests/sync.auth.test.ts [2m([22m[2m4 tests[22m[2m)[22m
 [32m✓[39m [44m[1m TS [22m[49m node_modules/.pnpm/cojson-storage-indexeddb@0.18.24/node_modules/cojson/src/tests/sync.content.test.ts [2m([22m[2m2 tests[22m[2m)[22m
 [32m✓[39m [44m[1m TS [22m[49m node_modules/.pnpm/cojson-storage-indexeddb@0.18.24/node_modules/cojson/src/tests/sync.garbageCollection.test.ts [2m([22m[2m3 tests[22m[2m)[22m
 [32m✓[39m [44m[1m TS [22m[49m node_modules/.pnpm/cojson-storage-indexeddb@0.18.24/node_modules/cojson/src/tests/sync.invite.test.ts [2m([22m[2m3 tests[22m[2m)[22m
 [32m✓[39m [44m[1m TS [22m[49m node_modules/.pnpm/cojson-storage-indexeddb@0.18.24/node_modules/cojson/src/tests/sync.known.test.ts [2m([22m[2m2 tests[22m[2m)[22m
 [32m✓[39m [44m[1m TS [22m[49m node_modules/.pnpm/cojson-storage-indexeddb@0.18.24/node_modules/cojson/src/tests/sync.load.test.ts [2m([22m[2m28 tests[22m[2m)[22m
 [32m✓[39m [44m[1m TS [22m[49m node_modules/.pnpm/cojson-storage-indexeddb@0.18.24/node_modules/cojson/src/tests/sync.mesh.test.ts [2m([22m[2m8 tests[22m[2m)[22m
 [32m✓[39m [44m[1m TS [22m[49m node_modules/.pnpm/cojson-storage-indexeddb@0.18.24/node_modules/cojson/src/tests/sync.peerReconciliation.test.ts [2m([22m[2m6 tests[22m[2m | [22m[33m1 skipped[39m[2m)[22m
 [32m✓[39m [44m[1m TS [22m[49m node_modules/.pnpm/cojson-storage-indexeddb@0.18.24/node_modules/cojson/src/tests/sync.sharding.test.ts [2m([22m[2m9 tests[22m[2m)[22m
 [32m✓[39m [44m[1m TS [22m[49m node_modules/.pnpm/cojson-storage-indexeddb@0.18.24/node_modules/cojson/src/tests/sync.storage.test.ts [2m([22m[2m13 tests[22m[2m)[22m
 [32m✓[39m [44m[1m TS [22m[49m node_modules/.pnpm/cojson-storage-indexeddb@0.18.24/node_modules/cojson/src/tests/sync.storageAsync.test.ts [2m([22m[2m10 tests[22m[2m)[22m
 [32m✓[39m [44m[1m TS [22m[49m node_modules/.pnpm/cojson-storage-indexeddb@0.18.24/node_modules/cojson/src/tests/sync.test.ts [2m([22m[2m34 tests[22m[2m)[22m
 [32m✓[39m [44m[1m TS [22m[49m node_modules/.pnpm/cojson-storage-indexeddb@0.18.24/node_modules/cojson/src/tests/sync.upload.test.ts [2m([22m[2m10 tests[22m[2m)[22m
 [32m✓[39m [44m[1m TS [22m[49m node_modules/.pnpm/jazz-tools@0.19.3_@tiptap+pm@2.26.2_csstype@3.1.3_react-dom@19.2.0_react@19.2.0__react@19.2.0/node_modules/cojson-storage-indexeddb/src/tests/CoJsonIDBTransaction.test.ts [2m([22m[2m4 tests[22m[2m)[22m
 [32m✓[39m [44m[1m TS [22m[49m node_modules/.pnpm/jazz-tools@0.19.3_@tiptap+pm@2.26.2_csstype@3.1.3_react-dom@19.2.0_react@19.2.0__react@19.2.0/node_modules/cojson-storage-indexeddb/src/tests/storage.indexeddb.test.ts [2m([22m[2m8 tests[22m[2m)[22m
 [32m✓[39m [44m[1m TS [22m[49m node_modules/.pnpm/jazz-tools@0.19.3_@tiptap+pm@2.26.2_csstype@3.1.3_react-dom@19.2.0_react@19.2.0__react@19.2.0/node_modules/cojson-transport-ws/src/tests/BatchedOutgoingMessages.test.ts [2m([22m[2m1 test[22m[2m)[22m
 [32m✓[39m [44m[1m TS [22m[49m node_modules/.pnpm/jazz-tools@0.19.3_@tiptap+pm@2.26.2_csstype@3.1.3_react-dom@19.2.0_react@19.2.0__react@19.2.0/node_modules/cojson-transport-ws/src/tests/WebSocketPeerWithReconnection.test.ts [2m([22m[2m11 tests[22m[2m)[22m
 [32m✓[39m [44m[1m TS [22m[49m node_modules/.pnpm/jazz-tools@0.19.3_@tiptap+pm@2.26.2_csstype@3.1.3_react-dom@19.2.0_react@19.2.0__react@19.2.0/node_modules/cojson-transport-ws/src/tests/createWebSocketPeer.test.ts [2m([22m[2m18 tests[22m[2m)[22m
 [32m✓[39m [44m[1m TS [22m[49m node_modules/.pnpm/jazz-tools@0.19.3_@tiptap+pm@2.26.2_csstype@3.1.3_react-dom@19.2.0_react@19.2.0__react@19.2.0/node_modules/cojson-transport-ws/src/tests/webSocket.integration.test.ts [2m([22m[2m5 tests[22m[2m)[22m
 [32m✓[39m [44m[1m TS [22m[49m node_modules/.pnpm/jazz-tools@0.19.3_@tiptap+pm@2.26.2_csstype@3.1.3_react-dom@19.2.0_react@19.2.0__react@19.2.0/node_modules/cojson/src/tests/GarbageCollector.test.ts [2m([22m[2m5 tests[22m[2m)[22m
 [32m✓[39m [44m[1m TS [22m[49m node_modules/.pnpm/jazz-tools@0.19.3_@tiptap+pm@2.26.2_csstype@3.1.3_react-dom@19.2.0_react@19.2.0__react@19.2.0/node_modules/cojson/src/tests/IncomingMessagesQueue.test.ts [2m([22m[2m30 tests[22m[2m)[22m
 [32m✓[39m [44m[1m TS [22m[49m node_modules/.pnpm/jazz-tools@0.19.3_@tiptap+pm@2.26.2_csstype@3.1.3_react-dom@19.2.0_react@19.2.0__react@19.2.0/node_modules/cojson/src/tests/LinkedList.test.ts [2m([22m[2m9 tests[22m[2m)[22m
 [32m✓[39m [44m[1m TS [22m[49m node_modules/.pnpm/jazz-tools@0.19.3_@tiptap+pm@2.26.2_csstype@3.1.3_react-dom@19.2.0_react@19.2.0__react@19.2.0/node_modules/cojson/src/tests/PeerKnownState.test.ts [2m([22m[2m21 tests[22m[2m)[22m
 [32m✓[39m [44m[1m TS [22m[49m node_modules/.pnpm/jazz-tools@0.19.3_@tiptap+pm@2.26.2_csstype@3.1.3_react-dom@19.2.0_react@19.2.0__react@19.2.0/node_modules/cojson/src/tests/PeerState.test.ts [2m([22m[2m6 tests[22m[2m)[22m
 [32m✓[39m [44m[1m TS [22m[49m node_modules/.pnpm/jazz-tools@0.19.3_@tiptap+pm@2.26.2_csstype@3.1.3_react-dom@19.2.0_react@19.2.0__react@19.2.0/node_modules/cojson/src/tests/PriorityBasedMessageQueue.test.ts [2m([22m[2m8 tests[22m[2m)[22m
 [32m✓[39m [44m[1m TS [22m[49m node_modules/.pnpm/jazz-tools@0.19.3_@tiptap+pm@2.26.2_csstype@3.1.3_react-dom@19.2.0_react@19.2.0__react@19.2.0/node_modules/cojson/src/tests/PureJSCrypto.test.ts [2m([22m[2m7 tests[22m[2m)[22m
 [32m✓[39m [44m[1m TS [22m[49m node_modules/.pnpm/jazz-tools@0.19.3_@tiptap+pm@2.26.2_csstype@3.1.3_react-dom@19.2.0_react@19.2.0__react@19.2.0/node_modules/cojson/src/tests/StorageApiAsync.test.ts [2m([22m[2m19 tests[22m[2m)[22m
 [32m✓[39m [44m[1m TS [22m[49m node_modules/.pnpm/jazz-tools@0.19.3_@tiptap+pm@2.26.2_csstype@3.1.3_react-dom@19.2.0_react@19.2.0__react@19.2.0/node_modules/cojson/src/tests/StorageApiSync.test.ts [2m([22m[2m16 tests[22m[2m)[22m
 [32m✓[39m [44m[1m TS [22m[49m node_modules/.pnpm/jazz-tools@0.19.3_@tiptap+pm@2.26.2_csstype@3.1.3_react-dom@19.2.0_react@19.2.0__react@19.2.0/node_modules/cojson/src/tests/StoreQueue.test.ts [2m([22m[2m15 tests[22m[2m)[22m
 [32m✓[39m [44m[1m TS [22m[49m node_modules/.pnpm/jazz-tools@0.19.3_@tiptap+pm@2.26.2_csstype@3.1.3_react-dom@19.2.0_react@19.2.0__react@19.2.0/node_modules/cojson/src/tests/SyncStateManager.test.ts [2m([22m[2m9 tests[22m[2m)[22m
 [32m✓[39m [44m[1m TS [22m[49m node_modules/.pnpm/jazz-tools@0.19.3_@tiptap+pm@2.26.2_csstype@3.1.3_react-dom@19.2.0_react@19.2.0__react@19.2.0/node_modules/cojson/src/tests/WasmCrypto.test.ts [2m([22m[2m7 tests[22m[2m)[22m
 [32m✓[39m [44m[1m TS [22m[49m node_modules/.pnpm/jazz-tools@0.19.3_@tiptap+pm@2.26.2_csstype@3.1.3_react-dom@19.2.0_react@19.2.0__react@19.2.0/node_modules/cojson/src/tests/account.test.ts [2m([22m[2m12 tests[22m[2m)[22m
 [32m✓[39m [44m[1m TS [22m[49m node_modules/.pnpm/jazz-tools@0.19.3_@tiptap+pm@2.26.2_csstype@3.1.3_react-dom@19.2.0_react@19.2.0__react@19.2.0/node_modules/cojson/src/tests/branching.test.ts [2m([22m[2m29 tests[22m[2m)[22m
 [32m✓[39m [44m[1m TS [22m[49m node_modules/.pnpm/jazz-tools@0.19.3_@tiptap+pm@2.26.2_csstype@3.1.3_react-dom@19.2.0_react@19.2.0__react@19.2.0/node_modules/cojson/src/tests/coList.test.ts [2m([22m[2m29 tests[22m[2m)[22m
 [32m✓[39m [44m[1m TS [22m[49m node_modules/.pnpm/jazz-tools@0.19.3_@tiptap+pm@2.26.2_csstype@3.1.3_react-dom@19.2.0_react@19.2.0__react@19.2.0/node_modules/cojson/src/tests/coMap.test.ts [2m([22m[2m9 tests[22m[2m)[22m
 [32m✓[39m [44m[1m TS [22m[49m node_modules/.pnpm/jazz-tools@0.19.3_@tiptap+pm@2.26.2_csstype@3.1.3_react-dom@19.2.0_react@19.2.0__react@19.2.0/node_modules/cojson/src/tests/coPlainText.test.ts [2m([22m[2m13 tests[22m[2m)[22m
 [32m✓[39m [44m[1m TS [22m[49m node_modules/.pnpm/jazz-tools@0.19.3_@tiptap+pm@2.26.2_csstype@3.1.3_react-dom@19.2.0_react@19.2.0__react@19.2.0/node_modules/cojson/src/tests/coStream.test.ts [2m([22m[2m15 tests[22m[2m)[22m
 [32m✓[39m [44m[1m TS [22m[49m node_modules/.pnpm/jazz-tools@0.19.3_@tiptap+pm@2.26.2_csstype@3.1.3_react-dom@19.2.0_react@19.2.0__react@19.2.0/node_modules/cojson/src/tests/coValueContentMessage.test.ts [2m([22m[2m15 tests[22m[2m)[22m
 [32m✓[39m [44m[1m TS [22m[49m node_modules/.pnpm/jazz-tools@0.19.3_@tiptap+pm@2.26.2_csstype@3.1.3_react-dom@19.2.0_react@19.2.0__react@19.2.0/node_modules/cojson/src/tests/coValueCore.dependencies.test.ts [2m([22m[2m11 tests[22m[2m)[22m
 [32m✓[39m [44m[1m TS [22m[49m node_modules/.pnpm/jazz-tools@0.19.3_@tiptap+pm@2.26.2_csstype@3.1.3_react-dom@19.2.0_react@19.2.0__react@19.2.0/node_modules/cojson/src/tests/coValueCore.isCircularDependency.test.ts [2m([22m[2m5 tests[22m[2m)[22m
 [32m✓[39m [44m[1m TS [22m[49m node_modules/.pnpm/jazz-tools@0.19.3_@tiptap+pm@2.26.2_csstype@3.1.3_react-dom@19.2.0_react@19.2.0__react@19.2.0/node_modules/cojson/src/tests/coValueCore.isCompletelyDownloaded.test.ts [2m([22m[2m11 tests[22m[2m | [22m[33m1 skipped[39m[2m)[22m
 [32m✓[39m [44m[1m TS [22m[49m node_modules/.pnpm/jazz-tools@0.19.3_@tiptap+pm@2.26.2_csstype@3.1.3_react-dom@19.2.0_react@19.2.0__react@19.2.0/node_modules/cojson/src/tests/coValueCore.isStreaming.test.ts [2m([22m[2m8 tests[22m[2m)[22m
 [32m✓[39m [44m[1m TS [22m[49m node_modules/.pnpm/jazz-tools@0.19.3_@tiptap+pm@2.26.2_csstype@3.1.3_react-dom@19.2.0_react@19.2.0__react@19.2.0/node_modules/cojson/src/tests/coValueCore.loadFromStorage.test.ts [2m([22m[2m22 tests[22m[2m)[22m
 [32m✓[39m [44m[1m TS [22m[49m node_modules/.pnpm/jazz-tools@0.19.3_@tiptap+pm@2.26.2_csstype@3.1.3_react-dom@19.2.0_react@19.2.0__react@19.2.0/node_modules/cojson/src/tests/coValueCore.loadingState.test.ts [2m([22m[2m9 tests[22m[2m)[22m
 [32m✓[39m [44m[1m TS [22m[49m node_modules/.pnpm/jazz-tools@0.19.3_@tiptap+pm@2.26.2_csstype@3.1.3_react-dom@19.2.0_react@19.2.0__react@19.2.0/node_modules/cojson/src/tests/coValueCore.newContentSince.test.ts [2m([22m[2m13 tests[22m[2m)[22m
 [32m✓[39m [44m[1m TS [22m[49m node_modules/.pnpm/jazz-tools@0.19.3_@tiptap+pm@2.26.2_csstype@3.1.3_react-dom@19.2.0_react@19.2.0__react@19.2.0/node_modules/cojson/src/tests/coValueCore.test.ts [2m([22m[2m24 tests[22m[2m | [22m[33m1 skipped[39m[2m)[22m
 [32m✓[39m [44m[1m TS [22m[49m node_modules/.pnpm/jazz-tools@0.19.3_@tiptap+pm@2.26.2_csstype@3.1.3_react-dom@19.2.0_react@19.2.0__react@19.2.0/node_modules/cojson/src/tests/coreWasm.test.ts [2m([22m[2m4 tests[22m[2m)[22m
 [32m✓[39m [44m[1m TS [22m[49m node_modules/.pnpm/jazz-tools@0.19.3_@tiptap+pm@2.26.2_csstype@3.1.3_react-dom@19.2.0_react@19.2.0__react@19.2.0/node_modules/cojson/src/tests/crypto.test.ts [2m([22m[2m7 tests[22m[2m)[22m
 [32m✓[39m [44m[1m TS [22m[49m node_modules/.pnpm/jazz-tools@0.19.3_@tiptap+pm@2.26.2_csstype@3.1.3_react-dom@19.2.0_react@19.2.0__react@19.2.0/node_modules/cojson/src/tests/group.addMember.test.ts [2m([22m[2m10 tests[22m[2m)[22m
 [32m✓[39m [44m[1m TS [22m[49m node_modules/.pnpm/jazz-tools@0.19.3_@tiptap+pm@2.26.2_csstype@3.1.3_react-dom@19.2.0_react@19.2.0__react@19.2.0/node_modules/cojson/src/tests/group.childKeyRotation.test.ts [2m([22m[2m8 tests[22m[2m | [22m[33m7 skipped[39m[2m)[22m
 [32m✓[39m [44m[1m TS [22m[49m node_modules/.pnpm/jazz-tools@0.19.3_@tiptap+pm@2.26.2_csstype@3.1.3_react-dom@19.2.0_react@19.2.0__react@19.2.0/node_modules/cojson/src/tests/group.inheritance.test.ts [2m([22m[2m35 tests[22m[2m)[22m
 [32m✓[39m [44m[1m TS [22m[49m node_modules/.pnpm/jazz-tools@0.19.3_@tiptap+pm@2.26.2_csstype@3.1.3_react-dom@19.2.0_react@19.2.0__react@19.2.0/node_modules/cojson/src/tests/group.invite.test.ts [2m([22m[2m11 tests[22m[2m)[22m
 [32m✓[39m [44m[1m TS [22m[49m node_modules/.pnpm/jazz-tools@0.19.3_@tiptap+pm@2.26.2_csstype@3.1.3_react-dom@19.2.0_react@19.2.0__react@19.2.0/node_modules/cojson/src/tests/group.removeMember.test.ts [2m([22m[2m7 tests[22m[2m)[22m
 [32m✓[39m [44m[1m TS [22m[49m node_modules/.pnpm/jazz-tools@0.19.3_@tiptap+pm@2.26.2_csstype@3.1.3_react-dom@19.2.0_react@19.2.0__react@19.2.0/node_modules/cojson/src/tests/group.roleOf.test.ts [2m([22m[2m19 tests[22m[2m | [22m[33m1 skipped[39m[2m)[22m
 [32m✓[39m [44m[1m TS [22m[49m node_modules/.pnpm/jazz-tools@0.19.3_@tiptap+pm@2.26.2_csstype@3.1.3_react-dom@19.2.0_react@19.2.0__react@19.2.0/node_modules/cojson/src/tests/group.test.ts [2m([22m[2m19 tests[22m[2m)[22m
 [32m✓[39m [44m[1m TS [22m[49m node_modules/.pnpm/jazz-tools@0.19.3_@tiptap+pm@2.26.2_csstype@3.1.3_react-dom@19.2.0_react@19.2.0__react@19.2.0/node_modules/cojson/src/tests/knownState.test.ts [2m([22m[2m57 tests[22m[2m)[22m
 [32m✓[39m [44m[1m TS [22m[49m node_modules/.pnpm/jazz-tools@0.19.3_@tiptap+pm@2.26.2_csstype@3.1.3_react-dom@19.2.0_react@19.2.0__react@19.2.0/node_modules/cojson/src/tests/logger.test.ts [2m([22m[2m6 tests[22m[2m)[22m
 [32m✓[39m [44m[1m TS [22m[49m node_modules/.pnpm/jazz-tools@0.19.3_@tiptap+pm@2.26.2_csstype@3.1.3_react-dom@19.2.0_react@19.2.0__react@19.2.0/node_modules/cojson/src/tests/permissions.test.ts [2m([22m[2m78 tests[22m[2m | [22m[33m3 skipped[39m[2m)[22m
 [32m✓[39m [44m[1m TS [22m[49m node_modules/.pnpm/jazz-tools@0.19.3_@tiptap+pm@2.26.2_csstype@3.1.3_react-dom@19.2.0_react@19.2.0__react@19.2.0/node_modules/cojson/src/tests/priority.test.ts [2m([22m[2m6 tests[22m[2m)[22m
 [32m✓[39m [44m[1m TS [22m[49m node_modules/.pnpm/jazz-tools@0.19.3_@tiptap+pm@2.26.2_csstype@3.1.3_react-dom@19.2.0_react@19.2.0__react@19.2.0/node_modules/cojson/src/tests/sync.auth.test.ts [2m([22m[2m4 tests[22m[2m)[22m
 [32m✓[39m [44m[1m TS [22m[49m node_modules/.pnpm/jazz-tools@0.19.3_@tiptap+pm@2.26.2_csstype@3.1.3_react-dom@19.2.0_react@19.2.0__react@19.2.0/node_modules/cojson/src/tests/sync.content.test.ts [2m([22m[2m2 tests[22m[2m)[22m
 [32m✓[39m [44m[1m TS [22m[49m node_modules/.pnpm/jazz-tools@0.19.3_@tiptap+pm@2.26.2_csstype@3.1.3_react-dom@19.2.0_react@19.2.0__react@19.2.0/node_modules/cojson/src/tests/sync.garbageCollection.test.ts [2m([22m[2m3 tests[22m[2m)[22m
 [32m✓[39m [44m[1m TS [22m[49m node_modules/.pnpm/jazz-tools@0.19.3_@tiptap+pm@2.26.2_csstype@3.1.3_react-dom@19.2.0_react@19.2.0__react@19.2.0/node_modules/cojson/src/tests/sync.invite.test.ts [2m([22m[2m3 tests[22m[2m)[22m
 [32m✓[39m [44m[1m TS [22m[49m node_modules/.pnpm/jazz-tools@0.19.3_@tiptap+pm@2.26.2_csstype@3.1.3_react-dom@19.2.0_react@19.2.0__react@19.2.0/node_modules/cojson/src/tests/sync.known.test.ts [2m([22m[2m2 tests[22m[2m)[22m
 [32m✓[39m [44m[1m TS [22m[49m node_modules/.pnpm/jazz-tools@0.19.3_@tiptap+pm@2.26.2_csstype@3.1.3_react-dom@19.2.0_react@19.2.0__react@19.2.0/node_modules/cojson/src/tests/sync.load.test.ts [2m([22m[2m29 tests[22m[2m)[22m
 [32m✓[39m [44m[1m TS [22m[49m node_modules/.pnpm/jazz-tools@0.19.3_@tiptap+pm@2.26.2_csstype@3.1.3_react-dom@19.2.0_react@19.2.0__react@19.2.0/node_modules/cojson/src/tests/sync.mesh.test.ts [2m([22m[2m8 tests[22m[2m)[22m
 [32m✓[39m [44m[1m TS [22m[49m node_modules/.pnpm/jazz-tools@0.19.3_@tiptap+pm@2.26.2_csstype@3.1.3_react-dom@19.2.0_react@19.2.0__react@19.2.0/node_modules/cojson/src/tests/sync.multipleServers.test.ts [2m([22m[2m8 tests[22m[2m)[22m
 [32m✓[39m [44m[1m TS [22m[49m node_modules/.pnpm/jazz-tools@0.19.3_@tiptap+pm@2.26.2_csstype@3.1.3_react-dom@19.2.0_react@19.2.0__react@19.2.0/node_modules/cojson/src/tests/sync.peerReconciliation.test.ts [2m([22m[2m6 tests[22m[2m | [22m[33m1 skipped[39m[2m)[22m
 [32m✓[39m [44m[1m TS [22m[49m node_modules/.pnpm/jazz-tools@0.19.3_@tiptap+pm@2.26.2_csstype@3.1.3_react-dom@19.2.0_react@19.2.0__react@19.2.0/node_modules/cojson/src/tests/sync.sharding.test.ts [2m([22m[2m9 tests[22m[2m)[22m
 [32m✓[39m [44m[1m TS [22m[49m node_modules/.pnpm/jazz-tools@0.19.3_@tiptap+pm@2.26.2_csstype@3.1.3_react-dom@19.2.0_react@19.2.0__react@19.2.0/node_modules/cojson/src/tests/sync.storage.test.ts [2m([22m[2m14 tests[22m[2m)[22m
 [32m✓[39m [44m[1m TS [22m[49m node_modules/.pnpm/jazz-tools@0.19.3_@tiptap+pm@2.26.2_csstype@3.1.3_react-dom@19.2.0_react@19.2.0__react@19.2.0/node_modules/cojson/src/tests/sync.storageAsync.test.ts [2m([22m[2m12 tests[22m[2m)[22m
 [32m✓[39m [44m[1m TS [22m[49m node_modules/.pnpm/jazz-tools@0.19.3_@tiptap+pm@2.26.2_csstype@3.1.3_react-dom@19.2.0_react@19.2.0__react@19.2.0/node_modules/cojson/src/tests/sync.test.ts [2m([22m[2m33 tests[22m[2m)[22m
 [32m✓[39m [44m[1m TS [22m[49m node_modules/.pnpm/jazz-tools@0.19.3_@tiptap+pm@2.26.2_csstype@3.1.3_react-dom@19.2.0_react@19.2.0__react@19.2.0/node_modules/cojson/src/tests/sync.upload.test.ts [2m([22m[2m11 tests[22m[2m)[22m
 [32m✓[39m [44m[1m TS [22m[49m node_modules/.pnpm/jazz-tools@0.18.24_@tiptap+pm@2.26.2_csstype@3.1.3_react-dom@19.2.0_react@19.2.0__react@19.2.0/node_modules/cojson/src/tests/GarbageCollector.test.ts [2m([22m[2m5 tests[22m[2m)[22m
 [32m✓[39m [44m[1m TS [22m[49m node_modules/.pnpm/jazz-tools@0.18.24_@tiptap+pm@2.26.2_csstype@3.1.3_react-dom@19.2.0_react@19.2.0__react@19.2.0/node_modules/cojson/src/tests/IncomingMessagesQueue.test.ts [2m([22m[2m30 tests[22m[2m)[22m
 [32m✓[39m [44m[1m TS [22m[49m node_modules/.pnpm/jazz-tools@0.18.24_@tiptap+pm@2.26.2_csstype@3.1.3_react-dom@19.2.0_react@19.2.0__react@19.2.0/node_modules/cojson/src/tests/LinkedList.test.ts [2m([22m[2m9 tests[22m[2m)[22m
 [32m✓[39m [44m[1m TS [22m[49m node_modules/.pnpm/jazz-tools@0.18.24_@tiptap+pm@2.26.2_csstype@3.1.3_react-dom@19.2.0_react@19.2.0__react@19.2.0/node_modules/cojson/src/tests/PeerKnownStates.test.ts [2m([22m[2m7 tests[22m[2m)[22m
 [32m✓[39m [44m[1m TS [22m[49m node_modules/.pnpm/jazz-tools@0.18.24_@tiptap+pm@2.26.2_csstype@3.1.3_react-dom@19.2.0_react@19.2.0__react@19.2.0/node_modules/cojson/src/tests/PeerState.test.ts [2m([22m[2m6 tests[22m[2m)[22m
 [32m✓[39m [44m[1m TS [22m[49m node_modules/.pnpm/jazz-tools@0.18.24_@tiptap+pm@2.26.2_csstype@3.1.3_react-dom@19.2.0_react@19.2.0__react@19.2.0/node_modules/cojson/src/tests/PriorityBasedMessageQueue.test.ts [2m([22m[2m8 tests[22m[2m)[22m
 [32m✓[39m [44m[1m TS [22m[49m node_modules/.pnpm/jazz-tools@0.18.24_@tiptap+pm@2.26.2_csstype@3.1.3_react-dom@19.2.0_react@19.2.0__react@19.2.0/node_modules/cojson/src/tests/PureJSCrypto.test.ts [2m([22m[2m7 tests[22m[2m)[22m
 [32m✓[39m [44m[1m TS [22m[49m node_modules/.pnpm/jazz-tools@0.18.24_@tiptap+pm@2.26.2_csstype@3.1.3_react-dom@19.2.0_react@19.2.0__react@19.2.0/node_modules/cojson/src/tests/StorageApiAsync.test.ts [2m([22m[2m19 tests[22m[2m)[22m
 [32m✓[39m [44m[1m TS [22m[49m node_modules/.pnpm/jazz-tools@0.18.24_@tiptap+pm@2.26.2_csstype@3.1.3_react-dom@19.2.0_react@19.2.0__react@19.2.0/node_modules/cojson/src/tests/StorageApiSync.test.ts [2m([22m[2m16 tests[22m[2m)[22m
 [32m✓[39m [44m[1m TS [22m[49m node_modules/.pnpm/jazz-tools@0.18.24_@tiptap+pm@2.26.2_csstype@3.1.3_react-dom@19.2.0_react@19.2.0__react@19.2.0/node_modules/cojson/src/tests/StoreQueue.test.ts [2m([22m[2m15 tests[22m[2m)[22m
 [32m✓[39m [44m[1m TS [22m[49m node_modules/.pnpm/jazz-tools@0.18.24_@tiptap+pm@2.26.2_csstype@3.1.3_react-dom@19.2.0_react@19.2.0__react@19.2.0/node_modules/cojson/src/tests/SyncStateManager.test.ts [2m([22m[2m9 tests[22m[2m)[22m
 [32m✓[39m [44m[1m TS [22m[49m node_modules/.pnpm/jazz-tools@0.18.24_@tiptap+pm@2.26.2_csstype@3.1.3_react-dom@19.2.0_react@19.2.0__react@19.2.0/node_modules/cojson/src/tests/WasmCrypto.test.ts [2m([22m[2m7 tests[22m[2m)[22m
 [32m✓[39m [44m[1m TS [22m[49m node_modules/.pnpm/jazz-tools@0.18.24_@tiptap+pm@2.26.2_csstype@3.1.3_react-dom@19.2.0_react@19.2.0__react@19.2.0/node_modules/cojson/src/tests/account.test.ts [2m([22m[2m12 tests[22m[2m)[22m
 [32m✓[39m [44m[1m TS [22m[49m node_modules/.pnpm/jazz-tools@0.18.24_@tiptap+pm@2.26.2_csstype@3.1.3_react-dom@19.2.0_react@19.2.0__react@19.2.0/node_modules/cojson/src/tests/branching.test.ts [2m([22m[2m21 tests[22m[2m)[22m
 [32m✓[39m [44m[1m TS [22m[49m node_modules/.pnpm/jazz-tools@0.18.24_@tiptap+pm@2.26.2_csstype@3.1.3_react-dom@19.2.0_react@19.2.0__react@19.2.0/node_modules/cojson/src/tests/coList.test.ts [2m([22m[2m28 tests[22m[2m)[22m
 [32m✓[39m [44m[1m TS [22m[49m node_modules/.pnpm/jazz-tools@0.18.24_@tiptap+pm@2.26.2_csstype@3.1.3_react-dom@19.2.0_react@19.2.0__react@19.2.0/node_modules/cojson/src/tests/coMap.test.ts [2m([22m[2m8 tests[22m[2m)[22m
 [32m✓[39m [44m[1m TS [22m[49m node_modules/.pnpm/jazz-tools@0.18.24_@tiptap+pm@2.26.2_csstype@3.1.3_react-dom@19.2.0_react@19.2.0__react@19.2.0/node_modules/cojson/src/tests/coPlainText.test.ts [2m([22m[2m13 tests[22m[2m)[22m
 [32m✓[39m [44m[1m TS [22m[49m node_modules/.pnpm/jazz-tools@0.18.24_@tiptap+pm@2.26.2_csstype@3.1.3_react-dom@19.2.0_react@19.2.0__react@19.2.0/node_modules/cojson/src/tests/coStream.test.ts [2m([22m[2m14 tests[22m[2m)[22m
 [32m✓[39m [44m[1m TS [22m[49m node_modules/.pnpm/jazz-tools@0.18.24_@tiptap+pm@2.26.2_csstype@3.1.3_react-dom@19.2.0_react@19.2.0__react@19.2.0/node_modules/cojson/src/tests/coValueContentMessage.test.ts [2m([22m[2m7 tests[22m[2m)[22m
 [32m✓[39m [44m[1m TS [22m[49m node_modules/.pnpm/jazz-tools@0.18.24_@tiptap+pm@2.26.2_csstype@3.1.3_react-dom@19.2.0_react@19.2.0__react@19.2.0/node_modules/cojson/src/tests/coValueCore.dependencies.test.ts [2m([22m[2m5 tests[22m[2m)[22m
 [32m✓[39m [44m[1m TS [22m[49m node_modules/.pnpm/jazz-tools@0.18.24_@tiptap+pm@2.26.2_csstype@3.1.3_react-dom@19.2.0_react@19.2.0__react@19.2.0/node_modules/cojson/src/tests/coValueCore.test.ts [2m([22m[2m22 tests[22m[2m)[22m
 [32m✓[39m [44m[1m TS [22m[49m node_modules/.pnpm/jazz-tools@0.18.24_@tiptap+pm@2.26.2_csstype@3.1.3_react-dom@19.2.0_react@19.2.0__react@19.2.0/node_modules/cojson/src/tests/coValueCoreLoadingState.test.ts [2m([22m[2m9 tests[22m[2m)[22m
 [32m✓[39m [44m[1m TS [22m[49m node_modules/.pnpm/jazz-tools@0.18.24_@tiptap+pm@2.26.2_csstype@3.1.3_react-dom@19.2.0_react@19.2.0__react@19.2.0/node_modules/cojson/src/tests/coreWasm.test.ts [2m([22m[2m4 tests[22m[2m)[22m
 [32m✓[39m [44m[1m TS [22m[49m node_modules/.pnpm/jazz-tools@0.18.24_@tiptap+pm@2.26.2_csstype@3.1.3_react-dom@19.2.0_react@19.2.0__react@19.2.0/node_modules/cojson/src/tests/crypto.test.ts [2m([22m[2m7 tests[22m[2m)[22m
 [32m✓[39m [44m[1m TS [22m[49m node_modules/.pnpm/jazz-tools@0.18.24_@tiptap+pm@2.26.2_csstype@3.1.3_react-dom@19.2.0_react@19.2.0__react@19.2.0/node_modules/cojson/src/tests/group.addMember.test.ts [2m([22m[2m12 tests[22m[2m)[22m
 [32m✓[39m [44m[1m TS [22m[49m node_modules/.pnpm/jazz-tools@0.18.24_@tiptap+pm@2.26.2_csstype@3.1.3_react-dom@19.2.0_react@19.2.0__react@19.2.0/node_modules/cojson/src/tests/group.inheritance.test.ts [2m([22m[2m32 tests[22m[2m)[22m
 [32m✓[39m [44m[1m TS [22m[49m node_modules/.pnpm/jazz-tools@0.18.24_@tiptap+pm@2.26.2_csstype@3.1.3_react-dom@19.2.0_react@19.2.0__react@19.2.0/node_modules/cojson/src/tests/group.invite.test.ts [2m([22m[2m9 tests[22m[2m)[22m
 [32m✓[39m [44m[1m TS [22m[49m node_modules/.pnpm/jazz-tools@0.18.24_@tiptap+pm@2.26.2_csstype@3.1.3_react-dom@19.2.0_react@19.2.0__react@19.2.0/node_modules/cojson/src/tests/group.removeMember.test.ts [2m([22m[2m10 tests[22m[2m)[22m
 [32m✓[39m [44m[1m TS [22m[49m node_modules/.pnpm/jazz-tools@0.18.24_@tiptap+pm@2.26.2_csstype@3.1.3_react-dom@19.2.0_react@19.2.0__react@19.2.0/node_modules/cojson/src/tests/group.roleOf.test.ts [2m([22m[2m19 tests[22m[2m | [22m[33m1 skipped[39m[2m)[22m
 [32m✓[39m [44m[1m TS [22m[49m node_modules/.pnpm/jazz-tools@0.18.24_@tiptap+pm@2.26.2_csstype@3.1.3_react-dom@19.2.0_react@19.2.0__react@19.2.0/node_modules/cojson/src/tests/group.test.ts [2m([22m[2m19 tests[22m[2m)[22m
 [32m✓[39m [44m[1m TS [22m[49m node_modules/.pnpm/jazz-tools@0.18.24_@tiptap+pm@2.26.2_csstype@3.1.3_react-dom@19.2.0_react@19.2.0__react@19.2.0/node_modules/cojson/src/tests/logger.test.ts [2m([22m[2m6 tests[22m[2m)[22m
 [32m✓[39m [44m[1m TS [22m[49m node_modules/.pnpm/jazz-tools@0.18.24_@tiptap+pm@2.26.2_csstype@3.1.3_react-dom@19.2.0_react@19.2.0__react@19.2.0/node_modules/cojson/src/tests/permissions.test.ts [2m([22m[2m84 tests[22m[2m | [22m[33m3 skipped[39m[2m)[22m
 [32m✓[39m [44m[1m TS [22m[49m node_modules/.pnpm/jazz-tools@0.18.24_@tiptap+pm@2.26.2_csstype@3.1.3_react-dom@19.2.0_react@19.2.0__react@19.2.0/node_modules/cojson/src/tests/priority.test.ts [2m([22m[2m6 tests[22m[2m)[22m
 [32m✓[39m [44m[1m TS [22m[49m node_modules/.pnpm/jazz-tools@0.18.24_@tiptap+pm@2.26.2_csstype@3.1.3_react-dom@19.2.0_react@19.2.0__react@19.2.0/node_modules/cojson/src/tests/sync.auth.test.ts [2m([22m[2m4 tests[22m[2m)[22m
 [32m✓[39m [44m[1m TS [22m[49m node_modules/.pnpm/jazz-tools@0.18.24_@tiptap+pm@2.26.2_csstype@3.1.3_react-dom@19.2.0_react@19.2.0__react@19.2.0/node_modules/cojson/src/tests/sync.content.test.ts [2m([22m[2m2 tests[22m[2m)[22m
 [32m✓[39m [44m[1m TS [22m[49m node_modules/.pnpm/jazz-tools@0.18.24_@tiptap+pm@2.26.2_csstype@3.1.3_react-dom@19.2.0_react@19.2.0__react@19.2.0/node_modules/cojson/src/tests/sync.garbageCollection.test.ts [2m([22m[2m3 tests[22m[2m)[22m
 [32m✓[39m [44m[1m TS [22m[49m node_modules/.pnpm/jazz-tools@0.18.24_@tiptap+pm@2.26.2_csstype@3.1.3_react-dom@19.2.0_react@19.2.0__react@19.2.0/node_modules/cojson/src/tests/sync.invite.test.ts [2m([22m[2m3 tests[22m[2m)[22m
 [32m✓[39m [44m[1m TS [22m[49m node_modules/.pnpm/jazz-tools@0.18.24_@tiptap+pm@2.26.2_csstype@3.1.3_react-dom@19.2.0_react@19.2.0__react@19.2.0/node_modules/cojson/src/tests/sync.known.test.ts [2m([22m[2m2 tests[22m[2m)[22m
 [32m✓[39m [44m[1m TS [22m[49m node_modules/.pnpm/jazz-tools@0.18.24_@tiptap+pm@2.26.2_csstype@3.1.3_react-dom@19.2.0_react@19.2.0__react@19.2.0/node_modules/cojson/src/tests/sync.load.test.ts [2m([22m[2m28 tests[22m[2m)[22m
 [32m✓[39m [44m[1m TS [22m[49m node_modules/.pnpm/jazz-tools@0.18.24_@tiptap+pm@2.26.2_csstype@3.1.3_react-dom@19.2.0_react@19.2.0__react@19.2.0/node_modules/cojson/src/tests/sync.mesh.test.ts [2m([22m[2m8 tests[22m[2m)[22m
 [32m✓[39m [44m[1m TS [22m[49m node_modules/.pnpm/jazz-tools@0.18.24_@tiptap+pm@2.26.2_csstype@3.1.3_react-dom@19.2.0_react@19.2.0__react@19.2.0/node_modules/cojson/src/tests/sync.peerReconciliation.test.ts [2m([22m[2m6 tests[22m[2m | [22m[33m1 skipped[39m[2m)[22m
 [32m✓[39m [44m[1m TS [22m[49m node_modules/.pnpm/jazz-tools@0.18.24_@tiptap+pm@2.26.2_csstype@3.1.3_react-dom@19.2.0_react@19.2.0__react@19.2.0/node_modules/cojson/src/tests/sync.sharding.test.ts [2m([22m[2m9 tests[22m[2m)[22m
 [32m✓[39m [44m[1m TS [22m[49m node_modules/.pnpm/jazz-tools@0.18.24_@tiptap+pm@2.26.2_csstype@3.1.3_react-dom@19.2.0_react@19.2.0__react@19.2.0/node_modules/cojson/src/tests/sync.storage.test.ts [2m([22m[2m13 tests[22m[2m)[22m
 [32m✓[39m [44m[1m TS [22m[49m node_modules/.pnpm/jazz-tools@0.18.24_@tiptap+pm@2.26.2_csstype@3.1.3_react-dom@19.2.0_react@19.2.0__react@19.2.0/node_modules/cojson/src/tests/sync.storageAsync.test.ts [2m([22m[2m10 tests[22m[2m)[22m
 [32m✓[39m [44m[1m TS [22m[49m node_modules/.pnpm/jazz-tools@0.18.24_@tiptap+pm@2.26.2_csstype@3.1.3_react-dom@19.2.0_react@19.2.0__react@19.2.0/node_modules/cojson/src/tests/sync.test.ts [2m([22m[2m34 tests[22m[2m)[22m
 [32m✓[39m [44m[1m TS [22m[49m node_modules/.pnpm/jazz-tools@0.18.24_@tiptap+pm@2.26.2_csstype@3.1.3_react-dom@19.2.0_react@19.2.0__react@19.2.0/node_modules/cojson/src/tests/sync.upload.test.ts [2m([22m[2m10 tests[22m[2m)[22m
 [32m✓[39m [44m[1m TS [22m[49m node_modules/.pnpm/jazz-tools@0.18.24_@tiptap+pm@2.26.2_csstype@3.1.3_react-dom@19.2.0_react@19.2.0__react@19.2.0/node_modules/cojson-transport-ws/src/tests/BatchedOutgoingMessages.test.ts [2m([22m[2m1 test[22m[2m)[22m
 [32m✓[39m [44m[1m TS [22m[49m node_modules/.pnpm/jazz-tools@0.18.24_@tiptap+pm@2.26.2_csstype@3.1.3_react-dom@19.2.0_react@19.2.0__react@19.2.0/node_modules/cojson-transport-ws/src/tests/WebSocketPeerWithReconnection.test.ts [2m([22m[2m11 tests[22m[2m)[22m
 [32m✓[39m [44m[1m TS [22m[49m node_modules/.pnpm/jazz-tools@0.18.24_@tiptap+pm@2.26.2_csstype@3.1.3_react-dom@19.2.0_react@19.2.0__react@19.2.0/node_modules/cojson-transport-ws/src/tests/createWebSocketPeer.test.ts [2m([22m[2m18 tests[22m[2m)[22m
 [32m✓[39m [44m[1m TS [22m[49m node_modules/.pnpm/jazz-tools@0.18.24_@tiptap+pm@2.26.2_csstype@3.1.3_react-dom@19.2.0_react@19.2.0__react@19.2.0/node_modules/cojson-transport-ws/src/tests/webSocket.integration.test.ts [2m([22m[2m5 tests[22m[2m)[22m
 [32m✓[39m [44m[1m TS [22m[49m node_modules/.pnpm/jazz-tools@0.18.24_@tiptap+pm@2.26.2_csstype@3.1.3_react-dom@19.2.0_react@19.2.0__react@19.2.0/node_modules/cojson-storage-indexeddb/src/tests/CoJsonIDBTransaction.test.ts [2m([22m[2m4 tests[22m[2m)[22m
 [32m✓[39m [44m[1m TS [22m[49m node_modules/.pnpm/jazz-tools@0.18.24_@tiptap+pm@2.26.2_csstype@3.1.3_react-dom@19.2.0_react@19.2.0__react@19.2.0/node_modules/cojson-storage-indexeddb/src/tests/storage.indexeddb.test.ts [2m([22m[2m8 tests[22m[2m)[22m
 [32m✓[39m [44m[1m TS [22m[49m node_modules/.pnpm/node_modules/@apideck/better-ajv-errors/src/index.test.ts [2m([22m[2m15 tests[22m[2m)[22m
 [32m✓[39m [44m[1m TS [22m[49m node_modules/.pnpm/node_modules/@radix-ui/react-alert-dialog/src/alert-dialog.test.tsx [2m([22m[2m4 tests[22m[2m)[22m
 [32m✓[39m [44m[1m TS [22m[49m node_modules/.pnpm/node_modules/@radix-ui/react-one-time-password-field/src/one-time-password-field.test.tsx [2m([22m[2m4 tests[22m[2m | [22m[33m1 skipped[39m[2m)[22m
 [32m✓[39m [44m[1m TS [22m[49m node_modules/.pnpm/node_modules/@radix-ui/react-password-toggle-field/src/password-toggle-field.test.tsx [2m([22m[2m14 tests[22m[2m)[22m
 [32m✓[39m [44m[1m TS [22m[49m node_modules/.pnpm/@ai-sdk+provider-utils@3.0.11_zod@4.1.12/node_modules/zod/src/v3/tests/all-errors.test.ts [2m([22m[2m6 tests[22m[2m)[22m
 [32m✓[39m [44m[1m TS [22m[49m node_modules/.pnpm/@ai-sdk+provider-utils@3.0.11_zod@4.1.12/node_modules/zod/src/v3/tests/anyunknown.test.ts [2m([22m[2m3 tests[22m[2m)[22m
 [32m✓[39m [44m[1m TS [22m[49m node_modules/.pnpm/@ai-sdk+provider-utils@3.0.11_zod@4.1.12/node_modules/zod/src/v3/tests/array.test.ts [2m([22m[2m6 tests[22m[2m)[22m
 [32m✓[39m [44m[1m TS [22m[49m node_modules/.pnpm/@ai-sdk+provider-utils@3.0.11_zod@4.1.12/node_modules/zod/src/v3/tests/async-parsing.test.ts [2m([22m[2m24 tests[22m[2m)[22m
 [32m✓[39m [44m[1m TS [22m[49m node_modules/.pnpm/@ai-sdk+provider-utils@3.0.11_zod@4.1.12/node_modules/zod/src/v3/tests/async-refinements.test.ts [2m([22m[2m4 tests[22m[2m)[22m
 [32m✓[39m [44m[1m TS [22m[49m node_modules/.pnpm/@ai-sdk+provider-utils@3.0.11_zod@4.1.12/node_modules/zod/src/v3/tests/base.test.ts [2m([22m[2m2 tests[22m[2m)[22m
 [32m✓[39m [44m[1m TS [22m[49m node_modules/.pnpm/@ai-sdk+provider-utils@3.0.11_zod@4.1.12/node_modules/zod/src/v3/tests/bigint.test.ts [2m([22m[2m3 tests[22m[2m)[22m
 [32m✓[39m [44m[1m TS [22m[49m node_modules/.pnpm/@ai-sdk+provider-utils@3.0.11_zod@4.1.12/node_modules/zod/src/v3/tests/branded.test.ts [2m([22m[2m1 test[22m[2m)[22m
 [32m✓[39m [44m[1m TS [22m[49m node_modules/.pnpm/@ai-sdk+provider-utils@3.0.11_zod@4.1.12/node_modules/zod/src/v3/tests/catch.test.ts [2m([22m[2m17 tests[22m[2m)[22m
 [32m✓[39m [44m[1m TS [22m[49m node_modules/.pnpm/@ai-sdk+provider-utils@3.0.11_zod@4.1.12/node_modules/zod/src/v3/tests/coerce.test.ts [2m([22m[2m5 tests[22m[2m)[22m
 [32m✓[39m [44m[1m TS [22m[49m node_modules/.pnpm/@ai-sdk+provider-utils@3.0.11_zod@4.1.12/node_modules/zod/src/v3/tests/complex.test.ts [2m([22m[2m1 test[22m[2m)[22m
 [32m✓[39m [44m[1m TS [22m[49m node_modules/.pnpm/@ai-sdk+provider-utils@3.0.11_zod@4.1.12/node_modules/zod/src/v3/tests/custom.test.ts [2m([22m[2m3 tests[22m[2m)[22m
 [32m✓[39m [44m[1m TS [22m[49m node_modules/.pnpm/@ai-sdk+provider-utils@3.0.11_zod@4.1.12/node_modules/zod/src/v3/tests/date.test.ts [2m([22m[2m3 tests[22m[2m)[22m
 [32m✓[39m [44m[1m TS [22m[49m node_modules/.pnpm/@ai-sdk+provider-utils@3.0.11_zod@4.1.12/node_modules/zod/src/v3/tests/deepmasking.test.ts [2m([22m[2m1 test[22m[2m)[22m
 [32m✓[39m [44m[1m TS [22m[49m node_modules/.pnpm/@ai-sdk+provider-utils@3.0.11_zod@4.1.12/node_modules/zod/src/v3/tests/default.test.ts [2m([22m[2m11 tests[22m[2m)[22m
 [32m✓[39m [44m[1m TS [22m[49m node_modules/.pnpm/@ai-sdk+provider-utils@3.0.11_zod@4.1.12/node_modules/zod/src/v3/tests/description.test.ts [2m([22m[2m4 tests[22m[2m)[22m
 [32m✓[39m [44m[1m TS [22m[49m node_modules/.pnpm/@ai-sdk+provider-utils@3.0.11_zod@4.1.12/node_modules/zod/src/v3/tests/discriminated-unions.test.ts [2m([22m[2m14 tests[22m[2m)[22m
 [32m✓[39m [44m[1m TS [22m[49m node_modules/.pnpm/@ai-sdk+provider-utils@3.0.11_zod@4.1.12/node_modules/zod/src/v3/tests/enum.test.ts [2m([22m[2m8 tests[22m[2m)[22m
 [32m✓[39m [44m[1m TS [22m[49m node_modules/.pnpm/@ai-sdk+provider-utils@3.0.11_zod@4.1.12/node_modules/zod/src/v3/tests/error.test.ts [2m([22m[2m29 tests[22m[2m)[22m
 [32m✓[39m [44m[1m TS [22m[49m node_modules/.pnpm/@ai-sdk+provider-utils@3.0.11_zod@4.1.12/node_modules/zod/src/v3/tests/firstparty.test.ts [2m([22m[2m1 test[22m[2m)[22m
 [32m✓[39m [44m[1m TS [22m[49m node_modules/.pnpm/@ai-sdk+provider-utils@3.0.11_zod@4.1.12/node_modules/zod/src/v3/tests/firstpartyschematypes.test.ts [2m([22m[2m1 test[22m[2m)[22m
 [32m✓[39m [44m[1m TS [22m[49m node_modules/.pnpm/@ai-sdk+provider-utils@3.0.11_zod@4.1.12/node_modules/zod/src/v3/tests/function.test.ts [2m([22m[2m18 tests[22m[2m)[22m
 [32m✓[39m [44m[1m TS [22m[49m node_modules/.pnpm/@ai-sdk+provider-utils@3.0.11_zod@4.1.12/node_modules/zod/src/v3/tests/generics.test.ts [2m([22m[2m2 tests[22m[2m)[22m
 [32m✓[39m [44m[1m TS [22m[49m node_modules/.pnpm/@ai-sdk+provider-utils@3.0.11_zod@4.1.12/node_modules/zod/src/v3/tests/instanceof.test.ts [2m([22m[2m2 tests[22m[2m)[22m
 [32m✓[39m [44m[1m TS [22m[49m node_modules/.pnpm/@ai-sdk+provider-utils@3.0.11_zod@4.1.12/node_modules/zod/src/v3/tests/intersection.test.ts [2m([22m[2m5 tests[22m[2m)[22m
 [32m✓[39m [44m[1m TS [22m[49m node_modules/.pnpm/@ai-sdk+provider-utils@3.0.11_zod@4.1.12/node_modules/zod/src/v3/tests/language-server.test.ts [2m([22m[2m1 test[22m[2m)[22m
 [32m✓[39m [44m[1m TS [22m[49m node_modules/.pnpm/@ai-sdk+provider-utils@3.0.11_zod@4.1.12/node_modules/zod/src/v3/tests/literal.test.ts [2m([22m[2m3 tests[22m[2m)[22m
 [32m✓[39m [44m[1m TS [22m[49m node_modules/.pnpm/@ai-sdk+provider-utils@3.0.11_zod@4.1.12/node_modules/zod/src/v3/tests/map.test.ts [2m([22m[2m7 tests[22m[2m)[22m
 [32m✓[39m [44m[1m TS [22m[49m node_modules/.pnpm/@ai-sdk+provider-utils@3.0.11_zod@4.1.12/node_modules/zod/src/v3/tests/masking.test.ts [2m([22m[2m1 test[22m[2m)[22m
 [32m✓[39m [44m[1m TS [22m[49m node_modules/.pnpm/@ai-sdk+provider-utils@3.0.11_zod@4.1.12/node_modules/zod/src/v3/tests/mocker.test.ts [2m([22m[2m1 test[22m[2m)[22m
 [32m✓[39m [44m[1m TS [22m[49m node_modules/.pnpm/@ai-sdk+provider-utils@3.0.11_zod@4.1.12/node_modules/zod/src/v3/tests/nan.test.ts [2m([22m[2m2 tests[22m[2m)[22m
 [32m✓[39m [44m[1m TS [22m[49m node_modules/.pnpm/@ai-sdk+provider-utils@3.0.11_zod@4.1.12/node_modules/zod/src/v3/tests/nativeEnum.test.ts [2m([22m[2m5 tests[22m[2m)[22m
 [32m✓[39m [44m[1m TS [22m[49m node_modules/.pnpm/@ai-sdk+provider-utils@3.0.11_zod@4.1.12/node_modules/zod/src/v3/tests/nullable.test.ts [2m([22m[2m2 tests[22m[2m)[22m
 [32m✓[39m [44m[1m TS [22m[49m node_modules/.pnpm/@ai-sdk+provider-utils@3.0.11_zod@4.1.12/node_modules/zod/src/v3/tests/number.test.ts [2m([22m[2m6 tests[22m[2m)[22m
 [32m✓[39m [44m[1m TS [22m[49m node_modules/.pnpm/@ai-sdk+provider-utils@3.0.11_zod@4.1.12/node_modules/zod/src/v3/tests/object-augmentation.test.ts [2m([22m[2m1 test[22m[2m)[22m
 [32m✓[39m [44m[1m TS [22m[49m node_modules/.pnpm/@ai-sdk+provider-utils@3.0.11_zod@4.1.12/node_modules/zod/src/v3/tests/object-in-es5-env.test.ts [2m([22m[2m3 tests[22m[2m)[22m
 [32m✓[39m [44m[1m TS [22m[49m node_modules/.pnpm/@ai-sdk+provider-utils@3.0.11_zod@4.1.12/node_modules/zod/src/v3/tests/object.test.ts [2m([22m[2m37 tests[22m[2m)[22m
 [32m✓[39m [44m[1m TS [22m[49m node_modules/.pnpm/@ai-sdk+provider-utils@3.0.11_zod@4.1.12/node_modules/zod/src/v3/tests/optional.test.ts [2m([22m[2m2 tests[22m[2m)[22m
 [32m✓[39m [44m[1m TS [22m[49m node_modules/.pnpm/@ai-sdk+provider-utils@3.0.11_zod@4.1.12/node_modules/zod/src/v3/tests/parseUtil.test.ts [2m([22m[2m1 test[22m[2m)[22m
 [32m✓[39m [44m[1m TS [22m[49m node_modules/.pnpm/@ai-sdk+provider-utils@3.0.11_zod@4.1.12/node_modules/zod/src/v3/tests/parser.test.ts [2m([22m[2m8 tests[22m[2m)[22m
 [32m✓[39m [44m[1m TS [22m[49m node_modules/.pnpm/@ai-sdk+provider-utils@3.0.11_zod@4.1.12/node_modules/zod/src/v3/tests/partials.test.ts [2m([22m[2m15 tests[22m[2m)[22m
 [32m✓[39m [44m[1m TS [22m[49m node_modules/.pnpm/@ai-sdk+provider-utils@3.0.11_zod@4.1.12/node_modules/zod/src/v3/tests/pickomit.test.ts [2m([22m[2m10 tests[22m[2m)[22m
 [32m✓[39m [44m[1m TS [22m[49m node_modules/.pnpm/@ai-sdk+provider-utils@3.0.11_zod@4.1.12/node_modules/zod/src/v3/tests/pipeline.test.ts [2m([22m[2m3 tests[22m[2m)[22m
 [32m✓[39m [44m[1m TS [22m[49m node_modules/.pnpm/@ai-sdk+provider-utils@3.0.11_zod@4.1.12/node_modules/zod/src/v3/tests/preprocess.test.ts [2m([22m[2m10 tests[22m[2m)[22m
 [32m✓[39m [44m[1m TS [22m[49m node_modules/.pnpm/@ai-sdk+provider-utils@3.0.11_zod@4.1.12/node_modules/zod/src/v3/tests/primitive.test.ts [2m([22m[2m71 tests[22m[2m)[22m
 [32m✓[39m [44m[1m TS [22m[49m node_modules/.pnpm/@ai-sdk+provider-utils@3.0.11_zod@4.1.12/node_modules/zod/src/v3/tests/promise.test.ts [2m([22m[2m10 tests[22m[2m)[22m
 [32m✓[39m [44m[1m TS [22m[49m node_modules/.pnpm/@ai-sdk+provider-utils@3.0.11_zod@4.1.12/node_modules/zod/src/v3/tests/readonly.test.ts [2m([22m[2m3 tests[22m[2m)[22m
 [32m✓[39m [44m[1m TS [22m[49m node_modules/.pnpm/@ai-sdk+provider-utils@3.0.11_zod@4.1.12/node_modules/zod/src/v3/tests/record.test.ts [2m([22m[2m10 tests[22m[2m)[22m
 [32m✓[39m [44m[1m TS [22m[49m node_modules/.pnpm/@ai-sdk+provider-utils@3.0.11_zod@4.1.12/node_modules/zod/src/v3/tests/recursive.test.ts [2m([22m[2m4 tests[22m[2m)[22m
 [32m✓[39m [44m[1m TS [22m[49m node_modules/.pnpm/@ai-sdk+provider-utils@3.0.11_zod@4.1.12/node_modules/zod/src/v3/tests/refine.test.ts [2m([22m[2m14 tests[22m[2m)[22m
 [32m✓[39m [44m[1m TS [22m[49m node_modules/.pnpm/@ai-sdk+provider-utils@3.0.11_zod@4.1.12/node_modules/zod/src/v3/tests/safeparse.test.ts [2m([22m[2m3 tests[22m[2m)[22m
 [32m✓[39m [44m[1m TS [22m[49m node_modules/.pnpm/@ai-sdk+provider-utils@3.0.11_zod@4.1.12/node_modules/zod/src/v3/tests/set.test.ts [2m([22m[2m11 tests[22m[2m)[22m
 [32m✓[39m [44m[1m TS [22m[49m node_modules/.pnpm/@ai-sdk+provider-utils@3.0.11_zod@4.1.12/node_modules/zod/src/v3/tests/standard-schema.test.ts [2m([22m[2m6 tests[22m[2m)[22m
 [32m✓[39m [44m[1m TS [22m[49m node_modules/.pnpm/@ai-sdk+provider-utils@3.0.11_zod@4.1.12/node_modules/zod/src/v3/tests/string.test.ts [2m([22m[2m34 tests[22m[2m)[22m
 [32m✓[39m [44m[1m TS [22m[49m node_modules/.pnpm/@ai-sdk+provider-utils@3.0.11_zod@4.1.12/node_modules/zod/src/v3/tests/transformer.test.ts [2m([22m[2m16 tests[22m[2m)[22m
 [32m✓[39m [44m[1m TS [22m[49m node_modules/.pnpm/@ai-sdk+provider-utils@3.0.11_zod@4.1.12/node_modules/zod/src/v3/tests/tuple.test.ts [2m([22m[2m8 tests[22m[2m)[22m
 [32m✓[39m [44m[1m TS [22m[49m node_modules/.pnpm/@ai-sdk+provider-utils@3.0.11_zod@4.1.12/node_modules/zod/src/v3/tests/unions.test.ts [2m([22m[2m6 tests[22m[2m)[22m
 [32m✓[39m [44m[1m TS [22m[49m node_modules/.pnpm/@ai-sdk+provider-utils@3.0.11_zod@4.1.12/node_modules/zod/src/v3/tests/validations.test.ts [2m([22m[2m14 tests[22m[2m)[22m
 [32m✓[39m [44m[1m TS [22m[49m node_modules/.pnpm/@ai-sdk+provider-utils@3.0.11_zod@4.1.12/node_modules/zod/src/v3/tests/void.test.ts [2m([22m[2m1 test[22m[2m)[22m
 [32m✓[39m [44m[1m TS [22m[49m node_modules/.pnpm/@ai-sdk+google@2.0.19_zod@4.1.12/node_modules/zod/src/v3/tests/all-errors.test.ts [2m([22m[2m6 tests[22m[2m)[22m
 [32m✓[39m [44m[1m TS [22m[49m node_modules/.pnpm/@ai-sdk+google@2.0.19_zod@4.1.12/node_modules/zod/src/v3/tests/anyunknown.test.ts [2m([22m[2m3 tests[22m[2m)[22m
 [32m✓[39m [44m[1m TS [22m[49m node_modules/.pnpm/@ai-sdk+google@2.0.19_zod@4.1.12/node_modules/zod/src/v3/tests/array.test.ts [2m([22m[2m6 tests[22m[2m)[22m
 [32m✓[39m [44m[1m TS [22m[49m node_modules/.pnpm/@ai-sdk+google@2.0.19_zod@4.1.12/node_modules/zod/src/v3/tests/async-parsing.test.ts [2m([22m[2m24 tests[22m[2m)[22m
 [32m✓[39m [44m[1m TS [22m[49m node_modules/.pnpm/@ai-sdk+google@2.0.19_zod@4.1.12/node_modules/zod/src/v3/tests/async-refinements.test.ts [2m([22m[2m4 tests[22m[2m)[22m
 [32m✓[39m [44m[1m TS [22m[49m node_modules/.pnpm/@ai-sdk+google@2.0.19_zod@4.1.12/node_modules/zod/src/v3/tests/base.test.ts [2m([22m[2m2 tests[22m[2m)[22m
 [32m✓[39m [44m[1m TS [22m[49m node_modules/.pnpm/@ai-sdk+google@2.0.19_zod@4.1.12/node_modules/zod/src/v3/tests/bigint.test.ts [2m([22m[2m3 tests[22m[2m)[22m
 [32m✓[39m [44m[1m TS [22m[49m node_modules/.pnpm/@ai-sdk+google@2.0.19_zod@4.1.12/node_modules/zod/src/v3/tests/branded.test.ts [2m([22m[2m1 test[22m[2m)[22m
 [32m✓[39m [44m[1m TS [22m[49m node_modules/.pnpm/@ai-sdk+google@2.0.19_zod@4.1.12/node_modules/zod/src/v3/tests/catch.test.ts [2m([22m[2m17 tests[22m[2m)[22m
 [32m✓[39m [44m[1m TS [22m[49m node_modules/.pnpm/@ai-sdk+google@2.0.19_zod@4.1.12/node_modules/zod/src/v3/tests/coerce.test.ts [2m([22m[2m5 tests[22m[2m)[22m
 [32m✓[39m [44m[1m TS [22m[49m node_modules/.pnpm/@ai-sdk+google@2.0.19_zod@4.1.12/node_modules/zod/src/v3/tests/complex.test.ts [2m([22m[2m1 test[22m[2m)[22m
 [32m✓[39m [44m[1m TS [22m[49m node_modules/.pnpm/@ai-sdk+google@2.0.19_zod@4.1.12/node_modules/zod/src/v3/tests/custom.test.ts [2m([22m[2m3 tests[22m[2m)[22m
 [32m✓[39m [44m[1m TS [22m[49m node_modules/.pnpm/@ai-sdk+google@2.0.19_zod@4.1.12/node_modules/zod/src/v3/tests/date.test.ts [2m([22m[2m3 tests[22m[2m)[22m
 [32m✓[39m [44m[1m TS [22m[49m node_modules/.pnpm/@ai-sdk+google@2.0.19_zod@4.1.12/node_modules/zod/src/v3/tests/deepmasking.test.ts [2m([22m[2m1 test[22m[2m)[22m
 [32m✓[39m [44m[1m TS [22m[49m node_modules/.pnpm/@ai-sdk+google@2.0.19_zod@4.1.12/node_modules/zod/src/v3/tests/default.test.ts [2m([22m[2m11 tests[22m[2m)[22m
 [32m✓[39m [44m[1m TS [22m[49m node_modules/.pnpm/@ai-sdk+google@2.0.19_zod@4.1.12/node_modules/zod/src/v3/tests/description.test.ts [2m([22m[2m4 tests[22m[2m)[22m
 [32m✓[39m [44m[1m TS [22m[49m node_modules/.pnpm/@ai-sdk+google@2.0.19_zod@4.1.12/node_modules/zod/src/v3/tests/discriminated-unions.test.ts [2m([22m[2m14 tests[22m[2m)[22m
 [32m✓[39m [44m[1m TS [22m[49m node_modules/.pnpm/@ai-sdk+google@2.0.19_zod@4.1.12/node_modules/zod/src/v3/tests/enum.test.ts [2m([22m[2m8 tests[22m[2m)[22m
 [32m✓[39m [44m[1m TS [22m[49m node_modules/.pnpm/@ai-sdk+google@2.0.19_zod@4.1.12/node_modules/zod/src/v3/tests/error.test.ts [2m([22m[2m29 tests[22m[2m)[22m
 [32m✓[39m [44m[1m TS [22m[49m node_modules/.pnpm/@ai-sdk+google@2.0.19_zod@4.1.12/node_modules/zod/src/v3/tests/firstparty.test.ts [2m([22m[2m1 test[22m[2m)[22m
 [32m✓[39m [44m[1m TS [22m[49m node_modules/.pnpm/@ai-sdk+google@2.0.19_zod@4.1.12/node_modules/zod/src/v3/tests/firstpartyschematypes.test.ts [2m([22m[2m1 test[22m[2m)[22m
 [32m✓[39m [44m[1m TS [22m[49m node_modules/.pnpm/@ai-sdk+google@2.0.19_zod@4.1.12/node_modules/zod/src/v3/tests/function.test.ts [2m([22m[2m18 tests[22m[2m)[22m
 [32m✓[39m [44m[1m TS [22m[49m node_modules/.pnpm/@ai-sdk+google@2.0.19_zod@4.1.12/node_modules/zod/src/v3/tests/generics.test.ts [2m([22m[2m2 tests[22m[2m)[22m
 [32m✓[39m [44m[1m TS [22m[49m node_modules/.pnpm/@ai-sdk+google@2.0.19_zod@4.1.12/node_modules/zod/src/v3/tests/instanceof.test.ts [2m([22m[2m2 tests[22m[2m)[22m
 [32m✓[39m [44m[1m TS [22m[49m node_modules/.pnpm/@ai-sdk+google@2.0.19_zod@4.1.12/node_modules/zod/src/v3/tests/intersection.test.ts [2m([22m[2m5 tests[22m[2m)[22m
 [32m✓[39m [44m[1m TS [22m[49m node_modules/.pnpm/@ai-sdk+google@2.0.19_zod@4.1.12/node_modules/zod/src/v3/tests/language-server.test.ts [2m([22m[2m1 test[22m[2m)[22m
 [32m✓[39m [44m[1m TS [22m[49m node_modules/.pnpm/@ai-sdk+google@2.0.19_zod@4.1.12/node_modules/zod/src/v3/tests/literal.test.ts [2m([22m[2m3 tests[22m[2m)[22m
 [32m✓[39m [44m[1m TS [22m[49m node_modules/.pnpm/@ai-sdk+google@2.0.19_zod@4.1.12/node_modules/zod/src/v3/tests/map.test.ts [2m([22m[2m7 tests[22m[2m)[22m
 [32m✓[39m [44m[1m TS [22m[49m node_modules/.pnpm/@ai-sdk+google@2.0.19_zod@4.1.12/node_modules/zod/src/v3/tests/masking.test.ts [2m([22m[2m1 test[22m[2m)[22m
 [32m✓[39m [44m[1m TS [22m[49m node_modules/.pnpm/@ai-sdk+google@2.0.19_zod@4.1.12/node_modules/zod/src/v3/tests/mocker.test.ts [2m([22m[2m1 test[22m[2m)[22m
 [32m✓[39m [44m[1m TS [22m[49m node_modules/.pnpm/@ai-sdk+google@2.0.19_zod@4.1.12/node_modules/zod/src/v3/tests/nan.test.ts [2m([22m[2m2 tests[22m[2m)[22m
 [32m✓[39m [44m[1m TS [22m[49m node_modules/.pnpm/@ai-sdk+google@2.0.19_zod@4.1.12/node_modules/zod/src/v3/tests/nativeEnum.test.ts [2m([22m[2m5 tests[22m[2m)[22m
 [32m✓[39m [44m[1m TS [22m[49m node_modules/.pnpm/@ai-sdk+google@2.0.19_zod@4.1.12/node_modules/zod/src/v3/tests/nullable.test.ts [2m([22m[2m2 tests[22m[2m)[22m
 [32m✓[39m [44m[1m TS [22m[49m node_modules/.pnpm/@ai-sdk+google@2.0.19_zod@4.1.12/node_modules/zod/src/v3/tests/number.test.ts [2m([22m[2m6 tests[22m[2m)[22m
 [32m✓[39m [44m[1m TS [22m[49m node_modules/.pnpm/@ai-sdk+google@2.0.19_zod@4.1.12/node_modules/zod/src/v3/tests/object-augmentation.test.ts [2m([22m[2m1 test[22m[2m)[22m
 [32m✓[39m [44m[1m TS [22m[49m node_modules/.pnpm/@ai-sdk+google@2.0.19_zod@4.1.12/node_modules/zod/src/v3/tests/object-in-es5-env.test.ts [2m([22m[2m3 tests[22m[2m)[22m
 [32m✓[39m [44m[1m TS [22m[49m node_modules/.pnpm/@ai-sdk+google@2.0.19_zod@4.1.12/node_modules/zod/src/v3/tests/object.test.ts [2m([22m[2m37 tests[22m[2m)[22m
 [32m✓[39m [44m[1m TS [22m[49m node_modules/.pnpm/@ai-sdk+google@2.0.19_zod@4.1.12/node_modules/zod/src/v3/tests/optional.test.ts [2m([22m[2m2 tests[22m[2m)[22m
 [32m✓[39m [44m[1m TS [22m[49m node_modules/.pnpm/@ai-sdk+google@2.0.19_zod@4.1.12/node_modules/zod/src/v3/tests/parseUtil.test.ts [2m([22m[2m1 test[22m[2m)[22m
 [32m✓[39m [44m[1m TS [22m[49m node_modules/.pnpm/@ai-sdk+google@2.0.19_zod@4.1.12/node_modules/zod/src/v3/tests/parser.test.ts [2m([22m[2m8 tests[22m[2m)[22m
 [32m✓[39m [44m[1m TS [22m[49m node_modules/.pnpm/@ai-sdk+google@2.0.19_zod@4.1.12/node_modules/zod/src/v3/tests/partials.test.ts [2m([22m[2m15 tests[22m[2m)[22m
 [32m✓[39m [44m[1m TS [22m[49m node_modules/.pnpm/@ai-sdk+google@2.0.19_zod@4.1.12/node_modules/zod/src/v3/tests/pickomit.test.ts [2m([22m[2m10 tests[22m[2m)[22m
 [32m✓[39m [44m[1m TS [22m[49m node_modules/.pnpm/@ai-sdk+google@2.0.19_zod@4.1.12/node_modules/zod/src/v3/tests/pipeline.test.ts [2m([22m[2m3 tests[22m[2m)[22m
 [32m✓[39m [44m[1m TS [22m[49m node_modules/.pnpm/@ai-sdk+google@2.0.19_zod@4.1.12/node_modules/zod/src/v3/tests/preprocess.test.ts [2m([22m[2m10 tests[22m[2m)[22m
 [32m✓[39m [44m[1m TS [22m[49m node_modules/.pnpm/@ai-sdk+google@2.0.19_zod@4.1.12/node_modules/zod/src/v3/tests/primitive.test.ts [2m([22m[2m71 tests[22m[2m)[22m
 [32m✓[39m [44m[1m TS [22m[49m node_modules/.pnpm/@ai-sdk+google@2.0.19_zod@4.1.12/node_modules/zod/src/v3/tests/promise.test.ts [2m([22m[2m10 tests[22m[2m)[22m
 [32m✓[39m [44m[1m TS [22m[49m node_modules/.pnpm/@ai-sdk+google@2.0.19_zod@4.1.12/node_modules/zod/src/v3/tests/readonly.test.ts [2m([22m[2m3 tests[22m[2m)[22m
 [32m✓[39m [44m[1m TS [22m[49m node_modules/.pnpm/@ai-sdk+google@2.0.19_zod@4.1.12/node_modules/zod/src/v3/tests/record.test.ts [2m([22m[2m10 tests[22m[2m)[22m
 [32m✓[39m [44m[1m TS [22m[49m node_modules/.pnpm/@ai-sdk+google@2.0.19_zod@4.1.12/node_modules/zod/src/v3/tests/recursive.test.ts [2m([22m[2m4 tests[22m[2m)[22m
 [32m✓[39m [44m[1m TS [22m[49m node_modules/.pnpm/@ai-sdk+google@2.0.19_zod@4.1.12/node_modules/zod/src/v3/tests/refine.test.ts [2m([22m[2m14 tests[22m[2m)[22m
 [32m✓[39m [44m[1m TS [22m[49m node_modules/.pnpm/@ai-sdk+google@2.0.19_zod@4.1.12/node_modules/zod/src/v3/tests/safeparse.test.ts [2m([22m[2m3 tests[22m[2m)[22m
 [32m✓[39m [44m[1m TS [22m[49m node_modules/.pnpm/@ai-sdk+google@2.0.19_zod@4.1.12/node_modules/zod/src/v3/tests/set.test.ts [2m([22m[2m11 tests[22m[2m)[22m
 [32m✓[39m [44m[1m TS [22m[49m node_modules/.pnpm/@ai-sdk+google@2.0.19_zod@4.1.12/node_modules/zod/src/v3/tests/standard-schema.test.ts [2m([22m[2m6 tests[22m[2m)[22m
 [32m✓[39m [44m[1m TS [22m[49m node_modules/.pnpm/@ai-sdk+google@2.0.19_zod@4.1.12/node_modules/zod/src/v3/tests/string.test.ts [2m([22m[2m34 tests[22m[2m)[22m
 [32m✓[39m [44m[1m TS [22m[49m node_modules/.pnpm/@ai-sdk+google@2.0.19_zod@4.1.12/node_modules/zod/src/v3/tests/transformer.test.ts [2m([22m[2m16 tests[22m[2m)[22m
 [32m✓[39m [44m[1m TS [22m[49m node_modules/.pnpm/@ai-sdk+google@2.0.19_zod@4.1.12/node_modules/zod/src/v3/tests/tuple.test.ts [2m([22m[2m8 tests[22m[2m)[22m
 [32m✓[39m [44m[1m TS [22m[49m node_modules/.pnpm/@ai-sdk+google@2.0.19_zod@4.1.12/node_modules/zod/src/v3/tests/unions.test.ts [2m([22m[2m6 tests[22m[2m)[22m
 [32m✓[39m [44m[1m TS [22m[49m node_modules/.pnpm/@ai-sdk+google@2.0.19_zod@4.1.12/node_modules/zod/src/v3/tests/validations.test.ts [2m([22m[2m14 tests[22m[2m)[22m
 [32m✓[39m [44m[1m TS [22m[49m node_modules/.pnpm/@ai-sdk+google@2.0.19_zod@4.1.12/node_modules/zod/src/v3/tests/void.test.ts [2m([22m[2m1 test[22m[2m)[22m
 [32m✓[39m [44m[1m TS [22m[49m node_modules/.pnpm/@ai-sdk+react@2.0.65_react@19.2.0_zod@4.1.12/node_modules/zod/src/v3/tests/all-errors.test.ts [2m([22m[2m6 tests[22m[2m)[22m
 [32m✓[39m [44m[1m TS [22m[49m node_modules/.pnpm/@ai-sdk+react@2.0.65_react@19.2.0_zod@4.1.12/node_modules/zod/src/v3/tests/anyunknown.test.ts [2m([22m[2m3 tests[22m[2m)[22m
 [32m✓[39m [44m[1m TS [22m[49m node_modules/.pnpm/@ai-sdk+react@2.0.65_react@19.2.0_zod@4.1.12/node_modules/zod/src/v3/tests/array.test.ts [2m([22m[2m6 tests[22m[2m)[22m
 [32m✓[39m [44m[1m TS [22m[49m node_modules/.pnpm/@ai-sdk+react@2.0.65_react@19.2.0_zod@4.1.12/node_modules/zod/src/v3/tests/async-parsing.test.ts [2m([22m[2m24 tests[22m[2m)[22m
 [32m✓[39m [44m[1m TS [22m[49m node_modules/.pnpm/@ai-sdk+react@2.0.65_react@19.2.0_zod@4.1.12/node_modules/zod/src/v3/tests/async-refinements.test.ts [2m([22m[2m4 tests[22m[2m)[22m
 [32m✓[39m [44m[1m TS [22m[49m node_modules/.pnpm/@ai-sdk+react@2.0.65_react@19.2.0_zod@4.1.12/node_modules/zod/src/v3/tests/base.test.ts [2m([22m[2m2 tests[22m[2m)[22m
 [32m✓[39m [44m[1m TS [22m[49m node_modules/.pnpm/@ai-sdk+react@2.0.65_react@19.2.0_zod@4.1.12/node_modules/zod/src/v3/tests/bigint.test.ts [2m([22m[2m3 tests[22m[2m)[22m
 [32m✓[39m [44m[1m TS [22m[49m node_modules/.pnpm/@ai-sdk+react@2.0.65_react@19.2.0_zod@4.1.12/node_modules/zod/src/v3/tests/branded.test.ts [2m([22m[2m1 test[22m[2m)[22m
 [32m✓[39m [44m[1m TS [22m[49m node_modules/.pnpm/@ai-sdk+react@2.0.65_react@19.2.0_zod@4.1.12/node_modules/zod/src/v3/tests/catch.test.ts [2m([22m[2m17 tests[22m[2m)[22m
 [32m✓[39m [44m[1m TS [22m[49m node_modules/.pnpm/@ai-sdk+react@2.0.65_react@19.2.0_zod@4.1.12/node_modules/zod/src/v3/tests/coerce.test.ts [2m([22m[2m5 tests[22m[2m)[22m
 [32m✓[39m [44m[1m TS [22m[49m node_modules/.pnpm/@ai-sdk+react@2.0.65_react@19.2.0_zod@4.1.12/node_modules/zod/src/v3/tests/complex.test.ts [2m([22m[2m1 test[22m[2m)[22m
 [32m✓[39m [44m[1m TS [22m[49m node_modules/.pnpm/@ai-sdk+react@2.0.65_react@19.2.0_zod@4.1.12/node_modules/zod/src/v3/tests/custom.test.ts [2m([22m[2m3 tests[22m[2m)[22m
 [32m✓[39m [44m[1m TS [22m[49m node_modules/.pnpm/@ai-sdk+react@2.0.65_react@19.2.0_zod@4.1.12/node_modules/zod/src/v3/tests/date.test.ts [2m([22m[2m3 tests[22m[2m)[22m
 [32m✓[39m [44m[1m TS [22m[49m node_modules/.pnpm/@ai-sdk+react@2.0.65_react@19.2.0_zod@4.1.12/node_modules/zod/src/v3/tests/deepmasking.test.ts [2m([22m[2m1 test[22m[2m)[22m
 [32m✓[39m [44m[1m TS [22m[49m node_modules/.pnpm/@ai-sdk+react@2.0.65_react@19.2.0_zod@4.1.12/node_modules/zod/src/v3/tests/default.test.ts [2m([22m[2m11 tests[22m[2m)[22m
 [32m✓[39m [44m[1m TS [22m[49m node_modules/.pnpm/@ai-sdk+react@2.0.65_react@19.2.0_zod@4.1.12/node_modules/zod/src/v3/tests/description.test.ts [2m([22m[2m4 tests[22m[2m)[22m
 [32m✓[39m [44m[1m TS [22m[49m node_modules/.pnpm/@ai-sdk+react@2.0.65_react@19.2.0_zod@4.1.12/node_modules/zod/src/v3/tests/discriminated-unions.test.ts [2m([22m[2m14 tests[22m[2m)[22m
 [32m✓[39m [44m[1m TS [22m[49m node_modules/.pnpm/@ai-sdk+react@2.0.65_react@19.2.0_zod@4.1.12/node_modules/zod/src/v3/tests/enum.test.ts [2m([22m[2m8 tests[22m[2m)[22m
 [32m✓[39m [44m[1m TS [22m[49m node_modules/.pnpm/@ai-sdk+react@2.0.65_react@19.2.0_zod@4.1.12/node_modules/zod/src/v3/tests/error.test.ts [2m([22m[2m29 tests[22m[2m)[22m
 [32m✓[39m [44m[1m TS [22m[49m node_modules/.pnpm/@ai-sdk+react@2.0.65_react@19.2.0_zod@4.1.12/node_modules/zod/src/v3/tests/firstparty.test.ts [2m([22m[2m1 test[22m[2m)[22m
 [32m✓[39m [44m[1m TS [22m[49m node_modules/.pnpm/@ai-sdk+react@2.0.65_react@19.2.0_zod@4.1.12/node_modules/zod/src/v3/tests/firstpartyschematypes.test.ts [2m([22m[2m1 test[22m[2m)[22m
 [32m✓[39m [44m[1m TS [22m[49m node_modules/.pnpm/@ai-sdk+react@2.0.65_react@19.2.0_zod@4.1.12/node_modules/zod/src/v3/tests/function.test.ts [2m([22m[2m18 tests[22m[2m)[22m
 [32m✓[39m [44m[1m TS [22m[49m node_modules/.pnpm/@ai-sdk+react@2.0.65_react@19.2.0_zod@4.1.12/node_modules/zod/src/v3/tests/generics.test.ts [2m([22m[2m2 tests[22m[2m)[22m
 [32m✓[39m [44m[1m TS [22m[49m node_modules/.pnpm/@ai-sdk+react@2.0.65_react@19.2.0_zod@4.1.12/node_modules/zod/src/v3/tests/instanceof.test.ts [2m([22m[2m2 tests[22m[2m)[22m
 [32m✓[39m [44m[1m TS [22m[49m node_modules/.pnpm/@ai-sdk+react@2.0.65_react@19.2.0_zod@4.1.12/node_modules/zod/src/v3/tests/intersection.test.ts [2m([22m[2m5 tests[22m[2m)[22m
 [32m✓[39m [44m[1m TS [22m[49m node_modules/.pnpm/@ai-sdk+react@2.0.65_react@19.2.0_zod@4.1.12/node_modules/zod/src/v3/tests/language-server.test.ts [2m([22m[2m1 test[22m[2m)[22m
 [32m✓[39m [44m[1m TS [22m[49m node_modules/.pnpm/@ai-sdk+react@2.0.65_react@19.2.0_zod@4.1.12/node_modules/zod/src/v3/tests/literal.test.ts [2m([22m[2m3 tests[22m[2m)[22m
 [32m✓[39m [44m[1m TS [22m[49m node_modules/.pnpm/@ai-sdk+react@2.0.65_react@19.2.0_zod@4.1.12/node_modules/zod/src/v3/tests/map.test.ts [2m([22m[2m7 tests[22m[2m)[22m
 [32m✓[39m [44m[1m TS [22m[49m node_modules/.pnpm/@ai-sdk+react@2.0.65_react@19.2.0_zod@4.1.12/node_modules/zod/src/v3/tests/masking.test.ts [2m([22m[2m1 test[22m[2m)[22m
 [32m✓[39m [44m[1m TS [22m[49m node_modules/.pnpm/@ai-sdk+react@2.0.65_react@19.2.0_zod@4.1.12/node_modules/zod/src/v3/tests/mocker.test.ts [2m([22m[2m1 test[22m[2m)[22m
 [32m✓[39m [44m[1m TS [22m[49m node_modules/.pnpm/@ai-sdk+react@2.0.65_react@19.2.0_zod@4.1.12/node_modules/zod/src/v3/tests/nan.test.ts [2m([22m[2m2 tests[22m[2m)[22m
 [32m✓[39m [44m[1m TS [22m[49m node_modules/.pnpm/@ai-sdk+react@2.0.65_react@19.2.0_zod@4.1.12/node_modules/zod/src/v3/tests/nativeEnum.test.ts [2m([22m[2m5 tests[22m[2m)[22m
 [32m✓[39m [44m[1m TS [22m[49m node_modules/.pnpm/@ai-sdk+react@2.0.65_react@19.2.0_zod@4.1.12/node_modules/zod/src/v3/tests/nullable.test.ts [2m([22m[2m2 tests[22m[2m)[22m
 [32m✓[39m [44m[1m TS [22m[49m node_modules/.pnpm/@ai-sdk+react@2.0.65_react@19.2.0_zod@4.1.12/node_modules/zod/src/v3/tests/number.test.ts [2m([22m[2m6 tests[22m[2m)[22m
 [32m✓[39m [44m[1m TS [22m[49m node_modules/.pnpm/@ai-sdk+react@2.0.65_react@19.2.0_zod@4.1.12/node_modules/zod/src/v3/tests/object-augmentation.test.ts [2m([22m[2m1 test[22m[2m)[22m
 [32m✓[39m [44m[1m TS [22m[49m node_modules/.pnpm/@ai-sdk+react@2.0.65_react@19.2.0_zod@4.1.12/node_modules/zod/src/v3/tests/object-in-es5-env.test.ts [2m([22m[2m3 tests[22m[2m)[22m
 [32m✓[39m [44m[1m TS [22m[49m node_modules/.pnpm/@ai-sdk+react@2.0.65_react@19.2.0_zod@4.1.12/node_modules/zod/src/v3/tests/object.test.ts [2m([22m[2m37 tests[22m[2m)[22m
 [32m✓[39m [44m[1m TS [22m[49m node_modules/.pnpm/@ai-sdk+react@2.0.65_react@19.2.0_zod@4.1.12/node_modules/zod/src/v3/tests/optional.test.ts [2m([22m[2m2 tests[22m[2m)[22m
 [32m✓[39m [44m[1m TS [22m[49m node_modules/.pnpm/@ai-sdk+react@2.0.65_react@19.2.0_zod@4.1.12/node_modules/zod/src/v3/tests/parseUtil.test.ts [2m([22m[2m1 test[22m[2m)[22m
 [32m✓[39m [44m[1m TS [22m[49m node_modules/.pnpm/@ai-sdk+react@2.0.65_react@19.2.0_zod@4.1.12/node_modules/zod/src/v3/tests/parser.test.ts [2m([22m[2m8 tests[22m[2m)[22m
 [32m✓[39m [44m[1m TS [22m[49m node_modules/.pnpm/@ai-sdk+react@2.0.65_react@19.2.0_zod@4.1.12/node_modules/zod/src/v3/tests/partials.test.ts [2m([22m[2m15 tests[22m[2m)[22m
 [32m✓[39m [44m[1m TS [22m[49m node_modules/.pnpm/@ai-sdk+react@2.0.65_react@19.2.0_zod@4.1.12/node_modules/zod/src/v3/tests/pickomit.test.ts [2m([22m[2m10 tests[22m[2m)[22m
 [32m✓[39m [44m[1m TS [22m[49m node_modules/.pnpm/@ai-sdk+react@2.0.65_react@19.2.0_zod@4.1.12/node_modules/zod/src/v3/tests/pipeline.test.ts [2m([22m[2m3 tests[22m[2m)[22m
 [32m✓[39m [44m[1m TS [22m[49m node_modules/.pnpm/@ai-sdk+react@2.0.65_react@19.2.0_zod@4.1.12/node_modules/zod/src/v3/tests/preprocess.test.ts [2m([22m[2m10 tests[22m[2m)[22m
 [32m✓[39m [44m[1m TS [22m[49m node_modules/.pnpm/@ai-sdk+react@2.0.65_react@19.2.0_zod@4.1.12/node_modules/zod/src/v3/tests/primitive.test.ts [2m([22m[2m71 tests[22m[2m)[22m
 [32m✓[39m [44m[1m TS [22m[49m node_modules/.pnpm/@ai-sdk+react@2.0.65_react@19.2.0_zod@4.1.12/node_modules/zod/src/v3/tests/promise.test.ts [2m([22m[2m10 tests[22m[2m)[22m
 [32m✓[39m [44m[1m TS [22m[49m node_modules/.pnpm/@ai-sdk+react@2.0.65_react@19.2.0_zod@4.1.12/node_modules/zod/src/v3/tests/readonly.test.ts [2m([22m[2m3 tests[22m[2m)[22m
 [32m✓[39m [44m[1m TS [22m[49m node_modules/.pnpm/@ai-sdk+react@2.0.65_react@19.2.0_zod@4.1.12/node_modules/zod/src/v3/tests/record.test.ts [2m([22m[2m10 tests[22m[2m)[22m
 [32m✓[39m [44m[1m TS [22m[49m node_modules/.pnpm/@ai-sdk+react@2.0.65_react@19.2.0_zod@4.1.12/node_modules/zod/src/v3/tests/recursive.test.ts [2m([22m[2m4 tests[22m[2m)[22m
 [32m✓[39m [44m[1m TS [22m[49m node_modules/.pnpm/@ai-sdk+react@2.0.65_react@19.2.0_zod@4.1.12/node_modules/zod/src/v3/tests/refine.test.ts [2m([22m[2m14 tests[22m[2m)[22m
 [32m✓[39m [44m[1m TS [22m[49m node_modules/.pnpm/@ai-sdk+react@2.0.65_react@19.2.0_zod@4.1.12/node_modules/zod/src/v3/tests/safeparse.test.ts [2m([22m[2m3 tests[22m[2m)[22m
 [32m✓[39m [44m[1m TS [22m[49m node_modules/.pnpm/@ai-sdk+react@2.0.65_react@19.2.0_zod@4.1.12/node_modules/zod/src/v3/tests/set.test.ts [2m([22m[2m11 tests[22m[2m)[22m
 [32m✓[39m [44m[1m TS [22m[49m node_modules/.pnpm/@ai-sdk+react@2.0.65_react@19.2.0_zod@4.1.12/node_modules/zod/src/v3/tests/standard-schema.test.ts [2m([22m[2m6 tests[22m[2m)[22m
 [32m✓[39m [44m[1m TS [22m[49m node_modules/.pnpm/@ai-sdk+react@2.0.65_react@19.2.0_zod@4.1.12/node_modules/zod/src/v3/tests/string.test.ts [2m([22m[2m34 tests[22m[2m)[22m
 [32m✓[39m [44m[1m TS [22m[49m node_modules/.pnpm/@ai-sdk+react@2.0.65_react@19.2.0_zod@4.1.12/node_modules/zod/src/v3/tests/transformer.test.ts [2m([22m[2m16 tests[22m[2m)[22m
 [32m✓[39m [44m[1m TS [22m[49m node_modules/.pnpm/@ai-sdk+react@2.0.65_react@19.2.0_zod@4.1.12/node_modules/zod/src/v3/tests/tuple.test.ts [2m([22m[2m8 tests[22m[2m)[22m
 [32m✓[39m [44m[1m TS [22m[49m node_modules/.pnpm/@ai-sdk+react@2.0.65_react@19.2.0_zod@4.1.12/node_modules/zod/src/v3/tests/unions.test.ts [2m([22m[2m6 tests[22m[2m)[22m
 [32m✓[39m [44m[1m TS [22m[49m node_modules/.pnpm/@ai-sdk+react@2.0.65_react@19.2.0_zod@4.1.12/node_modules/zod/src/v3/tests/validations.test.ts [2m([22m[2m14 tests[22m[2m)[22m
 [32m✓[39m [44m[1m TS [22m[49m node_modules/.pnpm/@ai-sdk+react@2.0.65_react@19.2.0_zod@4.1.12/node_modules/zod/src/v3/tests/void.test.ts [2m([22m[2m1 test[22m[2m)[22m
 [32m✓[39m [44m[1m TS [22m[49m node_modules/.pnpm/@ai-sdk+gateway@1.0.36_zod@4.1.12/node_modules/zod/src/v3/tests/all-errors.test.ts [2m([22m[2m6 tests[22m[2m)[22m
 [32m✓[39m [44m[1m TS [22m[49m node_modules/.pnpm/@ai-sdk+gateway@1.0.36_zod@4.1.12/node_modules/zod/src/v3/tests/anyunknown.test.ts [2m([22m[2m3 tests[22m[2m)[22m
 [32m✓[39m [44m[1m TS [22m[49m node_modules/.pnpm/@ai-sdk+gateway@1.0.36_zod@4.1.12/node_modules/zod/src/v3/tests/array.test.ts [2m([22m[2m6 tests[22m[2m)[22m
 [32m✓[39m [44m[1m TS [22m[49m node_modules/.pnpm/@ai-sdk+gateway@1.0.36_zod@4.1.12/node_modules/zod/src/v3/tests/async-parsing.test.ts [2m([22m[2m24 tests[22m[2m)[22m
 [32m✓[39m [44m[1m TS [22m[49m node_modules/.pnpm/@ai-sdk+gateway@1.0.36_zod@4.1.12/node_modules/zod/src/v3/tests/async-refinements.test.ts [2m([22m[2m4 tests[22m[2m)[22m
 [32m✓[39m [44m[1m TS [22m[49m node_modules/.pnpm/@ai-sdk+gateway@1.0.36_zod@4.1.12/node_modules/zod/src/v3/tests/base.test.ts [2m([22m[2m2 tests[22m[2m)[22m
 [32m✓[39m [44m[1m TS [22m[49m node_modules/.pnpm/@ai-sdk+gateway@1.0.36_zod@4.1.12/node_modules/zod/src/v3/tests/bigint.test.ts [2m([22m[2m3 tests[22m[2m)[22m
 [32m✓[39m [44m[1m TS [22m[49m node_modules/.pnpm/@ai-sdk+gateway@1.0.36_zod@4.1.12/node_modules/zod/src/v3/tests/branded.test.ts [2m([22m[2m1 test[22m[2m)[22m
 [32m✓[39m [44m[1m TS [22m[49m node_modules/.pnpm/@ai-sdk+gateway@1.0.36_zod@4.1.12/node_modules/zod/src/v3/tests/catch.test.ts [2m([22m[2m17 tests[22m[2m)[22m
 [32m✓[39m [44m[1m TS [22m[49m node_modules/.pnpm/@ai-sdk+gateway@1.0.36_zod@4.1.12/node_modules/zod/src/v3/tests/coerce.test.ts [2m([22m[2m5 tests[22m[2m)[22m
 [32m✓[39m [44m[1m TS [22m[49m node_modules/.pnpm/@ai-sdk+gateway@1.0.36_zod@4.1.12/node_modules/zod/src/v3/tests/complex.test.ts [2m([22m[2m1 test[22m[2m)[22m
 [32m✓[39m [44m[1m TS [22m[49m node_modules/.pnpm/@ai-sdk+gateway@1.0.36_zod@4.1.12/node_modules/zod/src/v3/tests/custom.test.ts [2m([22m[2m3 tests[22m[2m)[22m
 [32m✓[39m [44m[1m TS [22m[49m node_modules/.pnpm/@ai-sdk+gateway@1.0.36_zod@4.1.12/node_modules/zod/src/v3/tests/date.test.ts [2m([22m[2m3 tests[22m[2m)[22m
 [32m✓[39m [44m[1m TS [22m[49m node_modules/.pnpm/@ai-sdk+gateway@1.0.36_zod@4.1.12/node_modules/zod/src/v3/tests/deepmasking.test.ts [2m([22m[2m1 test[22m[2m)[22m
 [32m✓[39m [44m[1m TS [22m[49m node_modules/.pnpm/@ai-sdk+gateway@1.0.36_zod@4.1.12/node_modules/zod/src/v3/tests/default.test.ts [2m([22m[2m11 tests[22m[2m)[22m
 [32m✓[39m [44m[1m TS [22m[49m node_modules/.pnpm/@ai-sdk+gateway@1.0.36_zod@4.1.12/node_modules/zod/src/v3/tests/description.test.ts [2m([22m[2m4 tests[22m[2m)[22m
 [32m✓[39m [44m[1m TS [22m[49m node_modules/.pnpm/@ai-sdk+gateway@1.0.36_zod@4.1.12/node_modules/zod/src/v3/tests/discriminated-unions.test.ts [2m([22m[2m14 tests[22m[2m)[22m
 [32m✓[39m [44m[1m TS [22m[49m node_modules/.pnpm/@ai-sdk+gateway@1.0.36_zod@4.1.12/node_modules/zod/src/v3/tests/enum.test.ts [2m([22m[2m8 tests[22m[2m)[22m
 [32m✓[39m [44m[1m TS [22m[49m node_modules/.pnpm/@ai-sdk+gateway@1.0.36_zod@4.1.12/node_modules/zod/src/v3/tests/error.test.ts [2m([22m[2m29 tests[22m[2m)[22m
 [32m✓[39m [44m[1m TS [22m[49m node_modules/.pnpm/@ai-sdk+gateway@1.0.36_zod@4.1.12/node_modules/zod/src/v3/tests/firstparty.test.ts [2m([22m[2m1 test[22m[2m)[22m
 [32m✓[39m [44m[1m TS [22m[49m node_modules/.pnpm/@ai-sdk+gateway@1.0.36_zod@4.1.12/node_modules/zod/src/v3/tests/firstpartyschematypes.test.ts [2m([22m[2m1 test[22m[2m)[22m
 [32m✓[39m [44m[1m TS [22m[49m node_modules/.pnpm/@ai-sdk+gateway@1.0.36_zod@4.1.12/node_modules/zod/src/v3/tests/function.test.ts [2m([22m[2m18 tests[22m[2m)[22m
 [32m✓[39m [44m[1m TS [22m[49m node_modules/.pnpm/@ai-sdk+gateway@1.0.36_zod@4.1.12/node_modules/zod/src/v3/tests/generics.test.ts [2m([22m[2m2 tests[22m[2m)[22m
 [32m✓[39m [44m[1m TS [22m[49m node_modules/.pnpm/@ai-sdk+gateway@1.0.36_zod@4.1.12/node_modules/zod/src/v3/tests/instanceof.test.ts [2m([22m[2m2 tests[22m[2m)[22m
 [32m✓[39m [44m[1m TS [22m[49m node_modules/.pnpm/@ai-sdk+gateway@1.0.36_zod@4.1.12/node_modules/zod/src/v3/tests/intersection.test.ts [2m([22m[2m5 tests[22m[2m)[22m
 [32m✓[39m [44m[1m TS [22m[49m node_modules/.pnpm/@ai-sdk+gateway@1.0.36_zod@4.1.12/node_modules/zod/src/v3/tests/language-server.test.ts [2m([22m[2m1 test[22m[2m)[22m
 [32m✓[39m [44m[1m TS [22m[49m node_modules/.pnpm/@ai-sdk+gateway@1.0.36_zod@4.1.12/node_modules/zod/src/v3/tests/literal.test.ts [2m([22m[2m3 tests[22m[2m)[22m
 [32m✓[39m [44m[1m TS [22m[49m node_modules/.pnpm/@ai-sdk+gateway@1.0.36_zod@4.1.12/node_modules/zod/src/v3/tests/map.test.ts [2m([22m[2m7 tests[22m[2m)[22m
 [32m✓[39m [44m[1m TS [22m[49m node_modules/.pnpm/@ai-sdk+gateway@1.0.36_zod@4.1.12/node_modules/zod/src/v3/tests/masking.test.ts [2m([22m[2m1 test[22m[2m)[22m
 [32m✓[39m [44m[1m TS [22m[49m node_modules/.pnpm/@ai-sdk+gateway@1.0.36_zod@4.1.12/node_modules/zod/src/v3/tests/mocker.test.ts [2m([22m[2m1 test[22m[2m)[22m
 [32m✓[39m [44m[1m TS [22m[49m node_modules/.pnpm/@ai-sdk+gateway@1.0.36_zod@4.1.12/node_modules/zod/src/v3/tests/nan.test.ts [2m([22m[2m2 tests[22m[2m)[22m
 [32m✓[39m [44m[1m TS [22m[49m node_modules/.pnpm/@ai-sdk+gateway@1.0.36_zod@4.1.12/node_modules/zod/src/v3/tests/nativeEnum.test.ts [2m([22m[2m5 tests[22m[2m)[22m
 [32m✓[39m [44m[1m TS [22m[49m node_modules/.pnpm/@ai-sdk+gateway@1.0.36_zod@4.1.12/node_modules/zod/src/v3/tests/nullable.test.ts [2m([22m[2m2 tests[22m[2m)[22m
 [32m✓[39m [44m[1m TS [22m[49m node_modules/.pnpm/@ai-sdk+gateway@1.0.36_zod@4.1.12/node_modules/zod/src/v3/tests/number.test.ts [2m([22m[2m6 tests[22m[2m)[22m
 [32m✓[39m [44m[1m TS [22m[49m node_modules/.pnpm/@ai-sdk+gateway@1.0.36_zod@4.1.12/node_modules/zod/src/v3/tests/object-augmentation.test.ts [2m([22m[2m1 test[22m[2m)[22m
 [32m✓[39m [44m[1m TS [22m[49m node_modules/.pnpm/@ai-sdk+gateway@1.0.36_zod@4.1.12/node_modules/zod/src/v3/tests/object-in-es5-env.test.ts [2m([22m[2m3 tests[22m[2m)[22m
 [32m✓[39m [44m[1m TS [22m[49m node_modules/.pnpm/@ai-sdk+gateway@1.0.36_zod@4.1.12/node_modules/zod/src/v3/tests/object.test.ts [2m([22m[2m37 tests[22m[2m)[22m
 [32m✓[39m [44m[1m TS [22m[49m node_modules/.pnpm/@ai-sdk+gateway@1.0.36_zod@4.1.12/node_modules/zod/src/v3/tests/optional.test.ts [2m([22m[2m2 tests[22m[2m)[22m
 [32m✓[39m [44m[1m TS [22m[49m node_modules/.pnpm/@ai-sdk+gateway@1.0.36_zod@4.1.12/node_modules/zod/src/v3/tests/parseUtil.test.ts [2m([22m[2m1 test[22m[2m)[22m
 [32m✓[39m [44m[1m TS [22m[49m node_modules/.pnpm/@ai-sdk+gateway@1.0.36_zod@4.1.12/node_modules/zod/src/v3/tests/parser.test.ts [2m([22m[2m8 tests[22m[2m)[22m
 [32m✓[39m [44m[1m TS [22m[49m node_modules/.pnpm/@ai-sdk+gateway@1.0.36_zod@4.1.12/node_modules/zod/src/v3/tests/partials.test.ts [2m([22m[2m15 tests[22m[2m)[22m
 [32m✓[39m [44m[1m TS [22m[49m node_modules/.pnpm/@ai-sdk+gateway@1.0.36_zod@4.1.12/node_modules/zod/src/v3/tests/pickomit.test.ts [2m([22m[2m10 tests[22m[2m)[22m
 [32m✓[39m [44m[1m TS [22m[49m node_modules/.pnpm/@ai-sdk+gateway@1.0.36_zod@4.1.12/node_modules/zod/src/v3/tests/pipeline.test.ts [2m([22m[2m3 tests[22m[2m)[22m
 [32m✓[39m [44m[1m TS [22m[49m node_modules/.pnpm/@ai-sdk+gateway@1.0.36_zod@4.1.12/node_modules/zod/src/v3/tests/preprocess.test.ts [2m([22m[2m10 tests[22m[2m)[22m
 [32m✓[39m [44m[1m TS [22m[49m node_modules/.pnpm/@ai-sdk+gateway@1.0.36_zod@4.1.12/node_modules/zod/src/v3/tests/primitive.test.ts [2m([22m[2m71 tests[22m[2m)[22m
 [32m✓[39m [44m[1m TS [22m[49m node_modules/.pnpm/@ai-sdk+gateway@1.0.36_zod@4.1.12/node_modules/zod/src/v3/tests/promise.test.ts [2m([22m[2m10 tests[22m[2m)[22m
 [32m✓[39m [44m[1m TS [22m[49m node_modules/.pnpm/@ai-sdk+gateway@1.0.36_zod@4.1.12/node_modules/zod/src/v3/tests/readonly.test.ts [2m([22m[2m3 tests[22m[2m)[22m
 [32m✓[39m [44m[1m TS [22m[49m node_modules/.pnpm/@ai-sdk+gateway@1.0.36_zod@4.1.12/node_modules/zod/src/v3/tests/record.test.ts [2m([22m[2m10 tests[22m[2m)[22m
 [32m✓[39m [44m[1m TS [22m[49m node_modules/.pnpm/@ai-sdk+gateway@1.0.36_zod@4.1.12/node_modules/zod/src/v3/tests/recursive.test.ts [2m([22m[2m4 tests[22m[2m)[22m
 [32m✓[39m [44m[1m TS [22m[49m node_modules/.pnpm/@ai-sdk+gateway@1.0.36_zod@4.1.12/node_modules/zod/src/v3/tests/refine.test.ts [2m([22m[2m14 tests[22m[2m)[22m
 [32m✓[39m [44m[1m TS [22m[49m node_modules/.pnpm/@ai-sdk+gateway@1.0.36_zod@4.1.12/node_modules/zod/src/v3/tests/safeparse.test.ts [2m([22m[2m3 tests[22m[2m)[22m
 [32m✓[39m [44m[1m TS [22m[49m node_modules/.pnpm/@ai-sdk+gateway@1.0.36_zod@4.1.12/node_modules/zod/src/v3/tests/set.test.ts [2m([22m[2m11 tests[22m[2m)[22m
 [32m✓[39m [44m[1m TS [22m[49m node_modules/.pnpm/@ai-sdk+gateway@1.0.36_zod@4.1.12/node_modules/zod/src/v3/tests/standard-schema.test.ts [2m([22m[2m6 tests[22m[2m)[22m
 [32m✓[39m [44m[1m TS [22m[49m node_modules/.pnpm/@ai-sdk+gateway@1.0.36_zod@4.1.12/node_modules/zod/src/v3/tests/string.test.ts [2m([22m[2m34 tests[22m[2m)[22m
 [32m✓[39m [44m[1m TS [22m[49m node_modules/.pnpm/@ai-sdk+gateway@1.0.36_zod@4.1.12/node_modules/zod/src/v3/tests/transformer.test.ts [2m([22m[2m16 tests[22m[2m)[22m
 [32m✓[39m [44m[1m TS [22m[49m node_modules/.pnpm/@ai-sdk+gateway@1.0.36_zod@4.1.12/node_modules/zod/src/v3/tests/tuple.test.ts [2m([22m[2m8 tests[22m[2m)[22m
 [32m✓[39m [44m[1m TS [22m[49m node_modules/.pnpm/@ai-sdk+gateway@1.0.36_zod@4.1.12/node_modules/zod/src/v3/tests/unions.test.ts [2m([22m[2m6 tests[22m[2m)[22m
 [32m✓[39m [44m[1m TS [22m[49m node_modules/.pnpm/@ai-sdk+gateway@1.0.36_zod@4.1.12/node_modules/zod/src/v3/tests/validations.test.ts [2m([22m[2m14 tests[22m[2m)[22m
 [32m✓[39m [44m[1m TS [22m[49m node_modules/.pnpm/@ai-sdk+gateway@1.0.36_zod@4.1.12/node_modules/zod/src/v3/tests/void.test.ts [2m([22m[2m1 test[22m[2m)[22m
 [32m✓[39m [44m[1m TS [22m[49m node_modules/.pnpm/@hono+zod-validator@0.7.3_hono@4.9.10_zod@4.1.12/node_modules/zod/src/v3/tests/all-errors.test.ts [2m([22m[2m6 tests[22m[2m)[22m
 [32m✓[39m [44m[1m TS [22m[49m node_modules/.pnpm/@hono+zod-validator@0.7.3_hono@4.9.10_zod@4.1.12/node_modules/zod/src/v3/tests/anyunknown.test.ts [2m([22m[2m3 tests[22m[2m)[22m
 [32m✓[39m [44m[1m TS [22m[49m node_modules/.pnpm/@hono+zod-validator@0.7.3_hono@4.9.10_zod@4.1.12/node_modules/zod/src/v3/tests/array.test.ts [2m([22m[2m6 tests[22m[2m)[22m
 [32m✓[39m [44m[1m TS [22m[49m node_modules/.pnpm/@hono+zod-validator@0.7.3_hono@4.9.10_zod@4.1.12/node_modules/zod/src/v3/tests/async-parsing.test.ts [2m([22m[2m24 tests[22m[2m)[22m
 [32m✓[39m [44m[1m TS [22m[49m node_modules/.pnpm/@hono+zod-validator@0.7.3_hono@4.9.10_zod@4.1.12/node_modules/zod/src/v3/tests/async-refinements.test.ts [2m([22m[2m4 tests[22m[2m)[22m
 [32m✓[39m [44m[1m TS [22m[49m node_modules/.pnpm/@hono+zod-validator@0.7.3_hono@4.9.10_zod@4.1.12/node_modules/zod/src/v3/tests/base.test.ts [2m([22m[2m2 tests[22m[2m)[22m
 [32m✓[39m [44m[1m TS [22m[49m node_modules/.pnpm/@hono+zod-validator@0.7.3_hono@4.9.10_zod@4.1.12/node_modules/zod/src/v3/tests/bigint.test.ts [2m([22m[2m3 tests[22m[2m)[22m
 [32m✓[39m [44m[1m TS [22m[49m node_modules/.pnpm/@hono+zod-validator@0.7.3_hono@4.9.10_zod@4.1.12/node_modules/zod/src/v3/tests/branded.test.ts [2m([22m[2m1 test[22m[2m)[22m
 [32m✓[39m [44m[1m TS [22m[49m node_modules/.pnpm/@hono+zod-validator@0.7.3_hono@4.9.10_zod@4.1.12/node_modules/zod/src/v3/tests/catch.test.ts [2m([22m[2m17 tests[22m[2m)[22m
 [32m✓[39m [44m[1m TS [22m[49m node_modules/.pnpm/@hono+zod-validator@0.7.3_hono@4.9.10_zod@4.1.12/node_modules/zod/src/v3/tests/coerce.test.ts [2m([22m[2m5 tests[22m[2m)[22m
 [32m✓[39m [44m[1m TS [22m[49m node_modules/.pnpm/@hono+zod-validator@0.7.3_hono@4.9.10_zod@4.1.12/node_modules/zod/src/v3/tests/complex.test.ts [2m([22m[2m1 test[22m[2m)[22m
 [32m✓[39m [44m[1m TS [22m[49m node_modules/.pnpm/@hono+zod-validator@0.7.3_hono@4.9.10_zod@4.1.12/node_modules/zod/src/v3/tests/custom.test.ts [2m([22m[2m3 tests[22m[2m)[22m
 [32m✓[39m [44m[1m TS [22m[49m node_modules/.pnpm/@hono+zod-validator@0.7.3_hono@4.9.10_zod@4.1.12/node_modules/zod/src/v3/tests/date.test.ts [2m([22m[2m3 tests[22m[2m)[22m
 [32m✓[39m [44m[1m TS [22m[49m node_modules/.pnpm/@hono+zod-validator@0.7.3_hono@4.9.10_zod@4.1.12/node_modules/zod/src/v3/tests/deepmasking.test.ts [2m([22m[2m1 test[22m[2m)[22m
 [32m✓[39m [44m[1m TS [22m[49m node_modules/.pnpm/@hono+zod-validator@0.7.3_hono@4.9.10_zod@4.1.12/node_modules/zod/src/v3/tests/default.test.ts [2m([22m[2m11 tests[22m[2m)[22m
 [32m✓[39m [44m[1m TS [22m[49m node_modules/.pnpm/@hono+zod-validator@0.7.3_hono@4.9.10_zod@4.1.12/node_modules/zod/src/v3/tests/description.test.ts [2m([22m[2m4 tests[22m[2m)[22m
 [32m✓[39m [44m[1m TS [22m[49m node_modules/.pnpm/@hono+zod-validator@0.7.3_hono@4.9.10_zod@4.1.12/node_modules/zod/src/v3/tests/discriminated-unions.test.ts [2m([22m[2m14 tests[22m[2m)[22m
 [32m✓[39m [44m[1m TS [22m[49m node_modules/.pnpm/@hono+zod-validator@0.7.3_hono@4.9.10_zod@4.1.12/node_modules/zod/src/v3/tests/enum.test.ts [2m([22m[2m8 tests[22m[2m)[22m
 [32m✓[39m [44m[1m TS [22m[49m node_modules/.pnpm/@hono+zod-validator@0.7.3_hono@4.9.10_zod@4.1.12/node_modules/zod/src/v3/tests/error.test.ts [2m([22m[2m29 tests[22m[2m)[22m
 [32m✓[39m [44m[1m TS [22m[49m node_modules/.pnpm/@hono+zod-validator@0.7.3_hono@4.9.10_zod@4.1.12/node_modules/zod/src/v3/tests/firstparty.test.ts [2m([22m[2m1 test[22m[2m)[22m
 [32m✓[39m [44m[1m TS [22m[49m node_modules/.pnpm/@hono+zod-validator@0.7.3_hono@4.9.10_zod@4.1.12/node_modules/zod/src/v3/tests/firstpartyschematypes.test.ts [2m([22m[2m1 test[22m[2m)[22m
 [32m✓[39m [44m[1m TS [22m[49m node_modules/.pnpm/@hono+zod-validator@0.7.3_hono@4.9.10_zod@4.1.12/node_modules/zod/src/v3/tests/function.test.ts [2m([22m[2m18 tests[22m[2m)[22m
 [32m✓[39m [44m[1m TS [22m[49m node_modules/.pnpm/@hono+zod-validator@0.7.3_hono@4.9.10_zod@4.1.12/node_modules/zod/src/v3/tests/generics.test.ts [2m([22m[2m2 tests[22m[2m)[22m
 [32m✓[39m [44m[1m TS [22m[49m node_modules/.pnpm/@hono+zod-validator@0.7.3_hono@4.9.10_zod@4.1.12/node_modules/zod/src/v3/tests/instanceof.test.ts [2m([22m[2m2 tests[22m[2m)[22m
 [32m✓[39m [44m[1m TS [22m[49m node_modules/.pnpm/@hono+zod-validator@0.7.3_hono@4.9.10_zod@4.1.12/node_modules/zod/src/v3/tests/intersection.test.ts [2m([22m[2m5 tests[22m[2m)[22m
 [32m✓[39m [44m[1m TS [22m[49m node_modules/.pnpm/@hono+zod-validator@0.7.3_hono@4.9.10_zod@4.1.12/node_modules/zod/src/v3/tests/language-server.test.ts [2m([22m[2m1 test[22m[2m)[22m
 [32m✓[39m [44m[1m TS [22m[49m node_modules/.pnpm/@hono+zod-validator@0.7.3_hono@4.9.10_zod@4.1.12/node_modules/zod/src/v3/tests/literal.test.ts [2m([22m[2m3 tests[22m[2m)[22m
 [32m✓[39m [44m[1m TS [22m[49m node_modules/.pnpm/@hono+zod-validator@0.7.3_hono@4.9.10_zod@4.1.12/node_modules/zod/src/v3/tests/map.test.ts [2m([22m[2m7 tests[22m[2m)[22m
 [32m✓[39m [44m[1m TS [22m[49m node_modules/.pnpm/@hono+zod-validator@0.7.3_hono@4.9.10_zod@4.1.12/node_modules/zod/src/v3/tests/masking.test.ts [2m([22m[2m1 test[22m[2m)[22m
 [32m✓[39m [44m[1m TS [22m[49m node_modules/.pnpm/@hono+zod-validator@0.7.3_hono@4.9.10_zod@4.1.12/node_modules/zod/src/v3/tests/mocker.test.ts [2m([22m[2m1 test[22m[2m)[22m
 [32m✓[39m [44m[1m TS [22m[49m node_modules/.pnpm/@hono+zod-validator@0.7.3_hono@4.9.10_zod@4.1.12/node_modules/zod/src/v3/tests/nan.test.ts [2m([22m[2m2 tests[22m[2m)[22m
 [32m✓[39m [44m[1m TS [22m[49m node_modules/.pnpm/@hono+zod-validator@0.7.3_hono@4.9.10_zod@4.1.12/node_modules/zod/src/v3/tests/nativeEnum.test.ts [2m([22m[2m5 tests[22m[2m)[22m
 [32m✓[39m [44m[1m TS [22m[49m node_modules/.pnpm/@hono+zod-validator@0.7.3_hono@4.9.10_zod@4.1.12/node_modules/zod/src/v3/tests/nullable.test.ts [2m([22m[2m2 tests[22m[2m)[22m
 [32m✓[39m [44m[1m TS [22m[49m node_modules/.pnpm/@hono+zod-validator@0.7.3_hono@4.9.10_zod@4.1.12/node_modules/zod/src/v3/tests/number.test.ts [2m([22m[2m6 tests[22m[2m)[22m
 [32m✓[39m [44m[1m TS [22m[49m node_modules/.pnpm/@hono+zod-validator@0.7.3_hono@4.9.10_zod@4.1.12/node_modules/zod/src/v3/tests/object-augmentation.test.ts [2m([22m[2m1 test[22m[2m)[22m
 [32m✓[39m [44m[1m TS [22m[49m node_modules/.pnpm/@hono+zod-validator@0.7.3_hono@4.9.10_zod@4.1.12/node_modules/zod/src/v3/tests/object-in-es5-env.test.ts [2m([22m[2m3 tests[22m[2m)[22m
 [32m✓[39m [44m[1m TS [22m[49m node_modules/.pnpm/@hono+zod-validator@0.7.3_hono@4.9.10_zod@4.1.12/node_modules/zod/src/v3/tests/object.test.ts [2m([22m[2m37 tests[22m[2m)[22m
 [32m✓[39m [44m[1m TS [22m[49m node_modules/.pnpm/@hono+zod-validator@0.7.3_hono@4.9.10_zod@4.1.12/node_modules/zod/src/v3/tests/optional.test.ts [2m([22m[2m2 tests[22m[2m)[22m
 [32m✓[39m [44m[1m TS [22m[49m node_modules/.pnpm/@hono+zod-validator@0.7.3_hono@4.9.10_zod@4.1.12/node_modules/zod/src/v3/tests/parseUtil.test.ts [2m([22m[2m1 test[22m[2m)[22m
 [32m✓[39m [44m[1m TS [22m[49m node_modules/.pnpm/@hono+zod-validator@0.7.3_hono@4.9.10_zod@4.1.12/node_modules/zod/src/v3/tests/parser.test.ts [2m([22m[2m8 tests[22m[2m)[22m
 [32m✓[39m [44m[1m TS [22m[49m node_modules/.pnpm/@hono+zod-validator@0.7.3_hono@4.9.10_zod@4.1.12/node_modules/zod/src/v3/tests/partials.test.ts [2m([22m[2m15 tests[22m[2m)[22m
 [32m✓[39m [44m[1m TS [22m[49m node_modules/.pnpm/@hono+zod-validator@0.7.3_hono@4.9.10_zod@4.1.12/node_modules/zod/src/v3/tests/pickomit.test.ts [2m([22m[2m10 tests[22m[2m)[22m
 [32m✓[39m [44m[1m TS [22m[49m node_modules/.pnpm/@hono+zod-validator@0.7.3_hono@4.9.10_zod@4.1.12/node_modules/zod/src/v3/tests/pipeline.test.ts [2m([22m[2m3 tests[22m[2m)[22m
 [32m✓[39m [44m[1m TS [22m[49m node_modules/.pnpm/@hono+zod-validator@0.7.3_hono@4.9.10_zod@4.1.12/node_modules/zod/src/v3/tests/preprocess.test.ts [2m([22m[2m10 tests[22m[2m)[22m
 [32m✓[39m [44m[1m TS [22m[49m node_modules/.pnpm/@hono+zod-validator@0.7.3_hono@4.9.10_zod@4.1.12/node_modules/zod/src/v3/tests/primitive.test.ts [2m([22m[2m71 tests[22m[2m)[22m
 [32m✓[39m [44m[1m TS [22m[49m node_modules/.pnpm/@hono+zod-validator@0.7.3_hono@4.9.10_zod@4.1.12/node_modules/zod/src/v3/tests/promise.test.ts [2m([22m[2m10 tests[22m[2m)[22m
 [32m✓[39m [44m[1m TS [22m[49m node_modules/.pnpm/@hono+zod-validator@0.7.3_hono@4.9.10_zod@4.1.12/node_modules/zod/src/v3/tests/readonly.test.ts [2m([22m[2m3 tests[22m[2m)[22m
 [32m✓[39m [44m[1m TS [22m[49m node_modules/.pnpm/@hono+zod-validator@0.7.3_hono@4.9.10_zod@4.1.12/node_modules/zod/src/v3/tests/record.test.ts [2m([22m[2m10 tests[22m[2m)[22m
 [32m✓[39m [44m[1m TS [22m[49m node_modules/.pnpm/@hono+zod-validator@0.7.3_hono@4.9.10_zod@4.1.12/node_modules/zod/src/v3/tests/recursive.test.ts [2m([22m[2m4 tests[22m[2m)[22m
 [32m✓[39m [44m[1m TS [22m[49m node_modules/.pnpm/@hono+zod-validator@0.7.3_hono@4.9.10_zod@4.1.12/node_modules/zod/src/v3/tests/refine.test.ts [2m([22m[2m14 tests[22m[2m)[22m
 [32m✓[39m [44m[1m TS [22m[49m node_modules/.pnpm/@hono+zod-validator@0.7.3_hono@4.9.10_zod@4.1.12/node_modules/zod/src/v3/tests/safeparse.test.ts [2m([22m[2m3 tests[22m[2m)[22m
 [32m✓[39m [44m[1m TS [22m[49m node_modules/.pnpm/@hono+zod-validator@0.7.3_hono@4.9.10_zod@4.1.12/node_modules/zod/src/v3/tests/set.test.ts [2m([22m[2m11 tests[22m[2m)[22m
 [32m✓[39m [44m[1m TS [22m[49m node_modules/.pnpm/@hono+zod-validator@0.7.3_hono@4.9.10_zod@4.1.12/node_modules/zod/src/v3/tests/standard-schema.test.ts [2m([22m[2m6 tests[22m[2m)[22m
 [32m✓[39m [44m[1m TS [22m[49m node_modules/.pnpm/@hono+zod-validator@0.7.3_hono@4.9.10_zod@4.1.12/node_modules/zod/src/v3/tests/string.test.ts [2m([22m[2m34 tests[22m[2m)[22m
 [32m✓[39m [44m[1m TS [22m[49m node_modules/.pnpm/@hono+zod-validator@0.7.3_hono@4.9.10_zod@4.1.12/node_modules/zod/src/v3/tests/transformer.test.ts [2m([22m[2m16 tests[22m[2m)[22m
 [32m✓[39m [44m[1m TS [22m[49m node_modules/.pnpm/@hono+zod-validator@0.7.3_hono@4.9.10_zod@4.1.12/node_modules/zod/src/v3/tests/tuple.test.ts [2m([22m[2m8 tests[22m[2m)[22m
 [32m✓[39m [44m[1m TS [22m[49m node_modules/.pnpm/@hono+zod-validator@0.7.3_hono@4.9.10_zod@4.1.12/node_modules/zod/src/v3/tests/unions.test.ts [2m([22m[2m6 tests[22m[2m)[22m
 [32m✓[39m [44m[1m TS [22m[49m node_modules/.pnpm/@hono+zod-validator@0.7.3_hono@4.9.10_zod@4.1.12/node_modules/zod/src/v3/tests/validations.test.ts [2m([22m[2m14 tests[22m[2m)[22m
 [32m✓[39m [44m[1m TS [22m[49m node_modules/.pnpm/@hono+zod-validator@0.7.3_hono@4.9.10_zod@4.1.12/node_modules/zod/src/v3/tests/void.test.ts [2m([22m[2m1 test[22m[2m)[22m
 [32m✓[39m [44m[1m TS [22m[49m node_modules/.pnpm/@tanstack+router-plugin@1.132.51_@tanstack+react-router@1.132.47_react-dom@19.2.0_react_660d50cac44df64599fe155647fcb824/node_modules/zod/src/v3/tests/all-errors.test.ts [2m([22m[2m6 tests[22m[2m)[22m
 [32m✓[39m [44m[1m TS [22m[49m node_modules/.pnpm/@tanstack+router-plugin@1.132.51_@tanstack+react-router@1.132.47_react-dom@19.2.0_react_660d50cac44df64599fe155647fcb824/node_modules/zod/src/v3/tests/anyunknown.test.ts [2m([22m[2m3 tests[22m[2m)[22m
 [32m✓[39m [44m[1m TS [22m[49m node_modules/.pnpm/@tanstack+router-plugin@1.132.51_@tanstack+react-router@1.132.47_react-dom@19.2.0_react_660d50cac44df64599fe155647fcb824/node_modules/zod/src/v3/tests/array.test.ts [2m([22m[2m6 tests[22m[2m)[22m
 [32m✓[39m [44m[1m TS [22m[49m node_modules/.pnpm/@tanstack+router-plugin@1.132.51_@tanstack+react-router@1.132.47_react-dom@19.2.0_react_660d50cac44df64599fe155647fcb824/node_modules/zod/src/v3/tests/async-parsing.test.ts [2m([22m[2m24 tests[22m[2m)[22m
 [32m✓[39m [44m[1m TS [22m[49m node_modules/.pnpm/@tanstack+router-plugin@1.132.51_@tanstack+react-router@1.132.47_react-dom@19.2.0_react_660d50cac44df64599fe155647fcb824/node_modules/zod/src/v3/tests/async-refinements.test.ts [2m([22m[2m4 tests[22m[2m)[22m
 [32m✓[39m [44m[1m TS [22m[49m node_modules/.pnpm/@tanstack+router-plugin@1.132.51_@tanstack+react-router@1.132.47_react-dom@19.2.0_react_660d50cac44df64599fe155647fcb824/node_modules/zod/src/v3/tests/base.test.ts [2m([22m[2m2 tests[22m[2m)[22m
 [32m✓[39m [44m[1m TS [22m[49m node_modules/.pnpm/@tanstack+router-plugin@1.132.51_@tanstack+react-router@1.132.47_react-dom@19.2.0_react_660d50cac44df64599fe155647fcb824/node_modules/zod/src/v3/tests/bigint.test.ts [2m([22m[2m3 tests[22m[2m)[22m
 [32m✓[39m [44m[1m TS [22m[49m node_modules/.pnpm/@tanstack+router-plugin@1.132.51_@tanstack+react-router@1.132.47_react-dom@19.2.0_react_660d50cac44df64599fe155647fcb824/node_modules/zod/src/v3/tests/branded.test.ts [2m([22m[2m1 test[22m[2m)[22m
 [32m✓[39m [44m[1m TS [22m[49m node_modules/.pnpm/@tanstack+router-plugin@1.132.51_@tanstack+react-router@1.132.47_react-dom@19.2.0_react_660d50cac44df64599fe155647fcb824/node_modules/zod/src/v3/tests/catch.test.ts [2m([22m[2m17 tests[22m[2m)[22m
 [32m✓[39m [44m[1m TS [22m[49m node_modules/.pnpm/@tanstack+router-plugin@1.132.51_@tanstack+react-router@1.132.47_react-dom@19.2.0_react_660d50cac44df64599fe155647fcb824/node_modules/zod/src/v3/tests/coerce.test.ts [2m([22m[2m5 tests[22m[2m)[22m
 [32m✓[39m [44m[1m TS [22m[49m node_modules/.pnpm/@tanstack+router-plugin@1.132.51_@tanstack+react-router@1.132.47_react-dom@19.2.0_react_660d50cac44df64599fe155647fcb824/node_modules/zod/src/v3/tests/complex.test.ts [2m([22m[2m1 test[22m[2m)[22m
 [32m✓[39m [44m[1m TS [22m[49m node_modules/.pnpm/@tanstack+router-plugin@1.132.51_@tanstack+react-router@1.132.47_react-dom@19.2.0_react_660d50cac44df64599fe155647fcb824/node_modules/zod/src/v3/tests/custom.test.ts [2m([22m[2m3 tests[22m[2m)[22m
 [32m✓[39m [44m[1m TS [22m[49m node_modules/.pnpm/@tanstack+router-plugin@1.132.51_@tanstack+react-router@1.132.47_react-dom@19.2.0_react_660d50cac44df64599fe155647fcb824/node_modules/zod/src/v3/tests/date.test.ts [2m([22m[2m3 tests[22m[2m)[22m
 [32m✓[39m [44m[1m TS [22m[49m node_modules/.pnpm/@tanstack+router-plugin@1.132.51_@tanstack+react-router@1.132.47_react-dom@19.2.0_react_660d50cac44df64599fe155647fcb824/node_modules/zod/src/v3/tests/deepmasking.test.ts [2m([22m[2m1 test[22m[2m)[22m
 [32m✓[39m [44m[1m TS [22m[49m node_modules/.pnpm/@tanstack+router-plugin@1.132.51_@tanstack+react-router@1.132.47_react-dom@19.2.0_react_660d50cac44df64599fe155647fcb824/node_modules/zod/src/v3/tests/default.test.ts [2m([22m[2m11 tests[22m[2m)[22m
 [32m✓[39m [44m[1m TS [22m[49m node_modules/.pnpm/@tanstack+router-plugin@1.132.51_@tanstack+react-router@1.132.47_react-dom@19.2.0_react_660d50cac44df64599fe155647fcb824/node_modules/zod/src/v3/tests/description.test.ts [2m([22m[2m4 tests[22m[2m)[22m
 [32m✓[39m [44m[1m TS [22m[49m node_modules/.pnpm/@tanstack+router-plugin@1.132.51_@tanstack+react-router@1.132.47_react-dom@19.2.0_react_660d50cac44df64599fe155647fcb824/node_modules/zod/src/v3/tests/discriminated-unions.test.ts [2m([22m[2m14 tests[22m[2m)[22m
 [32m✓[39m [44m[1m TS [22m[49m node_modules/.pnpm/@tanstack+router-plugin@1.132.51_@tanstack+react-router@1.132.47_react-dom@19.2.0_react_660d50cac44df64599fe155647fcb824/node_modules/zod/src/v3/tests/enum.test.ts [2m([22m[2m8 tests[22m[2m)[22m
 [32m✓[39m [44m[1m TS [22m[49m node_modules/.pnpm/@tanstack+router-plugin@1.132.51_@tanstack+react-router@1.132.47_react-dom@19.2.0_react_660d50cac44df64599fe155647fcb824/node_modules/zod/src/v3/tests/error.test.ts [2m([22m[2m29 tests[22m[2m)[22m
 [32m✓[39m [44m[1m TS [22m[49m node_modules/.pnpm/@tanstack+router-plugin@1.132.51_@tanstack+react-router@1.132.47_react-dom@19.2.0_react_660d50cac44df64599fe155647fcb824/node_modules/zod/src/v3/tests/firstparty.test.ts [2m([22m[2m1 test[22m[2m)[22m
 [32m✓[39m [44m[1m TS [22m[49m node_modules/.pnpm/@tanstack+router-plugin@1.132.51_@tanstack+react-router@1.132.47_react-dom@19.2.0_react_660d50cac44df64599fe155647fcb824/node_modules/zod/src/v3/tests/firstpartyschematypes.test.ts [2m([22m[2m1 test[22m[2m)[22m
 [32m✓[39m [44m[1m TS [22m[49m node_modules/.pnpm/@tanstack+router-plugin@1.132.51_@tanstack+react-router@1.132.47_react-dom@19.2.0_react_660d50cac44df64599fe155647fcb824/node_modules/zod/src/v3/tests/function.test.ts [2m([22m[2m18 tests[22m[2m)[22m
 [32m✓[39m [44m[1m TS [22m[49m node_modules/.pnpm/@tanstack+router-plugin@1.132.51_@tanstack+react-router@1.132.47_react-dom@19.2.0_react_660d50cac44df64599fe155647fcb824/node_modules/zod/src/v3/tests/generics.test.ts [2m([22m[2m2 tests[22m[2m)[22m
 [32m✓[39m [44m[1m TS [22m[49m node_modules/.pnpm/@tanstack+router-plugin@1.132.51_@tanstack+react-router@1.132.47_react-dom@19.2.0_react_660d50cac44df64599fe155647fcb824/node_modules/zod/src/v3/tests/instanceof.test.ts [2m([22m[2m2 tests[22m[2m)[22m
 [32m✓[39m [44m[1m TS [22m[49m node_modules/.pnpm/@tanstack+router-plugin@1.132.51_@tanstack+react-router@1.132.47_react-dom@19.2.0_react_660d50cac44df64599fe155647fcb824/node_modules/zod/src/v3/tests/intersection.test.ts [2m([22m[2m5 tests[22m[2m)[22m
 [32m✓[39m [44m[1m TS [22m[49m node_modules/.pnpm/@tanstack+router-plugin@1.132.51_@tanstack+react-router@1.132.47_react-dom@19.2.0_react_660d50cac44df64599fe155647fcb824/node_modules/zod/src/v3/tests/language-server.test.ts [2m([22m[2m1 test[22m[2m)[22m
 [32m✓[39m [44m[1m TS [22m[49m node_modules/.pnpm/@tanstack+router-plugin@1.132.51_@tanstack+react-router@1.132.47_react-dom@19.2.0_react_660d50cac44df64599fe155647fcb824/node_modules/zod/src/v3/tests/literal.test.ts [2m([22m[2m3 tests[22m[2m)[22m
 [32m✓[39m [44m[1m TS [22m[49m node_modules/.pnpm/@tanstack+router-plugin@1.132.51_@tanstack+react-router@1.132.47_react-dom@19.2.0_react_660d50cac44df64599fe155647fcb824/node_modules/zod/src/v3/tests/map.test.ts [2m([22m[2m7 tests[22m[2m)[22m
 [32m✓[39m [44m[1m TS [22m[49m node_modules/.pnpm/@tanstack+router-plugin@1.132.51_@tanstack+react-router@1.132.47_react-dom@19.2.0_react_660d50cac44df64599fe155647fcb824/node_modules/zod/src/v3/tests/masking.test.ts [2m([22m[2m1 test[22m[2m)[22m
 [32m✓[39m [44m[1m TS [22m[49m node_modules/.pnpm/@tanstack+router-plugin@1.132.51_@tanstack+react-router@1.132.47_react-dom@19.2.0_react_660d50cac44df64599fe155647fcb824/node_modules/zod/src/v3/tests/mocker.test.ts [2m([22m[2m1 test[22m[2m)[22m
 [32m✓[39m [44m[1m TS [22m[49m node_modules/.pnpm/@tanstack+router-plugin@1.132.51_@tanstack+react-router@1.132.47_react-dom@19.2.0_react_660d50cac44df64599fe155647fcb824/node_modules/zod/src/v3/tests/nan.test.ts [2m([22m[2m2 tests[22m[2m)[22m
 [32m✓[39m [44m[1m TS [22m[49m node_modules/.pnpm/@tanstack+router-plugin@1.132.51_@tanstack+react-router@1.132.47_react-dom@19.2.0_react_660d50cac44df64599fe155647fcb824/node_modules/zod/src/v3/tests/nativeEnum.test.ts [2m([22m[2m5 tests[22m[2m)[22m
 [32m✓[39m [44m[1m TS [22m[49m node_modules/.pnpm/@tanstack+router-plugin@1.132.51_@tanstack+react-router@1.132.47_react-dom@19.2.0_react_660d50cac44df64599fe155647fcb824/node_modules/zod/src/v3/tests/nullable.test.ts [2m([22m[2m2 tests[22m[2m)[22m
 [32m✓[39m [44m[1m TS [22m[49m node_modules/.pnpm/@tanstack+router-plugin@1.132.51_@tanstack+react-router@1.132.47_react-dom@19.2.0_react_660d50cac44df64599fe155647fcb824/node_modules/zod/src/v3/tests/number.test.ts [2m([22m[2m6 tests[22m[2m)[22m
 [32m✓[39m [44m[1m TS [22m[49m node_modules/.pnpm/@tanstack+router-plugin@1.132.51_@tanstack+react-router@1.132.47_react-dom@19.2.0_react_660d50cac44df64599fe155647fcb824/node_modules/zod/src/v3/tests/object-augmentation.test.ts [2m([22m[2m1 test[22m[2m)[22m
 [32m✓[39m [44m[1m TS [22m[49m node_modules/.pnpm/@tanstack+router-plugin@1.132.51_@tanstack+react-router@1.132.47_react-dom@19.2.0_react_660d50cac44df64599fe155647fcb824/node_modules/zod/src/v3/tests/object-in-es5-env.test.ts [2m([22m[2m3 tests[22m[2m)[22m
 [32m✓[39m [44m[1m TS [22m[49m node_modules/.pnpm/@tanstack+router-plugin@1.132.51_@tanstack+react-router@1.132.47_react-dom@19.2.0_react_660d50cac44df64599fe155647fcb824/node_modules/zod/src/v3/tests/object.test.ts [2m([22m[2m37 tests[22m[2m)[22m
 [32m✓[39m [44m[1m TS [22m[49m node_modules/.pnpm/@tanstack+router-plugin@1.132.51_@tanstack+react-router@1.132.47_react-dom@19.2.0_react_660d50cac44df64599fe155647fcb824/node_modules/zod/src/v3/tests/optional.test.ts [2m([22m[2m2 tests[22m[2m)[22m
 [32m✓[39m [44m[1m TS [22m[49m node_modules/.pnpm/@tanstack+router-plugin@1.132.51_@tanstack+react-router@1.132.47_react-dom@19.2.0_react_660d50cac44df64599fe155647fcb824/node_modules/zod/src/v3/tests/parseUtil.test.ts [2m([22m[2m1 test[22m[2m)[22m
 [32m✓[39m [44m[1m TS [22m[49m node_modules/.pnpm/@tanstack+router-plugin@1.132.51_@tanstack+react-router@1.132.47_react-dom@19.2.0_react_660d50cac44df64599fe155647fcb824/node_modules/zod/src/v3/tests/parser.test.ts [2m([22m[2m8 tests[22m[2m)[22m
 [32m✓[39m [44m[1m TS [22m[49m node_modules/.pnpm/@tanstack+router-plugin@1.132.51_@tanstack+react-router@1.132.47_react-dom@19.2.0_react_660d50cac44df64599fe155647fcb824/node_modules/zod/src/v3/tests/partials.test.ts [2m([22m[2m15 tests[22m[2m)[22m
 [32m✓[39m [44m[1m TS [22m[49m node_modules/.pnpm/@tanstack+router-plugin@1.132.51_@tanstack+react-router@1.132.47_react-dom@19.2.0_react_660d50cac44df64599fe155647fcb824/node_modules/zod/src/v3/tests/pickomit.test.ts [2m([22m[2m10 tests[22m[2m)[22m
 [32m✓[39m [44m[1m TS [22m[49m node_modules/.pnpm/@tanstack+router-plugin@1.132.51_@tanstack+react-router@1.132.47_react-dom@19.2.0_react_660d50cac44df64599fe155647fcb824/node_modules/zod/src/v3/tests/pipeline.test.ts [2m([22m[2m3 tests[22m[2m)[22m
 [32m✓[39m [44m[1m TS [22m[49m node_modules/.pnpm/@tanstack+router-plugin@1.132.51_@tanstack+react-router@1.132.47_react-dom@19.2.0_react_660d50cac44df64599fe155647fcb824/node_modules/zod/src/v3/tests/preprocess.test.ts [2m([22m[2m10 tests[22m[2m)[22m
 [32m✓[39m [44m[1m TS [22m[49m node_modules/.pnpm/@tanstack+router-plugin@1.132.51_@tanstack+react-router@1.132.47_react-dom@19.2.0_react_660d50cac44df64599fe155647fcb824/node_modules/zod/src/v3/tests/primitive.test.ts [2m([22m[2m71 tests[22m[2m)[22m
 [32m✓[39m [44m[1m TS [22m[49m node_modules/.pnpm/@tanstack+router-plugin@1.132.51_@tanstack+react-router@1.132.47_react-dom@19.2.0_react_660d50cac44df64599fe155647fcb824/node_modules/zod/src/v3/tests/promise.test.ts [2m([22m[2m10 tests[22m[2m)[22m
 [32m✓[39m [44m[1m TS [22m[49m node_modules/.pnpm/@tanstack+router-plugin@1.132.51_@tanstack+react-router@1.132.47_react-dom@19.2.0_react_660d50cac44df64599fe155647fcb824/node_modules/zod/src/v3/tests/readonly.test.ts [2m([22m[2m3 tests[22m[2m)[22m
 [32m✓[39m [44m[1m TS [22m[49m node_modules/.pnpm/@tanstack+router-plugin@1.132.51_@tanstack+react-router@1.132.47_react-dom@19.2.0_react_660d50cac44df64599fe155647fcb824/node_modules/zod/src/v3/tests/record.test.ts [2m([22m[2m10 tests[22m[2m)[22m
 [32m✓[39m [44m[1m TS [22m[49m node_modules/.pnpm/@tanstack+router-plugin@1.132.51_@tanstack+react-router@1.132.47_react-dom@19.2.0_react_660d50cac44df64599fe155647fcb824/node_modules/zod/src/v3/tests/recursive.test.ts [2m([22m[2m4 tests[22m[2m)[22m
 [32m✓[39m [44m[1m TS [22m[49m node_modules/.pnpm/@tanstack+router-plugin@1.132.51_@tanstack+react-router@1.132.47_react-dom@19.2.0_react_660d50cac44df64599fe155647fcb824/node_modules/zod/src/v3/tests/refine.test.ts [2m([22m[2m14 tests[22m[2m)[22m
 [32m✓[39m [44m[1m TS [22m[49m node_modules/.pnpm/@tanstack+router-plugin@1.132.51_@tanstack+react-router@1.132.47_react-dom@19.2.0_react_660d50cac44df64599fe155647fcb824/node_modules/zod/src/v3/tests/safeparse.test.ts [2m([22m[2m3 tests[22m[2m)[22m
 [32m✓[39m [44m[1m TS [22m[49m node_modules/.pnpm/@tanstack+router-plugin@1.132.51_@tanstack+react-router@1.132.47_react-dom@19.2.0_react_660d50cac44df64599fe155647fcb824/node_modules/zod/src/v3/tests/set.test.ts [2m([22m[2m11 tests[22m[2m)[22m
 [32m✓[39m [44m[1m TS [22m[49m node_modules/.pnpm/@tanstack+router-plugin@1.132.51_@tanstack+react-router@1.132.47_react-dom@19.2.0_react_660d50cac44df64599fe155647fcb824/node_modules/zod/src/v3/tests/standard-schema.test.ts [2m([22m[2m6 tests[22m[2m)[22m
 [32m✓[39m [44m[1m TS [22m[49m node_modules/.pnpm/@tanstack+router-plugin@1.132.51_@tanstack+react-router@1.132.47_react-dom@19.2.0_react_660d50cac44df64599fe155647fcb824/node_modules/zod/src/v3/tests/string.test.ts [2m([22m[2m34 tests[22m[2m)[22m
 [32m✓[39m [44m[1m TS [22m[49m node_modules/.pnpm/@tanstack+router-plugin@1.132.51_@tanstack+react-router@1.132.47_react-dom@19.2.0_react_660d50cac44df64599fe155647fcb824/node_modules/zod/src/v3/tests/transformer.test.ts [2m([22m[2m16 tests[22m[2m)[22m
 [32m✓[39m [44m[1m TS [22m[49m node_modules/.pnpm/@tanstack+router-plugin@1.132.51_@tanstack+react-router@1.132.47_react-dom@19.2.0_react_660d50cac44df64599fe155647fcb824/node_modules/zod/src/v3/tests/tuple.test.ts [2m([22m[2m8 tests[22m[2m)[22m
 [32m✓[39m [44m[1m TS [22m[49m node_modules/.pnpm/@tanstack+router-plugin@1.132.51_@tanstack+react-router@1.132.47_react-dom@19.2.0_react_660d50cac44df64599fe155647fcb824/node_modules/zod/src/v3/tests/unions.test.ts [2m([22m[2m6 tests[22m[2m)[22m
 [32m✓[39m [44m[1m TS [22m[49m node_modules/.pnpm/@tanstack+router-plugin@1.132.51_@tanstack+react-router@1.132.47_react-dom@19.2.0_react_660d50cac44df64599fe155647fcb824/node_modules/zod/src/v3/tests/validations.test.ts [2m([22m[2m14 tests[22m[2m)[22m
 [32m✓[39m [44m[1m TS [22m[49m node_modules/.pnpm/@tanstack+router-plugin@1.132.51_@tanstack+react-router@1.132.47_react-dom@19.2.0_react_660d50cac44df64599fe155647fcb824/node_modules/zod/src/v3/tests/void.test.ts [2m([22m[2m1 test[22m[2m)[22m
 [32m✓[39m [44m[1m TS [22m[49m node_modules/.pnpm/@tanstack+router-generator@1.132.51/node_modules/zod/src/v3/tests/all-errors.test.ts [2m([22m[2m6 tests[22m[2m)[22m
 [32m✓[39m [44m[1m TS [22m[49m node_modules/.pnpm/@tanstack+router-generator@1.132.51/node_modules/zod/src/v3/tests/anyunknown.test.ts [2m([22m[2m3 tests[22m[2m)[22m
 [32m✓[39m [44m[1m TS [22m[49m node_modules/.pnpm/@tanstack+router-generator@1.132.51/node_modules/zod/src/v3/tests/array.test.ts [2m([22m[2m6 tests[22m[2m)[22m
 [32m✓[39m [44m[1m TS [22m[49m node_modules/.pnpm/@tanstack+router-generator@1.132.51/node_modules/zod/src/v3/tests/async-parsing.test.ts [2m([22m[2m24 tests[22m[2m)[22m
 [32m✓[39m [44m[1m TS [22m[49m node_modules/.pnpm/@tanstack+router-generator@1.132.51/node_modules/zod/src/v3/tests/async-refinements.test.ts [2m([22m[2m4 tests[22m[2m)[22m
 [32m✓[39m [44m[1m TS [22m[49m node_modules/.pnpm/@tanstack+router-generator@1.132.51/node_modules/zod/src/v3/tests/base.test.ts [2m([22m[2m2 tests[22m[2m)[22m
 [32m✓[39m [44m[1m TS [22m[49m node_modules/.pnpm/@tanstack+router-generator@1.132.51/node_modules/zod/src/v3/tests/bigint.test.ts [2m([22m[2m3 tests[22m[2m)[22m
 [32m✓[39m [44m[1m TS [22m[49m node_modules/.pnpm/@tanstack+router-generator@1.132.51/node_modules/zod/src/v3/tests/branded.test.ts [2m([22m[2m1 test[22m[2m)[22m
 [32m✓[39m [44m[1m TS [22m[49m node_modules/.pnpm/@tanstack+router-generator@1.132.51/node_modules/zod/src/v3/tests/catch.test.ts [2m([22m[2m17 tests[22m[2m)[22m
 [32m✓[39m [44m[1m TS [22m[49m node_modules/.pnpm/@tanstack+router-generator@1.132.51/node_modules/zod/src/v3/tests/coerce.test.ts [2m([22m[2m5 tests[22m[2m)[22m
 [32m✓[39m [44m[1m TS [22m[49m node_modules/.pnpm/@tanstack+router-generator@1.132.51/node_modules/zod/src/v3/tests/complex.test.ts [2m([22m[2m1 test[22m[2m)[22m
 [32m✓[39m [44m[1m TS [22m[49m node_modules/.pnpm/@tanstack+router-generator@1.132.51/node_modules/zod/src/v3/tests/custom.test.ts [2m([22m[2m3 tests[22m[2m)[22m
 [32m✓[39m [44m[1m TS [22m[49m node_modules/.pnpm/@tanstack+router-generator@1.132.51/node_modules/zod/src/v3/tests/date.test.ts [2m([22m[2m3 tests[22m[2m)[22m
 [32m✓[39m [44m[1m TS [22m[49m node_modules/.pnpm/@tanstack+router-generator@1.132.51/node_modules/zod/src/v3/tests/deepmasking.test.ts [2m([22m[2m1 test[22m[2m)[22m
 [32m✓[39m [44m[1m TS [22m[49m node_modules/.pnpm/@tanstack+router-generator@1.132.51/node_modules/zod/src/v3/tests/default.test.ts [2m([22m[2m11 tests[22m[2m)[22m
 [32m✓[39m [44m[1m TS [22m[49m node_modules/.pnpm/@tanstack+router-generator@1.132.51/node_modules/zod/src/v3/tests/description.test.ts [2m([22m[2m4 tests[22m[2m)[22m
 [32m✓[39m [44m[1m TS [22m[49m node_modules/.pnpm/@tanstack+router-generator@1.132.51/node_modules/zod/src/v3/tests/discriminated-unions.test.ts [2m([22m[2m14 tests[22m[2m)[22m
 [32m✓[39m [44m[1m TS [22m[49m node_modules/.pnpm/@tanstack+router-generator@1.132.51/node_modules/zod/src/v3/tests/enum.test.ts [2m([22m[2m8 tests[22m[2m)[22m
 [32m✓[39m [44m[1m TS [22m[49m node_modules/.pnpm/@tanstack+router-generator@1.132.51/node_modules/zod/src/v3/tests/error.test.ts [2m([22m[2m29 tests[22m[2m)[22m
 [32m✓[39m [44m[1m TS [22m[49m node_modules/.pnpm/@tanstack+router-generator@1.132.51/node_modules/zod/src/v3/tests/firstparty.test.ts [2m([22m[2m1 test[22m[2m)[22m
 [32m✓[39m [44m[1m TS [22m[49m node_modules/.pnpm/@tanstack+router-generator@1.132.51/node_modules/zod/src/v3/tests/firstpartyschematypes.test.ts [2m([22m[2m1 test[22m[2m)[22m
 [32m✓[39m [44m[1m TS [22m[49m node_modules/.pnpm/@tanstack+router-generator@1.132.51/node_modules/zod/src/v3/tests/function.test.ts [2m([22m[2m18 tests[22m[2m)[22m
 [32m✓[39m [44m[1m TS [22m[49m node_modules/.pnpm/@tanstack+router-generator@1.132.51/node_modules/zod/src/v3/tests/generics.test.ts [2m([22m[2m2 tests[22m[2m)[22m
 [32m✓[39m [44m[1m TS [22m[49m node_modules/.pnpm/@tanstack+router-generator@1.132.51/node_modules/zod/src/v3/tests/instanceof.test.ts [2m([22m[2m2 tests[22m[2m)[22m
 [32m✓[39m [44m[1m TS [22m[49m node_modules/.pnpm/@tanstack+router-generator@1.132.51/node_modules/zod/src/v3/tests/intersection.test.ts [2m([22m[2m5 tests[22m[2m)[22m
 [32m✓[39m [44m[1m TS [22m[49m node_modules/.pnpm/@tanstack+router-generator@1.132.51/node_modules/zod/src/v3/tests/language-server.test.ts [2m([22m[2m1 test[22m[2m)[22m
 [32m✓[39m [44m[1m TS [22m[49m node_modules/.pnpm/@tanstack+router-generator@1.132.51/node_modules/zod/src/v3/tests/literal.test.ts [2m([22m[2m3 tests[22m[2m)[22m
 [32m✓[39m [44m[1m TS [22m[49m node_modules/.pnpm/@tanstack+router-generator@1.132.51/node_modules/zod/src/v3/tests/map.test.ts [2m([22m[2m7 tests[22m[2m)[22m
 [32m✓[39m [44m[1m TS [22m[49m node_modules/.pnpm/@tanstack+router-generator@1.132.51/node_modules/zod/src/v3/tests/masking.test.ts [2m([22m[2m1 test[22m[2m)[22m
 [32m✓[39m [44m[1m TS [22m[49m node_modules/.pnpm/@tanstack+router-generator@1.132.51/node_modules/zod/src/v3/tests/mocker.test.ts [2m([22m[2m1 test[22m[2m)[22m
 [32m✓[39m [44m[1m TS [22m[49m node_modules/.pnpm/@tanstack+router-generator@1.132.51/node_modules/zod/src/v3/tests/nan.test.ts [2m([22m[2m2 tests[22m[2m)[22m
 [32m✓[39m [44m[1m TS [22m[49m node_modules/.pnpm/@tanstack+router-generator@1.132.51/node_modules/zod/src/v3/tests/nativeEnum.test.ts [2m([22m[2m5 tests[22m[2m)[22m
 [32m✓[39m [44m[1m TS [22m[49m node_modules/.pnpm/@tanstack+router-generator@1.132.51/node_modules/zod/src/v3/tests/nullable.test.ts [2m([22m[2m2 tests[22m[2m)[22m
 [32m✓[39m [44m[1m TS [22m[49m node_modules/.pnpm/@tanstack+router-generator@1.132.51/node_modules/zod/src/v3/tests/number.test.ts [2m([22m[2m6 tests[22m[2m)[22m
 [32m✓[39m [44m[1m TS [22m[49m node_modules/.pnpm/@tanstack+router-generator@1.132.51/node_modules/zod/src/v3/tests/object-augmentation.test.ts [2m([22m[2m1 test[22m[2m)[22m
 [32m✓[39m [44m[1m TS [22m[49m node_modules/.pnpm/@tanstack+router-generator@1.132.51/node_modules/zod/src/v3/tests/object-in-es5-env.test.ts [2m([22m[2m3 tests[22m[2m)[22m
 [32m✓[39m [44m[1m TS [22m[49m node_modules/.pnpm/@tanstack+router-generator@1.132.51/node_modules/zod/src/v3/tests/object.test.ts [2m([22m[2m37 tests[22m[2m)[22m
 [32m✓[39m [44m[1m TS [22m[49m node_modules/.pnpm/@tanstack+router-generator@1.132.51/node_modules/zod/src/v3/tests/optional.test.ts [2m([22m[2m2 tests[22m[2m)[22m
 [32m✓[39m [44m[1m TS [22m[49m node_modules/.pnpm/@tanstack+router-generator@1.132.51/node_modules/zod/src/v3/tests/parseUtil.test.ts [2m([22m[2m1 test[22m[2m)[22m
 [32m✓[39m [44m[1m TS [22m[49m node_modules/.pnpm/@tanstack+router-generator@1.132.51/node_modules/zod/src/v3/tests/parser.test.ts [2m([22m[2m8 tests[22m[2m)[22m
 [32m✓[39m [44m[1m TS [22m[49m node_modules/.pnpm/@tanstack+router-generator@1.132.51/node_modules/zod/src/v3/tests/partials.test.ts [2m([22m[2m15 tests[22m[2m)[22m
 [32m✓[39m [44m[1m TS [22m[49m node_modules/.pnpm/@tanstack+router-generator@1.132.51/node_modules/zod/src/v3/tests/pickomit.test.ts [2m([22m[2m10 tests[22m[2m)[22m
 [32m✓[39m [44m[1m TS [22m[49m node_modules/.pnpm/@tanstack+router-generator@1.132.51/node_modules/zod/src/v3/tests/pipeline.test.ts [2m([22m[2m3 tests[22m[2m)[22m
 [32m✓[39m [44m[1m TS [22m[49m node_modules/.pnpm/@tanstack+router-generator@1.132.51/node_modules/zod/src/v3/tests/preprocess.test.ts [2m([22m[2m10 tests[22m[2m)[22m
 [32m✓[39m [44m[1m TS [22m[49m node_modules/.pnpm/@tanstack+router-generator@1.132.51/node_modules/zod/src/v3/tests/primitive.test.ts [2m([22m[2m71 tests[22m[2m)[22m
 [32m✓[39m [44m[1m TS [22m[49m node_modules/.pnpm/@tanstack+router-generator@1.132.51/node_modules/zod/src/v3/tests/promise.test.ts [2m([22m[2m10 tests[22m[2m)[22m
 [32m✓[39m [44m[1m TS [22m[49m node_modules/.pnpm/@tanstack+router-generator@1.132.51/node_modules/zod/src/v3/tests/readonly.test.ts [2m([22m[2m3 tests[22m[2m)[22m
 [32m✓[39m [44m[1m TS [22m[49m node_modules/.pnpm/@tanstack+router-generator@1.132.51/node_modules/zod/src/v3/tests/record.test.ts [2m([22m[2m10 tests[22m[2m)[22m
 [32m✓[39m [44m[1m TS [22m[49m node_modules/.pnpm/@tanstack+router-generator@1.132.51/node_modules/zod/src/v3/tests/recursive.test.ts [2m([22m[2m4 tests[22m[2m)[22m
 [32m✓[39m [44m[1m TS [22m[49m node_modules/.pnpm/@tanstack+router-generator@1.132.51/node_modules/zod/src/v3/tests/refine.test.ts [2m([22m[2m14 tests[22m[2m)[22m
 [32m✓[39m [44m[1m TS [22m[49m node_modules/.pnpm/@tanstack+router-generator@1.132.51/node_modules/zod/src/v3/tests/safeparse.test.ts [2m([22m[2m3 tests[22m[2m)[22m
 [32m✓[39m [44m[1m TS [22m[49m node_modules/.pnpm/@tanstack+router-generator@1.132.51/node_modules/zod/src/v3/tests/set.test.ts [2m([22m[2m11 tests[22m[2m)[22m
 [32m✓[39m [44m[1m TS [22m[49m node_modules/.pnpm/@tanstack+router-generator@1.132.51/node_modules/zod/src/v3/tests/standard-schema.test.ts [2m([22m[2m6 tests[22m[2m)[22m
 [32m✓[39m [44m[1m TS [22m[49m node_modules/.pnpm/@tanstack+router-generator@1.132.51/node_modules/zod/src/v3/tests/string.test.ts [2m([22m[2m34 tests[22m[2m)[22m
 [32m✓[39m [44m[1m TS [22m[49m node_modules/.pnpm/@tanstack+router-generator@1.132.51/node_modules/zod/src/v3/tests/transformer.test.ts [2m([22m[2m16 tests[22m[2m)[22m
 [32m✓[39m [44m[1m TS [22m[49m node_modules/.pnpm/@tanstack+router-generator@1.132.51/node_modules/zod/src/v3/tests/tuple.test.ts [2m([22m[2m8 tests[22m[2m)[22m
 [32m✓[39m [44m[1m TS [22m[49m node_modules/.pnpm/@tanstack+router-generator@1.132.51/node_modules/zod/src/v3/tests/unions.test.ts [2m([22m[2m6 tests[22m[2m)[22m
 [32m✓[39m [44m[1m TS [22m[49m node_modules/.pnpm/@tanstack+router-generator@1.132.51/node_modules/zod/src/v3/tests/validations.test.ts [2m([22m[2m14 tests[22m[2m)[22m
 [32m✓[39m [44m[1m TS [22m[49m node_modules/.pnpm/@tanstack+router-generator@1.132.51/node_modules/zod/src/v3/tests/void.test.ts [2m([22m[2m1 test[22m[2m)[22m
 [32m✓[39m [44m[1m TS [22m[49m node_modules/.pnpm/ai@5.0.65_zod@4.1.12/node_modules/zod/src/v3/tests/all-errors.test.ts [2m([22m[2m6 tests[22m[2m)[22m
 [32m✓[39m [44m[1m TS [22m[49m node_modules/.pnpm/ai@5.0.65_zod@4.1.12/node_modules/zod/src/v3/tests/anyunknown.test.ts [2m([22m[2m3 tests[22m[2m)[22m
 [32m✓[39m [44m[1m TS [22m[49m node_modules/.pnpm/ai@5.0.65_zod@4.1.12/node_modules/zod/src/v3/tests/array.test.ts [2m([22m[2m6 tests[22m[2m)[22m
 [32m✓[39m [44m[1m TS [22m[49m node_modules/.pnpm/ai@5.0.65_zod@4.1.12/node_modules/zod/src/v3/tests/async-parsing.test.ts [2m([22m[2m24 tests[22m[2m)[22m
 [32m✓[39m [44m[1m TS [22m[49m node_modules/.pnpm/ai@5.0.65_zod@4.1.12/node_modules/zod/src/v3/tests/async-refinements.test.ts [2m([22m[2m4 tests[22m[2m)[22m
 [32m✓[39m [44m[1m TS [22m[49m node_modules/.pnpm/ai@5.0.65_zod@4.1.12/node_modules/zod/src/v3/tests/base.test.ts [2m([22m[2m2 tests[22m[2m)[22m
 [32m✓[39m [44m[1m TS [22m[49m node_modules/.pnpm/ai@5.0.65_zod@4.1.12/node_modules/zod/src/v3/tests/bigint.test.ts [2m([22m[2m3 tests[22m[2m)[22m
 [32m✓[39m [44m[1m TS [22m[49m node_modules/.pnpm/ai@5.0.65_zod@4.1.12/node_modules/zod/src/v3/tests/branded.test.ts [2m([22m[2m1 test[22m[2m)[22m
 [32m✓[39m [44m[1m TS [22m[49m node_modules/.pnpm/ai@5.0.65_zod@4.1.12/node_modules/zod/src/v3/tests/catch.test.ts [2m([22m[2m17 tests[22m[2m)[22m
 [32m✓[39m [44m[1m TS [22m[49m node_modules/.pnpm/ai@5.0.65_zod@4.1.12/node_modules/zod/src/v3/tests/coerce.test.ts [2m([22m[2m5 tests[22m[2m)[22m
 [32m✓[39m [44m[1m TS [22m[49m node_modules/.pnpm/ai@5.0.65_zod@4.1.12/node_modules/zod/src/v3/tests/complex.test.ts [2m([22m[2m1 test[22m[2m)[22m
 [32m✓[39m [44m[1m TS [22m[49m node_modules/.pnpm/ai@5.0.65_zod@4.1.12/node_modules/zod/src/v3/tests/custom.test.ts [2m([22m[2m3 tests[22m[2m)[22m
 [32m✓[39m [44m[1m TS [22m[49m node_modules/.pnpm/ai@5.0.65_zod@4.1.12/node_modules/zod/src/v3/tests/date.test.ts [2m([22m[2m3 tests[22m[2m)[22m
 [32m✓[39m [44m[1m TS [22m[49m node_modules/.pnpm/ai@5.0.65_zod@4.1.12/node_modules/zod/src/v3/tests/deepmasking.test.ts [2m([22m[2m1 test[22m[2m)[22m
 [32m✓[39m [44m[1m TS [22m[49m node_modules/.pnpm/ai@5.0.65_zod@4.1.12/node_modules/zod/src/v3/tests/default.test.ts [2m([22m[2m11 tests[22m[2m)[22m
 [32m✓[39m [44m[1m TS [22m[49m node_modules/.pnpm/ai@5.0.65_zod@4.1.12/node_modules/zod/src/v3/tests/description.test.ts [2m([22m[2m4 tests[22m[2m)[22m
 [32m✓[39m [44m[1m TS [22m[49m node_modules/.pnpm/ai@5.0.65_zod@4.1.12/node_modules/zod/src/v3/tests/discriminated-unions.test.ts [2m([22m[2m14 tests[22m[2m)[22m
 [32m✓[39m [44m[1m TS [22m[49m node_modules/.pnpm/ai@5.0.65_zod@4.1.12/node_modules/zod/src/v3/tests/enum.test.ts [2m([22m[2m8 tests[22m[2m)[22m
 [32m✓[39m [44m[1m TS [22m[49m node_modules/.pnpm/ai@5.0.65_zod@4.1.12/node_modules/zod/src/v3/tests/error.test.ts [2m([22m[2m29 tests[22m[2m)[22m
 [32m✓[39m [44m[1m TS [22m[49m node_modules/.pnpm/ai@5.0.65_zod@4.1.12/node_modules/zod/src/v3/tests/firstparty.test.ts [2m([22m[2m1 test[22m[2m)[22m
 [32m✓[39m [44m[1m TS [22m[49m node_modules/.pnpm/ai@5.0.65_zod@4.1.12/node_modules/zod/src/v3/tests/firstpartyschematypes.test.ts [2m([22m[2m1 test[22m[2m)[22m
 [32m✓[39m [44m[1m TS [22m[49m node_modules/.pnpm/ai@5.0.65_zod@4.1.12/node_modules/zod/src/v3/tests/function.test.ts [2m([22m[2m18 tests[22m[2m)[22m
 [32m✓[39m [44m[1m TS [22m[49m node_modules/.pnpm/ai@5.0.65_zod@4.1.12/node_modules/zod/src/v3/tests/generics.test.ts [2m([22m[2m2 tests[22m[2m)[22m
 [32m✓[39m [44m[1m TS [22m[49m node_modules/.pnpm/ai@5.0.65_zod@4.1.12/node_modules/zod/src/v3/tests/instanceof.test.ts [2m([22m[2m2 tests[22m[2m)[22m
 [32m✓[39m [44m[1m TS [22m[49m node_modules/.pnpm/ai@5.0.65_zod@4.1.12/node_modules/zod/src/v3/tests/intersection.test.ts [2m([22m[2m5 tests[22m[2m)[22m
 [32m✓[39m [44m[1m TS [22m[49m node_modules/.pnpm/ai@5.0.65_zod@4.1.12/node_modules/zod/src/v3/tests/language-server.test.ts [2m([22m[2m1 test[22m[2m)[22m
 [32m✓[39m [44m[1m TS [22m[49m node_modules/.pnpm/ai@5.0.65_zod@4.1.12/node_modules/zod/src/v3/tests/literal.test.ts [2m([22m[2m3 tests[22m[2m)[22m
 [32m✓[39m [44m[1m TS [22m[49m node_modules/.pnpm/ai@5.0.65_zod@4.1.12/node_modules/zod/src/v3/tests/map.test.ts [2m([22m[2m7 tests[22m[2m)[22m
 [32m✓[39m [44m[1m TS [22m[49m node_modules/.pnpm/ai@5.0.65_zod@4.1.12/node_modules/zod/src/v3/tests/masking.test.ts [2m([22m[2m1 test[22m[2m)[22m
 [32m✓[39m [44m[1m TS [22m[49m node_modules/.pnpm/ai@5.0.65_zod@4.1.12/node_modules/zod/src/v3/tests/mocker.test.ts [2m([22m[2m1 test[22m[2m)[22m
 [32m✓[39m [44m[1m TS [22m[49m node_modules/.pnpm/ai@5.0.65_zod@4.1.12/node_modules/zod/src/v3/tests/nan.test.ts [2m([22m[2m2 tests[22m[2m)[22m
 [32m✓[39m [44m[1m TS [22m[49m node_modules/.pnpm/ai@5.0.65_zod@4.1.12/node_modules/zod/src/v3/tests/nativeEnum.test.ts [2m([22m[2m5 tests[22m[2m)[22m
 [32m✓[39m [44m[1m TS [22m[49m node_modules/.pnpm/ai@5.0.65_zod@4.1.12/node_modules/zod/src/v3/tests/nullable.test.ts [2m([22m[2m2 tests[22m[2m)[22m
 [32m✓[39m [44m[1m TS [22m[49m node_modules/.pnpm/ai@5.0.65_zod@4.1.12/node_modules/zod/src/v3/tests/number.test.ts [2m([22m[2m6 tests[22m[2m)[22m
 [32m✓[39m [44m[1m TS [22m[49m node_modules/.pnpm/ai@5.0.65_zod@4.1.12/node_modules/zod/src/v3/tests/object-augmentation.test.ts [2m([22m[2m1 test[22m[2m)[22m
 [32m✓[39m [44m[1m TS [22m[49m node_modules/.pnpm/ai@5.0.65_zod@4.1.12/node_modules/zod/src/v3/tests/object-in-es5-env.test.ts [2m([22m[2m3 tests[22m[2m)[22m
 [32m✓[39m [44m[1m TS [22m[49m node_modules/.pnpm/ai@5.0.65_zod@4.1.12/node_modules/zod/src/v3/tests/object.test.ts [2m([22m[2m37 tests[22m[2m)[22m
 [32m✓[39m [44m[1m TS [22m[49m node_modules/.pnpm/ai@5.0.65_zod@4.1.12/node_modules/zod/src/v3/tests/optional.test.ts [2m([22m[2m2 tests[22m[2m)[22m
 [32m✓[39m [44m[1m TS [22m[49m node_modules/.pnpm/ai@5.0.65_zod@4.1.12/node_modules/zod/src/v3/tests/parseUtil.test.ts [2m([22m[2m1 test[22m[2m)[22m
 [32m✓[39m [44m[1m TS [22m[49m node_modules/.pnpm/ai@5.0.65_zod@4.1.12/node_modules/zod/src/v3/tests/parser.test.ts [2m([22m[2m8 tests[22m[2m)[22m
 [32m✓[39m [44m[1m TS [22m[49m node_modules/.pnpm/ai@5.0.65_zod@4.1.12/node_modules/zod/src/v3/tests/partials.test.ts [2m([22m[2m15 tests[22m[2m)[22m
 [32m✓[39m [44m[1m TS [22m[49m node_modules/.pnpm/ai@5.0.65_zod@4.1.12/node_modules/zod/src/v3/tests/pickomit.test.ts [2m([22m[2m10 tests[22m[2m)[22m
 [32m✓[39m [44m[1m TS [22m[49m node_modules/.pnpm/ai@5.0.65_zod@4.1.12/node_modules/zod/src/v3/tests/pipeline.test.ts [2m([22m[2m3 tests[22m[2m)[22m
 [32m✓[39m [44m[1m TS [22m[49m node_modules/.pnpm/ai@5.0.65_zod@4.1.12/node_modules/zod/src/v3/tests/preprocess.test.ts [2m([22m[2m10 tests[22m[2m)[22m
 [32m✓[39m [44m[1m TS [22m[49m node_modules/.pnpm/ai@5.0.65_zod@4.1.12/node_modules/zod/src/v3/tests/primitive.test.ts [2m([22m[2m71 tests[22m[2m)[22m
 [32m✓[39m [44m[1m TS [22m[49m node_modules/.pnpm/ai@5.0.65_zod@4.1.12/node_modules/zod/src/v3/tests/promise.test.ts [2m([22m[2m10 tests[22m[2m)[22m
 [32m✓[39m [44m[1m TS [22m[49m node_modules/.pnpm/ai@5.0.65_zod@4.1.12/node_modules/zod/src/v3/tests/readonly.test.ts [2m([22m[2m3 tests[22m[2m)[22m
 [32m✓[39m [44m[1m TS [22m[49m node_modules/.pnpm/ai@5.0.65_zod@4.1.12/node_modules/zod/src/v3/tests/record.test.ts [2m([22m[2m10 tests[22m[2m)[22m
 [32m✓[39m [44m[1m TS [22m[49m node_modules/.pnpm/ai@5.0.65_zod@4.1.12/node_modules/zod/src/v3/tests/recursive.test.ts [2m([22m[2m4 tests[22m[2m)[22m
 [32m✓[39m [44m[1m TS [22m[49m node_modules/.pnpm/ai@5.0.65_zod@4.1.12/node_modules/zod/src/v3/tests/refine.test.ts [2m([22m[2m14 tests[22m[2m)[22m
 [32m✓[39m [44m[1m TS [22m[49m node_modules/.pnpm/ai@5.0.65_zod@4.1.12/node_modules/zod/src/v3/tests/safeparse.test.ts [2m([22m[2m3 tests[22m[2m)[22m
 [32m✓[39m [44m[1m TS [22m[49m node_modules/.pnpm/ai@5.0.65_zod@4.1.12/node_modules/zod/src/v3/tests/set.test.ts [2m([22m[2m11 tests[22m[2m)[22m
 [32m✓[39m [44m[1m TS [22m[49m node_modules/.pnpm/ai@5.0.65_zod@4.1.12/node_modules/zod/src/v3/tests/standard-schema.test.ts [2m([22m[2m6 tests[22m[2m)[22m
 [32m✓[39m [44m[1m TS [22m[49m node_modules/.pnpm/ai@5.0.65_zod@4.1.12/node_modules/zod/src/v3/tests/string.test.ts [2m([22m[2m34 tests[22m[2m)[22m
 [32m✓[39m [44m[1m TS [22m[49m node_modules/.pnpm/ai@5.0.65_zod@4.1.12/node_modules/zod/src/v3/tests/transformer.test.ts [2m([22m[2m16 tests[22m[2m)[22m
 [32m✓[39m [44m[1m TS [22m[49m node_modules/.pnpm/ai@5.0.65_zod@4.1.12/node_modules/zod/src/v3/tests/tuple.test.ts [2m([22m[2m8 tests[22m[2m)[22m
 [32m✓[39m [44m[1m TS [22m[49m node_modules/.pnpm/ai@5.0.65_zod@4.1.12/node_modules/zod/src/v3/tests/unions.test.ts [2m([22m[2m6 tests[22m[2m)[22m
 [32m✓[39m [44m[1m TS [22m[49m node_modules/.pnpm/ai@5.0.65_zod@4.1.12/node_modules/zod/src/v3/tests/validations.test.ts [2m([22m[2m14 tests[22m[2m)[22m
 [32m✓[39m [44m[1m TS [22m[49m node_modules/.pnpm/ai@5.0.65_zod@4.1.12/node_modules/zod/src/v3/tests/void.test.ts [2m([22m[2m1 test[22m[2m)[22m
 [32m✓[39m [44m[1m TS [22m[49m node_modules/.pnpm/astro@5.14.3_@types+node@22.18.9_@vercel+blob@1.0.2_@vercel+functions@2.2.13_idb-keyval_e74648c81971f273d9a39f121e250003/node_modules/zod/src/v3/tests/all-errors.test.ts [2m([22m[2m6 tests[22m[2m)[22m
 [32m✓[39m [44m[1m TS [22m[49m node_modules/.pnpm/astro@5.14.3_@types+node@22.18.9_@vercel+blob@1.0.2_@vercel+functions@2.2.13_idb-keyval_e74648c81971f273d9a39f121e250003/node_modules/zod/src/v3/tests/anyunknown.test.ts [2m([22m[2m3 tests[22m[2m)[22m
 [32m✓[39m [44m[1m TS [22m[49m node_modules/.pnpm/astro@5.14.3_@types+node@22.18.9_@vercel+blob@1.0.2_@vercel+functions@2.2.13_idb-keyval_e74648c81971f273d9a39f121e250003/node_modules/zod/src/v3/tests/array.test.ts [2m([22m[2m6 tests[22m[2m)[22m
 [32m✓[39m [44m[1m TS [22m[49m node_modules/.pnpm/astro@5.14.3_@types+node@22.18.9_@vercel+blob@1.0.2_@vercel+functions@2.2.13_idb-keyval_e74648c81971f273d9a39f121e250003/node_modules/zod/src/v3/tests/async-parsing.test.ts [2m([22m[2m24 tests[22m[2m)[22m
 [32m✓[39m [44m[1m TS [22m[49m node_modules/.pnpm/astro@5.14.3_@types+node@22.18.9_@vercel+blob@1.0.2_@vercel+functions@2.2.13_idb-keyval_e74648c81971f273d9a39f121e250003/node_modules/zod/src/v3/tests/async-refinements.test.ts [2m([22m[2m4 tests[22m[2m)[22m
 [32m✓[39m [44m[1m TS [22m[49m node_modules/.pnpm/astro@5.14.3_@types+node@22.18.9_@vercel+blob@1.0.2_@vercel+functions@2.2.13_idb-keyval_e74648c81971f273d9a39f121e250003/node_modules/zod/src/v3/tests/base.test.ts [2m([22m[2m2 tests[22m[2m)[22m
 [32m✓[39m [44m[1m TS [22m[49m node_modules/.pnpm/astro@5.14.3_@types+node@22.18.9_@vercel+blob@1.0.2_@vercel+functions@2.2.13_idb-keyval_e74648c81971f273d9a39f121e250003/node_modules/zod/src/v3/tests/bigint.test.ts [2m([22m[2m3 tests[22m[2m)[22m
 [32m✓[39m [44m[1m TS [22m[49m node_modules/.pnpm/astro@5.14.3_@types+node@22.18.9_@vercel+blob@1.0.2_@vercel+functions@2.2.13_idb-keyval_e74648c81971f273d9a39f121e250003/node_modules/zod/src/v3/tests/branded.test.ts [2m([22m[2m1 test[22m[2m)[22m
 [32m✓[39m [44m[1m TS [22m[49m node_modules/.pnpm/astro@5.14.3_@types+node@22.18.9_@vercel+blob@1.0.2_@vercel+functions@2.2.13_idb-keyval_e74648c81971f273d9a39f121e250003/node_modules/zod/src/v3/tests/catch.test.ts [2m([22m[2m17 tests[22m[2m)[22m
 [32m✓[39m [44m[1m TS [22m[49m node_modules/.pnpm/astro@5.14.3_@types+node@22.18.9_@vercel+blob@1.0.2_@vercel+functions@2.2.13_idb-keyval_e74648c81971f273d9a39f121e250003/node_modules/zod/src/v3/tests/coerce.test.ts [2m([22m[2m5 tests[22m[2m)[22m
 [32m✓[39m [44m[1m TS [22m[49m node_modules/.pnpm/astro@5.14.3_@types+node@22.18.9_@vercel+blob@1.0.2_@vercel+functions@2.2.13_idb-keyval_e74648c81971f273d9a39f121e250003/node_modules/zod/src/v3/tests/complex.test.ts [2m([22m[2m1 test[22m[2m)[22m
 [32m✓[39m [44m[1m TS [22m[49m node_modules/.pnpm/astro@5.14.3_@types+node@22.18.9_@vercel+blob@1.0.2_@vercel+functions@2.2.13_idb-keyval_e74648c81971f273d9a39f121e250003/node_modules/zod/src/v3/tests/custom.test.ts [2m([22m[2m3 tests[22m[2m)[22m
 [32m✓[39m [44m[1m TS [22m[49m node_modules/.pnpm/astro@5.14.3_@types+node@22.18.9_@vercel+blob@1.0.2_@vercel+functions@2.2.13_idb-keyval_e74648c81971f273d9a39f121e250003/node_modules/zod/src/v3/tests/date.test.ts [2m([22m[2m3 tests[22m[2m)[22m
 [32m✓[39m [44m[1m TS [22m[49m node_modules/.pnpm/astro@5.14.3_@types+node@22.18.9_@vercel+blob@1.0.2_@vercel+functions@2.2.13_idb-keyval_e74648c81971f273d9a39f121e250003/node_modules/zod/src/v3/tests/deepmasking.test.ts [2m([22m[2m1 test[22m[2m)[22m
 [32m✓[39m [44m[1m TS [22m[49m node_modules/.pnpm/astro@5.14.3_@types+node@22.18.9_@vercel+blob@1.0.2_@vercel+functions@2.2.13_idb-keyval_e74648c81971f273d9a39f121e250003/node_modules/zod/src/v3/tests/default.test.ts [2m([22m[2m11 tests[22m[2m)[22m
 [32m✓[39m [44m[1m TS [22m[49m node_modules/.pnpm/astro@5.14.3_@types+node@22.18.9_@vercel+blob@1.0.2_@vercel+functions@2.2.13_idb-keyval_e74648c81971f273d9a39f121e250003/node_modules/zod/src/v3/tests/description.test.ts [2m([22m[2m4 tests[22m[2m)[22m
 [32m✓[39m [44m[1m TS [22m[49m node_modules/.pnpm/astro@5.14.3_@types+node@22.18.9_@vercel+blob@1.0.2_@vercel+functions@2.2.13_idb-keyval_e74648c81971f273d9a39f121e250003/node_modules/zod/src/v3/tests/discriminated-unions.test.ts [2m([22m[2m14 tests[22m[2m)[22m
 [32m✓[39m [44m[1m TS [22m[49m node_modules/.pnpm/astro@5.14.3_@types+node@22.18.9_@vercel+blob@1.0.2_@vercel+functions@2.2.13_idb-keyval_e74648c81971f273d9a39f121e250003/node_modules/zod/src/v3/tests/enum.test.ts [2m([22m[2m8 tests[22m[2m)[22m
 [32m✓[39m [44m[1m TS [22m[49m node_modules/.pnpm/astro@5.14.3_@types+node@22.18.9_@vercel+blob@1.0.2_@vercel+functions@2.2.13_idb-keyval_e74648c81971f273d9a39f121e250003/node_modules/zod/src/v3/tests/error.test.ts [2m([22m[2m29 tests[22m[2m)[22m
 [32m✓[39m [44m[1m TS [22m[49m node_modules/.pnpm/astro@5.14.3_@types+node@22.18.9_@vercel+blob@1.0.2_@vercel+functions@2.2.13_idb-keyval_e74648c81971f273d9a39f121e250003/node_modules/zod/src/v3/tests/firstparty.test.ts [2m([22m[2m1 test[22m[2m)[22m
 [32m✓[39m [44m[1m TS [22m[49m node_modules/.pnpm/astro@5.14.3_@types+node@22.18.9_@vercel+blob@1.0.2_@vercel+functions@2.2.13_idb-keyval_e74648c81971f273d9a39f121e250003/node_modules/zod/src/v3/tests/firstpartyschematypes.test.ts [2m([22m[2m1 test[22m[2m)[22m
 [32m✓[39m [44m[1m TS [22m[49m node_modules/.pnpm/astro@5.14.3_@types+node@22.18.9_@vercel+blob@1.0.2_@vercel+functions@2.2.13_idb-keyval_e74648c81971f273d9a39f121e250003/node_modules/zod/src/v3/tests/function.test.ts [2m([22m[2m18 tests[22m[2m)[22m
 [32m✓[39m [44m[1m TS [22m[49m node_modules/.pnpm/astro@5.14.3_@types+node@22.18.9_@vercel+blob@1.0.2_@vercel+functions@2.2.13_idb-keyval_e74648c81971f273d9a39f121e250003/node_modules/zod/src/v3/tests/generics.test.ts [2m([22m[2m2 tests[22m[2m)[22m
 [32m✓[39m [44m[1m TS [22m[49m node_modules/.pnpm/astro@5.14.3_@types+node@22.18.9_@vercel+blob@1.0.2_@vercel+functions@2.2.13_idb-keyval_e74648c81971f273d9a39f121e250003/node_modules/zod/src/v3/tests/instanceof.test.ts [2m([22m[2m2 tests[22m[2m)[22m
 [32m✓[39m [44m[1m TS [22m[49m node_modules/.pnpm/astro@5.14.3_@types+node@22.18.9_@vercel+blob@1.0.2_@vercel+functions@2.2.13_idb-keyval_e74648c81971f273d9a39f121e250003/node_modules/zod/src/v3/tests/intersection.test.ts [2m([22m[2m5 tests[22m[2m)[22m
 [32m✓[39m [44m[1m TS [22m[49m node_modules/.pnpm/astro@5.14.3_@types+node@22.18.9_@vercel+blob@1.0.2_@vercel+functions@2.2.13_idb-keyval_e74648c81971f273d9a39f121e250003/node_modules/zod/src/v3/tests/language-server.test.ts [2m([22m[2m1 test[22m[2m)[22m
 [32m✓[39m [44m[1m TS [22m[49m node_modules/.pnpm/astro@5.14.3_@types+node@22.18.9_@vercel+blob@1.0.2_@vercel+functions@2.2.13_idb-keyval_e74648c81971f273d9a39f121e250003/node_modules/zod/src/v3/tests/literal.test.ts [2m([22m[2m3 tests[22m[2m)[22m
 [32m✓[39m [44m[1m TS [22m[49m node_modules/.pnpm/astro@5.14.3_@types+node@22.18.9_@vercel+blob@1.0.2_@vercel+functions@2.2.13_idb-keyval_e74648c81971f273d9a39f121e250003/node_modules/zod/src/v3/tests/map.test.ts [2m([22m[2m7 tests[22m[2m)[22m
 [32m✓[39m [44m[1m TS [22m[49m node_modules/.pnpm/astro@5.14.3_@types+node@22.18.9_@vercel+blob@1.0.2_@vercel+functions@2.2.13_idb-keyval_e74648c81971f273d9a39f121e250003/node_modules/zod/src/v3/tests/masking.test.ts [2m([22m[2m1 test[22m[2m)[22m
 [32m✓[39m [44m[1m TS [22m[49m node_modules/.pnpm/astro@5.14.3_@types+node@22.18.9_@vercel+blob@1.0.2_@vercel+functions@2.2.13_idb-keyval_e74648c81971f273d9a39f121e250003/node_modules/zod/src/v3/tests/mocker.test.ts [2m([22m[2m1 test[22m[2m)[22m
 [32m✓[39m [44m[1m TS [22m[49m node_modules/.pnpm/astro@5.14.3_@types+node@22.18.9_@vercel+blob@1.0.2_@vercel+functions@2.2.13_idb-keyval_e74648c81971f273d9a39f121e250003/node_modules/zod/src/v3/tests/nan.test.ts [2m([22m[2m2 tests[22m[2m)[22m
 [32m✓[39m [44m[1m TS [22m[49m node_modules/.pnpm/astro@5.14.3_@types+node@22.18.9_@vercel+blob@1.0.2_@vercel+functions@2.2.13_idb-keyval_e74648c81971f273d9a39f121e250003/node_modules/zod/src/v3/tests/nativeEnum.test.ts [2m([22m[2m5 tests[22m[2m)[22m
 [32m✓[39m [44m[1m TS [22m[49m node_modules/.pnpm/astro@5.14.3_@types+node@22.18.9_@vercel+blob@1.0.2_@vercel+functions@2.2.13_idb-keyval_e74648c81971f273d9a39f121e250003/node_modules/zod/src/v3/tests/nullable.test.ts [2m([22m[2m2 tests[22m[2m)[22m
 [32m✓[39m [44m[1m TS [22m[49m node_modules/.pnpm/astro@5.14.3_@types+node@22.18.9_@vercel+blob@1.0.2_@vercel+functions@2.2.13_idb-keyval_e74648c81971f273d9a39f121e250003/node_modules/zod/src/v3/tests/number.test.ts [2m([22m[2m6 tests[22m[2m)[22m
 [32m✓[39m [44m[1m TS [22m[49m node_modules/.pnpm/astro@5.14.3_@types+node@22.18.9_@vercel+blob@1.0.2_@vercel+functions@2.2.13_idb-keyval_e74648c81971f273d9a39f121e250003/node_modules/zod/src/v3/tests/object-augmentation.test.ts [2m([22m[2m1 test[22m[2m)[22m
 [32m✓[39m [44m[1m TS [22m[49m node_modules/.pnpm/astro@5.14.3_@types+node@22.18.9_@vercel+blob@1.0.2_@vercel+functions@2.2.13_idb-keyval_e74648c81971f273d9a39f121e250003/node_modules/zod/src/v3/tests/object-in-es5-env.test.ts [2m([22m[2m3 tests[22m[2m)[22m
 [32m✓[39m [44m[1m TS [22m[49m node_modules/.pnpm/astro@5.14.3_@types+node@22.18.9_@vercel+blob@1.0.2_@vercel+functions@2.2.13_idb-keyval_e74648c81971f273d9a39f121e250003/node_modules/zod/src/v3/tests/object.test.ts [2m([22m[2m37 tests[22m[2m)[22m
 [32m✓[39m [44m[1m TS [22m[49m node_modules/.pnpm/astro@5.14.3_@types+node@22.18.9_@vercel+blob@1.0.2_@vercel+functions@2.2.13_idb-keyval_e74648c81971f273d9a39f121e250003/node_modules/zod/src/v3/tests/optional.test.ts [2m([22m[2m2 tests[22m[2m)[22m
 [32m✓[39m [44m[1m TS [22m[49m node_modules/.pnpm/astro@5.14.3_@types+node@22.18.9_@vercel+blob@1.0.2_@vercel+functions@2.2.13_idb-keyval_e74648c81971f273d9a39f121e250003/node_modules/zod/src/v3/tests/parseUtil.test.ts [2m([22m[2m1 test[22m[2m)[22m
 [32m✓[39m [44m[1m TS [22m[49m node_modules/.pnpm/astro@5.14.3_@types+node@22.18.9_@vercel+blob@1.0.2_@vercel+functions@2.2.13_idb-keyval_e74648c81971f273d9a39f121e250003/node_modules/zod/src/v3/tests/parser.test.ts [2m([22m[2m8 tests[22m[2m)[22m
 [32m✓[39m [44m[1m TS [22m[49m node_modules/.pnpm/astro@5.14.3_@types+node@22.18.9_@vercel+blob@1.0.2_@vercel+functions@2.2.13_idb-keyval_e74648c81971f273d9a39f121e250003/node_modules/zod/src/v3/tests/partials.test.ts [2m([22m[2m15 tests[22m[2m)[22m
 [32m✓[39m [44m[1m TS [22m[49m node_modules/.pnpm/astro@5.14.3_@types+node@22.18.9_@vercel+blob@1.0.2_@vercel+functions@2.2.13_idb-keyval_e74648c81971f273d9a39f121e250003/node_modules/zod/src/v3/tests/pickomit.test.ts [2m([22m[2m10 tests[22m[2m)[22m
 [32m✓[39m [44m[1m TS [22m[49m node_modules/.pnpm/astro@5.14.3_@types+node@22.18.9_@vercel+blob@1.0.2_@vercel+functions@2.2.13_idb-keyval_e74648c81971f273d9a39f121e250003/node_modules/zod/src/v3/tests/pipeline.test.ts [2m([22m[2m3 tests[22m[2m)[22m
 [32m✓[39m [44m[1m TS [22m[49m node_modules/.pnpm/astro@5.14.3_@types+node@22.18.9_@vercel+blob@1.0.2_@vercel+functions@2.2.13_idb-keyval_e74648c81971f273d9a39f121e250003/node_modules/zod/src/v3/tests/preprocess.test.ts [2m([22m[2m10 tests[22m[2m)[22m
 [32m✓[39m [44m[1m TS [22m[49m node_modules/.pnpm/astro@5.14.3_@types+node@22.18.9_@vercel+blob@1.0.2_@vercel+functions@2.2.13_idb-keyval_e74648c81971f273d9a39f121e250003/node_modules/zod/src/v3/tests/primitive.test.ts [2m([22m[2m71 tests[22m[2m)[22m
 [32m✓[39m [44m[1m TS [22m[49m node_modules/.pnpm/astro@5.14.3_@types+node@22.18.9_@vercel+blob@1.0.2_@vercel+functions@2.2.13_idb-keyval_e74648c81971f273d9a39f121e250003/node_modules/zod/src/v3/tests/promise.test.ts [2m([22m[2m10 tests[22m[2m)[22m
 [32m✓[39m [44m[1m TS [22m[49m node_modules/.pnpm/astro@5.14.3_@types+node@22.18.9_@vercel+blob@1.0.2_@vercel+functions@2.2.13_idb-keyval_e74648c81971f273d9a39f121e250003/node_modules/zod/src/v3/tests/readonly.test.ts [2m([22m[2m3 tests[22m[2m)[22m
 [32m✓[39m [44m[1m TS [22m[49m node_modules/.pnpm/astro@5.14.3_@types+node@22.18.9_@vercel+blob@1.0.2_@vercel+functions@2.2.13_idb-keyval_e74648c81971f273d9a39f121e250003/node_modules/zod/src/v3/tests/record.test.ts [2m([22m[2m10 tests[22m[2m)[22m
 [32m✓[39m [44m[1m TS [22m[49m node_modules/.pnpm/astro@5.14.3_@types+node@22.18.9_@vercel+blob@1.0.2_@vercel+functions@2.2.13_idb-keyval_e74648c81971f273d9a39f121e250003/node_modules/zod/src/v3/tests/recursive.test.ts [2m([22m[2m4 tests[22m[2m)[22m
 [32m✓[39m [44m[1m TS [22m[49m node_modules/.pnpm/astro@5.14.3_@types+node@22.18.9_@vercel+blob@1.0.2_@vercel+functions@2.2.13_idb-keyval_e74648c81971f273d9a39f121e250003/node_modules/zod/src/v3/tests/refine.test.ts [2m([22m[2m14 tests[22m[2m)[22m
 [32m✓[39m [44m[1m TS [22m[49m node_modules/.pnpm/astro@5.14.3_@types+node@22.18.9_@vercel+blob@1.0.2_@vercel+functions@2.2.13_idb-keyval_e74648c81971f273d9a39f121e250003/node_modules/zod/src/v3/tests/safeparse.test.ts [2m([22m[2m3 tests[22m[2m)[22m
 [32m✓[39m [44m[1m TS [22m[49m node_modules/.pnpm/astro@5.14.3_@types+node@22.18.9_@vercel+blob@1.0.2_@vercel+functions@2.2.13_idb-keyval_e74648c81971f273d9a39f121e250003/node_modules/zod/src/v3/tests/set.test.ts [2m([22m[2m11 tests[22m[2m)[22m
 [32m✓[39m [44m[1m TS [22m[49m node_modules/.pnpm/astro@5.14.3_@types+node@22.18.9_@vercel+blob@1.0.2_@vercel+functions@2.2.13_idb-keyval_e74648c81971f273d9a39f121e250003/node_modules/zod/src/v3/tests/standard-schema.test.ts [2m([22m[2m6 tests[22m[2m)[22m
 [32m✓[39m [44m[1m TS [22m[49m node_modules/.pnpm/astro@5.14.3_@types+node@22.18.9_@vercel+blob@1.0.2_@vercel+functions@2.2.13_idb-keyval_e74648c81971f273d9a39f121e250003/node_modules/zod/src/v3/tests/string.test.ts [2m([22m[2m34 tests[22m[2m)[22m
 [32m✓[39m [44m[1m TS [22m[49m node_modules/.pnpm/astro@5.14.3_@types+node@22.18.9_@vercel+blob@1.0.2_@vercel+functions@2.2.13_idb-keyval_e74648c81971f273d9a39f121e250003/node_modules/zod/src/v3/tests/transformer.test.ts [2m([22m[2m16 tests[22m[2m)[22m
 [32m✓[39m [44m[1m TS [22m[49m node_modules/.pnpm/astro@5.14.3_@types+node@22.18.9_@vercel+blob@1.0.2_@vercel+functions@2.2.13_idb-keyval_e74648c81971f273d9a39f121e250003/node_modules/zod/src/v3/tests/tuple.test.ts [2m([22m[2m8 tests[22m[2m)[22m
 [32m✓[39m [44m[1m TS [22m[49m node_modules/.pnpm/astro@5.14.3_@types+node@22.18.9_@vercel+blob@1.0.2_@vercel+functions@2.2.13_idb-keyval_e74648c81971f273d9a39f121e250003/node_modules/zod/src/v3/tests/unions.test.ts [2m([22m[2m6 tests[22m[2m)[22m
 [32m✓[39m [44m[1m TS [22m[49m node_modules/.pnpm/astro@5.14.3_@types+node@22.18.9_@vercel+blob@1.0.2_@vercel+functions@2.2.13_idb-keyval_e74648c81971f273d9a39f121e250003/node_modules/zod/src/v3/tests/validations.test.ts [2m([22m[2m14 tests[22m[2m)[22m
 [32m✓[39m [44m[1m TS [22m[49m node_modules/.pnpm/astro@5.14.3_@types+node@22.18.9_@vercel+blob@1.0.2_@vercel+functions@2.2.13_idb-keyval_e74648c81971f273d9a39f121e250003/node_modules/zod/src/v3/tests/void.test.ts [2m([22m[2m1 test[22m[2m)[22m
 [32m✓[39m [44m[1m TS [22m[49m node_modules/.pnpm/eslint-plugin-react-hooks@7.0.0_eslint@9.37.0_jiti@2.6.1_/node_modules/zod/src/v3/tests/all-errors.test.ts [2m([22m[2m6 tests[22m[2m)[22m
 [32m✓[39m [44m[1m TS [22m[49m node_modules/.pnpm/eslint-plugin-react-hooks@7.0.0_eslint@9.37.0_jiti@2.6.1_/node_modules/zod/src/v3/tests/anyunknown.test.ts [2m([22m[2m3 tests[22m[2m)[22m
 [32m✓[39m [44m[1m TS [22m[49m node_modules/.pnpm/eslint-plugin-react-hooks@7.0.0_eslint@9.37.0_jiti@2.6.1_/node_modules/zod/src/v3/tests/array.test.ts [2m([22m[2m6 tests[22m[2m)[22m
 [32m✓[39m [44m[1m TS [22m[49m node_modules/.pnpm/eslint-plugin-react-hooks@7.0.0_eslint@9.37.0_jiti@2.6.1_/node_modules/zod/src/v3/tests/async-parsing.test.ts [2m([22m[2m24 tests[22m[2m)[22m
 [32m✓[39m [44m[1m TS [22m[49m node_modules/.pnpm/eslint-plugin-react-hooks@7.0.0_eslint@9.37.0_jiti@2.6.1_/node_modules/zod/src/v3/tests/async-refinements.test.ts [2m([22m[2m4 tests[22m[2m)[22m
 [32m✓[39m [44m[1m TS [22m[49m node_modules/.pnpm/eslint-plugin-react-hooks@7.0.0_eslint@9.37.0_jiti@2.6.1_/node_modules/zod/src/v3/tests/base.test.ts [2m([22m[2m2 tests[22m[2m)[22m
 [32m✓[39m [44m[1m TS [22m[49m node_modules/.pnpm/eslint-plugin-react-hooks@7.0.0_eslint@9.37.0_jiti@2.6.1_/node_modules/zod/src/v3/tests/bigint.test.ts [2m([22m[2m3 tests[22m[2m)[22m
 [32m✓[39m [44m[1m TS [22m[49m node_modules/.pnpm/eslint-plugin-react-hooks@7.0.0_eslint@9.37.0_jiti@2.6.1_/node_modules/zod/src/v3/tests/branded.test.ts [2m([22m[2m1 test[22m[2m)[22m
 [32m✓[39m [44m[1m TS [22m[49m node_modules/.pnpm/eslint-plugin-react-hooks@7.0.0_eslint@9.37.0_jiti@2.6.1_/node_modules/zod/src/v3/tests/catch.test.ts [2m([22m[2m17 tests[22m[2m)[22m
 [32m✓[39m [44m[1m TS [22m[49m node_modules/.pnpm/eslint-plugin-react-hooks@7.0.0_eslint@9.37.0_jiti@2.6.1_/node_modules/zod/src/v3/tests/coerce.test.ts [2m([22m[2m5 tests[22m[2m)[22m
 [32m✓[39m [44m[1m TS [22m[49m node_modules/.pnpm/eslint-plugin-react-hooks@7.0.0_eslint@9.37.0_jiti@2.6.1_/node_modules/zod/src/v3/tests/complex.test.ts [2m([22m[2m1 test[22m[2m)[22m
 [32m✓[39m [44m[1m TS [22m[49m node_modules/.pnpm/eslint-plugin-react-hooks@7.0.0_eslint@9.37.0_jiti@2.6.1_/node_modules/zod/src/v3/tests/custom.test.ts [2m([22m[2m3 tests[22m[2m)[22m
 [32m✓[39m [44m[1m TS [22m[49m node_modules/.pnpm/eslint-plugin-react-hooks@7.0.0_eslint@9.37.0_jiti@2.6.1_/node_modules/zod/src/v3/tests/date.test.ts [2m([22m[2m3 tests[22m[2m)[22m
 [32m✓[39m [44m[1m TS [22m[49m node_modules/.pnpm/eslint-plugin-react-hooks@7.0.0_eslint@9.37.0_jiti@2.6.1_/node_modules/zod/src/v3/tests/deepmasking.test.ts [2m([22m[2m1 test[22m[2m)[22m
 [32m✓[39m [44m[1m TS [22m[49m node_modules/.pnpm/eslint-plugin-react-hooks@7.0.0_eslint@9.37.0_jiti@2.6.1_/node_modules/zod/src/v3/tests/default.test.ts [2m([22m[2m11 tests[22m[2m)[22m
 [32m✓[39m [44m[1m TS [22m[49m node_modules/.pnpm/eslint-plugin-react-hooks@7.0.0_eslint@9.37.0_jiti@2.6.1_/node_modules/zod/src/v3/tests/description.test.ts [2m([22m[2m4 tests[22m[2m)[22m
 [32m✓[39m [44m[1m TS [22m[49m node_modules/.pnpm/eslint-plugin-react-hooks@7.0.0_eslint@9.37.0_jiti@2.6.1_/node_modules/zod/src/v3/tests/discriminated-unions.test.ts [2m([22m[2m14 tests[22m[2m)[22m
 [32m✓[39m [44m[1m TS [22m[49m node_modules/.pnpm/eslint-plugin-react-hooks@7.0.0_eslint@9.37.0_jiti@2.6.1_/node_modules/zod/src/v3/tests/enum.test.ts [2m([22m[2m8 tests[22m[2m)[22m
 [32m✓[39m [44m[1m TS [22m[49m node_modules/.pnpm/eslint-plugin-react-hooks@7.0.0_eslint@9.37.0_jiti@2.6.1_/node_modules/zod/src/v3/tests/error.test.ts [2m([22m[2m29 tests[22m[2m)[22m
 [32m✓[39m [44m[1m TS [22m[49m node_modules/.pnpm/eslint-plugin-react-hooks@7.0.0_eslint@9.37.0_jiti@2.6.1_/node_modules/zod/src/v3/tests/firstparty.test.ts [2m([22m[2m1 test[22m[2m)[22m
 [32m✓[39m [44m[1m TS [22m[49m node_modules/.pnpm/eslint-plugin-react-hooks@7.0.0_eslint@9.37.0_jiti@2.6.1_/node_modules/zod/src/v3/tests/firstpartyschematypes.test.ts [2m([22m[2m1 test[22m[2m)[22m
 [32m✓[39m [44m[1m TS [22m[49m node_modules/.pnpm/eslint-plugin-react-hooks@7.0.0_eslint@9.37.0_jiti@2.6.1_/node_modules/zod/src/v3/tests/function.test.ts [2m([22m[2m18 tests[22m[2m)[22m
 [32m✓[39m [44m[1m TS [22m[49m node_modules/.pnpm/eslint-plugin-react-hooks@7.0.0_eslint@9.37.0_jiti@2.6.1_/node_modules/zod/src/v3/tests/generics.test.ts [2m([22m[2m2 tests[22m[2m)[22m
 [32m✓[39m [44m[1m TS [22m[49m node_modules/.pnpm/eslint-plugin-react-hooks@7.0.0_eslint@9.37.0_jiti@2.6.1_/node_modules/zod/src/v3/tests/instanceof.test.ts [2m([22m[2m2 tests[22m[2m)[22m
 [32m✓[39m [44m[1m TS [22m[49m node_modules/.pnpm/eslint-plugin-react-hooks@7.0.0_eslint@9.37.0_jiti@2.6.1_/node_modules/zod/src/v3/tests/intersection.test.ts [2m([22m[2m5 tests[22m[2m)[22m
 [32m✓[39m [44m[1m TS [22m[49m node_modules/.pnpm/eslint-plugin-react-hooks@7.0.0_eslint@9.37.0_jiti@2.6.1_/node_modules/zod/src/v3/tests/language-server.test.ts [2m([22m[2m1 test[22m[2m)[22m
 [32m✓[39m [44m[1m TS [22m[49m node_modules/.pnpm/eslint-plugin-react-hooks@7.0.0_eslint@9.37.0_jiti@2.6.1_/node_modules/zod/src/v3/tests/literal.test.ts [2m([22m[2m3 tests[22m[2m)[22m
 [32m✓[39m [44m[1m TS [22m[49m node_modules/.pnpm/eslint-plugin-react-hooks@7.0.0_eslint@9.37.0_jiti@2.6.1_/node_modules/zod/src/v3/tests/map.test.ts [2m([22m[2m7 tests[22m[2m)[22m
 [32m✓[39m [44m[1m TS [22m[49m node_modules/.pnpm/eslint-plugin-react-hooks@7.0.0_eslint@9.37.0_jiti@2.6.1_/node_modules/zod/src/v3/tests/masking.test.ts [2m([22m[2m1 test[22m[2m)[22m
 [32m✓[39m [44m[1m TS [22m[49m node_modules/.pnpm/eslint-plugin-react-hooks@7.0.0_eslint@9.37.0_jiti@2.6.1_/node_modules/zod/src/v3/tests/mocker.test.ts [2m([22m[2m1 test[22m[2m)[22m
 [32m✓[39m [44m[1m TS [22m[49m node_modules/.pnpm/eslint-plugin-react-hooks@7.0.0_eslint@9.37.0_jiti@2.6.1_/node_modules/zod/src/v3/tests/nan.test.ts [2m([22m[2m2 tests[22m[2m)[22m
 [32m✓[39m [44m[1m TS [22m[49m node_modules/.pnpm/eslint-plugin-react-hooks@7.0.0_eslint@9.37.0_jiti@2.6.1_/node_modules/zod/src/v3/tests/nativeEnum.test.ts [2m([22m[2m5 tests[22m[2m)[22m
 [32m✓[39m [44m[1m TS [22m[49m node_modules/.pnpm/eslint-plugin-react-hooks@7.0.0_eslint@9.37.0_jiti@2.6.1_/node_modules/zod/src/v3/tests/nullable.test.ts [2m([22m[2m2 tests[22m[2m)[22m
 [32m✓[39m [44m[1m TS [22m[49m node_modules/.pnpm/eslint-plugin-react-hooks@7.0.0_eslint@9.37.0_jiti@2.6.1_/node_modules/zod/src/v3/tests/number.test.ts [2m([22m[2m6 tests[22m[2m)[22m
 [32m✓[39m [44m[1m TS [22m[49m node_modules/.pnpm/eslint-plugin-react-hooks@7.0.0_eslint@9.37.0_jiti@2.6.1_/node_modules/zod/src/v3/tests/object-augmentation.test.ts [2m([22m[2m1 test[22m[2m)[22m
 [32m✓[39m [44m[1m TS [22m[49m node_modules/.pnpm/eslint-plugin-react-hooks@7.0.0_eslint@9.37.0_jiti@2.6.1_/node_modules/zod/src/v3/tests/object-in-es5-env.test.ts [2m([22m[2m3 tests[22m[2m)[22m
 [32m✓[39m [44m[1m TS [22m[49m node_modules/.pnpm/eslint-plugin-react-hooks@7.0.0_eslint@9.37.0_jiti@2.6.1_/node_modules/zod/src/v3/tests/object.test.ts [2m([22m[2m37 tests[22m[2m)[22m
 [32m✓[39m [44m[1m TS [22m[49m node_modules/.pnpm/eslint-plugin-react-hooks@7.0.0_eslint@9.37.0_jiti@2.6.1_/node_modules/zod/src/v3/tests/optional.test.ts [2m([22m[2m2 tests[22m[2m)[22m
 [32m✓[39m [44m[1m TS [22m[49m node_modules/.pnpm/eslint-plugin-react-hooks@7.0.0_eslint@9.37.0_jiti@2.6.1_/node_modules/zod/src/v3/tests/parseUtil.test.ts [2m([22m[2m1 test[22m[2m)[22m
 [32m✓[39m [44m[1m TS [22m[49m node_modules/.pnpm/eslint-plugin-react-hooks@7.0.0_eslint@9.37.0_jiti@2.6.1_/node_modules/zod/src/v3/tests/parser.test.ts [2m([22m[2m8 tests[22m[2m)[22m
 [32m✓[39m [44m[1m TS [22m[49m node_modules/.pnpm/eslint-plugin-react-hooks@7.0.0_eslint@9.37.0_jiti@2.6.1_/node_modules/zod/src/v3/tests/partials.test.ts [2m([22m[2m15 tests[22m[2m)[22m
 [32m✓[39m [44m[1m TS [22m[49m node_modules/.pnpm/eslint-plugin-react-hooks@7.0.0_eslint@9.37.0_jiti@2.6.1_/node_modules/zod/src/v3/tests/pickomit.test.ts [2m([22m[2m10 tests[22m[2m)[22m
 [32m✓[39m [44m[1m TS [22m[49m node_modules/.pnpm/eslint-plugin-react-hooks@7.0.0_eslint@9.37.0_jiti@2.6.1_/node_modules/zod/src/v3/tests/pipeline.test.ts [2m([22m[2m3 tests[22m[2m)[22m
 [32m✓[39m [44m[1m TS [22m[49m node_modules/.pnpm/eslint-plugin-react-hooks@7.0.0_eslint@9.37.0_jiti@2.6.1_/node_modules/zod/src/v3/tests/preprocess.test.ts [2m([22m[2m10 tests[22m[2m)[22m
 [32m✓[39m [44m[1m TS [22m[49m node_modules/.pnpm/eslint-plugin-react-hooks@7.0.0_eslint@9.37.0_jiti@2.6.1_/node_modules/zod/src/v3/tests/primitive.test.ts [2m([22m[2m71 tests[22m[2m)[22m
 [32m✓[39m [44m[1m TS [22m[49m node_modules/.pnpm/eslint-plugin-react-hooks@7.0.0_eslint@9.37.0_jiti@2.6.1_/node_modules/zod/src/v3/tests/promise.test.ts [2m([22m[2m10 tests[22m[2m)[22m
 [32m✓[39m [44m[1m TS [22m[49m node_modules/.pnpm/eslint-plugin-react-hooks@7.0.0_eslint@9.37.0_jiti@2.6.1_/node_modules/zod/src/v3/tests/readonly.test.ts [2m([22m[2m3 tests[22m[2m)[22m
 [32m✓[39m [44m[1m TS [22m[49m node_modules/.pnpm/eslint-plugin-react-hooks@7.0.0_eslint@9.37.0_jiti@2.6.1_/node_modules/zod/src/v3/tests/record.test.ts [2m([22m[2m10 tests[22m[2m)[22m
 [32m✓[39m [44m[1m TS [22m[49m node_modules/.pnpm/eslint-plugin-react-hooks@7.0.0_eslint@9.37.0_jiti@2.6.1_/node_modules/zod/src/v3/tests/recursive.test.ts [2m([22m[2m4 tests[22m[2m)[22m
 [32m✓[39m [44m[1m TS [22m[49m node_modules/.pnpm/eslint-plugin-react-hooks@7.0.0_eslint@9.37.0_jiti@2.6.1_/node_modules/zod/src/v3/tests/refine.test.ts [2m([22m[2m14 tests[22m[2m)[22m
 [32m✓[39m [44m[1m TS [22m[49m node_modules/.pnpm/eslint-plugin-react-hooks@7.0.0_eslint@9.37.0_jiti@2.6.1_/node_modules/zod/src/v3/tests/safeparse.test.ts [2m([22m[2m3 tests[22m[2m)[22m
 [32m✓[39m [44m[1m TS [22m[49m node_modules/.pnpm/eslint-plugin-react-hooks@7.0.0_eslint@9.37.0_jiti@2.6.1_/node_modules/zod/src/v3/tests/set.test.ts [2m([22m[2m11 tests[22m[2m)[22m
 [32m✓[39m [44m[1m TS [22m[49m node_modules/.pnpm/eslint-plugin-react-hooks@7.0.0_eslint@9.37.0_jiti@2.6.1_/node_modules/zod/src/v3/tests/standard-schema.test.ts [2m([22m[2m6 tests[22m[2m)[22m
 [32m✓[39m [44m[1m TS [22m[49m node_modules/.pnpm/eslint-plugin-react-hooks@7.0.0_eslint@9.37.0_jiti@2.6.1_/node_modules/zod/src/v3/tests/string.test.ts [2m([22m[2m34 tests[22m[2m)[22m
 [32m✓[39m [44m[1m TS [22m[49m node_modules/.pnpm/eslint-plugin-react-hooks@7.0.0_eslint@9.37.0_jiti@2.6.1_/node_modules/zod/src/v3/tests/transformer.test.ts [2m([22m[2m16 tests[22m[2m)[22m
 [32m✓[39m [44m[1m TS [22m[49m node_modules/.pnpm/eslint-plugin-react-hooks@7.0.0_eslint@9.37.0_jiti@2.6.1_/node_modules/zod/src/v3/tests/tuple.test.ts [2m([22m[2m8 tests[22m[2m)[22m
 [32m✓[39m [44m[1m TS [22m[49m node_modules/.pnpm/eslint-plugin-react-hooks@7.0.0_eslint@9.37.0_jiti@2.6.1_/node_modules/zod/src/v3/tests/unions.test.ts [2m([22m[2m6 tests[22m[2m)[22m
 [32m✓[39m [44m[1m TS [22m[49m node_modules/.pnpm/eslint-plugin-react-hooks@7.0.0_eslint@9.37.0_jiti@2.6.1_/node_modules/zod/src/v3/tests/validations.test.ts [2m([22m[2m14 tests[22m[2m)[22m
 [32m✓[39m [44m[1m TS [22m[49m node_modules/.pnpm/eslint-plugin-react-hooks@7.0.0_eslint@9.37.0_jiti@2.6.1_/node_modules/zod/src/v3/tests/void.test.ts [2m([22m[2m1 test[22m[2m)[22m
 [32m✓[39m [44m[1m TS [22m[49m node_modules/.pnpm/jazz-tools@0.19.3_@tiptap+pm@2.26.2_csstype@3.1.3_react-dom@19.2.0_react@19.2.0__react@19.2.0/node_modules/zod/src/v3/tests/all-errors.test.ts [2m([22m[2m6 tests[22m[2m)[22m
 [32m✓[39m [44m[1m TS [22m[49m node_modules/.pnpm/jazz-tools@0.19.3_@tiptap+pm@2.26.2_csstype@3.1.3_react-dom@19.2.0_react@19.2.0__react@19.2.0/node_modules/zod/src/v3/tests/anyunknown.test.ts [2m([22m[2m3 tests[22m[2m)[22m
 [32m✓[39m [44m[1m TS [22m[49m node_modules/.pnpm/jazz-tools@0.19.3_@tiptap+pm@2.26.2_csstype@3.1.3_react-dom@19.2.0_react@19.2.0__react@19.2.0/node_modules/zod/src/v3/tests/array.test.ts [2m([22m[2m6 tests[22m[2m)[22m
 [32m✓[39m [44m[1m TS [22m[49m node_modules/.pnpm/jazz-tools@0.19.3_@tiptap+pm@2.26.2_csstype@3.1.3_react-dom@19.2.0_react@19.2.0__react@19.2.0/node_modules/zod/src/v3/tests/async-parsing.test.ts [2m([22m[2m24 tests[22m[2m)[22m
 [32m✓[39m [44m[1m TS [22m[49m node_modules/.pnpm/jazz-tools@0.19.3_@tiptap+pm@2.26.2_csstype@3.1.3_react-dom@19.2.0_react@19.2.0__react@19.2.0/node_modules/zod/src/v3/tests/async-refinements.test.ts [2m([22m[2m4 tests[22m[2m)[22m
 [32m✓[39m [44m[1m TS [22m[49m node_modules/.pnpm/jazz-tools@0.19.3_@tiptap+pm@2.26.2_csstype@3.1.3_react-dom@19.2.0_react@19.2.0__react@19.2.0/node_modules/zod/src/v3/tests/base.test.ts [2m([22m[2m2 tests[22m[2m)[22m
 [32m✓[39m [44m[1m TS [22m[49m node_modules/.pnpm/jazz-tools@0.19.3_@tiptap+pm@2.26.2_csstype@3.1.3_react-dom@19.2.0_react@19.2.0__react@19.2.0/node_modules/zod/src/v3/tests/bigint.test.ts [2m([22m[2m3 tests[22m[2m)[22m
 [32m✓[39m [44m[1m TS [22m[49m node_modules/.pnpm/jazz-tools@0.19.3_@tiptap+pm@2.26.2_csstype@3.1.3_react-dom@19.2.0_react@19.2.0__react@19.2.0/node_modules/zod/src/v3/tests/branded.test.ts [2m([22m[2m1 test[22m[2m)[22m
 [32m✓[39m [44m[1m TS [22m[49m node_modules/.pnpm/jazz-tools@0.19.3_@tiptap+pm@2.26.2_csstype@3.1.3_react-dom@19.2.0_react@19.2.0__react@19.2.0/node_modules/zod/src/v3/tests/catch.test.ts [2m([22m[2m17 tests[22m[2m)[22m
 [32m✓[39m [44m[1m TS [22m[49m node_modules/.pnpm/jazz-tools@0.19.3_@tiptap+pm@2.26.2_csstype@3.1.3_react-dom@19.2.0_react@19.2.0__react@19.2.0/node_modules/zod/src/v3/tests/coerce.test.ts [2m([22m[2m5 tests[22m[2m)[22m
 [32m✓[39m [44m[1m TS [22m[49m node_modules/.pnpm/jazz-tools@0.19.3_@tiptap+pm@2.26.2_csstype@3.1.3_react-dom@19.2.0_react@19.2.0__react@19.2.0/node_modules/zod/src/v3/tests/complex.test.ts [2m([22m[2m1 test[22m[2m)[22m
 [32m✓[39m [44m[1m TS [22m[49m node_modules/.pnpm/jazz-tools@0.19.3_@tiptap+pm@2.26.2_csstype@3.1.3_react-dom@19.2.0_react@19.2.0__react@19.2.0/node_modules/zod/src/v3/tests/custom.test.ts [2m([22m[2m3 tests[22m[2m)[22m
 [32m✓[39m [44m[1m TS [22m[49m node_modules/.pnpm/jazz-tools@0.19.3_@tiptap+pm@2.26.2_csstype@3.1.3_react-dom@19.2.0_react@19.2.0__react@19.2.0/node_modules/zod/src/v3/tests/date.test.ts [2m([22m[2m3 tests[22m[2m)[22m
 [32m✓[39m [44m[1m TS [22m[49m node_modules/.pnpm/jazz-tools@0.19.3_@tiptap+pm@2.26.2_csstype@3.1.3_react-dom@19.2.0_react@19.2.0__react@19.2.0/node_modules/zod/src/v3/tests/deepmasking.test.ts [2m([22m[2m1 test[22m[2m)[22m
 [32m✓[39m [44m[1m TS [22m[49m node_modules/.pnpm/jazz-tools@0.19.3_@tiptap+pm@2.26.2_csstype@3.1.3_react-dom@19.2.0_react@19.2.0__react@19.2.0/node_modules/zod/src/v3/tests/default.test.ts [2m([22m[2m11 tests[22m[2m)[22m
 [32m✓[39m [44m[1m TS [22m[49m node_modules/.pnpm/jazz-tools@0.19.3_@tiptap+pm@2.26.2_csstype@3.1.3_react-dom@19.2.0_react@19.2.0__react@19.2.0/node_modules/zod/src/v3/tests/description.test.ts [2m([22m[2m4 tests[22m[2m)[22m
 [32m✓[39m [44m[1m TS [22m[49m node_modules/.pnpm/jazz-tools@0.19.3_@tiptap+pm@2.26.2_csstype@3.1.3_react-dom@19.2.0_react@19.2.0__react@19.2.0/node_modules/zod/src/v3/tests/discriminated-unions.test.ts [2m([22m[2m14 tests[22m[2m)[22m
 [32m✓[39m [44m[1m TS [22m[49m node_modules/.pnpm/jazz-tools@0.19.3_@tiptap+pm@2.26.2_csstype@3.1.3_react-dom@19.2.0_react@19.2.0__react@19.2.0/node_modules/zod/src/v3/tests/enum.test.ts [2m([22m[2m8 tests[22m[2m)[22m
 [32m✓[39m [44m[1m TS [22m[49m node_modules/.pnpm/jazz-tools@0.19.3_@tiptap+pm@2.26.2_csstype@3.1.3_react-dom@19.2.0_react@19.2.0__react@19.2.0/node_modules/zod/src/v3/tests/error.test.ts [2m([22m[2m29 tests[22m[2m)[22m
 [32m✓[39m [44m[1m TS [22m[49m node_modules/.pnpm/jazz-tools@0.19.3_@tiptap+pm@2.26.2_csstype@3.1.3_react-dom@19.2.0_react@19.2.0__react@19.2.0/node_modules/zod/src/v3/tests/firstparty.test.ts [2m([22m[2m1 test[22m[2m)[22m
 [32m✓[39m [44m[1m TS [22m[49m node_modules/.pnpm/jazz-tools@0.19.3_@tiptap+pm@2.26.2_csstype@3.1.3_react-dom@19.2.0_react@19.2.0__react@19.2.0/node_modules/zod/src/v3/tests/firstpartyschematypes.test.ts [2m([22m[2m1 test[22m[2m)[22m
 [32m✓[39m [44m[1m TS [22m[49m node_modules/.pnpm/jazz-tools@0.19.3_@tiptap+pm@2.26.2_csstype@3.1.3_react-dom@19.2.0_react@19.2.0__react@19.2.0/node_modules/zod/src/v3/tests/function.test.ts [2m([22m[2m18 tests[22m[2m)[22m
 [32m✓[39m [44m[1m TS [22m[49m node_modules/.pnpm/jazz-tools@0.19.3_@tiptap+pm@2.26.2_csstype@3.1.3_react-dom@19.2.0_react@19.2.0__react@19.2.0/node_modules/zod/src/v3/tests/generics.test.ts [2m([22m[2m2 tests[22m[2m)[22m
 [32m✓[39m [44m[1m TS [22m[49m node_modules/.pnpm/jazz-tools@0.19.3_@tiptap+pm@2.26.2_csstype@3.1.3_react-dom@19.2.0_react@19.2.0__react@19.2.0/node_modules/zod/src/v3/tests/instanceof.test.ts [2m([22m[2m2 tests[22m[2m)[22m
 [32m✓[39m [44m[1m TS [22m[49m node_modules/.pnpm/jazz-tools@0.19.3_@tiptap+pm@2.26.2_csstype@3.1.3_react-dom@19.2.0_react@19.2.0__react@19.2.0/node_modules/zod/src/v3/tests/intersection.test.ts [2m([22m[2m5 tests[22m[2m)[22m
 [32m✓[39m [44m[1m TS [22m[49m node_modules/.pnpm/jazz-tools@0.19.3_@tiptap+pm@2.26.2_csstype@3.1.3_react-dom@19.2.0_react@19.2.0__react@19.2.0/node_modules/zod/src/v3/tests/language-server.test.ts [2m([22m[2m1 test[22m[2m)[22m
 [32m✓[39m [44m[1m TS [22m[49m node_modules/.pnpm/jazz-tools@0.19.3_@tiptap+pm@2.26.2_csstype@3.1.3_react-dom@19.2.0_react@19.2.0__react@19.2.0/node_modules/zod/src/v3/tests/literal.test.ts [2m([22m[2m3 tests[22m[2m)[22m
 [32m✓[39m [44m[1m TS [22m[49m node_modules/.pnpm/jazz-tools@0.19.3_@tiptap+pm@2.26.2_csstype@3.1.3_react-dom@19.2.0_react@19.2.0__react@19.2.0/node_modules/zod/src/v3/tests/map.test.ts [2m([22m[2m7 tests[22m[2m)[22m
 [32m✓[39m [44m[1m TS [22m[49m node_modules/.pnpm/jazz-tools@0.19.3_@tiptap+pm@2.26.2_csstype@3.1.3_react-dom@19.2.0_react@19.2.0__react@19.2.0/node_modules/zod/src/v3/tests/masking.test.ts [2m([22m[2m1 test[22m[2m)[22m
 [32m✓[39m [44m[1m TS [22m[49m node_modules/.pnpm/jazz-tools@0.19.3_@tiptap+pm@2.26.2_csstype@3.1.3_react-dom@19.2.0_react@19.2.0__react@19.2.0/node_modules/zod/src/v3/tests/mocker.test.ts [2m([22m[2m1 test[22m[2m)[22m
 [32m✓[39m [44m[1m TS [22m[49m node_modules/.pnpm/jazz-tools@0.19.3_@tiptap+pm@2.26.2_csstype@3.1.3_react-dom@19.2.0_react@19.2.0__react@19.2.0/node_modules/zod/src/v3/tests/nan.test.ts [2m([22m[2m2 tests[22m[2m)[22m
 [32m✓[39m [44m[1m TS [22m[49m node_modules/.pnpm/jazz-tools@0.19.3_@tiptap+pm@2.26.2_csstype@3.1.3_react-dom@19.2.0_react@19.2.0__react@19.2.0/node_modules/zod/src/v3/tests/nativeEnum.test.ts [2m([22m[2m5 tests[22m[2m)[22m
 [32m✓[39m [44m[1m TS [22m[49m node_modules/.pnpm/jazz-tools@0.19.3_@tiptap+pm@2.26.2_csstype@3.1.3_react-dom@19.2.0_react@19.2.0__react@19.2.0/node_modules/zod/src/v3/tests/nullable.test.ts [2m([22m[2m2 tests[22m[2m)[22m
 [32m✓[39m [44m[1m TS [22m[49m node_modules/.pnpm/jazz-tools@0.19.3_@tiptap+pm@2.26.2_csstype@3.1.3_react-dom@19.2.0_react@19.2.0__react@19.2.0/node_modules/zod/src/v3/tests/number.test.ts [2m([22m[2m6 tests[22m[2m)[22m
 [32m✓[39m [44m[1m TS [22m[49m node_modules/.pnpm/jazz-tools@0.19.3_@tiptap+pm@2.26.2_csstype@3.1.3_react-dom@19.2.0_react@19.2.0__react@19.2.0/node_modules/zod/src/v3/tests/object-augmentation.test.ts [2m([22m[2m1 test[22m[2m)[22m
 [32m✓[39m [44m[1m TS [22m[49m node_modules/.pnpm/jazz-tools@0.19.3_@tiptap+pm@2.26.2_csstype@3.1.3_react-dom@19.2.0_react@19.2.0__react@19.2.0/node_modules/zod/src/v3/tests/object-in-es5-env.test.ts [2m([22m[2m3 tests[22m[2m)[22m
 [32m✓[39m [44m[1m TS [22m[49m node_modules/.pnpm/jazz-tools@0.19.3_@tiptap+pm@2.26.2_csstype@3.1.3_react-dom@19.2.0_react@19.2.0__react@19.2.0/node_modules/zod/src/v3/tests/object.test.ts [2m([22m[2m37 tests[22m[2m)[22m
 [32m✓[39m [44m[1m TS [22m[49m node_modules/.pnpm/jazz-tools@0.19.3_@tiptap+pm@2.26.2_csstype@3.1.3_react-dom@19.2.0_react@19.2.0__react@19.2.0/node_modules/zod/src/v3/tests/optional.test.ts [2m([22m[2m2 tests[22m[2m)[22m
 [32m✓[39m [44m[1m TS [22m[49m node_modules/.pnpm/jazz-tools@0.19.3_@tiptap+pm@2.26.2_csstype@3.1.3_react-dom@19.2.0_react@19.2.0__react@19.2.0/node_modules/zod/src/v3/tests/parseUtil.test.ts [2m([22m[2m1 test[22m[2m)[22m
 [32m✓[39m [44m[1m TS [22m[49m node_modules/.pnpm/jazz-tools@0.19.3_@tiptap+pm@2.26.2_csstype@3.1.3_react-dom@19.2.0_react@19.2.0__react@19.2.0/node_modules/zod/src/v3/tests/parser.test.ts [2m([22m[2m8 tests[22m[2m)[22m
 [32m✓[39m [44m[1m TS [22m[49m node_modules/.pnpm/jazz-tools@0.19.3_@tiptap+pm@2.26.2_csstype@3.1.3_react-dom@19.2.0_react@19.2.0__react@19.2.0/node_modules/zod/src/v3/tests/partials.test.ts [2m([22m[2m15 tests[22m[2m)[22m
 [32m✓[39m [44m[1m TS [22m[49m node_modules/.pnpm/jazz-tools@0.19.3_@tiptap+pm@2.26.2_csstype@3.1.3_react-dom@19.2.0_react@19.2.0__react@19.2.0/node_modules/zod/src/v3/tests/pickomit.test.ts [2m([22m[2m10 tests[22m[2m)[22m
 [32m✓[39m [44m[1m TS [22m[49m node_modules/.pnpm/jazz-tools@0.19.3_@tiptap+pm@2.26.2_csstype@3.1.3_react-dom@19.2.0_react@19.2.0__react@19.2.0/node_modules/zod/src/v3/tests/pipeline.test.ts [2m([22m[2m3 tests[22m[2m)[22m
 [32m✓[39m [44m[1m TS [22m[49m node_modules/.pnpm/jazz-tools@0.19.3_@tiptap+pm@2.26.2_csstype@3.1.3_react-dom@19.2.0_react@19.2.0__react@19.2.0/node_modules/zod/src/v3/tests/preprocess.test.ts [2m([22m[2m10 tests[22m[2m)[22m
 [32m✓[39m [44m[1m TS [22m[49m node_modules/.pnpm/jazz-tools@0.19.3_@tiptap+pm@2.26.2_csstype@3.1.3_react-dom@19.2.0_react@19.2.0__react@19.2.0/node_modules/zod/src/v3/tests/primitive.test.ts [2m([22m[2m71 tests[22m[2m)[22m
 [32m✓[39m [44m[1m TS [22m[49m node_modules/.pnpm/jazz-tools@0.19.3_@tiptap+pm@2.26.2_csstype@3.1.3_react-dom@19.2.0_react@19.2.0__react@19.2.0/node_modules/zod/src/v3/tests/promise.test.ts [2m([22m[2m10 tests[22m[2m)[22m
 [32m✓[39m [44m[1m TS [22m[49m node_modules/.pnpm/jazz-tools@0.19.3_@tiptap+pm@2.26.2_csstype@3.1.3_react-dom@19.2.0_react@19.2.0__react@19.2.0/node_modules/zod/src/v3/tests/readonly.test.ts [2m([22m[2m3 tests[22m[2m)[22m
 [32m✓[39m [44m[1m TS [22m[49m node_modules/.pnpm/jazz-tools@0.19.3_@tiptap+pm@2.26.2_csstype@3.1.3_react-dom@19.2.0_react@19.2.0__react@19.2.0/node_modules/zod/src/v3/tests/record.test.ts [2m([22m[2m10 tests[22m[2m)[22m
 [32m✓[39m [44m[1m TS [22m[49m node_modules/.pnpm/jazz-tools@0.19.3_@tiptap+pm@2.26.2_csstype@3.1.3_react-dom@19.2.0_react@19.2.0__react@19.2.0/node_modules/zod/src/v3/tests/recursive.test.ts [2m([22m[2m4 tests[22m[2m)[22m
 [32m✓[39m [44m[1m TS [22m[49m node_modules/.pnpm/jazz-tools@0.19.3_@tiptap+pm@2.26.2_csstype@3.1.3_react-dom@19.2.0_react@19.2.0__react@19.2.0/node_modules/zod/src/v3/tests/refine.test.ts [2m([22m[2m14 tests[22m[2m)[22m
 [32m✓[39m [44m[1m TS [22m[49m node_modules/.pnpm/jazz-tools@0.19.3_@tiptap+pm@2.26.2_csstype@3.1.3_react-dom@19.2.0_react@19.2.0__react@19.2.0/node_modules/zod/src/v3/tests/safeparse.test.ts [2m([22m[2m3 tests[22m[2m)[22m
 [32m✓[39m [44m[1m TS [22m[49m node_modules/.pnpm/jazz-tools@0.19.3_@tiptap+pm@2.26.2_csstype@3.1.3_react-dom@19.2.0_react@19.2.0__react@19.2.0/node_modules/zod/src/v3/tests/set.test.ts [2m([22m[2m11 tests[22m[2m)[22m
 [32m✓[39m [44m[1m TS [22m[49m node_modules/.pnpm/jazz-tools@0.19.3_@tiptap+pm@2.26.2_csstype@3.1.3_react-dom@19.2.0_react@19.2.0__react@19.2.0/node_modules/zod/src/v3/tests/standard-schema.test.ts [2m([22m[2m6 tests[22m[2m)[22m
 [32m✓[39m [44m[1m TS [22m[49m node_modules/.pnpm/jazz-tools@0.19.3_@tiptap+pm@2.26.2_csstype@3.1.3_react-dom@19.2.0_react@19.2.0__react@19.2.0/node_modules/zod/src/v3/tests/string.test.ts [2m([22m[2m34 tests[22m[2m)[22m
 [32m✓[39m [44m[1m TS [22m[49m node_modules/.pnpm/jazz-tools@0.19.3_@tiptap+pm@2.26.2_csstype@3.1.3_react-dom@19.2.0_react@19.2.0__react@19.2.0/node_modules/zod/src/v3/tests/transformer.test.ts [2m([22m[2m16 tests[22m[2m)[22m
 [32m✓[39m [44m[1m TS [22m[49m node_modules/.pnpm/jazz-tools@0.19.3_@tiptap+pm@2.26.2_csstype@3.1.3_react-dom@19.2.0_react@19.2.0__react@19.2.0/node_modules/zod/src/v3/tests/tuple.test.ts [2m([22m[2m8 tests[22m[2m)[22m
 [32m✓[39m [44m[1m TS [22m[49m node_modules/.pnpm/jazz-tools@0.19.3_@tiptap+pm@2.26.2_csstype@3.1.3_react-dom@19.2.0_react@19.2.0__react@19.2.0/node_modules/zod/src/v3/tests/unions.test.ts [2m([22m[2m6 tests[22m[2m)[22m
 [32m✓[39m [44m[1m TS [22m[49m node_modules/.pnpm/jazz-tools@0.19.3_@tiptap+pm@2.26.2_csstype@3.1.3_react-dom@19.2.0_react@19.2.0__react@19.2.0/node_modules/zod/src/v3/tests/validations.test.ts [2m([22m[2m14 tests[22m[2m)[22m
 [32m✓[39m [44m[1m TS [22m[49m node_modules/.pnpm/jazz-tools@0.19.3_@tiptap+pm@2.26.2_csstype@3.1.3_react-dom@19.2.0_react@19.2.0__react@19.2.0/node_modules/zod/src/v3/tests/void.test.ts [2m([22m[2m1 test[22m[2m)[22m
 [32m✓[39m [44m[1m TS [22m[49m node_modules/.pnpm/jazz-tools@0.18.24_@tiptap+pm@2.26.2_csstype@3.1.3_react-dom@19.2.0_react@19.2.0__react@19.2.0/node_modules/zod/src/v3/tests/all-errors.test.ts [2m([22m[2m6 tests[22m[2m)[22m
 [32m✓[39m [44m[1m TS [22m[49m node_modules/.pnpm/jazz-tools@0.18.24_@tiptap+pm@2.26.2_csstype@3.1.3_react-dom@19.2.0_react@19.2.0__react@19.2.0/node_modules/zod/src/v3/tests/anyunknown.test.ts [2m([22m[2m3 tests[22m[2m)[22m
 [32m✓[39m [44m[1m TS [22m[49m node_modules/.pnpm/jazz-tools@0.18.24_@tiptap+pm@2.26.2_csstype@3.1.3_react-dom@19.2.0_react@19.2.0__react@19.2.0/node_modules/zod/src/v3/tests/array.test.ts [2m([22m[2m6 tests[22m[2m)[22m
 [32m✓[39m [44m[1m TS [22m[49m node_modules/.pnpm/jazz-tools@0.18.24_@tiptap+pm@2.26.2_csstype@3.1.3_react-dom@19.2.0_react@19.2.0__react@19.2.0/node_modules/zod/src/v3/tests/async-parsing.test.ts [2m([22m[2m24 tests[22m[2m)[22m
 [32m✓[39m [44m[1m TS [22m[49m node_modules/.pnpm/jazz-tools@0.18.24_@tiptap+pm@2.26.2_csstype@3.1.3_react-dom@19.2.0_react@19.2.0__react@19.2.0/node_modules/zod/src/v3/tests/async-refinements.test.ts [2m([22m[2m4 tests[22m[2m)[22m
 [32m✓[39m [44m[1m TS [22m[49m node_modules/.pnpm/jazz-tools@0.18.24_@tiptap+pm@2.26.2_csstype@3.1.3_react-dom@19.2.0_react@19.2.0__react@19.2.0/node_modules/zod/src/v3/tests/base.test.ts [2m([22m[2m2 tests[22m[2m)[22m
 [32m✓[39m [44m[1m TS [22m[49m node_modules/.pnpm/jazz-tools@0.18.24_@tiptap+pm@2.26.2_csstype@3.1.3_react-dom@19.2.0_react@19.2.0__react@19.2.0/node_modules/zod/src/v3/tests/bigint.test.ts [2m([22m[2m3 tests[22m[2m)[22m
 [32m✓[39m [44m[1m TS [22m[49m node_modules/.pnpm/jazz-tools@0.18.24_@tiptap+pm@2.26.2_csstype@3.1.3_react-dom@19.2.0_react@19.2.0__react@19.2.0/node_modules/zod/src/v3/tests/branded.test.ts [2m([22m[2m1 test[22m[2m)[22m
 [32m✓[39m [44m[1m TS [22m[49m node_modules/.pnpm/jazz-tools@0.18.24_@tiptap+pm@2.26.2_csstype@3.1.3_react-dom@19.2.0_react@19.2.0__react@19.2.0/node_modules/zod/src/v3/tests/catch.test.ts [2m([22m[2m17 tests[22m[2m)[22m
 [32m✓[39m [44m[1m TS [22m[49m node_modules/.pnpm/jazz-tools@0.18.24_@tiptap+pm@2.26.2_csstype@3.1.3_react-dom@19.2.0_react@19.2.0__react@19.2.0/node_modules/zod/src/v3/tests/coerce.test.ts [2m([22m[2m5 tests[22m[2m)[22m
 [32m✓[39m [44m[1m TS [22m[49m node_modules/.pnpm/jazz-tools@0.18.24_@tiptap+pm@2.26.2_csstype@3.1.3_react-dom@19.2.0_react@19.2.0__react@19.2.0/node_modules/zod/src/v3/tests/complex.test.ts [2m([22m[2m1 test[22m[2m)[22m
 [32m✓[39m [44m[1m TS [22m[49m node_modules/.pnpm/jazz-tools@0.18.24_@tiptap+pm@2.26.2_csstype@3.1.3_react-dom@19.2.0_react@19.2.0__react@19.2.0/node_modules/zod/src/v3/tests/custom.test.ts [2m([22m[2m3 tests[22m[2m)[22m
 [32m✓[39m [44m[1m TS [22m[49m node_modules/.pnpm/jazz-tools@0.18.24_@tiptap+pm@2.26.2_csstype@3.1.3_react-dom@19.2.0_react@19.2.0__react@19.2.0/node_modules/zod/src/v3/tests/date.test.ts [2m([22m[2m3 tests[22m[2m)[22m
 [32m✓[39m [44m[1m TS [22m[49m node_modules/.pnpm/jazz-tools@0.18.24_@tiptap+pm@2.26.2_csstype@3.1.3_react-dom@19.2.0_react@19.2.0__react@19.2.0/node_modules/zod/src/v3/tests/deepmasking.test.ts [2m([22m[2m1 test[22m[2m)[22m
 [32m✓[39m [44m[1m TS [22m[49m node_modules/.pnpm/jazz-tools@0.18.24_@tiptap+pm@2.26.2_csstype@3.1.3_react-dom@19.2.0_react@19.2.0__react@19.2.0/node_modules/zod/src/v3/tests/default.test.ts [2m([22m[2m11 tests[22m[2m)[22m
 [32m✓[39m [44m[1m TS [22m[49m node_modules/.pnpm/jazz-tools@0.18.24_@tiptap+pm@2.26.2_csstype@3.1.3_react-dom@19.2.0_react@19.2.0__react@19.2.0/node_modules/zod/src/v3/tests/description.test.ts [2m([22m[2m4 tests[22m[2m)[22m
 [32m✓[39m [44m[1m TS [22m[49m node_modules/.pnpm/jazz-tools@0.18.24_@tiptap+pm@2.26.2_csstype@3.1.3_react-dom@19.2.0_react@19.2.0__react@19.2.0/node_modules/zod/src/v3/tests/discriminated-unions.test.ts [2m([22m[2m14 tests[22m[2m)[22m
 [32m✓[39m [44m[1m TS [22m[49m node_modules/.pnpm/jazz-tools@0.18.24_@tiptap+pm@2.26.2_csstype@3.1.3_react-dom@19.2.0_react@19.2.0__react@19.2.0/node_modules/zod/src/v3/tests/enum.test.ts [2m([22m[2m8 tests[22m[2m)[22m
 [32m✓[39m [44m[1m TS [22m[49m node_modules/.pnpm/jazz-tools@0.18.24_@tiptap+pm@2.26.2_csstype@3.1.3_react-dom@19.2.0_react@19.2.0__react@19.2.0/node_modules/zod/src/v3/tests/error.test.ts [2m([22m[2m29 tests[22m[2m)[22m
 [32m✓[39m [44m[1m TS [22m[49m node_modules/.pnpm/jazz-tools@0.18.24_@tiptap+pm@2.26.2_csstype@3.1.3_react-dom@19.2.0_react@19.2.0__react@19.2.0/node_modules/zod/src/v3/tests/firstparty.test.ts [2m([22m[2m1 test[22m[2m)[22m
 [32m✓[39m [44m[1m TS [22m[49m node_modules/.pnpm/jazz-tools@0.18.24_@tiptap+pm@2.26.2_csstype@3.1.3_react-dom@19.2.0_react@19.2.0__react@19.2.0/node_modules/zod/src/v3/tests/firstpartyschematypes.test.ts [2m([22m[2m1 test[22m[2m)[22m
 [32m✓[39m [44m[1m TS [22m[49m node_modules/.pnpm/jazz-tools@0.18.24_@tiptap+pm@2.26.2_csstype@3.1.3_react-dom@19.2.0_react@19.2.0__react@19.2.0/node_modules/zod/src/v3/tests/function.test.ts [2m([22m[2m18 tests[22m[2m)[22m
 [32m✓[39m [44m[1m TS [22m[49m node_modules/.pnpm/jazz-tools@0.18.24_@tiptap+pm@2.26.2_csstype@3.1.3_react-dom@19.2.0_react@19.2.0__react@19.2.0/node_modules/zod/src/v3/tests/generics.test.ts [2m([22m[2m2 tests[22m[2m)[22m
 [32m✓[39m [44m[1m TS [22m[49m node_modules/.pnpm/jazz-tools@0.18.24_@tiptap+pm@2.26.2_csstype@3.1.3_react-dom@19.2.0_react@19.2.0__react@19.2.0/node_modules/zod/src/v3/tests/instanceof.test.ts [2m([22m[2m2 tests[22m[2m)[22m
 [32m✓[39m [44m[1m TS [22m[49m node_modules/.pnpm/jazz-tools@0.18.24_@tiptap+pm@2.26.2_csstype@3.1.3_react-dom@19.2.0_react@19.2.0__react@19.2.0/node_modules/zod/src/v3/tests/intersection.test.ts [2m([22m[2m5 tests[22m[2m)[22m
 [32m✓[39m [44m[1m TS [22m[49m node_modules/.pnpm/jazz-tools@0.18.24_@tiptap+pm@2.26.2_csstype@3.1.3_react-dom@19.2.0_react@19.2.0__react@19.2.0/node_modules/zod/src/v3/tests/language-server.test.ts [2m([22m[2m1 test[22m[2m)[22m
 [32m✓[39m [44m[1m TS [22m[49m node_modules/.pnpm/jazz-tools@0.18.24_@tiptap+pm@2.26.2_csstype@3.1.3_react-dom@19.2.0_react@19.2.0__react@19.2.0/node_modules/zod/src/v3/tests/literal.test.ts [2m([22m[2m3 tests[22m[2m)[22m
 [32m✓[39m [44m[1m TS [22m[49m node_modules/.pnpm/jazz-tools@0.18.24_@tiptap+pm@2.26.2_csstype@3.1.3_react-dom@19.2.0_react@19.2.0__react@19.2.0/node_modules/zod/src/v3/tests/map.test.ts [2m([22m[2m7 tests[22m[2m)[22m
 [32m✓[39m [44m[1m TS [22m[49m node_modules/.pnpm/jazz-tools@0.18.24_@tiptap+pm@2.26.2_csstype@3.1.3_react-dom@19.2.0_react@19.2.0__react@19.2.0/node_modules/zod/src/v3/tests/masking.test.ts [2m([22m[2m1 test[22m[2m)[22m
 [32m✓[39m [44m[1m TS [22m[49m node_modules/.pnpm/jazz-tools@0.18.24_@tiptap+pm@2.26.2_csstype@3.1.3_react-dom@19.2.0_react@19.2.0__react@19.2.0/node_modules/zod/src/v3/tests/mocker.test.ts [2m([22m[2m1 test[22m[2m)[22m
 [32m✓[39m [44m[1m TS [22m[49m node_modules/.pnpm/jazz-tools@0.18.24_@tiptap+pm@2.26.2_csstype@3.1.3_react-dom@19.2.0_react@19.2.0__react@19.2.0/node_modules/zod/src/v3/tests/nan.test.ts [2m([22m[2m2 tests[22m[2m)[22m
 [32m✓[39m [44m[1m TS [22m[49m node_modules/.pnpm/jazz-tools@0.18.24_@tiptap+pm@2.26.2_csstype@3.1.3_react-dom@19.2.0_react@19.2.0__react@19.2.0/node_modules/zod/src/v3/tests/nativeEnum.test.ts [2m([22m[2m5 tests[22m[2m)[22m
 [32m✓[39m [44m[1m TS [22m[49m node_modules/.pnpm/jazz-tools@0.18.24_@tiptap+pm@2.26.2_csstype@3.1.3_react-dom@19.2.0_react@19.2.0__react@19.2.0/node_modules/zod/src/v3/tests/nullable.test.ts [2m([22m[2m2 tests[22m[2m)[22m
 [32m✓[39m [44m[1m TS [22m[49m node_modules/.pnpm/jazz-tools@0.18.24_@tiptap+pm@2.26.2_csstype@3.1.3_react-dom@19.2.0_react@19.2.0__react@19.2.0/node_modules/zod/src/v3/tests/number.test.ts [2m([22m[2m6 tests[22m[2m)[22m
 [32m✓[39m [44m[1m TS [22m[49m node_modules/.pnpm/jazz-tools@0.18.24_@tiptap+pm@2.26.2_csstype@3.1.3_react-dom@19.2.0_react@19.2.0__react@19.2.0/node_modules/zod/src/v3/tests/object-augmentation.test.ts [2m([22m[2m1 test[22m[2m)[22m
 [32m✓[39m [44m[1m TS [22m[49m node_modules/.pnpm/jazz-tools@0.18.24_@tiptap+pm@2.26.2_csstype@3.1.3_react-dom@19.2.0_react@19.2.0__react@19.2.0/node_modules/zod/src/v3/tests/object-in-es5-env.test.ts [2m([22m[2m3 tests[22m[2m)[22m
 [32m✓[39m [44m[1m TS [22m[49m node_modules/.pnpm/jazz-tools@0.18.24_@tiptap+pm@2.26.2_csstype@3.1.3_react-dom@19.2.0_react@19.2.0__react@19.2.0/node_modules/zod/src/v3/tests/object.test.ts [2m([22m[2m37 tests[22m[2m)[22m
 [32m✓[39m [44m[1m TS [22m[49m node_modules/.pnpm/jazz-tools@0.18.24_@tiptap+pm@2.26.2_csstype@3.1.3_react-dom@19.2.0_react@19.2.0__react@19.2.0/node_modules/zod/src/v3/tests/optional.test.ts [2m([22m[2m2 tests[22m[2m)[22m
 [32m✓[39m [44m[1m TS [22m[49m node_modules/.pnpm/jazz-tools@0.18.24_@tiptap+pm@2.26.2_csstype@3.1.3_react-dom@19.2.0_react@19.2.0__react@19.2.0/node_modules/zod/src/v3/tests/parseUtil.test.ts [2m([22m[2m1 test[22m[2m)[22m
 [32m✓[39m [44m[1m TS [22m[49m node_modules/.pnpm/jazz-tools@0.18.24_@tiptap+pm@2.26.2_csstype@3.1.3_react-dom@19.2.0_react@19.2.0__react@19.2.0/node_modules/zod/src/v3/tests/parser.test.ts [2m([22m[2m8 tests[22m[2m)[22m
 [32m✓[39m [44m[1m TS [22m[49m node_modules/.pnpm/jazz-tools@0.18.24_@tiptap+pm@2.26.2_csstype@3.1.3_react-dom@19.2.0_react@19.2.0__react@19.2.0/node_modules/zod/src/v3/tests/partials.test.ts [2m([22m[2m15 tests[22m[2m)[22m
 [32m✓[39m [44m[1m TS [22m[49m node_modules/.pnpm/jazz-tools@0.18.24_@tiptap+pm@2.26.2_csstype@3.1.3_react-dom@19.2.0_react@19.2.0__react@19.2.0/node_modules/zod/src/v3/tests/pickomit.test.ts [2m([22m[2m10 tests[22m[2m)[22m
 [32m✓[39m [44m[1m TS [22m[49m node_modules/.pnpm/jazz-tools@0.18.24_@tiptap+pm@2.26.2_csstype@3.1.3_react-dom@19.2.0_react@19.2.0__react@19.2.0/node_modules/zod/src/v3/tests/pipeline.test.ts [2m([22m[2m3 tests[22m[2m)[22m
 [32m✓[39m [44m[1m TS [22m[49m node_modules/.pnpm/jazz-tools@0.18.24_@tiptap+pm@2.26.2_csstype@3.1.3_react-dom@19.2.0_react@19.2.0__react@19.2.0/node_modules/zod/src/v3/tests/preprocess.test.ts [2m([22m[2m10 tests[22m[2m)[22m
 [32m✓[39m [44m[1m TS [22m[49m node_modules/.pnpm/jazz-tools@0.18.24_@tiptap+pm@2.26.2_csstype@3.1.3_react-dom@19.2.0_react@19.2.0__react@19.2.0/node_modules/zod/src/v3/tests/primitive.test.ts [2m([22m[2m71 tests[22m[2m)[22m
 [32m✓[39m [44m[1m TS [22m[49m node_modules/.pnpm/jazz-tools@0.18.24_@tiptap+pm@2.26.2_csstype@3.1.3_react-dom@19.2.0_react@19.2.0__react@19.2.0/node_modules/zod/src/v3/tests/promise.test.ts [2m([22m[2m10 tests[22m[2m)[22m
 [32m✓[39m [44m[1m TS [22m[49m node_modules/.pnpm/jazz-tools@0.18.24_@tiptap+pm@2.26.2_csstype@3.1.3_react-dom@19.2.0_react@19.2.0__react@19.2.0/node_modules/zod/src/v3/tests/readonly.test.ts [2m([22m[2m3 tests[22m[2m)[22m
 [32m✓[39m [44m[1m TS [22m[49m node_modules/.pnpm/jazz-tools@0.18.24_@tiptap+pm@2.26.2_csstype@3.1.3_react-dom@19.2.0_react@19.2.0__react@19.2.0/node_modules/zod/src/v3/tests/record.test.ts [2m([22m[2m10 tests[22m[2m)[22m
 [32m✓[39m [44m[1m TS [22m[49m node_modules/.pnpm/jazz-tools@0.18.24_@tiptap+pm@2.26.2_csstype@3.1.3_react-dom@19.2.0_react@19.2.0__react@19.2.0/node_modules/zod/src/v3/tests/recursive.test.ts [2m([22m[2m4 tests[22m[2m)[22m
 [32m✓[39m [44m[1m TS [22m[49m node_modules/.pnpm/jazz-tools@0.18.24_@tiptap+pm@2.26.2_csstype@3.1.3_react-dom@19.2.0_react@19.2.0__react@19.2.0/node_modules/zod/src/v3/tests/refine.test.ts [2m([22m[2m14 tests[22m[2m)[22m
 [32m✓[39m [44m[1m TS [22m[49m node_modules/.pnpm/jazz-tools@0.18.24_@tiptap+pm@2.26.2_csstype@3.1.3_react-dom@19.2.0_react@19.2.0__react@19.2.0/node_modules/zod/src/v3/tests/safeparse.test.ts [2m([22m[2m3 tests[22m[2m)[22m
 [32m✓[39m [44m[1m TS [22m[49m node_modules/.pnpm/jazz-tools@0.18.24_@tiptap+pm@2.26.2_csstype@3.1.3_react-dom@19.2.0_react@19.2.0__react@19.2.0/node_modules/zod/src/v3/tests/set.test.ts [2m([22m[2m11 tests[22m[2m)[22m
 [32m✓[39m [44m[1m TS [22m[49m node_modules/.pnpm/jazz-tools@0.18.24_@tiptap+pm@2.26.2_csstype@3.1.3_react-dom@19.2.0_react@19.2.0__react@19.2.0/node_modules/zod/src/v3/tests/standard-schema.test.ts [2m([22m[2m6 tests[22m[2m)[22m
 [32m✓[39m [44m[1m TS [22m[49m node_modules/.pnpm/jazz-tools@0.18.24_@tiptap+pm@2.26.2_csstype@3.1.3_react-dom@19.2.0_react@19.2.0__react@19.2.0/node_modules/zod/src/v3/tests/string.test.ts [2m([22m[2m34 tests[22m[2m)[22m
 [32m✓[39m [44m[1m TS [22m[49m node_modules/.pnpm/jazz-tools@0.18.24_@tiptap+pm@2.26.2_csstype@3.1.3_react-dom@19.2.0_react@19.2.0__react@19.2.0/node_modules/zod/src/v3/tests/transformer.test.ts [2m([22m[2m16 tests[22m[2m)[22m
 [32m✓[39m [44m[1m TS [22m[49m node_modules/.pnpm/jazz-tools@0.18.24_@tiptap+pm@2.26.2_csstype@3.1.3_react-dom@19.2.0_react@19.2.0__react@19.2.0/node_modules/zod/src/v3/tests/tuple.test.ts [2m([22m[2m8 tests[22m[2m)[22m
 [32m✓[39m [44m[1m TS [22m[49m node_modules/.pnpm/jazz-tools@0.18.24_@tiptap+pm@2.26.2_csstype@3.1.3_react-dom@19.2.0_react@19.2.0__react@19.2.0/node_modules/zod/src/v3/tests/unions.test.ts [2m([22m[2m6 tests[22m[2m)[22m
 [32m✓[39m [44m[1m TS [22m[49m node_modules/.pnpm/jazz-tools@0.18.24_@tiptap+pm@2.26.2_csstype@3.1.3_react-dom@19.2.0_react@19.2.0__react@19.2.0/node_modules/zod/src/v3/tests/validations.test.ts [2m([22m[2m14 tests[22m[2m)[22m
 [32m✓[39m [44m[1m TS [22m[49m node_modules/.pnpm/jazz-tools@0.18.24_@tiptap+pm@2.26.2_csstype@3.1.3_react-dom@19.2.0_react@19.2.0__react@19.2.0/node_modules/zod/src/v3/tests/void.test.ts [2m([22m[2m1 test[22m[2m)[22m
 [32m✓[39m [44m[1m TS [22m[49m node_modules/.pnpm/standardwebhooks@1.0.0/node_modules/@stablelib/base64/base64.test.ts [2m([22m[2m6 tests[22m[2m)[22m
 [32m✓[39m [44m[1m TS [22m[49m node_modules/.pnpm/zod-to-json-schema@3.24.6_zod@3.25.76/node_modules/zod/src/v3/tests/all-errors.test.ts [2m([22m[2m6 tests[22m[2m)[22m
 [32m✓[39m [44m[1m TS [22m[49m node_modules/.pnpm/zod-to-json-schema@3.24.6_zod@3.25.76/node_modules/zod/src/v3/tests/anyunknown.test.ts [2m([22m[2m3 tests[22m[2m)[22m
 [32m✓[39m [44m[1m TS [22m[49m node_modules/.pnpm/zod-to-json-schema@3.24.6_zod@3.25.76/node_modules/zod/src/v3/tests/array.test.ts [2m([22m[2m6 tests[22m[2m)[22m
 [32m✓[39m [44m[1m TS [22m[49m node_modules/.pnpm/zod-to-json-schema@3.24.6_zod@3.25.76/node_modules/zod/src/v3/tests/async-parsing.test.ts [2m([22m[2m24 tests[22m[2m)[22m
 [32m✓[39m [44m[1m TS [22m[49m node_modules/.pnpm/zod-to-json-schema@3.24.6_zod@3.25.76/node_modules/zod/src/v3/tests/async-refinements.test.ts [2m([22m[2m4 tests[22m[2m)[22m
 [32m✓[39m [44m[1m TS [22m[49m node_modules/.pnpm/zod-to-json-schema@3.24.6_zod@3.25.76/node_modules/zod/src/v3/tests/base.test.ts [2m([22m[2m2 tests[22m[2m)[22m
 [32m✓[39m [44m[1m TS [22m[49m node_modules/.pnpm/zod-to-json-schema@3.24.6_zod@3.25.76/node_modules/zod/src/v3/tests/bigint.test.ts [2m([22m[2m3 tests[22m[2m)[22m
 [32m✓[39m [44m[1m TS [22m[49m node_modules/.pnpm/zod-to-json-schema@3.24.6_zod@3.25.76/node_modules/zod/src/v3/tests/branded.test.ts [2m([22m[2m1 test[22m[2m)[22m
 [32m✓[39m [44m[1m TS [22m[49m node_modules/.pnpm/zod-to-json-schema@3.24.6_zod@3.25.76/node_modules/zod/src/v3/tests/catch.test.ts [2m([22m[2m17 tests[22m[2m)[22m
 [32m✓[39m [44m[1m TS [22m[49m node_modules/.pnpm/zod-to-json-schema@3.24.6_zod@3.25.76/node_modules/zod/src/v3/tests/coerce.test.ts [2m([22m[2m5 tests[22m[2m)[22m
 [32m✓[39m [44m[1m TS [22m[49m node_modules/.pnpm/zod-to-json-schema@3.24.6_zod@3.25.76/node_modules/zod/src/v3/tests/complex.test.ts [2m([22m[2m1 test[22m[2m)[22m
 [32m✓[39m [44m[1m TS [22m[49m node_modules/.pnpm/zod-to-json-schema@3.24.6_zod@3.25.76/node_modules/zod/src/v3/tests/custom.test.ts [2m([22m[2m3 tests[22m[2m)[22m
 [32m✓[39m [44m[1m TS [22m[49m node_modules/.pnpm/zod-to-json-schema@3.24.6_zod@3.25.76/node_modules/zod/src/v3/tests/date.test.ts [2m([22m[2m3 tests[22m[2m)[22m
 [32m✓[39m [44m[1m TS [22m[49m node_modules/.pnpm/zod-to-json-schema@3.24.6_zod@3.25.76/node_modules/zod/src/v3/tests/deepmasking.test.ts [2m([22m[2m1 test[22m[2m)[22m
 [32m✓[39m [44m[1m TS [22m[49m node_modules/.pnpm/zod-to-json-schema@3.24.6_zod@3.25.76/node_modules/zod/src/v3/tests/default.test.ts [2m([22m[2m11 tests[22m[2m)[22m
 [32m✓[39m [44m[1m TS [22m[49m node_modules/.pnpm/zod-to-json-schema@3.24.6_zod@3.25.76/node_modules/zod/src/v3/tests/description.test.ts [2m([22m[2m4 tests[22m[2m)[22m
 [32m✓[39m [44m[1m TS [22m[49m node_modules/.pnpm/zod-to-json-schema@3.24.6_zod@3.25.76/node_modules/zod/src/v3/tests/discriminated-unions.test.ts [2m([22m[2m14 tests[22m[2m)[22m
 [32m✓[39m [44m[1m TS [22m[49m node_modules/.pnpm/zod-to-json-schema@3.24.6_zod@3.25.76/node_modules/zod/src/v3/tests/enum.test.ts [2m([22m[2m8 tests[22m[2m)[22m
 [32m✓[39m [44m[1m TS [22m[49m node_modules/.pnpm/zod-to-json-schema@3.24.6_zod@3.25.76/node_modules/zod/src/v3/tests/error.test.ts [2m([22m[2m29 tests[22m[2m)[22m
 [32m✓[39m [44m[1m TS [22m[49m node_modules/.pnpm/zod-to-json-schema@3.24.6_zod@3.25.76/node_modules/zod/src/v3/tests/firstparty.test.ts [2m([22m[2m1 test[22m[2m)[22m
 [32m✓[39m [44m[1m TS [22m[49m node_modules/.pnpm/zod-to-json-schema@3.24.6_zod@3.25.76/node_modules/zod/src/v3/tests/firstpartyschematypes.test.ts [2m([22m[2m1 test[22m[2m)[22m
 [32m✓[39m [44m[1m TS [22m[49m node_modules/.pnpm/zod-to-json-schema@3.24.6_zod@3.25.76/node_modules/zod/src/v3/tests/function.test.ts [2m([22m[2m18 tests[22m[2m)[22m
 [32m✓[39m [44m[1m TS [22m[49m node_modules/.pnpm/zod-to-json-schema@3.24.6_zod@3.25.76/node_modules/zod/src/v3/tests/generics.test.ts [2m([22m[2m2 tests[22m[2m)[22m
 [32m✓[39m [44m[1m TS [22m[49m node_modules/.pnpm/zod-to-json-schema@3.24.6_zod@3.25.76/node_modules/zod/src/v3/tests/instanceof.test.ts [2m([22m[2m2 tests[22m[2m)[22m
 [32m✓[39m [44m[1m TS [22m[49m node_modules/.pnpm/zod-to-json-schema@3.24.6_zod@3.25.76/node_modules/zod/src/v3/tests/intersection.test.ts [2m([22m[2m5 tests[22m[2m)[22m
 [32m✓[39m [44m[1m TS [22m[49m node_modules/.pnpm/zod-to-json-schema@3.24.6_zod@3.25.76/node_modules/zod/src/v3/tests/language-server.test.ts [2m([22m[2m1 test[22m[2m)[22m
 [32m✓[39m [44m[1m TS [22m[49m node_modules/.pnpm/zod-to-json-schema@3.24.6_zod@3.25.76/node_modules/zod/src/v3/tests/literal.test.ts [2m([22m[2m3 tests[22m[2m)[22m
 [32m✓[39m [44m[1m TS [22m[49m node_modules/.pnpm/zod-to-json-schema@3.24.6_zod@3.25.76/node_modules/zod/src/v3/tests/map.test.ts [2m([22m[2m7 tests[22m[2m)[22m
 [32m✓[39m [44m[1m TS [22m[49m node_modules/.pnpm/zod-to-json-schema@3.24.6_zod@3.25.76/node_modules/zod/src/v3/tests/masking.test.ts [2m([22m[2m1 test[22m[2m)[22m
 [32m✓[39m [44m[1m TS [22m[49m node_modules/.pnpm/zod-to-json-schema@3.24.6_zod@3.25.76/node_modules/zod/src/v3/tests/mocker.test.ts [2m([22m[2m1 test[22m[2m)[22m
 [32m✓[39m [44m[1m TS [22m[49m node_modules/.pnpm/zod-to-json-schema@3.24.6_zod@3.25.76/node_modules/zod/src/v3/tests/nan.test.ts [2m([22m[2m2 tests[22m[2m)[22m
 [32m✓[39m [44m[1m TS [22m[49m node_modules/.pnpm/zod-to-json-schema@3.24.6_zod@3.25.76/node_modules/zod/src/v3/tests/nativeEnum.test.ts [2m([22m[2m5 tests[22m[2m)[22m
 [32m✓[39m [44m[1m TS [22m[49m node_modules/.pnpm/zod-to-json-schema@3.24.6_zod@3.25.76/node_modules/zod/src/v3/tests/nullable.test.ts [2m([22m[2m2 tests[22m[2m)[22m
 [32m✓[39m [44m[1m TS [22m[49m node_modules/.pnpm/zod-to-json-schema@3.24.6_zod@3.25.76/node_modules/zod/src/v3/tests/number.test.ts [2m([22m[2m6 tests[22m[2m)[22m
 [32m✓[39m [44m[1m TS [22m[49m node_modules/.pnpm/zod-to-json-schema@3.24.6_zod@3.25.76/node_modules/zod/src/v3/tests/object-augmentation.test.ts [2m([22m[2m1 test[22m[2m)[22m
 [32m✓[39m [44m[1m TS [22m[49m node_modules/.pnpm/zod-to-json-schema@3.24.6_zod@3.25.76/node_modules/zod/src/v3/tests/object-in-es5-env.test.ts [2m([22m[2m3 tests[22m[2m)[22m
 [32m✓[39m [44m[1m TS [22m[49m node_modules/.pnpm/zod-to-json-schema@3.24.6_zod@3.25.76/node_modules/zod/src/v3/tests/object.test.ts [2m([22m[2m37 tests[22m[2m)[22m
 [32m✓[39m [44m[1m TS [22m[49m node_modules/.pnpm/zod-to-json-schema@3.24.6_zod@3.25.76/node_modules/zod/src/v3/tests/optional.test.ts [2m([22m[2m2 tests[22m[2m)[22m
 [32m✓[39m [44m[1m TS [22m[49m node_modules/.pnpm/zod-to-json-schema@3.24.6_zod@3.25.76/node_modules/zod/src/v3/tests/parseUtil.test.ts [2m([22m[2m1 test[22m[2m)[22m
 [32m✓[39m [44m[1m TS [22m[49m node_modules/.pnpm/zod-to-json-schema@3.24.6_zod@3.25.76/node_modules/zod/src/v3/tests/parser.test.ts [2m([22m[2m8 tests[22m[2m)[22m
 [32m✓[39m [44m[1m TS [22m[49m node_modules/.pnpm/zod-to-json-schema@3.24.6_zod@3.25.76/node_modules/zod/src/v3/tests/partials.test.ts [2m([22m[2m15 tests[22m[2m)[22m
 [32m✓[39m [44m[1m TS [22m[49m node_modules/.pnpm/zod-to-json-schema@3.24.6_zod@3.25.76/node_modules/zod/src/v3/tests/pickomit.test.ts [2m([22m[2m10 tests[22m[2m)[22m
 [32m✓[39m [44m[1m TS [22m[49m node_modules/.pnpm/zod-to-json-schema@3.24.6_zod@3.25.76/node_modules/zod/src/v3/tests/pipeline.test.ts [2m([22m[2m3 tests[22m[2m)[22m
 [32m✓[39m [44m[1m TS [22m[49m node_modules/.pnpm/zod-to-json-schema@3.24.6_zod@3.25.76/node_modules/zod/src/v3/tests/preprocess.test.ts [2m([22m[2m10 tests[22m[2m)[22m
 [32m✓[39m [44m[1m TS [22m[49m node_modules/.pnpm/zod-to-json-schema@3.24.6_zod@3.25.76/node_modules/zod/src/v3/tests/primitive.test.ts [2m([22m[2m71 tests[22m[2m)[22m
 [32m✓[39m [44m[1m TS [22m[49m node_modules/.pnpm/zod-to-json-schema@3.24.6_zod@3.25.76/node_modules/zod/src/v3/tests/promise.test.ts [2m([22m[2m10 tests[22m[2m)[22m
 [32m✓[39m [44m[1m TS [22m[49m node_modules/.pnpm/zod-to-json-schema@3.24.6_zod@3.25.76/node_modules/zod/src/v3/tests/readonly.test.ts [2m([22m[2m3 tests[22m[2m)[22m
 [32m✓[39m [44m[1m TS [22m[49m node_modules/.pnpm/zod-to-json-schema@3.24.6_zod@3.25.76/node_modules/zod/src/v3/tests/record.test.ts [2m([22m[2m10 tests[22m[2m)[22m
 [32m✓[39m [44m[1m TS [22m[49m node_modules/.pnpm/zod-to-json-schema@3.24.6_zod@3.25.76/node_modules/zod/src/v3/tests/recursive.test.ts [2m([22m[2m4 tests[22m[2m)[22m
 [32m✓[39m [44m[1m TS [22m[49m node_modules/.pnpm/zod-to-json-schema@3.24.6_zod@3.25.76/node_modules/zod/src/v3/tests/refine.test.ts [2m([22m[2m14 tests[22m[2m)[22m
 [32m✓[39m [44m[1m TS [22m[49m node_modules/.pnpm/zod-to-json-schema@3.24.6_zod@3.25.76/node_modules/zod/src/v3/tests/safeparse.test.ts [2m([22m[2m3 tests[22m[2m)[22m
 [32m✓[39m [44m[1m TS [22m[49m node_modules/.pnpm/zod-to-json-schema@3.24.6_zod@3.25.76/node_modules/zod/src/v3/tests/set.test.ts [2m([22m[2m11 tests[22m[2m)[22m
 [32m✓[39m [44m[1m TS [22m[49m node_modules/.pnpm/zod-to-json-schema@3.24.6_zod@3.25.76/node_modules/zod/src/v3/tests/standard-schema.test.ts [2m([22m[2m6 tests[22m[2m)[22m
 [32m✓[39m [44m[1m TS [22m[49m node_modules/.pnpm/zod-to-json-schema@3.24.6_zod@3.25.76/node_modules/zod/src/v3/tests/string.test.ts [2m([22m[2m34 tests[22m[2m)[22m
 [32m✓[39m [44m[1m TS [22m[49m node_modules/.pnpm/zod-to-json-schema@3.24.6_zod@3.25.76/node_modules/zod/src/v3/tests/transformer.test.ts [2m([22m[2m16 tests[22m[2m)[22m
 [32m✓[39m [44m[1m TS [22m[49m node_modules/.pnpm/zod-to-json-schema@3.24.6_zod@3.25.76/node_modules/zod/src/v3/tests/tuple.test.ts [2m([22m[2m8 tests[22m[2m)[22m
 [32m✓[39m [44m[1m TS [22m[49m node_modules/.pnpm/zod-to-json-schema@3.24.6_zod@3.25.76/node_modules/zod/src/v3/tests/unions.test.ts [2m([22m[2m6 tests[22m[2m)[22m
 [32m✓[39m [44m[1m TS [22m[49m node_modules/.pnpm/zod-to-json-schema@3.24.6_zod@3.25.76/node_modules/zod/src/v3/tests/validations.test.ts [2m([22m[2m14 tests[22m[2m)[22m
 [32m✓[39m [44m[1m TS [22m[49m node_modules/.pnpm/zod-to-json-schema@3.24.6_zod@3.25.76/node_modules/zod/src/v3/tests/void.test.ts [2m([22m[2m1 test[22m[2m)[22m
 [32m✓[39m [44m[1m TS [22m[49m node_modules/.pnpm/zod-to-ts@1.2.0_typescript@5.9.3_zod@3.25.76/node_modules/zod/src/v3/tests/all-errors.test.ts [2m([22m[2m6 tests[22m[2m)[22m
 [32m✓[39m [44m[1m TS [22m[49m node_modules/.pnpm/zod-to-ts@1.2.0_typescript@5.9.3_zod@3.25.76/node_modules/zod/src/v3/tests/anyunknown.test.ts [2m([22m[2m3 tests[22m[2m)[22m
 [32m✓[39m [44m[1m TS [22m[49m node_modules/.pnpm/zod-to-ts@1.2.0_typescript@5.9.3_zod@3.25.76/node_modules/zod/src/v3/tests/array.test.ts [2m([22m[2m6 tests[22m[2m)[22m
 [32m✓[39m [44m[1m TS [22m[49m node_modules/.pnpm/zod-to-ts@1.2.0_typescript@5.9.3_zod@3.25.76/node_modules/zod/src/v3/tests/async-parsing.test.ts [2m([22m[2m24 tests[22m[2m)[22m
 [32m✓[39m [44m[1m TS [22m[49m node_modules/.pnpm/zod-to-ts@1.2.0_typescript@5.9.3_zod@3.25.76/node_modules/zod/src/v3/tests/async-refinements.test.ts [2m([22m[2m4 tests[22m[2m)[22m
 [32m✓[39m [44m[1m TS [22m[49m node_modules/.pnpm/zod-to-ts@1.2.0_typescript@5.9.3_zod@3.25.76/node_modules/zod/src/v3/tests/base.test.ts [2m([22m[2m2 tests[22m[2m)[22m
 [32m✓[39m [44m[1m TS [22m[49m node_modules/.pnpm/zod-to-ts@1.2.0_typescript@5.9.3_zod@3.25.76/node_modules/zod/src/v3/tests/bigint.test.ts [2m([22m[2m3 tests[22m[2m)[22m
 [32m✓[39m [44m[1m TS [22m[49m node_modules/.pnpm/zod-to-ts@1.2.0_typescript@5.9.3_zod@3.25.76/node_modules/zod/src/v3/tests/branded.test.ts [2m([22m[2m1 test[22m[2m)[22m
 [32m✓[39m [44m[1m TS [22m[49m node_modules/.pnpm/zod-to-ts@1.2.0_typescript@5.9.3_zod@3.25.76/node_modules/zod/src/v3/tests/catch.test.ts [2m([22m[2m17 tests[22m[2m)[22m
 [32m✓[39m [44m[1m TS [22m[49m node_modules/.pnpm/zod-to-ts@1.2.0_typescript@5.9.3_zod@3.25.76/node_modules/zod/src/v3/tests/coerce.test.ts [2m([22m[2m5 tests[22m[2m)[22m
 [32m✓[39m [44m[1m TS [22m[49m node_modules/.pnpm/zod-to-ts@1.2.0_typescript@5.9.3_zod@3.25.76/node_modules/zod/src/v3/tests/complex.test.ts [2m([22m[2m1 test[22m[2m)[22m
 [32m✓[39m [44m[1m TS [22m[49m node_modules/.pnpm/zod-to-ts@1.2.0_typescript@5.9.3_zod@3.25.76/node_modules/zod/src/v3/tests/custom.test.ts [2m([22m[2m3 tests[22m[2m)[22m
 [32m✓[39m [44m[1m TS [22m[49m node_modules/.pnpm/zod-to-ts@1.2.0_typescript@5.9.3_zod@3.25.76/node_modules/zod/src/v3/tests/date.test.ts [2m([22m[2m3 tests[22m[2m)[22m
 [32m✓[39m [44m[1m TS [22m[49m node_modules/.pnpm/zod-to-ts@1.2.0_typescript@5.9.3_zod@3.25.76/node_modules/zod/src/v3/tests/deepmasking.test.ts [2m([22m[2m1 test[22m[2m)[22m
 [32m✓[39m [44m[1m TS [22m[49m node_modules/.pnpm/zod-to-ts@1.2.0_typescript@5.9.3_zod@3.25.76/node_modules/zod/src/v3/tests/default.test.ts [2m([22m[2m11 tests[22m[2m)[22m
 [32m✓[39m [44m[1m TS [22m[49m node_modules/.pnpm/zod-to-ts@1.2.0_typescript@5.9.3_zod@3.25.76/node_modules/zod/src/v3/tests/description.test.ts [2m([22m[2m4 tests[22m[2m)[22m
 [32m✓[39m [44m[1m TS [22m[49m node_modules/.pnpm/zod-to-ts@1.2.0_typescript@5.9.3_zod@3.25.76/node_modules/zod/src/v3/tests/discriminated-unions.test.ts [2m([22m[2m14 tests[22m[2m)[22m
 [32m✓[39m [44m[1m TS [22m[49m node_modules/.pnpm/zod-to-ts@1.2.0_typescript@5.9.3_zod@3.25.76/node_modules/zod/src/v3/tests/enum.test.ts [2m([22m[2m8 tests[22m[2m)[22m
 [32m✓[39m [44m[1m TS [22m[49m node_modules/.pnpm/zod-to-ts@1.2.0_typescript@5.9.3_zod@3.25.76/node_modules/zod/src/v3/tests/error.test.ts [2m([22m[2m29 tests[22m[2m)[22m
 [32m✓[39m [44m[1m TS [22m[49m node_modules/.pnpm/zod-to-ts@1.2.0_typescript@5.9.3_zod@3.25.76/node_modules/zod/src/v3/tests/firstparty.test.ts [2m([22m[2m1 test[22m[2m)[22m
 [32m✓[39m [44m[1m TS [22m[49m node_modules/.pnpm/zod-to-ts@1.2.0_typescript@5.9.3_zod@3.25.76/node_modules/zod/src/v3/tests/firstpartyschematypes.test.ts [2m([22m[2m1 test[22m[2m)[22m
 [32m✓[39m [44m[1m TS [22m[49m node_modules/.pnpm/zod-to-ts@1.2.0_typescript@5.9.3_zod@3.25.76/node_modules/zod/src/v3/tests/function.test.ts [2m([22m[2m18 tests[22m[2m)[22m
 [32m✓[39m [44m[1m TS [22m[49m node_modules/.pnpm/zod-to-ts@1.2.0_typescript@5.9.3_zod@3.25.76/node_modules/zod/src/v3/tests/generics.test.ts [2m([22m[2m2 tests[22m[2m)[22m
 [32m✓[39m [44m[1m TS [22m[49m node_modules/.pnpm/zod-to-ts@1.2.0_typescript@5.9.3_zod@3.25.76/node_modules/zod/src/v3/tests/instanceof.test.ts [2m([22m[2m2 tests[22m[2m)[22m
 [32m✓[39m [44m[1m TS [22m[49m node_modules/.pnpm/zod-to-ts@1.2.0_typescript@5.9.3_zod@3.25.76/node_modules/zod/src/v3/tests/intersection.test.ts [2m([22m[2m5 tests[22m[2m)[22m
 [32m✓[39m [44m[1m TS [22m[49m node_modules/.pnpm/zod-to-ts@1.2.0_typescript@5.9.3_zod@3.25.76/node_modules/zod/src/v3/tests/language-server.test.ts [2m([22m[2m1 test[22m[2m)[22m
 [32m✓[39m [44m[1m TS [22m[49m node_modules/.pnpm/zod-to-ts@1.2.0_typescript@5.9.3_zod@3.25.76/node_modules/zod/src/v3/tests/literal.test.ts [2m([22m[2m3 tests[22m[2m)[22m
 [32m✓[39m [44m[1m TS [22m[49m node_modules/.pnpm/zod-to-ts@1.2.0_typescript@5.9.3_zod@3.25.76/node_modules/zod/src/v3/tests/map.test.ts [2m([22m[2m7 tests[22m[2m)[22m
 [32m✓[39m [44m[1m TS [22m[49m node_modules/.pnpm/zod-to-ts@1.2.0_typescript@5.9.3_zod@3.25.76/node_modules/zod/src/v3/tests/masking.test.ts [2m([22m[2m1 test[22m[2m)[22m
 [32m✓[39m [44m[1m TS [22m[49m node_modules/.pnpm/zod-to-ts@1.2.0_typescript@5.9.3_zod@3.25.76/node_modules/zod/src/v3/tests/mocker.test.ts [2m([22m[2m1 test[22m[2m)[22m
 [32m✓[39m [44m[1m TS [22m[49m node_modules/.pnpm/zod-to-ts@1.2.0_typescript@5.9.3_zod@3.25.76/node_modules/zod/src/v3/tests/nan.test.ts [2m([22m[2m2 tests[22m[2m)[22m
 [32m✓[39m [44m[1m TS [22m[49m node_modules/.pnpm/zod-to-ts@1.2.0_typescript@5.9.3_zod@3.25.76/node_modules/zod/src/v3/tests/nativeEnum.test.ts [2m([22m[2m5 tests[22m[2m)[22m
 [32m✓[39m [44m[1m TS [22m[49m node_modules/.pnpm/zod-to-ts@1.2.0_typescript@5.9.3_zod@3.25.76/node_modules/zod/src/v3/tests/nullable.test.ts [2m([22m[2m2 tests[22m[2m)[22m
 [32m✓[39m [44m[1m TS [22m[49m node_modules/.pnpm/zod-to-ts@1.2.0_typescript@5.9.3_zod@3.25.76/node_modules/zod/src/v3/tests/number.test.ts [2m([22m[2m6 tests[22m[2m)[22m
 [32m✓[39m [44m[1m TS [22m[49m node_modules/.pnpm/zod-to-ts@1.2.0_typescript@5.9.3_zod@3.25.76/node_modules/zod/src/v3/tests/object-augmentation.test.ts [2m([22m[2m1 test[22m[2m)[22m
 [32m✓[39m [44m[1m TS [22m[49m node_modules/.pnpm/zod-to-ts@1.2.0_typescript@5.9.3_zod@3.25.76/node_modules/zod/src/v3/tests/object-in-es5-env.test.ts [2m([22m[2m3 tests[22m[2m)[22m
 [32m✓[39m [44m[1m TS [22m[49m node_modules/.pnpm/zod-to-ts@1.2.0_typescript@5.9.3_zod@3.25.76/node_modules/zod/src/v3/tests/object.test.ts [2m([22m[2m37 tests[22m[2m)[22m
 [32m✓[39m [44m[1m TS [22m[49m node_modules/.pnpm/zod-to-ts@1.2.0_typescript@5.9.3_zod@3.25.76/node_modules/zod/src/v3/tests/optional.test.ts [2m([22m[2m2 tests[22m[2m)[22m
 [32m✓[39m [44m[1m TS [22m[49m node_modules/.pnpm/zod-to-ts@1.2.0_typescript@5.9.3_zod@3.25.76/node_modules/zod/src/v3/tests/parseUtil.test.ts [2m([22m[2m1 test[22m[2m)[22m
 [32m✓[39m [44m[1m TS [22m[49m node_modules/.pnpm/zod-to-ts@1.2.0_typescript@5.9.3_zod@3.25.76/node_modules/zod/src/v3/tests/parser.test.ts [2m([22m[2m8 tests[22m[2m)[22m
 [32m✓[39m [44m[1m TS [22m[49m node_modules/.pnpm/zod-to-ts@1.2.0_typescript@5.9.3_zod@3.25.76/node_modules/zod/src/v3/tests/partials.test.ts [2m([22m[2m15 tests[22m[2m)[22m
 [32m✓[39m [44m[1m TS [22m[49m node_modules/.pnpm/zod-to-ts@1.2.0_typescript@5.9.3_zod@3.25.76/node_modules/zod/src/v3/tests/pickomit.test.ts [2m([22m[2m10 tests[22m[2m)[22m
 [32m✓[39m [44m[1m TS [22m[49m node_modules/.pnpm/zod-to-ts@1.2.0_typescript@5.9.3_zod@3.25.76/node_modules/zod/src/v3/tests/pipeline.test.ts [2m([22m[2m3 tests[22m[2m)[22m
 [32m✓[39m [44m[1m TS [22m[49m node_modules/.pnpm/zod-to-ts@1.2.0_typescript@5.9.3_zod@3.25.76/node_modules/zod/src/v3/tests/preprocess.test.ts [2m([22m[2m10 tests[22m[2m)[22m
 [32m✓[39m [44m[1m TS [22m[49m node_modules/.pnpm/zod-to-ts@1.2.0_typescript@5.9.3_zod@3.25.76/node_modules/zod/src/v3/tests/primitive.test.ts [2m([22m[2m71 tests[22m[2m)[22m
 [32m✓[39m [44m[1m TS [22m[49m node_modules/.pnpm/zod-to-ts@1.2.0_typescript@5.9.3_zod@3.25.76/node_modules/zod/src/v3/tests/promise.test.ts [2m([22m[2m10 tests[22m[2m)[22m
 [32m✓[39m [44m[1m TS [22m[49m node_modules/.pnpm/zod-to-ts@1.2.0_typescript@5.9.3_zod@3.25.76/node_modules/zod/src/v3/tests/readonly.test.ts [2m([22m[2m3 tests[22m[2m)[22m
 [32m✓[39m [44m[1m TS [22m[49m node_modules/.pnpm/zod-to-ts@1.2.0_typescript@5.9.3_zod@3.25.76/node_modules/zod/src/v3/tests/record.test.ts [2m([22m[2m10 tests[22m[2m)[22m
 [32m✓[39m [44m[1m TS [22m[49m node_modules/.pnpm/zod-to-ts@1.2.0_typescript@5.9.3_zod@3.25.76/node_modules/zod/src/v3/tests/recursive.test.ts [2m([22m[2m4 tests[22m[2m)[22m
 [32m✓[39m [44m[1m TS [22m[49m node_modules/.pnpm/zod-to-ts@1.2.0_typescript@5.9.3_zod@3.25.76/node_modules/zod/src/v3/tests/refine.test.ts [2m([22m[2m14 tests[22m[2m)[22m
 [32m✓[39m [44m[1m TS [22m[49m node_modules/.pnpm/zod-to-ts@1.2.0_typescript@5.9.3_zod@3.25.76/node_modules/zod/src/v3/tests/safeparse.test.ts [2m([22m[2m3 tests[22m[2m)[22m
 [32m✓[39m [44m[1m TS [22m[49m node_modules/.pnpm/zod-to-ts@1.2.0_typescript@5.9.3_zod@3.25.76/node_modules/zod/src/v3/tests/set.test.ts [2m([22m[2m11 tests[22m[2m)[22m
 [32m✓[39m [44m[1m TS [22m[49m node_modules/.pnpm/zod-to-ts@1.2.0_typescript@5.9.3_zod@3.25.76/node_modules/zod/src/v3/tests/standard-schema.test.ts [2m([22m[2m6 tests[22m[2m)[22m
 [32m✓[39m [44m[1m TS [22m[49m node_modules/.pnpm/zod-to-ts@1.2.0_typescript@5.9.3_zod@3.25.76/node_modules/zod/src/v3/tests/string.test.ts [2m([22m[2m34 tests[22m[2m)[22m
 [32m✓[39m [44m[1m TS [22m[49m node_modules/.pnpm/zod-to-ts@1.2.0_typescript@5.9.3_zod@3.25.76/node_modules/zod/src/v3/tests/transformer.test.ts [2m([22m[2m16 tests[22m[2m)[22m
 [32m✓[39m [44m[1m TS [22m[49m node_modules/.pnpm/zod-to-ts@1.2.0_typescript@5.9.3_zod@3.25.76/node_modules/zod/src/v3/tests/tuple.test.ts [2m([22m[2m8 tests[22m[2m)[22m
 [32m✓[39m [44m[1m TS [22m[49m node_modules/.pnpm/zod-to-ts@1.2.0_typescript@5.9.3_zod@3.25.76/node_modules/zod/src/v3/tests/unions.test.ts [2m([22m[2m6 tests[22m[2m)[22m
 [32m✓[39m [44m[1m TS [22m[49m node_modules/.pnpm/zod-to-ts@1.2.0_typescript@5.9.3_zod@3.25.76/node_modules/zod/src/v3/tests/validations.test.ts [2m([22m[2m14 tests[22m[2m)[22m
 [32m✓[39m [44m[1m TS [22m[49m node_modules/.pnpm/zod-to-ts@1.2.0_typescript@5.9.3_zod@3.25.76/node_modules/zod/src/v3/tests/void.test.ts [2m([22m[2m1 test[22m[2m)[22m
 [32m✓[39m [44m[1m TS [22m[49m node_modules/.pnpm/zod-validation-error@4.0.2_zod@4.1.12/node_modules/zod/src/v3/tests/all-errors.test.ts [2m([22m[2m6 tests[22m[2m)[22m
 [32m✓[39m [44m[1m TS [22m[49m node_modules/.pnpm/zod-validation-error@4.0.2_zod@4.1.12/node_modules/zod/src/v3/tests/anyunknown.test.ts [2m([22m[2m3 tests[22m[2m)[22m
 [32m✓[39m [44m[1m TS [22m[49m node_modules/.pnpm/zod-validation-error@4.0.2_zod@4.1.12/node_modules/zod/src/v3/tests/array.test.ts [2m([22m[2m6 tests[22m[2m)[22m
 [32m✓[39m [44m[1m TS [22m[49m node_modules/.pnpm/zod-validation-error@4.0.2_zod@4.1.12/node_modules/zod/src/v3/tests/async-parsing.test.ts [2m([22m[2m24 tests[22m[2m)[22m
 [32m✓[39m [44m[1m TS [22m[49m node_modules/.pnpm/zod-validation-error@4.0.2_zod@4.1.12/node_modules/zod/src/v3/tests/async-refinements.test.ts [2m([22m[2m4 tests[22m[2m)[22m
 [32m✓[39m [44m[1m TS [22m[49m node_modules/.pnpm/zod-validation-error@4.0.2_zod@4.1.12/node_modules/zod/src/v3/tests/base.test.ts [2m([22m[2m2 tests[22m[2m)[22m
 [32m✓[39m [44m[1m TS [22m[49m node_modules/.pnpm/zod-validation-error@4.0.2_zod@4.1.12/node_modules/zod/src/v3/tests/bigint.test.ts [2m([22m[2m3 tests[22m[2m)[22m
 [32m✓[39m [44m[1m TS [22m[49m node_modules/.pnpm/zod-validation-error@4.0.2_zod@4.1.12/node_modules/zod/src/v3/tests/branded.test.ts [2m([22m[2m1 test[22m[2m)[22m
 [32m✓[39m [44m[1m TS [22m[49m node_modules/.pnpm/zod-validation-error@4.0.2_zod@4.1.12/node_modules/zod/src/v3/tests/catch.test.ts [2m([22m[2m17 tests[22m[2m)[22m
 [32m✓[39m [44m[1m TS [22m[49m node_modules/.pnpm/zod-validation-error@4.0.2_zod@4.1.12/node_modules/zod/src/v3/tests/coerce.test.ts [2m([22m[2m5 tests[22m[2m)[22m
 [32m✓[39m [44m[1m TS [22m[49m node_modules/.pnpm/zod-validation-error@4.0.2_zod@4.1.12/node_modules/zod/src/v3/tests/complex.test.ts [2m([22m[2m1 test[22m[2m)[22m
 [32m✓[39m [44m[1m TS [22m[49m node_modules/.pnpm/zod-validation-error@4.0.2_zod@4.1.12/node_modules/zod/src/v3/tests/custom.test.ts [2m([22m[2m3 tests[22m[2m)[22m
 [32m✓[39m [44m[1m TS [22m[49m node_modules/.pnpm/zod-validation-error@4.0.2_zod@4.1.12/node_modules/zod/src/v3/tests/date.test.ts [2m([22m[2m3 tests[22m[2m)[22m
 [32m✓[39m [44m[1m TS [22m[49m node_modules/.pnpm/zod-validation-error@4.0.2_zod@4.1.12/node_modules/zod/src/v3/tests/deepmasking.test.ts [2m([22m[2m1 test[22m[2m)[22m
 [32m✓[39m [44m[1m TS [22m[49m node_modules/.pnpm/zod-validation-error@4.0.2_zod@4.1.12/node_modules/zod/src/v3/tests/default.test.ts [2m([22m[2m11 tests[22m[2m)[22m
 [32m✓[39m [44m[1m TS [22m[49m node_modules/.pnpm/zod-validation-error@4.0.2_zod@4.1.12/node_modules/zod/src/v3/tests/description.test.ts [2m([22m[2m4 tests[22m[2m)[22m
 [32m✓[39m [44m[1m TS [22m[49m node_modules/.pnpm/zod-validation-error@4.0.2_zod@4.1.12/node_modules/zod/src/v3/tests/discriminated-unions.test.ts [2m([22m[2m14 tests[22m[2m)[22m
 [32m✓[39m [44m[1m TS [22m[49m node_modules/.pnpm/zod-validation-error@4.0.2_zod@4.1.12/node_modules/zod/src/v3/tests/enum.test.ts [2m([22m[2m8 tests[22m[2m)[22m
 [32m✓[39m [44m[1m TS [22m[49m node_modules/.pnpm/zod-validation-error@4.0.2_zod@4.1.12/node_modules/zod/src/v3/tests/error.test.ts [2m([22m[2m29 tests[22m[2m)[22m
 [32m✓[39m [44m[1m TS [22m[49m node_modules/.pnpm/zod-validation-error@4.0.2_zod@4.1.12/node_modules/zod/src/v3/tests/firstparty.test.ts [2m([22m[2m1 test[22m[2m)[22m
 [32m✓[39m [44m[1m TS [22m[49m node_modules/.pnpm/zod-validation-error@4.0.2_zod@4.1.12/node_modules/zod/src/v3/tests/firstpartyschematypes.test.ts [2m([22m[2m1 test[22m[2m)[22m
 [32m✓[39m [44m[1m TS [22m[49m node_modules/.pnpm/zod-validation-error@4.0.2_zod@4.1.12/node_modules/zod/src/v3/tests/function.test.ts [2m([22m[2m18 tests[22m[2m)[22m
 [32m✓[39m [44m[1m TS [22m[49m node_modules/.pnpm/zod-validation-error@4.0.2_zod@4.1.12/node_modules/zod/src/v3/tests/generics.test.ts [2m([22m[2m2 tests[22m[2m)[22m
 [32m✓[39m [44m[1m TS [22m[49m node_modules/.pnpm/zod-validation-error@4.0.2_zod@4.1.12/node_modules/zod/src/v3/tests/instanceof.test.ts [2m([22m[2m2 tests[22m[2m)[22m
 [32m✓[39m [44m[1m TS [22m[49m node_modules/.pnpm/zod-validation-error@4.0.2_zod@4.1.12/node_modules/zod/src/v3/tests/intersection.test.ts [2m([22m[2m5 tests[22m[2m)[22m
 [32m✓[39m [44m[1m TS [22m[49m node_modules/.pnpm/zod-validation-error@4.0.2_zod@4.1.12/node_modules/zod/src/v3/tests/language-server.test.ts [2m([22m[2m1 test[22m[2m)[22m
 [32m✓[39m [44m[1m TS [22m[49m node_modules/.pnpm/zod-validation-error@4.0.2_zod@4.1.12/node_modules/zod/src/v3/tests/literal.test.ts [2m([22m[2m3 tests[22m[2m)[22m
 [32m✓[39m [44m[1m TS [22m[49m node_modules/.pnpm/zod-validation-error@4.0.2_zod@4.1.12/node_modules/zod/src/v3/tests/map.test.ts [2m([22m[2m7 tests[22m[2m)[22m
 [32m✓[39m [44m[1m TS [22m[49m node_modules/.pnpm/zod-validation-error@4.0.2_zod@4.1.12/node_modules/zod/src/v3/tests/masking.test.ts [2m([22m[2m1 test[22m[2m)[22m
 [32m✓[39m [44m[1m TS [22m[49m node_modules/.pnpm/zod-validation-error@4.0.2_zod@4.1.12/node_modules/zod/src/v3/tests/mocker.test.ts [2m([22m[2m1 test[22m[2m)[22m
 [32m✓[39m [44m[1m TS [22m[49m node_modules/.pnpm/zod-validation-error@4.0.2_zod@4.1.12/node_modules/zod/src/v3/tests/nan.test.ts [2m([22m[2m2 tests[22m[2m)[22m
 [32m✓[39m [44m[1m TS [22m[49m node_modules/.pnpm/zod-validation-error@4.0.2_zod@4.1.12/node_modules/zod/src/v3/tests/nativeEnum.test.ts [2m([22m[2m5 tests[22m[2m)[22m
 [32m✓[39m [44m[1m TS [22m[49m node_modules/.pnpm/zod-validation-error@4.0.2_zod@4.1.12/node_modules/zod/src/v3/tests/nullable.test.ts [2m([22m[2m2 tests[22m[2m)[22m
 [32m✓[39m [44m[1m TS [22m[49m node_modules/.pnpm/zod-validation-error@4.0.2_zod@4.1.12/node_modules/zod/src/v3/tests/number.test.ts [2m([22m[2m6 tests[22m[2m)[22m
 [32m✓[39m [44m[1m TS [22m[49m node_modules/.pnpm/zod-validation-error@4.0.2_zod@4.1.12/node_modules/zod/src/v3/tests/object-augmentation.test.ts [2m([22m[2m1 test[22m[2m)[22m
 [32m✓[39m [44m[1m TS [22m[49m node_modules/.pnpm/zod-validation-error@4.0.2_zod@4.1.12/node_modules/zod/src/v3/tests/object-in-es5-env.test.ts [2m([22m[2m3 tests[22m[2m)[22m
 [32m✓[39m [44m[1m TS [22m[49m node_modules/.pnpm/zod-validation-error@4.0.2_zod@4.1.12/node_modules/zod/src/v3/tests/object.test.ts [2m([22m[2m37 tests[22m[2m)[22m
 [32m✓[39m [44m[1m TS [22m[49m node_modules/.pnpm/zod-validation-error@4.0.2_zod@4.1.12/node_modules/zod/src/v3/tests/optional.test.ts [2m([22m[2m2 tests[22m[2m)[22m
 [32m✓[39m [44m[1m TS [22m[49m node_modules/.pnpm/zod-validation-error@4.0.2_zod@4.1.12/node_modules/zod/src/v3/tests/parseUtil.test.ts [2m([22m[2m1 test[22m[2m)[22m
 [32m✓[39m [44m[1m TS [22m[49m node_modules/.pnpm/zod-validation-error@4.0.2_zod@4.1.12/node_modules/zod/src/v3/tests/parser.test.ts [2m([22m[2m8 tests[22m[2m)[22m
 [32m✓[39m [44m[1m TS [22m[49m node_modules/.pnpm/zod-validation-error@4.0.2_zod@4.1.12/node_modules/zod/src/v3/tests/partials.test.ts [2m([22m[2m15 tests[22m[2m)[22m
 [32m✓[39m [44m[1m TS [22m[49m node_modules/.pnpm/zod-validation-error@4.0.2_zod@4.1.12/node_modules/zod/src/v3/tests/pickomit.test.ts [2m([22m[2m10 tests[22m[2m)[22m
 [32m✓[39m [44m[1m TS [22m[49m node_modules/.pnpm/zod-validation-error@4.0.2_zod@4.1.12/node_modules/zod/src/v3/tests/pipeline.test.ts [2m([22m[2m3 tests[22m[2m)[22m
 [32m✓[39m [44m[1m TS [22m[49m node_modules/.pnpm/zod-validation-error@4.0.2_zod@4.1.12/node_modules/zod/src/v3/tests/preprocess.test.ts [2m([22m[2m10 tests[22m[2m)[22m
 [32m✓[39m [44m[1m TS [22m[49m node_modules/.pnpm/zod-validation-error@4.0.2_zod@4.1.12/node_modules/zod/src/v3/tests/primitive.test.ts [2m([22m[2m71 tests[22m[2m)[22m
 [32m✓[39m [44m[1m TS [22m[49m node_modules/.pnpm/zod-validation-error@4.0.2_zod@4.1.12/node_modules/zod/src/v3/tests/promise.test.ts [2m([22m[2m10 tests[22m[2m)[22m
 [32m✓[39m [44m[1m TS [22m[49m node_modules/.pnpm/zod-validation-error@4.0.2_zod@4.1.12/node_modules/zod/src/v3/tests/readonly.test.ts [2m([22m[2m3 tests[22m[2m)[22m
 [32m✓[39m [44m[1m TS [22m[49m node_modules/.pnpm/zod-validation-error@4.0.2_zod@4.1.12/node_modules/zod/src/v3/tests/record.test.ts [2m([22m[2m10 tests[22m[2m)[22m
 [32m✓[39m [44m[1m TS [22m[49m node_modules/.pnpm/zod-validation-error@4.0.2_zod@4.1.12/node_modules/zod/src/v3/tests/recursive.test.ts [2m([22m[2m4 tests[22m[2m)[22m
 [32m✓[39m [44m[1m TS [22m[49m node_modules/.pnpm/zod-validation-error@4.0.2_zod@4.1.12/node_modules/zod/src/v3/tests/refine.test.ts [2m([22m[2m14 tests[22m[2m)[22m
 [32m✓[39m [44m[1m TS [22m[49m node_modules/.pnpm/zod-validation-error@4.0.2_zod@4.1.12/node_modules/zod/src/v3/tests/safeparse.test.ts [2m([22m[2m3 tests[22m[2m)[22m
 [32m✓[39m [44m[1m TS [22m[49m node_modules/.pnpm/zod-validation-error@4.0.2_zod@4.1.12/node_modules/zod/src/v3/tests/set.test.ts [2m([22m[2m11 tests[22m[2m)[22m
 [32m✓[39m [44m[1m TS [22m[49m node_modules/.pnpm/zod-validation-error@4.0.2_zod@4.1.12/node_modules/zod/src/v3/tests/standard-schema.test.ts [2m([22m[2m6 tests[22m[2m)[22m
 [32m✓[39m [44m[1m TS [22m[49m node_modules/.pnpm/zod-validation-error@4.0.2_zod@4.1.12/node_modules/zod/src/v3/tests/string.test.ts [2m([22m[2m34 tests[22m[2m)[22m
 [32m✓[39m [44m[1m TS [22m[49m node_modules/.pnpm/zod-validation-error@4.0.2_zod@4.1.12/node_modules/zod/src/v3/tests/transformer.test.ts [2m([22m[2m16 tests[22m[2m)[22m
 [32m✓[39m [44m[1m TS [22m[49m node_modules/.pnpm/zod-validation-error@4.0.2_zod@4.1.12/node_modules/zod/src/v3/tests/tuple.test.ts [2m([22m[2m8 tests[22m[2m)[22m
 [32m✓[39m [44m[1m TS [22m[49m node_modules/.pnpm/zod-validation-error@4.0.2_zod@4.1.12/node_modules/zod/src/v3/tests/unions.test.ts [2m([22m[2m6 tests[22m[2m)[22m
 [32m✓[39m [44m[1m TS [22m[49m node_modules/.pnpm/zod-validation-error@4.0.2_zod@4.1.12/node_modules/zod/src/v3/tests/validations.test.ts [2m([22m[2m14 tests[22m[2m)[22m
 [32m✓[39m [44m[1m TS [22m[49m node_modules/.pnpm/zod-validation-error@4.0.2_zod@4.1.12/node_modules/zod/src/v3/tests/void.test.ts [2m([22m[2m1 test[22m[2m)[22m
 [32m✓[39m [44m[1m TS [22m[49m node_modules/.pnpm/@ai-sdk+provider-utils@3.0.11_zod@4.1.12/node_modules/zod/src/v4/classic/tests/anyunknown.test.ts [2m([22m[2m3 tests[22m[2m)[22m
 [32m✓[39m [44m[1m TS [22m[49m node_modules/.pnpm/@ai-sdk+provider-utils@3.0.11_zod@4.1.12/node_modules/zod/src/v4/classic/tests/array.test.ts [2m([22m[2m9 tests[22m[2m)[22m
 [32m✓[39m [44m[1m TS [22m[49m node_modules/.pnpm/@ai-sdk+provider-utils@3.0.11_zod@4.1.12/node_modules/zod/src/v4/classic/tests/assignability.test.ts [2m([22m[2m5 tests[22m[2m)[22m
 [32m✓[39m [44m[1m TS [22m[49m node_modules/.pnpm/@ai-sdk+provider-utils@3.0.11_zod@4.1.12/node_modules/zod/src/v4/classic/tests/async-parsing.test.ts [2m([22m[2m23 tests[22m[2m)[22m
 [32m✓[39m [44m[1m TS [22m[49m node_modules/.pnpm/@ai-sdk+provider-utils@3.0.11_zod@4.1.12/node_modules/zod/src/v4/classic/tests/async-refinements.test.ts [2m([22m[2m4 tests[22m[2m)[22m
 [32m✓[39m [44m[1m TS [22m[49m node_modules/.pnpm/@ai-sdk+provider-utils@3.0.11_zod@4.1.12/node_modules/zod/src/v4/classic/tests/base.test.ts [2m([22m[2m1 test[22m[2m)[22m
 [32m✓[39m [44m[1m TS [22m[49m node_modules/.pnpm/@ai-sdk+provider-utils@3.0.11_zod@4.1.12/node_modules/zod/src/v4/classic/tests/bigint.test.ts [2m([22m[2m3 tests[22m[2m)[22m
 [32m✓[39m [44m[1m TS [22m[49m node_modules/.pnpm/@ai-sdk+provider-utils@3.0.11_zod@4.1.12/node_modules/zod/src/v4/classic/tests/brand.test.ts [2m([22m[2m3 tests[22m[2m)[22m
 [32m✓[39m [44m[1m TS [22m[49m node_modules/.pnpm/@ai-sdk+provider-utils@3.0.11_zod@4.1.12/node_modules/zod/src/v4/classic/tests/catch.test.ts [2m([22m[2m17 tests[22m[2m)[22m
 [32m✓[39m [44m[1m TS [22m[49m node_modules/.pnpm/@ai-sdk+provider-utils@3.0.11_zod@4.1.12/node_modules/zod/src/v4/classic/tests/coalesce.test.ts [2m([22m[2m1 test[22m[2m)[22m
 [32m✓[39m [44m[1m TS [22m[49m node_modules/.pnpm/@ai-sdk+provider-utils@3.0.11_zod@4.1.12/node_modules/zod/src/v4/classic/tests/codec-examples.test.ts [2m([22m[2m19 tests[22m[2m)[22m
 [32m✓[39m [44m[1m TS [22m[49m node_modules/.pnpm/@ai-sdk+provider-utils@3.0.11_zod@4.1.12/node_modules/zod/src/v4/classic/tests/codec.test.ts [2m([22m[2m14 tests[22m[2m)[22m
 [32m✓[39m [44m[1m TS [22m[49m node_modules/.pnpm/@ai-sdk+provider-utils@3.0.11_zod@4.1.12/node_modules/zod/src/v4/classic/tests/coerce.test.ts [2m([22m[2m6 tests[22m[2m)[22m
 [32m✓[39m [44m[1m TS [22m[49m node_modules/.pnpm/@ai-sdk+provider-utils@3.0.11_zod@4.1.12/node_modules/zod/src/v4/classic/tests/continuability.test.ts [2m([22m[2m1 test[22m[2m)[22m
 [32m✓[39m [44m[1m TS [22m[49m node_modules/.pnpm/@ai-sdk+provider-utils@3.0.11_zod@4.1.12/node_modules/zod/src/v4/classic/tests/custom.test.ts [2m([22m[2m4 tests[22m[2m)[22m
 [32m✓[39m [44m[1m TS [22m[49m node_modules/.pnpm/@ai-sdk+provider-utils@3.0.11_zod@4.1.12/node_modules/zod/src/v4/classic/tests/date.test.ts [2m([22m[2m3 tests[22m[2m)[22m
 [32m✓[39m [44m[1m TS [22m[49m node_modules/.pnpm/@ai-sdk+provider-utils@3.0.11_zod@4.1.12/node_modules/zod/src/v4/classic/tests/datetime.test.ts [2m([22m[2m14 tests[22m[2m)[22m
 [32m✓[39m [44m[1m TS [22m[49m node_modules/.pnpm/@ai-sdk+provider-utils@3.0.11_zod@4.1.12/node_modules/zod/src/v4/classic/tests/default.test.ts [2m([22m[2m16 tests[22m[2m)[22m
 [32m✓[39m [44m[1m TS [22m[49m node_modules/.pnpm/@ai-sdk+provider-utils@3.0.11_zod@4.1.12/node_modules/zod/src/v4/classic/tests/description.test.ts [2m([22m[2m2 tests[22m[2m)[22m
 [32m✓[39m [44m[1m TS [22m[49m node_modules/.pnpm/@ai-sdk+provider-utils@3.0.11_zod@4.1.12/node_modules/zod/src/v4/classic/tests/discriminated-unions.test.ts [2m([22m[2m22 tests[22m[2m)[22m
 [32m✓[39m [44m[1m TS [22m[49m node_modules/.pnpm/@ai-sdk+provider-utils@3.0.11_zod@4.1.12/node_modules/zod/src/v4/classic/tests/enum.test.ts [2m([22m[2m19 tests[22m[2m)[22m
 [32m✓[39m [44m[1m TS [22m[49m node_modules/.pnpm/@ai-sdk+provider-utils@3.0.11_zod@4.1.12/node_modules/zod/src/v4/classic/tests/error-utils.test.ts [2m([22m[2m13 tests[22m[2m)[22m
 [32m✓[39m [44m[1m TS [22m[49m node_modules/.pnpm/@ai-sdk+provider-utils@3.0.11_zod@4.1.12/node_modules/zod/src/v4/classic/tests/error.test.ts [2m([22m[2m27 tests[22m[2m)[22m
 [32m✓[39m [44m[1m TS [22m[49m node_modules/.pnpm/@ai-sdk+provider-utils@3.0.11_zod@4.1.12/node_modules/zod/src/v4/classic/tests/file.test.ts [2m([22m[2m3 tests[22m[2m)[22m
 [32m✓[39m [44m[1m TS [22m[49m node_modules/.pnpm/@ai-sdk+provider-utils@3.0.11_zod@4.1.12/node_modules/zod/src/v4/classic/tests/firstparty.test.ts [2m([22m[2m2 tests[22m[2m)[22m
 [32m✓[39m [44m[1m TS [22m[49m node_modules/.pnpm/@ai-sdk+provider-utils@3.0.11_zod@4.1.12/node_modules/zod/src/v4/classic/tests/function.test.ts [2m([22m[2m17 tests[22m[2m)[22m
 [32m✓[39m [44m[1m TS [22m[49m node_modules/.pnpm/@ai-sdk+provider-utils@3.0.11_zod@4.1.12/node_modules/zod/src/v4/classic/tests/generics.test.ts [2m([22m[2m4 tests[22m[2m)[22m
 [32m✓[39m [44m[1m TS [22m[49m node_modules/.pnpm/@ai-sdk+provider-utils@3.0.11_zod@4.1.12/node_modules/zod/src/v4/classic/tests/hash.test.ts [2m([22m[2m1 test[22m[2m)[22m
 [32m✓[39m [44m[1m TS [22m[49m node_modules/.pnpm/@ai-sdk+provider-utils@3.0.11_zod@4.1.12/node_modules/zod/src/v4/classic/tests/index.test.ts [2m([22m[2m58 tests[22m[2m)[22m
 [32m✓[39m [44m[1m TS [22m[49m node_modules/.pnpm/@ai-sdk+provider-utils@3.0.11_zod@4.1.12/node_modules/zod/src/v4/classic/tests/instanceof.test.ts [2m([22m[2m2 tests[22m[2m)[22m
 [32m✓[39m [44m[1m TS [22m[49m node_modules/.pnpm/@ai-sdk+provider-utils@3.0.11_zod@4.1.12/node_modules/zod/src/v4/classic/tests/intersection.test.ts [2m([22m[2m10 tests[22m[2m)[22m
 [32m✓[39m [44m[1m TS [22m[49m node_modules/.pnpm/@ai-sdk+provider-utils@3.0.11_zod@4.1.12/node_modules/zod/src/v4/classic/tests/json.test.ts [2m([22m[2m1 test[22m[2m)[22m
 [32m✓[39m [44m[1m TS [22m[49m node_modules/.pnpm/@ai-sdk+provider-utils@3.0.11_zod@4.1.12/node_modules/zod/src/v4/classic/tests/lazy.test.ts [2m([22m[2m9 tests[22m[2m)[22m
 [32m✓[39m [44m[1m TS [22m[49m node_modules/.pnpm/@ai-sdk+provider-utils@3.0.11_zod@4.1.12/node_modules/zod/src/v4/classic/tests/literal.test.ts [2m([22m[2m10 tests[22m[2m)[22m
 [32m✓[39m [44m[1m TS [22m[49m node_modules/.pnpm/@ai-sdk+provider-utils@3.0.11_zod@4.1.12/node_modules/zod/src/v4/classic/tests/map.test.ts [2m([22m[2m8 tests[22m[2m)[22m
 [32m✓[39m [44m[1m TS [22m[49m node_modules/.pnpm/@ai-sdk+provider-utils@3.0.11_zod@4.1.12/node_modules/zod/src/v4/classic/tests/nan.test.ts [2m([22m[2m2 tests[22m[2m)[22m
 [32m✓[39m [44m[1m TS [22m[49m node_modules/.pnpm/@ai-sdk+provider-utils@3.0.11_zod@4.1.12/node_modules/zod/src/v4/classic/tests/nested-refine.test.ts [2m([22m[2m1 test[22m[2m)[22m
 [32m✓[39m [44m[1m TS [22m[49m node_modules/.pnpm/@ai-sdk+provider-utils@3.0.11_zod@4.1.12/node_modules/zod/src/v4/classic/tests/nonoptional.test.ts [2m([22m[2m4 tests[22m[2m)[22m
 [32m✓[39m [44m[1m TS [22m[49m node_modules/.pnpm/@ai-sdk+provider-utils@3.0.11_zod@4.1.12/node_modules/zod/src/v4/classic/tests/nullable.test.ts [2m([22m[2m3 tests[22m[2m)[22m
 [32m✓[39m [44m[1m TS [22m[49m node_modules/.pnpm/@ai-sdk+provider-utils@3.0.11_zod@4.1.12/node_modules/zod/src/v4/classic/tests/number.test.ts [2m([22m[2m26 tests[22m[2m)[22m
 [32m✓[39m [44m[1m TS [22m[49m node_modules/.pnpm/@ai-sdk+provider-utils@3.0.11_zod@4.1.12/node_modules/zod/src/v4/classic/tests/object.test.ts [2m([22m[2m49 tests[22m[2m)[22m
 [32m✓[39m [44m[1m TS [22m[49m node_modules/.pnpm/@ai-sdk+provider-utils@3.0.11_zod@4.1.12/node_modules/zod/src/v4/classic/tests/optional.test.ts [2m([22m[2m6 tests[22m[2m)[22m
 [32m✓[39m [44m[1m TS [22m[49m node_modules/.pnpm/@ai-sdk+provider-utils@3.0.11_zod@4.1.12/node_modules/zod/src/v4/classic/tests/partial.test.ts [2m([22m[2m12 tests[22m[2m)[22m
 [32m✓[39m [44m[1m TS [22m[49m node_modules/.pnpm/@ai-sdk+provider-utils@3.0.11_zod@4.1.12/node_modules/zod/src/v4/classic/tests/pickomit.test.ts [2m([22m[2m12 tests[22m[2m)[22m
 [32m✓[39m [44m[1m TS [22m[49m node_modules/.pnpm/@ai-sdk+provider-utils@3.0.11_zod@4.1.12/node_modules/zod/src/v4/classic/tests/pipe.test.ts [2m([22m[2m7 tests[22m[2m)[22m
 [32m✓[39m [44m[1m TS [22m[49m node_modules/.pnpm/@ai-sdk+provider-utils@3.0.11_zod@4.1.12/node_modules/zod/src/v4/classic/tests/prefault.test.ts [2m([22m[2m4 tests[22m[2m)[22m
 [32m✓[39m [44m[1m TS [22m[49m node_modules/.pnpm/@ai-sdk+provider-utils@3.0.11_zod@4.1.12/node_modules/zod/src/v4/classic/tests/preprocess.test.ts [2m([22m[2m11 tests[22m[2m)[22m
 [32m✓[39m [44m[1m TS [22m[49m node_modules/.pnpm/@ai-sdk+provider-utils@3.0.11_zod@4.1.12/node_modules/zod/src/v4/classic/tests/primitive.test.ts [2m([22m[2m14 tests[22m[2m)[22m
 [32m✓[39m [44m[1m TS [22m[49m node_modules/.pnpm/@ai-sdk+provider-utils@3.0.11_zod@4.1.12/node_modules/zod/src/v4/classic/tests/promise.test.ts [2m([22m[2m10 tests[22m[2m)[22m
 [32m✓[39m [44m[1m TS [22m[49m node_modules/.pnpm/@ai-sdk+provider-utils@3.0.11_zod@4.1.12/node_modules/zod/src/v4/classic/tests/prototypes.test.ts [2m([22m[2m1 test[22m[2m)[22m
 [32m✓[39m [44m[1m TS [22m[49m node_modules/.pnpm/@ai-sdk+provider-utils@3.0.11_zod@4.1.12/node_modules/zod/src/v4/classic/tests/readonly.test.ts [2m([22m[2m7 tests[22m[2m)[22m
 [32m✓[39m [44m[1m TS [22m[49m node_modules/.pnpm/@ai-sdk+provider-utils@3.0.11_zod@4.1.12/node_modules/zod/src/v4/classic/tests/record.test.ts [2m([22m[2m13 tests[22m[2m)[22m
 [32m✓[39m [44m[1m TS [22m[49m node_modules/.pnpm/@ai-sdk+provider-utils@3.0.11_zod@4.1.12/node_modules/zod/src/v4/classic/tests/recursive-types.test.ts [2m([22m[2m13 tests[22m[2m)[22m
 [32m✓[39m [44m[1m TS [22m[49m node_modules/.pnpm/@ai-sdk+provider-utils@3.0.11_zod@4.1.12/node_modules/zod/src/v4/classic/tests/refine.test.ts [2m([22m[2m16 tests[22m[2m)[22m
 [32m✓[39m [44m[1m TS [22m[49m node_modules/.pnpm/@ai-sdk+provider-utils@3.0.11_zod@4.1.12/node_modules/zod/src/v4/classic/tests/registries.test.ts [2m([22m[2m16 tests[22m[2m)[22m
 [32m✓[39m [44m[1m TS [22m[49m node_modules/.pnpm/@ai-sdk+provider-utils@3.0.11_zod@4.1.12/node_modules/zod/src/v4/classic/tests/set.test.ts [2m([22m[2m12 tests[22m[2m)[22m
 [32m✓[39m [44m[1m TS [22m[49m node_modules/.pnpm/@ai-sdk+provider-utils@3.0.11_zod@4.1.12/node_modules/zod/src/v4/classic/tests/standard-schema.test.ts [2m([22m[2m4 tests[22m[2m)[22m
 [32m✓[39m [44m[1m TS [22m[49m node_modules/.pnpm/@ai-sdk+provider-utils@3.0.11_zod@4.1.12/node_modules/zod/src/v4/classic/tests/string-formats.test.ts [2m([22m[2m3 tests[22m[2m)[22m
 [32m✓[39m [44m[1m TS [22m[49m node_modules/.pnpm/@ai-sdk+provider-utils@3.0.11_zod@4.1.12/node_modules/zod/src/v4/classic/tests/string.test.ts [2m([22m[2m42 tests[22m[2m)[22m
 [32m✓[39m [44m[1m TS [22m[49m node_modules/.pnpm/@ai-sdk+provider-utils@3.0.11_zod@4.1.12/node_modules/zod/src/v4/classic/tests/stringbool.test.ts [2m([22m[2m7 tests[22m[2m)[22m
 [32m✓[39m [44m[1m TS [22m[49m node_modules/.pnpm/@ai-sdk+provider-utils@3.0.11_zod@4.1.12/node_modules/zod/src/v4/classic/tests/template-literal.test.ts [2m([22m[2m8 tests[22m[2m)[22m
 [32m✓[39m [44m[1m TS [22m[49m node_modules/.pnpm/@ai-sdk+provider-utils@3.0.11_zod@4.1.12/node_modules/zod/src/v4/classic/tests/to-json-schema.test.ts [2m([22m[2m61 tests[22m[2m)[22m
 [32m✓[39m [44m[1m TS [22m[49m node_modules/.pnpm/@ai-sdk+provider-utils@3.0.11_zod@4.1.12/node_modules/zod/src/v4/classic/tests/transform.test.ts [2m([22m[2m18 tests[22m[2m)[22m
 [32m✓[39m [44m[1m TS [22m[49m node_modules/.pnpm/@ai-sdk+provider-utils@3.0.11_zod@4.1.12/node_modules/zod/src/v4/classic/tests/tuple.test.ts [2m([22m[2m6 tests[22m[2m)[22m
 [32m✓[39m [44m[1m TS [22m[49m node_modules/.pnpm/@ai-sdk+provider-utils@3.0.11_zod@4.1.12/node_modules/zod/src/v4/classic/tests/union.test.ts [2m([22m[2m10 tests[22m[2m)[22m
 [32m✓[39m [44m[1m TS [22m[49m node_modules/.pnpm/@ai-sdk+provider-utils@3.0.11_zod@4.1.12/node_modules/zod/src/v4/classic/tests/validations.test.ts [2m([22m[2m13 tests[22m[2m)[22m
 [32m✓[39m [44m[1m TS [22m[49m node_modules/.pnpm/@ai-sdk+provider-utils@3.0.11_zod@4.1.12/node_modules/zod/src/v4/classic/tests/void.test.ts [2m([22m[2m1 test[22m[2m)[22m
 [32m✓[39m [44m[1m TS [22m[49m node_modules/.pnpm/@ai-sdk+provider-utils@3.0.11_zod@4.1.12/node_modules/zod/src/v4/core/tests/extend.test.ts [2m([22m[2m1 test[22m[2m)[22m
 [32m✓[39m [44m[1m TS [22m[49m node_modules/.pnpm/@ai-sdk+provider-utils@3.0.11_zod@4.1.12/node_modules/zod/src/v4/core/tests/index.test.ts [2m([22m[2m3 tests[22m[2m)[22m
 [32m✓[39m [44m[1m TS [22m[49m node_modules/.pnpm/@ai-sdk+provider-utils@3.0.11_zod@4.1.12/node_modules/zod/src/v4/mini/tests/assignability.test.ts [2m([22m[2m2 tests[22m[2m)[22m
 [32m✓[39m [44m[1m TS [22m[49m node_modules/.pnpm/@ai-sdk+provider-utils@3.0.11_zod@4.1.12/node_modules/zod/src/v4/mini/tests/brand.test.ts [2m([22m[2m1 test[22m[2m)[22m
 [32m✓[39m [44m[1m TS [22m[49m node_modules/.pnpm/@ai-sdk+provider-utils@3.0.11_zod@4.1.12/node_modules/zod/src/v4/mini/tests/checks.test.ts [2m([22m[2m17 tests[22m[2m)[22m
 [32m✓[39m [44m[1m TS [22m[49m node_modules/.pnpm/@ai-sdk+provider-utils@3.0.11_zod@4.1.12/node_modules/zod/src/v4/mini/tests/codec.test.ts [2m([22m[2m13 tests[22m[2m)[22m
 [32m✓[39m [44m[1m TS [22m[49m node_modules/.pnpm/@ai-sdk+provider-utils@3.0.11_zod@4.1.12/node_modules/zod/src/v4/mini/tests/computed.test.ts [2m([22m[2m5 tests[22m[2m)[22m
 [32m✓[39m [44m[1m TS [22m[49m node_modules/.pnpm/@ai-sdk+provider-utils@3.0.11_zod@4.1.12/node_modules/zod/src/v4/mini/tests/error.test.ts [2m([22m[2m2 tests[22m[2m)[22m
 [32m✓[39m [44m[1m TS [22m[49m node_modules/.pnpm/@ai-sdk+provider-utils@3.0.11_zod@4.1.12/node_modules/zod/src/v4/mini/tests/functions.test.ts [2m([22m[2m1 test[22m[2m)[22m
 [32m✓[39m [44m[1m TS [22m[49m node_modules/.pnpm/@ai-sdk+provider-utils@3.0.11_zod@4.1.12/node_modules/zod/src/v4/mini/tests/index.test.ts [2m([22m[2m59 tests[22m[2m)[22m
 [32m✓[39m [44m[1m TS [22m[49m node_modules/.pnpm/@ai-sdk+provider-utils@3.0.11_zod@4.1.12/node_modules/zod/src/v4/mini/tests/number.test.ts [2m([22m[2m9 tests[22m[2m)[22m
 [32m✓[39m [44m[1m TS [22m[49m node_modules/.pnpm/@ai-sdk+provider-utils@3.0.11_zod@4.1.12/node_modules/zod/src/v4/mini/tests/object.test.ts [2m([22m[2m12 tests[22m[2m)[22m
 [32m✓[39m [44m[1m TS [22m[49m node_modules/.pnpm/@ai-sdk+provider-utils@3.0.11_zod@4.1.12/node_modules/zod/src/v4/mini/tests/prototypes.test.ts [2m([22m[2m2 tests[22m[2m)[22m
 [32m✓[39m [44m[1m TS [22m[49m node_modules/.pnpm/@ai-sdk+provider-utils@3.0.11_zod@4.1.12/node_modules/zod/src/v4/mini/tests/recursive-types.test.ts [2m([22m[2m6 tests[22m[2m)[22m
 [32m✓[39m [44m[1m TS [22m[49m node_modules/.pnpm/@ai-sdk+provider-utils@3.0.11_zod@4.1.12/node_modules/zod/src/v4/mini/tests/string.test.ts [2m([22m[2m25 tests[22m[2m)[22m
 [32m✓[39m [44m[1m TS [22m[49m node_modules/.pnpm/@ai-sdk+google@2.0.19_zod@4.1.12/node_modules/zod/src/v4/core/tests/extend.test.ts [2m([22m[2m1 test[22m[2m)[22m
 [32m✓[39m [44m[1m TS [22m[49m node_modules/.pnpm/@ai-sdk+google@2.0.19_zod@4.1.12/node_modules/zod/src/v4/core/tests/index.test.ts [2m([22m[2m3 tests[22m[2m)[22m
 [32m✓[39m [44m[1m TS [22m[49m node_modules/.pnpm/@ai-sdk+google@2.0.19_zod@4.1.12/node_modules/zod/src/v4/mini/tests/assignability.test.ts [2m([22m[2m2 tests[22m[2m)[22m
 [32m✓[39m [44m[1m TS [22m[49m node_modules/.pnpm/@ai-sdk+google@2.0.19_zod@4.1.12/node_modules/zod/src/v4/mini/tests/brand.test.ts [2m([22m[2m1 test[22m[2m)[22m
 [32m✓[39m [44m[1m TS [22m[49m node_modules/.pnpm/@ai-sdk+google@2.0.19_zod@4.1.12/node_modules/zod/src/v4/mini/tests/checks.test.ts [2m([22m[2m17 tests[22m[2m)[22m
 [32m✓[39m [44m[1m TS [22m[49m node_modules/.pnpm/@ai-sdk+google@2.0.19_zod@4.1.12/node_modules/zod/src/v4/mini/tests/codec.test.ts [2m([22m[2m13 tests[22m[2m)[22m
 [32m✓[39m [44m[1m TS [22m[49m node_modules/.pnpm/@ai-sdk+google@2.0.19_zod@4.1.12/node_modules/zod/src/v4/mini/tests/computed.test.ts [2m([22m[2m5 tests[22m[2m)[22m
 [32m✓[39m [44m[1m TS [22m[49m node_modules/.pnpm/@ai-sdk+google@2.0.19_zod@4.1.12/node_modules/zod/src/v4/mini/tests/error.test.ts [2m([22m[2m2 tests[22m[2m)[22m
 [32m✓[39m [44m[1m TS [22m[49m node_modules/.pnpm/@ai-sdk+google@2.0.19_zod@4.1.12/node_modules/zod/src/v4/mini/tests/functions.test.ts [2m([22m[2m1 test[22m[2m)[22m
 [32m✓[39m [44m[1m TS [22m[49m node_modules/.pnpm/@ai-sdk+google@2.0.19_zod@4.1.12/node_modules/zod/src/v4/mini/tests/index.test.ts [2m([22m[2m59 tests[22m[2m)[22m
 [32m✓[39m [44m[1m TS [22m[49m node_modules/.pnpm/@ai-sdk+google@2.0.19_zod@4.1.12/node_modules/zod/src/v4/mini/tests/number.test.ts [2m([22m[2m9 tests[22m[2m)[22m
 [32m✓[39m [44m[1m TS [22m[49m node_modules/.pnpm/@ai-sdk+google@2.0.19_zod@4.1.12/node_modules/zod/src/v4/mini/tests/object.test.ts [2m([22m[2m12 tests[22m[2m)[22m
 [32m✓[39m [44m[1m TS [22m[49m node_modules/.pnpm/@ai-sdk+google@2.0.19_zod@4.1.12/node_modules/zod/src/v4/mini/tests/prototypes.test.ts [2m([22m[2m2 tests[22m[2m)[22m
 [32m✓[39m [44m[1m TS [22m[49m node_modules/.pnpm/@ai-sdk+google@2.0.19_zod@4.1.12/node_modules/zod/src/v4/mini/tests/recursive-types.test.ts [2m([22m[2m6 tests[22m[2m)[22m
 [32m✓[39m [44m[1m TS [22m[49m node_modules/.pnpm/@ai-sdk+google@2.0.19_zod@4.1.12/node_modules/zod/src/v4/mini/tests/string.test.ts [2m([22m[2m25 tests[22m[2m)[22m
 [32m✓[39m [44m[1m TS [22m[49m node_modules/.pnpm/@ai-sdk+google@2.0.19_zod@4.1.12/node_modules/zod/src/v4/classic/tests/anyunknown.test.ts [2m([22m[2m3 tests[22m[2m)[22m
 [32m✓[39m [44m[1m TS [22m[49m node_modules/.pnpm/@ai-sdk+google@2.0.19_zod@4.1.12/node_modules/zod/src/v4/classic/tests/array.test.ts [2m([22m[2m9 tests[22m[2m)[22m
 [32m✓[39m [44m[1m TS [22m[49m node_modules/.pnpm/@ai-sdk+google@2.0.19_zod@4.1.12/node_modules/zod/src/v4/classic/tests/assignability.test.ts [2m([22m[2m5 tests[22m[2m)[22m
 [32m✓[39m [44m[1m TS [22m[49m node_modules/.pnpm/@ai-sdk+google@2.0.19_zod@4.1.12/node_modules/zod/src/v4/classic/tests/async-parsing.test.ts [2m([22m[2m23 tests[22m[2m)[22m
 [32m✓[39m [44m[1m TS [22m[49m node_modules/.pnpm/@ai-sdk+google@2.0.19_zod@4.1.12/node_modules/zod/src/v4/classic/tests/async-refinements.test.ts [2m([22m[2m4 tests[22m[2m)[22m
 [32m✓[39m [44m[1m TS [22m[49m node_modules/.pnpm/@ai-sdk+google@2.0.19_zod@4.1.12/node_modules/zod/src/v4/classic/tests/base.test.ts [2m([22m[2m1 test[22m[2m)[22m
 [32m✓[39m [44m[1m TS [22m[49m node_modules/.pnpm/@ai-sdk+google@2.0.19_zod@4.1.12/node_modules/zod/src/v4/classic/tests/bigint.test.ts [2m([22m[2m3 tests[22m[2m)[22m
 [32m✓[39m [44m[1m TS [22m[49m node_modules/.pnpm/@ai-sdk+google@2.0.19_zod@4.1.12/node_modules/zod/src/v4/classic/tests/brand.test.ts [2m([22m[2m3 tests[22m[2m)[22m
 [32m✓[39m [44m[1m TS [22m[49m node_modules/.pnpm/@ai-sdk+google@2.0.19_zod@4.1.12/node_modules/zod/src/v4/classic/tests/catch.test.ts [2m([22m[2m17 tests[22m[2m)[22m
 [32m✓[39m [44m[1m TS [22m[49m node_modules/.pnpm/@ai-sdk+google@2.0.19_zod@4.1.12/node_modules/zod/src/v4/classic/tests/coalesce.test.ts [2m([22m[2m1 test[22m[2m)[22m
 [32m✓[39m [44m[1m TS [22m[49m node_modules/.pnpm/@ai-sdk+google@2.0.19_zod@4.1.12/node_modules/zod/src/v4/classic/tests/codec-examples.test.ts [2m([22m[2m19 tests[22m[2m)[22m
 [32m✓[39m [44m[1m TS [22m[49m node_modules/.pnpm/@ai-sdk+google@2.0.19_zod@4.1.12/node_modules/zod/src/v4/classic/tests/codec.test.ts [2m([22m[2m14 tests[22m[2m)[22m
 [32m✓[39m [44m[1m TS [22m[49m node_modules/.pnpm/@ai-sdk+google@2.0.19_zod@4.1.12/node_modules/zod/src/v4/classic/tests/coerce.test.ts [2m([22m[2m6 tests[22m[2m)[22m
 [32m✓[39m [44m[1m TS [22m[49m node_modules/.pnpm/@ai-sdk+google@2.0.19_zod@4.1.12/node_modules/zod/src/v4/classic/tests/continuability.test.ts [2m([22m[2m1 test[22m[2m)[22m
 [32m✓[39m [44m[1m TS [22m[49m node_modules/.pnpm/@ai-sdk+google@2.0.19_zod@4.1.12/node_modules/zod/src/v4/classic/tests/custom.test.ts [2m([22m[2m4 tests[22m[2m)[22m
 [32m✓[39m [44m[1m TS [22m[49m node_modules/.pnpm/@ai-sdk+google@2.0.19_zod@4.1.12/node_modules/zod/src/v4/classic/tests/date.test.ts [2m([22m[2m3 tests[22m[2m)[22m
 [32m✓[39m [44m[1m TS [22m[49m node_modules/.pnpm/@ai-sdk+google@2.0.19_zod@4.1.12/node_modules/zod/src/v4/classic/tests/datetime.test.ts [2m([22m[2m14 tests[22m[2m)[22m
 [32m✓[39m [44m[1m TS [22m[49m node_modules/.pnpm/@ai-sdk+google@2.0.19_zod@4.1.12/node_modules/zod/src/v4/classic/tests/default.test.ts [2m([22m[2m16 tests[22m[2m)[22m
 [32m✓[39m [44m[1m TS [22m[49m node_modules/.pnpm/@ai-sdk+google@2.0.19_zod@4.1.12/node_modules/zod/src/v4/classic/tests/description.test.ts [2m([22m[2m2 tests[22m[2m)[22m
 [32m✓[39m [44m[1m TS [22m[49m node_modules/.pnpm/@ai-sdk+google@2.0.19_zod@4.1.12/node_modules/zod/src/v4/classic/tests/discriminated-unions.test.ts [2m([22m[2m22 tests[22m[2m)[22m
 [32m✓[39m [44m[1m TS [22m[49m node_modules/.pnpm/@ai-sdk+google@2.0.19_zod@4.1.12/node_modules/zod/src/v4/classic/tests/enum.test.ts [2m([22m[2m19 tests[22m[2m)[22m
 [32m✓[39m [44m[1m TS [22m[49m node_modules/.pnpm/@ai-sdk+google@2.0.19_zod@4.1.12/node_modules/zod/src/v4/classic/tests/error-utils.test.ts [2m([22m[2m13 tests[22m[2m)[22m
 [32m✓[39m [44m[1m TS [22m[49m node_modules/.pnpm/@ai-sdk+google@2.0.19_zod@4.1.12/node_modules/zod/src/v4/classic/tests/error.test.ts [2m([22m[2m27 tests[22m[2m)[22m
 [32m✓[39m [44m[1m TS [22m[49m node_modules/.pnpm/@ai-sdk+google@2.0.19_zod@4.1.12/node_modules/zod/src/v4/classic/tests/file.test.ts [2m([22m[2m3 tests[22m[2m)[22m
 [32m✓[39m [44m[1m TS [22m[49m node_modules/.pnpm/@ai-sdk+google@2.0.19_zod@4.1.12/node_modules/zod/src/v4/classic/tests/firstparty.test.ts [2m([22m[2m2 tests[22m[2m)[22m
 [32m✓[39m [44m[1m TS [22m[49m node_modules/.pnpm/@ai-sdk+google@2.0.19_zod@4.1.12/node_modules/zod/src/v4/classic/tests/function.test.ts [2m([22m[2m17 tests[22m[2m)[22m
 [32m✓[39m [44m[1m TS [22m[49m node_modules/.pnpm/@ai-sdk+google@2.0.19_zod@4.1.12/node_modules/zod/src/v4/classic/tests/generics.test.ts [2m([22m[2m4 tests[22m[2m)[22m
 [32m✓[39m [44m[1m TS [22m[49m node_modules/.pnpm/@ai-sdk+google@2.0.19_zod@4.1.12/node_modules/zod/src/v4/classic/tests/hash.test.ts [2m([22m[2m1 test[22m[2m)[22m
 [32m✓[39m [44m[1m TS [22m[49m node_modules/.pnpm/@ai-sdk+google@2.0.19_zod@4.1.12/node_modules/zod/src/v4/classic/tests/index.test.ts [2m([22m[2m58 tests[22m[2m)[22m
 [32m✓[39m [44m[1m TS [22m[49m node_modules/.pnpm/@ai-sdk+google@2.0.19_zod@4.1.12/node_modules/zod/src/v4/classic/tests/instanceof.test.ts [2m([22m[2m2 tests[22m[2m)[22m
 [32m✓[39m [44m[1m TS [22m[49m node_modules/.pnpm/@ai-sdk+google@2.0.19_zod@4.1.12/node_modules/zod/src/v4/classic/tests/intersection.test.ts [2m([22m[2m10 tests[22m[2m)[22m
 [32m✓[39m [44m[1m TS [22m[49m node_modules/.pnpm/@ai-sdk+google@2.0.19_zod@4.1.12/node_modules/zod/src/v4/classic/tests/json.test.ts [2m([22m[2m1 test[22m[2m)[22m
 [32m✓[39m [44m[1m TS [22m[49m node_modules/.pnpm/@ai-sdk+google@2.0.19_zod@4.1.12/node_modules/zod/src/v4/classic/tests/lazy.test.ts [2m([22m[2m9 tests[22m[2m)[22m
 [32m✓[39m [44m[1m TS [22m[49m node_modules/.pnpm/@ai-sdk+google@2.0.19_zod@4.1.12/node_modules/zod/src/v4/classic/tests/literal.test.ts [2m([22m[2m10 tests[22m[2m)[22m
 [32m✓[39m [44m[1m TS [22m[49m node_modules/.pnpm/@ai-sdk+google@2.0.19_zod@4.1.12/node_modules/zod/src/v4/classic/tests/map.test.ts [2m([22m[2m8 tests[22m[2m)[22m
 [32m✓[39m [44m[1m TS [22m[49m node_modules/.pnpm/@ai-sdk+google@2.0.19_zod@4.1.12/node_modules/zod/src/v4/classic/tests/nan.test.ts [2m([22m[2m2 tests[22m[2m)[22m
 [32m✓[39m [44m[1m TS [22m[49m node_modules/.pnpm/@ai-sdk+google@2.0.19_zod@4.1.12/node_modules/zod/src/v4/classic/tests/nested-refine.test.ts [2m([22m[2m1 test[22m[2m)[22m
 [32m✓[39m [44m[1m TS [22m[49m node_modules/.pnpm/@ai-sdk+google@2.0.19_zod@4.1.12/node_modules/zod/src/v4/classic/tests/nonoptional.test.ts [2m([22m[2m4 tests[22m[2m)[22m
 [32m✓[39m [44m[1m TS [22m[49m node_modules/.pnpm/@ai-sdk+google@2.0.19_zod@4.1.12/node_modules/zod/src/v4/classic/tests/nullable.test.ts [2m([22m[2m3 tests[22m[2m)[22m
 [32m✓[39m [44m[1m TS [22m[49m node_modules/.pnpm/@ai-sdk+google@2.0.19_zod@4.1.12/node_modules/zod/src/v4/classic/tests/number.test.ts [2m([22m[2m26 tests[22m[2m)[22m
 [32m✓[39m [44m[1m TS [22m[49m node_modules/.pnpm/@ai-sdk+google@2.0.19_zod@4.1.12/node_modules/zod/src/v4/classic/tests/object.test.ts [2m([22m[2m49 tests[22m[2m)[22m
 [32m✓[39m [44m[1m TS [22m[49m node_modules/.pnpm/@ai-sdk+google@2.0.19_zod@4.1.12/node_modules/zod/src/v4/classic/tests/optional.test.ts [2m([22m[2m6 tests[22m[2m)[22m
 [32m✓[39m [44m[1m TS [22m[49m node_modules/.pnpm/@ai-sdk+google@2.0.19_zod@4.1.12/node_modules/zod/src/v4/classic/tests/partial.test.ts [2m([22m[2m12 tests[22m[2m)[22m
 [32m✓[39m [44m[1m TS [22m[49m node_modules/.pnpm/@ai-sdk+google@2.0.19_zod@4.1.12/node_modules/zod/src/v4/classic/tests/pickomit.test.ts [2m([22m[2m12 tests[22m[2m)[22m
 [32m✓[39m [44m[1m TS [22m[49m node_modules/.pnpm/@ai-sdk+google@2.0.19_zod@4.1.12/node_modules/zod/src/v4/classic/tests/pipe.test.ts [2m([22m[2m7 tests[22m[2m)[22m
 [32m✓[39m [44m[1m TS [22m[49m node_modules/.pnpm/@ai-sdk+google@2.0.19_zod@4.1.12/node_modules/zod/src/v4/classic/tests/prefault.test.ts [2m([22m[2m4 tests[22m[2m)[22m
 [32m✓[39m [44m[1m TS [22m[49m node_modules/.pnpm/@ai-sdk+google@2.0.19_zod@4.1.12/node_modules/zod/src/v4/classic/tests/preprocess.test.ts [2m([22m[2m11 tests[22m[2m)[22m
 [32m✓[39m [44m[1m TS [22m[49m node_modules/.pnpm/@ai-sdk+google@2.0.19_zod@4.1.12/node_modules/zod/src/v4/classic/tests/primitive.test.ts [2m([22m[2m14 tests[22m[2m)[22m
 [32m✓[39m [44m[1m TS [22m[49m node_modules/.pnpm/@ai-sdk+google@2.0.19_zod@4.1.12/node_modules/zod/src/v4/classic/tests/promise.test.ts [2m([22m[2m10 tests[22m[2m)[22m
 [32m✓[39m [44m[1m TS [22m[49m node_modules/.pnpm/@ai-sdk+google@2.0.19_zod@4.1.12/node_modules/zod/src/v4/classic/tests/prototypes.test.ts [2m([22m[2m1 test[22m[2m)[22m
 [32m✓[39m [44m[1m TS [22m[49m node_modules/.pnpm/@ai-sdk+google@2.0.19_zod@4.1.12/node_modules/zod/src/v4/classic/tests/readonly.test.ts [2m([22m[2m7 tests[22m[2m)[22m
 [32m✓[39m [44m[1m TS [22m[49m node_modules/.pnpm/@ai-sdk+google@2.0.19_zod@4.1.12/node_modules/zod/src/v4/classic/tests/record.test.ts [2m([22m[2m13 tests[22m[2m)[22m
 [32m✓[39m [44m[1m TS [22m[49m node_modules/.pnpm/@ai-sdk+google@2.0.19_zod@4.1.12/node_modules/zod/src/v4/classic/tests/recursive-types.test.ts [2m([22m[2m13 tests[22m[2m)[22m
 [32m✓[39m [44m[1m TS [22m[49m node_modules/.pnpm/@ai-sdk+google@2.0.19_zod@4.1.12/node_modules/zod/src/v4/classic/tests/refine.test.ts [2m([22m[2m16 tests[22m[2m)[22m
 [32m✓[39m [44m[1m TS [22m[49m node_modules/.pnpm/@ai-sdk+google@2.0.19_zod@4.1.12/node_modules/zod/src/v4/classic/tests/registries.test.ts [2m([22m[2m16 tests[22m[2m)[22m
 [32m✓[39m [44m[1m TS [22m[49m node_modules/.pnpm/@ai-sdk+google@2.0.19_zod@4.1.12/node_modules/zod/src/v4/classic/tests/set.test.ts [2m([22m[2m12 tests[22m[2m)[22m
 [32m✓[39m [44m[1m TS [22m[49m node_modules/.pnpm/@ai-sdk+google@2.0.19_zod@4.1.12/node_modules/zod/src/v4/classic/tests/standard-schema.test.ts [2m([22m[2m4 tests[22m[2m)[22m
 [32m✓[39m [44m[1m TS [22m[49m node_modules/.pnpm/@ai-sdk+google@2.0.19_zod@4.1.12/node_modules/zod/src/v4/classic/tests/string-formats.test.ts [2m([22m[2m3 tests[22m[2m)[22m
 [32m✓[39m [44m[1m TS [22m[49m node_modules/.pnpm/@ai-sdk+google@2.0.19_zod@4.1.12/node_modules/zod/src/v4/classic/tests/string.test.ts [2m([22m[2m42 tests[22m[2m)[22m
 [32m✓[39m [44m[1m TS [22m[49m node_modules/.pnpm/@ai-sdk+google@2.0.19_zod@4.1.12/node_modules/zod/src/v4/classic/tests/stringbool.test.ts [2m([22m[2m7 tests[22m[2m)[22m
 [32m✓[39m [44m[1m TS [22m[49m node_modules/.pnpm/@ai-sdk+google@2.0.19_zod@4.1.12/node_modules/zod/src/v4/classic/tests/template-literal.test.ts [2m([22m[2m8 tests[22m[2m)[22m
 [32m✓[39m [44m[1m TS [22m[49m node_modules/.pnpm/@ai-sdk+google@2.0.19_zod@4.1.12/node_modules/zod/src/v4/classic/tests/to-json-schema.test.ts [2m([22m[2m61 tests[22m[2m)[22m
 [32m✓[39m [44m[1m TS [22m[49m node_modules/.pnpm/@ai-sdk+google@2.0.19_zod@4.1.12/node_modules/zod/src/v4/classic/tests/transform.test.ts [2m([22m[2m18 tests[22m[2m)[22m
 [32m✓[39m [44m[1m TS [22m[49m node_modules/.pnpm/@ai-sdk+google@2.0.19_zod@4.1.12/node_modules/zod/src/v4/classic/tests/tuple.test.ts [2m([22m[2m6 tests[22m[2m)[22m
 [32m✓[39m [44m[1m TS [22m[49m node_modules/.pnpm/@ai-sdk+google@2.0.19_zod@4.1.12/node_modules/zod/src/v4/classic/tests/union.test.ts [2m([22m[2m10 tests[22m[2m)[22m
 [32m✓[39m [44m[1m TS [22m[49m node_modules/.pnpm/@ai-sdk+google@2.0.19_zod@4.1.12/node_modules/zod/src/v4/classic/tests/validations.test.ts [2m([22m[2m13 tests[22m[2m)[22m
 [32m✓[39m [44m[1m TS [22m[49m node_modules/.pnpm/@ai-sdk+google@2.0.19_zod@4.1.12/node_modules/zod/src/v4/classic/tests/void.test.ts [2m([22m[2m1 test[22m[2m)[22m
 [32m✓[39m [44m[1m TS [22m[49m node_modules/.pnpm/@ai-sdk+react@2.0.65_react@19.2.0_zod@4.1.12/node_modules/zod/src/v4/classic/tests/anyunknown.test.ts [2m([22m[2m3 tests[22m[2m)[22m
 [32m✓[39m [44m[1m TS [22m[49m node_modules/.pnpm/@ai-sdk+react@2.0.65_react@19.2.0_zod@4.1.12/node_modules/zod/src/v4/classic/tests/array.test.ts [2m([22m[2m9 tests[22m[2m)[22m
 [32m✓[39m [44m[1m TS [22m[49m node_modules/.pnpm/@ai-sdk+react@2.0.65_react@19.2.0_zod@4.1.12/node_modules/zod/src/v4/classic/tests/assignability.test.ts [2m([22m[2m5 tests[22m[2m)[22m
 [32m✓[39m [44m[1m TS [22m[49m node_modules/.pnpm/@ai-sdk+react@2.0.65_react@19.2.0_zod@4.1.12/node_modules/zod/src/v4/classic/tests/async-parsing.test.ts [2m([22m[2m23 tests[22m[2m)[22m
 [32m✓[39m [44m[1m TS [22m[49m node_modules/.pnpm/@ai-sdk+react@2.0.65_react@19.2.0_zod@4.1.12/node_modules/zod/src/v4/classic/tests/async-refinements.test.ts [2m([22m[2m4 tests[22m[2m)[22m
 [32m✓[39m [44m[1m TS [22m[49m node_modules/.pnpm/@ai-sdk+react@2.0.65_react@19.2.0_zod@4.1.12/node_modules/zod/src/v4/classic/tests/base.test.ts [2m([22m[2m1 test[22m[2m)[22m
 [32m✓[39m [44m[1m TS [22m[49m node_modules/.pnpm/@ai-sdk+react@2.0.65_react@19.2.0_zod@4.1.12/node_modules/zod/src/v4/classic/tests/bigint.test.ts [2m([22m[2m3 tests[22m[2m)[22m
 [32m✓[39m [44m[1m TS [22m[49m node_modules/.pnpm/@ai-sdk+react@2.0.65_react@19.2.0_zod@4.1.12/node_modules/zod/src/v4/classic/tests/brand.test.ts [2m([22m[2m3 tests[22m[2m)[22m
 [32m✓[39m [44m[1m TS [22m[49m node_modules/.pnpm/@ai-sdk+react@2.0.65_react@19.2.0_zod@4.1.12/node_modules/zod/src/v4/classic/tests/catch.test.ts [2m([22m[2m17 tests[22m[2m)[22m
 [32m✓[39m [44m[1m TS [22m[49m node_modules/.pnpm/@ai-sdk+react@2.0.65_react@19.2.0_zod@4.1.12/node_modules/zod/src/v4/classic/tests/coalesce.test.ts [2m([22m[2m1 test[22m[2m)[22m
 [32m✓[39m [44m[1m TS [22m[49m node_modules/.pnpm/@ai-sdk+react@2.0.65_react@19.2.0_zod@4.1.12/node_modules/zod/src/v4/classic/tests/codec-examples.test.ts [2m([22m[2m19 tests[22m[2m)[22m
 [32m✓[39m [44m[1m TS [22m[49m node_modules/.pnpm/@ai-sdk+react@2.0.65_react@19.2.0_zod@4.1.12/node_modules/zod/src/v4/classic/tests/codec.test.ts [2m([22m[2m14 tests[22m[2m)[22m
 [32m✓[39m [44m[1m TS [22m[49m node_modules/.pnpm/@ai-sdk+react@2.0.65_react@19.2.0_zod@4.1.12/node_modules/zod/src/v4/classic/tests/coerce.test.ts [2m([22m[2m6 tests[22m[2m)[22m
 [32m✓[39m [44m[1m TS [22m[49m node_modules/.pnpm/@ai-sdk+react@2.0.65_react@19.2.0_zod@4.1.12/node_modules/zod/src/v4/classic/tests/continuability.test.ts [2m([22m[2m1 test[22m[2m)[22m
 [32m✓[39m [44m[1m TS [22m[49m node_modules/.pnpm/@ai-sdk+react@2.0.65_react@19.2.0_zod@4.1.12/node_modules/zod/src/v4/classic/tests/custom.test.ts [2m([22m[2m4 tests[22m[2m)[22m
 [32m✓[39m [44m[1m TS [22m[49m node_modules/.pnpm/@ai-sdk+react@2.0.65_react@19.2.0_zod@4.1.12/node_modules/zod/src/v4/classic/tests/date.test.ts [2m([22m[2m3 tests[22m[2m)[22m
 [32m✓[39m [44m[1m TS [22m[49m node_modules/.pnpm/@ai-sdk+react@2.0.65_react@19.2.0_zod@4.1.12/node_modules/zod/src/v4/classic/tests/datetime.test.ts [2m([22m[2m14 tests[22m[2m)[22m
 [32m✓[39m [44m[1m TS [22m[49m node_modules/.pnpm/@ai-sdk+react@2.0.65_react@19.2.0_zod@4.1.12/node_modules/zod/src/v4/classic/tests/default.test.ts [2m([22m[2m16 tests[22m[2m)[22m
 [32m✓[39m [44m[1m TS [22m[49m node_modules/.pnpm/@ai-sdk+react@2.0.65_react@19.2.0_zod@4.1.12/node_modules/zod/src/v4/classic/tests/description.test.ts [2m([22m[2m2 tests[22m[2m)[22m
 [32m✓[39m [44m[1m TS [22m[49m node_modules/.pnpm/@ai-sdk+react@2.0.65_react@19.2.0_zod@4.1.12/node_modules/zod/src/v4/classic/tests/discriminated-unions.test.ts [2m([22m[2m22 tests[22m[2m)[22m
 [32m✓[39m [44m[1m TS [22m[49m node_modules/.pnpm/@ai-sdk+react@2.0.65_react@19.2.0_zod@4.1.12/node_modules/zod/src/v4/classic/tests/enum.test.ts [2m([22m[2m19 tests[22m[2m)[22m
 [32m✓[39m [44m[1m TS [22m[49m node_modules/.pnpm/@ai-sdk+react@2.0.65_react@19.2.0_zod@4.1.12/node_modules/zod/src/v4/classic/tests/error-utils.test.ts [2m([22m[2m13 tests[22m[2m)[22m
 [32m✓[39m [44m[1m TS [22m[49m node_modules/.pnpm/@ai-sdk+react@2.0.65_react@19.2.0_zod@4.1.12/node_modules/zod/src/v4/classic/tests/error.test.ts [2m([22m[2m27 tests[22m[2m)[22m
 [32m✓[39m [44m[1m TS [22m[49m node_modules/.pnpm/@ai-sdk+react@2.0.65_react@19.2.0_zod@4.1.12/node_modules/zod/src/v4/classic/tests/file.test.ts [2m([22m[2m3 tests[22m[2m)[22m
 [32m✓[39m [44m[1m TS [22m[49m node_modules/.pnpm/@ai-sdk+react@2.0.65_react@19.2.0_zod@4.1.12/node_modules/zod/src/v4/classic/tests/firstparty.test.ts [2m([22m[2m2 tests[22m[2m)[22m
 [32m✓[39m [44m[1m TS [22m[49m node_modules/.pnpm/@ai-sdk+react@2.0.65_react@19.2.0_zod@4.1.12/node_modules/zod/src/v4/classic/tests/function.test.ts [2m([22m[2m17 tests[22m[2m)[22m
 [32m✓[39m [44m[1m TS [22m[49m node_modules/.pnpm/@ai-sdk+react@2.0.65_react@19.2.0_zod@4.1.12/node_modules/zod/src/v4/classic/tests/generics.test.ts [2m([22m[2m4 tests[22m[2m)[22m
 [32m✓[39m [44m[1m TS [22m[49m node_modules/.pnpm/@ai-sdk+react@2.0.65_react@19.2.0_zod@4.1.12/node_modules/zod/src/v4/classic/tests/hash.test.ts [2m([22m[2m1 test[22m[2m)[22m
 [32m✓[39m [44m[1m TS [22m[49m node_modules/.pnpm/@ai-sdk+react@2.0.65_react@19.2.0_zod@4.1.12/node_modules/zod/src/v4/classic/tests/index.test.ts [2m([22m[2m58 tests[22m[2m)[22m
 [32m✓[39m [44m[1m TS [22m[49m node_modules/.pnpm/@ai-sdk+react@2.0.65_react@19.2.0_zod@4.1.12/node_modules/zod/src/v4/classic/tests/instanceof.test.ts [2m([22m[2m2 tests[22m[2m)[22m
 [32m✓[39m [44m[1m TS [22m[49m node_modules/.pnpm/@ai-sdk+react@2.0.65_react@19.2.0_zod@4.1.12/node_modules/zod/src/v4/classic/tests/intersection.test.ts [2m([22m[2m10 tests[22m[2m)[22m
 [32m✓[39m [44m[1m TS [22m[49m node_modules/.pnpm/@ai-sdk+react@2.0.65_react@19.2.0_zod@4.1.12/node_modules/zod/src/v4/classic/tests/json.test.ts [2m([22m[2m1 test[22m[2m)[22m
 [32m✓[39m [44m[1m TS [22m[49m node_modules/.pnpm/@ai-sdk+react@2.0.65_react@19.2.0_zod@4.1.12/node_modules/zod/src/v4/classic/tests/lazy.test.ts [2m([22m[2m9 tests[22m[2m)[22m
 [32m✓[39m [44m[1m TS [22m[49m node_modules/.pnpm/@ai-sdk+react@2.0.65_react@19.2.0_zod@4.1.12/node_modules/zod/src/v4/classic/tests/literal.test.ts [2m([22m[2m10 tests[22m[2m)[22m
 [32m✓[39m [44m[1m TS [22m[49m node_modules/.pnpm/@ai-sdk+react@2.0.65_react@19.2.0_zod@4.1.12/node_modules/zod/src/v4/classic/tests/map.test.ts [2m([22m[2m8 tests[22m[2m)[22m
 [32m✓[39m [44m[1m TS [22m[49m node_modules/.pnpm/@ai-sdk+react@2.0.65_react@19.2.0_zod@4.1.12/node_modules/zod/src/v4/classic/tests/nan.test.ts [2m([22m[2m2 tests[22m[2m)[22m
 [32m✓[39m [44m[1m TS [22m[49m node_modules/.pnpm/@ai-sdk+react@2.0.65_react@19.2.0_zod@4.1.12/node_modules/zod/src/v4/classic/tests/nested-refine.test.ts [2m([22m[2m1 test[22m[2m)[22m
 [32m✓[39m [44m[1m TS [22m[49m node_modules/.pnpm/@ai-sdk+react@2.0.65_react@19.2.0_zod@4.1.12/node_modules/zod/src/v4/classic/tests/nonoptional.test.ts [2m([22m[2m4 tests[22m[2m)[22m
 [32m✓[39m [44m[1m TS [22m[49m node_modules/.pnpm/@ai-sdk+react@2.0.65_react@19.2.0_zod@4.1.12/node_modules/zod/src/v4/classic/tests/nullable.test.ts [2m([22m[2m3 tests[22m[2m)[22m
 [32m✓[39m [44m[1m TS [22m[49m node_modules/.pnpm/@ai-sdk+react@2.0.65_react@19.2.0_zod@4.1.12/node_modules/zod/src/v4/classic/tests/number.test.ts [2m([22m[2m26 tests[22m[2m)[22m
 [32m✓[39m [44m[1m TS [22m[49m node_modules/.pnpm/@ai-sdk+react@2.0.65_react@19.2.0_zod@4.1.12/node_modules/zod/src/v4/classic/tests/object.test.ts [2m([22m[2m49 tests[22m[2m)[22m
 [32m✓[39m [44m[1m TS [22m[49m node_modules/.pnpm/@ai-sdk+react@2.0.65_react@19.2.0_zod@4.1.12/node_modules/zod/src/v4/classic/tests/optional.test.ts [2m([22m[2m6 tests[22m[2m)[22m
 [32m✓[39m [44m[1m TS [22m[49m node_modules/.pnpm/@ai-sdk+react@2.0.65_react@19.2.0_zod@4.1.12/node_modules/zod/src/v4/classic/tests/partial.test.ts [2m([22m[2m12 tests[22m[2m)[22m
 [32m✓[39m [44m[1m TS [22m[49m node_modules/.pnpm/@ai-sdk+react@2.0.65_react@19.2.0_zod@4.1.12/node_modules/zod/src/v4/classic/tests/pickomit.test.ts [2m([22m[2m12 tests[22m[2m)[22m
 [32m✓[39m [44m[1m TS [22m[49m node_modules/.pnpm/@ai-sdk+react@2.0.65_react@19.2.0_zod@4.1.12/node_modules/zod/src/v4/classic/tests/pipe.test.ts [2m([22m[2m7 tests[22m[2m)[22m
 [32m✓[39m [44m[1m TS [22m[49m node_modules/.pnpm/@ai-sdk+react@2.0.65_react@19.2.0_zod@4.1.12/node_modules/zod/src/v4/classic/tests/prefault.test.ts [2m([22m[2m4 tests[22m[2m)[22m
 [32m✓[39m [44m[1m TS [22m[49m node_modules/.pnpm/@ai-sdk+react@2.0.65_react@19.2.0_zod@4.1.12/node_modules/zod/src/v4/classic/tests/preprocess.test.ts [2m([22m[2m11 tests[22m[2m)[22m
 [32m✓[39m [44m[1m TS [22m[49m node_modules/.pnpm/@ai-sdk+react@2.0.65_react@19.2.0_zod@4.1.12/node_modules/zod/src/v4/classic/tests/primitive.test.ts [2m([22m[2m14 tests[22m[2m)[22m
 [32m✓[39m [44m[1m TS [22m[49m node_modules/.pnpm/@ai-sdk+react@2.0.65_react@19.2.0_zod@4.1.12/node_modules/zod/src/v4/classic/tests/promise.test.ts [2m([22m[2m10 tests[22m[2m)[22m
 [32m✓[39m [44m[1m TS [22m[49m node_modules/.pnpm/@ai-sdk+react@2.0.65_react@19.2.0_zod@4.1.12/node_modules/zod/src/v4/classic/tests/prototypes.test.ts [2m([22m[2m1 test[22m[2m)[22m
 [32m✓[39m [44m[1m TS [22m[49m node_modules/.pnpm/@ai-sdk+react@2.0.65_react@19.2.0_zod@4.1.12/node_modules/zod/src/v4/classic/tests/readonly.test.ts [2m([22m[2m7 tests[22m[2m)[22m
 [32m✓[39m [44m[1m TS [22m[49m node_modules/.pnpm/@ai-sdk+react@2.0.65_react@19.2.0_zod@4.1.12/node_modules/zod/src/v4/classic/tests/record.test.ts [2m([22m[2m13 tests[22m[2m)[22m
 [32m✓[39m [44m[1m TS [22m[49m node_modules/.pnpm/@ai-sdk+react@2.0.65_react@19.2.0_zod@4.1.12/node_modules/zod/src/v4/classic/tests/recursive-types.test.ts [2m([22m[2m13 tests[22m[2m)[22m
 [32m✓[39m [44m[1m TS [22m[49m node_modules/.pnpm/@ai-sdk+react@2.0.65_react@19.2.0_zod@4.1.12/node_modules/zod/src/v4/classic/tests/refine.test.ts [2m([22m[2m16 tests[22m[2m)[22m
 [32m✓[39m [44m[1m TS [22m[49m node_modules/.pnpm/@ai-sdk+react@2.0.65_react@19.2.0_zod@4.1.12/node_modules/zod/src/v4/classic/tests/registries.test.ts [2m([22m[2m16 tests[22m[2m)[22m
 [32m✓[39m [44m[1m TS [22m[49m node_modules/.pnpm/@ai-sdk+react@2.0.65_react@19.2.0_zod@4.1.12/node_modules/zod/src/v4/classic/tests/set.test.ts [2m([22m[2m12 tests[22m[2m)[22m
 [32m✓[39m [44m[1m TS [22m[49m node_modules/.pnpm/@ai-sdk+react@2.0.65_react@19.2.0_zod@4.1.12/node_modules/zod/src/v4/classic/tests/standard-schema.test.ts [2m([22m[2m4 tests[22m[2m)[22m
 [32m✓[39m [44m[1m TS [22m[49m node_modules/.pnpm/@ai-sdk+react@2.0.65_react@19.2.0_zod@4.1.12/node_modules/zod/src/v4/classic/tests/string-formats.test.ts [2m([22m[2m3 tests[22m[2m)[22m
 [32m✓[39m [44m[1m TS [22m[49m node_modules/.pnpm/@ai-sdk+react@2.0.65_react@19.2.0_zod@4.1.12/node_modules/zod/src/v4/classic/tests/string.test.ts [2m([22m[2m42 tests[22m[2m)[22m
 [32m✓[39m [44m[1m TS [22m[49m node_modules/.pnpm/@ai-sdk+react@2.0.65_react@19.2.0_zod@4.1.12/node_modules/zod/src/v4/classic/tests/stringbool.test.ts [2m([22m[2m7 tests[22m[2m)[22m
 [32m✓[39m [44m[1m TS [22m[49m node_modules/.pnpm/@ai-sdk+react@2.0.65_react@19.2.0_zod@4.1.12/node_modules/zod/src/v4/classic/tests/template-literal.test.ts [2m([22m[2m8 tests[22m[2m)[22m
 [32m✓[39m [44m[1m TS [22m[49m node_modules/.pnpm/@ai-sdk+react@2.0.65_react@19.2.0_zod@4.1.12/node_modules/zod/src/v4/classic/tests/to-json-schema.test.ts [2m([22m[2m61 tests[22m[2m)[22m
 [32m✓[39m [44m[1m TS [22m[49m node_modules/.pnpm/@ai-sdk+react@2.0.65_react@19.2.0_zod@4.1.12/node_modules/zod/src/v4/classic/tests/transform.test.ts [2m([22m[2m18 tests[22m[2m)[22m
 [32m✓[39m [44m[1m TS [22m[49m node_modules/.pnpm/@ai-sdk+react@2.0.65_react@19.2.0_zod@4.1.12/node_modules/zod/src/v4/classic/tests/tuple.test.ts [2m([22m[2m6 tests[22m[2m)[22m
 [32m✓[39m [44m[1m TS [22m[49m node_modules/.pnpm/@ai-sdk+react@2.0.65_react@19.2.0_zod@4.1.12/node_modules/zod/src/v4/classic/tests/union.test.ts [2m([22m[2m10 tests[22m[2m)[22m
 [32m✓[39m [44m[1m TS [22m[49m node_modules/.pnpm/@ai-sdk+react@2.0.65_react@19.2.0_zod@4.1.12/node_modules/zod/src/v4/classic/tests/validations.test.ts [2m([22m[2m13 tests[22m[2m)[22m
 [32m✓[39m [44m[1m TS [22m[49m node_modules/.pnpm/@ai-sdk+react@2.0.65_react@19.2.0_zod@4.1.12/node_modules/zod/src/v4/classic/tests/void.test.ts [2m([22m[2m1 test[22m[2m)[22m
 [32m✓[39m [44m[1m TS [22m[49m node_modules/.pnpm/@ai-sdk+react@2.0.65_react@19.2.0_zod@4.1.12/node_modules/zod/src/v4/core/tests/extend.test.ts [2m([22m[2m1 test[22m[2m)[22m
 [32m✓[39m [44m[1m TS [22m[49m node_modules/.pnpm/@ai-sdk+react@2.0.65_react@19.2.0_zod@4.1.12/node_modules/zod/src/v4/core/tests/index.test.ts [2m([22m[2m3 tests[22m[2m)[22m
 [32m✓[39m [44m[1m TS [22m[49m node_modules/.pnpm/@ai-sdk+react@2.0.65_react@19.2.0_zod@4.1.12/node_modules/zod/src/v4/mini/tests/assignability.test.ts [2m([22m[2m2 tests[22m[2m)[22m
 [32m✓[39m [44m[1m TS [22m[49m node_modules/.pnpm/@ai-sdk+react@2.0.65_react@19.2.0_zod@4.1.12/node_modules/zod/src/v4/mini/tests/brand.test.ts [2m([22m[2m1 test[22m[2m)[22m
 [32m✓[39m [44m[1m TS [22m[49m node_modules/.pnpm/@ai-sdk+react@2.0.65_react@19.2.0_zod@4.1.12/node_modules/zod/src/v4/mini/tests/checks.test.ts [2m([22m[2m17 tests[22m[2m)[22m
 [32m✓[39m [44m[1m TS [22m[49m node_modules/.pnpm/@ai-sdk+react@2.0.65_react@19.2.0_zod@4.1.12/node_modules/zod/src/v4/mini/tests/codec.test.ts [2m([22m[2m13 tests[22m[2m)[22m
 [32m✓[39m [44m[1m TS [22m[49m node_modules/.pnpm/@ai-sdk+react@2.0.65_react@19.2.0_zod@4.1.12/node_modules/zod/src/v4/mini/tests/computed.test.ts [2m([22m[2m5 tests[22m[2m)[22m
 [32m✓[39m [44m[1m TS [22m[49m node_modules/.pnpm/@ai-sdk+react@2.0.65_react@19.2.0_zod@4.1.12/node_modules/zod/src/v4/mini/tests/error.test.ts [2m([22m[2m2 tests[22m[2m)[22m
 [32m✓[39m [44m[1m TS [22m[49m node_modules/.pnpm/@ai-sdk+react@2.0.65_react@19.2.0_zod@4.1.12/node_modules/zod/src/v4/mini/tests/functions.test.ts [2m([22m[2m1 test[22m[2m)[22m
 [32m✓[39m [44m[1m TS [22m[49m node_modules/.pnpm/@ai-sdk+react@2.0.65_react@19.2.0_zod@4.1.12/node_modules/zod/src/v4/mini/tests/index.test.ts [2m([22m[2m59 tests[22m[2m)[22m
 [32m✓[39m [44m[1m TS [22m[49m node_modules/.pnpm/@ai-sdk+react@2.0.65_react@19.2.0_zod@4.1.12/node_modules/zod/src/v4/mini/tests/number.test.ts [2m([22m[2m9 tests[22m[2m)[22m
 [32m✓[39m [44m[1m TS [22m[49m node_modules/.pnpm/@ai-sdk+react@2.0.65_react@19.2.0_zod@4.1.12/node_modules/zod/src/v4/mini/tests/object.test.ts [2m([22m[2m12 tests[22m[2m)[22m
 [32m✓[39m [44m[1m TS [22m[49m node_modules/.pnpm/@ai-sdk+react@2.0.65_react@19.2.0_zod@4.1.12/node_modules/zod/src/v4/mini/tests/prototypes.test.ts [2m([22m[2m2 tests[22m[2m)[22m
 [32m✓[39m [44m[1m TS [22m[49m node_modules/.pnpm/@ai-sdk+react@2.0.65_react@19.2.0_zod@4.1.12/node_modules/zod/src/v4/mini/tests/recursive-types.test.ts [2m([22m[2m6 tests[22m[2m)[22m
 [32m✓[39m [44m[1m TS [22m[49m node_modules/.pnpm/@ai-sdk+react@2.0.65_react@19.2.0_zod@4.1.12/node_modules/zod/src/v4/mini/tests/string.test.ts [2m([22m[2m25 tests[22m[2m)[22m
 [32m✓[39m [44m[1m TS [22m[49m node_modules/.pnpm/@ai-sdk+gateway@1.0.36_zod@4.1.12/node_modules/zod/src/v4/core/tests/extend.test.ts [2m([22m[2m1 test[22m[2m)[22m
 [32m✓[39m [44m[1m TS [22m[49m node_modules/.pnpm/@ai-sdk+gateway@1.0.36_zod@4.1.12/node_modules/zod/src/v4/core/tests/index.test.ts [2m([22m[2m3 tests[22m[2m)[22m
 [32m✓[39m [44m[1m TS [22m[49m node_modules/.pnpm/@ai-sdk+gateway@1.0.36_zod@4.1.12/node_modules/zod/src/v4/mini/tests/assignability.test.ts [2m([22m[2m2 tests[22m[2m)[22m
 [32m✓[39m [44m[1m TS [22m[49m node_modules/.pnpm/@ai-sdk+gateway@1.0.36_zod@4.1.12/node_modules/zod/src/v4/mini/tests/brand.test.ts [2m([22m[2m1 test[22m[2m)[22m
 [32m✓[39m [44m[1m TS [22m[49m node_modules/.pnpm/@ai-sdk+gateway@1.0.36_zod@4.1.12/node_modules/zod/src/v4/mini/tests/checks.test.ts [2m([22m[2m17 tests[22m[2m)[22m
 [32m✓[39m [44m[1m TS [22m[49m node_modules/.pnpm/@ai-sdk+gateway@1.0.36_zod@4.1.12/node_modules/zod/src/v4/mini/tests/codec.test.ts [2m([22m[2m13 tests[22m[2m)[22m
 [32m✓[39m [44m[1m TS [22m[49m node_modules/.pnpm/@ai-sdk+gateway@1.0.36_zod@4.1.12/node_modules/zod/src/v4/mini/tests/computed.test.ts [2m([22m[2m5 tests[22m[2m)[22m
 [32m✓[39m [44m[1m TS [22m[49m node_modules/.pnpm/@ai-sdk+gateway@1.0.36_zod@4.1.12/node_modules/zod/src/v4/mini/tests/error.test.ts [2m([22m[2m2 tests[22m[2m)[22m
 [32m✓[39m [44m[1m TS [22m[49m node_modules/.pnpm/@ai-sdk+gateway@1.0.36_zod@4.1.12/node_modules/zod/src/v4/mini/tests/functions.test.ts [2m([22m[2m1 test[22m[2m)[22m
 [32m✓[39m [44m[1m TS [22m[49m node_modules/.pnpm/@ai-sdk+gateway@1.0.36_zod@4.1.12/node_modules/zod/src/v4/mini/tests/index.test.ts [2m([22m[2m59 tests[22m[2m)[22m
 [32m✓[39m [44m[1m TS [22m[49m node_modules/.pnpm/@ai-sdk+gateway@1.0.36_zod@4.1.12/node_modules/zod/src/v4/mini/tests/number.test.ts [2m([22m[2m9 tests[22m[2m)[22m
 [32m✓[39m [44m[1m TS [22m[49m node_modules/.pnpm/@ai-sdk+gateway@1.0.36_zod@4.1.12/node_modules/zod/src/v4/mini/tests/object.test.ts [2m([22m[2m12 tests[22m[2m)[22m
 [32m✓[39m [44m[1m TS [22m[49m node_modules/.pnpm/@ai-sdk+gateway@1.0.36_zod@4.1.12/node_modules/zod/src/v4/mini/tests/prototypes.test.ts [2m([22m[2m2 tests[22m[2m)[22m
 [32m✓[39m [44m[1m TS [22m[49m node_modules/.pnpm/@ai-sdk+gateway@1.0.36_zod@4.1.12/node_modules/zod/src/v4/mini/tests/recursive-types.test.ts [2m([22m[2m6 tests[22m[2m)[22m
 [32m✓[39m [44m[1m TS [22m[49m node_modules/.pnpm/@ai-sdk+gateway@1.0.36_zod@4.1.12/node_modules/zod/src/v4/mini/tests/string.test.ts [2m([22m[2m25 tests[22m[2m)[22m
 [32m✓[39m [44m[1m TS [22m[49m node_modules/.pnpm/@ai-sdk+gateway@1.0.36_zod@4.1.12/node_modules/zod/src/v4/classic/tests/anyunknown.test.ts [2m([22m[2m3 tests[22m[2m)[22m
 [32m✓[39m [44m[1m TS [22m[49m node_modules/.pnpm/@ai-sdk+gateway@1.0.36_zod@4.1.12/node_modules/zod/src/v4/classic/tests/array.test.ts [2m([22m[2m9 tests[22m[2m)[22m
 [32m✓[39m [44m[1m TS [22m[49m node_modules/.pnpm/@ai-sdk+gateway@1.0.36_zod@4.1.12/node_modules/zod/src/v4/classic/tests/assignability.test.ts [2m([22m[2m5 tests[22m[2m)[22m
 [32m✓[39m [44m[1m TS [22m[49m node_modules/.pnpm/@ai-sdk+gateway@1.0.36_zod@4.1.12/node_modules/zod/src/v4/classic/tests/async-parsing.test.ts [2m([22m[2m23 tests[22m[2m)[22m
 [32m✓[39m [44m[1m TS [22m[49m node_modules/.pnpm/@ai-sdk+gateway@1.0.36_zod@4.1.12/node_modules/zod/src/v4/classic/tests/async-refinements.test.ts [2m([22m[2m4 tests[22m[2m)[22m
 [32m✓[39m [44m[1m TS [22m[49m node_modules/.pnpm/@ai-sdk+gateway@1.0.36_zod@4.1.12/node_modules/zod/src/v4/classic/tests/base.test.ts [2m([22m[2m1 test[22m[2m)[22m
 [32m✓[39m [44m[1m TS [22m[49m node_modules/.pnpm/@ai-sdk+gateway@1.0.36_zod@4.1.12/node_modules/zod/src/v4/classic/tests/bigint.test.ts [2m([22m[2m3 tests[22m[2m)[22m
 [32m✓[39m [44m[1m TS [22m[49m node_modules/.pnpm/@ai-sdk+gateway@1.0.36_zod@4.1.12/node_modules/zod/src/v4/classic/tests/brand.test.ts [2m([22m[2m3 tests[22m[2m)[22m
 [32m✓[39m [44m[1m TS [22m[49m node_modules/.pnpm/@ai-sdk+gateway@1.0.36_zod@4.1.12/node_modules/zod/src/v4/classic/tests/catch.test.ts [2m([22m[2m17 tests[22m[2m)[22m
 [32m✓[39m [44m[1m TS [22m[49m node_modules/.pnpm/@ai-sdk+gateway@1.0.36_zod@4.1.12/node_modules/zod/src/v4/classic/tests/coalesce.test.ts [2m([22m[2m1 test[22m[2m)[22m
 [32m✓[39m [44m[1m TS [22m[49m node_modules/.pnpm/@ai-sdk+gateway@1.0.36_zod@4.1.12/node_modules/zod/src/v4/classic/tests/codec-examples.test.ts [2m([22m[2m19 tests[22m[2m)[22m
 [32m✓[39m [44m[1m TS [22m[49m node_modules/.pnpm/@ai-sdk+gateway@1.0.36_zod@4.1.12/node_modules/zod/src/v4/classic/tests/codec.test.ts [2m([22m[2m14 tests[22m[2m)[22m
 [32m✓[39m [44m[1m TS [22m[49m node_modules/.pnpm/@ai-sdk+gateway@1.0.36_zod@4.1.12/node_modules/zod/src/v4/classic/tests/coerce.test.ts [2m([22m[2m6 tests[22m[2m)[22m
 [32m✓[39m [44m[1m TS [22m[49m node_modules/.pnpm/@ai-sdk+gateway@1.0.36_zod@4.1.12/node_modules/zod/src/v4/classic/tests/continuability.test.ts [2m([22m[2m1 test[22m[2m)[22m
 [32m✓[39m [44m[1m TS [22m[49m node_modules/.pnpm/@ai-sdk+gateway@1.0.36_zod@4.1.12/node_modules/zod/src/v4/classic/tests/custom.test.ts [2m([22m[2m4 tests[22m[2m)[22m
 [32m✓[39m [44m[1m TS [22m[49m node_modules/.pnpm/@ai-sdk+gateway@1.0.36_zod@4.1.12/node_modules/zod/src/v4/classic/tests/date.test.ts [2m([22m[2m3 tests[22m[2m)[22m
 [32m✓[39m [44m[1m TS [22m[49m node_modules/.pnpm/@ai-sdk+gateway@1.0.36_zod@4.1.12/node_modules/zod/src/v4/classic/tests/datetime.test.ts [2m([22m[2m14 tests[22m[2m)[22m
 [32m✓[39m [44m[1m TS [22m[49m node_modules/.pnpm/@ai-sdk+gateway@1.0.36_zod@4.1.12/node_modules/zod/src/v4/classic/tests/default.test.ts [2m([22m[2m16 tests[22m[2m)[22m
 [32m✓[39m [44m[1m TS [22m[49m node_modules/.pnpm/@ai-sdk+gateway@1.0.36_zod@4.1.12/node_modules/zod/src/v4/classic/tests/description.test.ts [2m([22m[2m2 tests[22m[2m)[22m
 [32m✓[39m [44m[1m TS [22m[49m node_modules/.pnpm/@ai-sdk+gateway@1.0.36_zod@4.1.12/node_modules/zod/src/v4/classic/tests/discriminated-unions.test.ts [2m([22m[2m22 tests[22m[2m)[22m
 [32m✓[39m [44m[1m TS [22m[49m node_modules/.pnpm/@ai-sdk+gateway@1.0.36_zod@4.1.12/node_modules/zod/src/v4/classic/tests/enum.test.ts [2m([22m[2m19 tests[22m[2m)[22m
 [32m✓[39m [44m[1m TS [22m[49m node_modules/.pnpm/@ai-sdk+gateway@1.0.36_zod@4.1.12/node_modules/zod/src/v4/classic/tests/error-utils.test.ts [2m([22m[2m13 tests[22m[2m)[22m
 [32m✓[39m [44m[1m TS [22m[49m node_modules/.pnpm/@ai-sdk+gateway@1.0.36_zod@4.1.12/node_modules/zod/src/v4/classic/tests/error.test.ts [2m([22m[2m27 tests[22m[2m)[22m
 [32m✓[39m [44m[1m TS [22m[49m node_modules/.pnpm/@ai-sdk+gateway@1.0.36_zod@4.1.12/node_modules/zod/src/v4/classic/tests/file.test.ts [2m([22m[2m3 tests[22m[2m)[22m
 [32m✓[39m [44m[1m TS [22m[49m node_modules/.pnpm/@ai-sdk+gateway@1.0.36_zod@4.1.12/node_modules/zod/src/v4/classic/tests/firstparty.test.ts [2m([22m[2m2 tests[22m[2m)[22m
 [32m✓[39m [44m[1m TS [22m[49m node_modules/.pnpm/@ai-sdk+gateway@1.0.36_zod@4.1.12/node_modules/zod/src/v4/classic/tests/function.test.ts [2m([22m[2m17 tests[22m[2m)[22m
 [32m✓[39m [44m[1m TS [22m[49m node_modules/.pnpm/@ai-sdk+gateway@1.0.36_zod@4.1.12/node_modules/zod/src/v4/classic/tests/generics.test.ts [2m([22m[2m4 tests[22m[2m)[22m
 [32m✓[39m [44m[1m TS [22m[49m node_modules/.pnpm/@ai-sdk+gateway@1.0.36_zod@4.1.12/node_modules/zod/src/v4/classic/tests/hash.test.ts [2m([22m[2m1 test[22m[2m)[22m
 [32m✓[39m [44m[1m TS [22m[49m node_modules/.pnpm/@ai-sdk+gateway@1.0.36_zod@4.1.12/node_modules/zod/src/v4/classic/tests/index.test.ts [2m([22m[2m58 tests[22m[2m)[22m
 [32m✓[39m [44m[1m TS [22m[49m node_modules/.pnpm/@ai-sdk+gateway@1.0.36_zod@4.1.12/node_modules/zod/src/v4/classic/tests/instanceof.test.ts [2m([22m[2m2 tests[22m[2m)[22m
 [32m✓[39m [44m[1m TS [22m[49m node_modules/.pnpm/@ai-sdk+gateway@1.0.36_zod@4.1.12/node_modules/zod/src/v4/classic/tests/intersection.test.ts [2m([22m[2m10 tests[22m[2m)[22m
 [32m✓[39m [44m[1m TS [22m[49m node_modules/.pnpm/@ai-sdk+gateway@1.0.36_zod@4.1.12/node_modules/zod/src/v4/classic/tests/json.test.ts [2m([22m[2m1 test[22m[2m)[22m
 [32m✓[39m [44m[1m TS [22m[49m node_modules/.pnpm/@ai-sdk+gateway@1.0.36_zod@4.1.12/node_modules/zod/src/v4/classic/tests/lazy.test.ts [2m([22m[2m9 tests[22m[2m)[22m
 [32m✓[39m [44m[1m TS [22m[49m node_modules/.pnpm/@ai-sdk+gateway@1.0.36_zod@4.1.12/node_modules/zod/src/v4/classic/tests/literal.test.ts [2m([22m[2m10 tests[22m[2m)[22m
 [32m✓[39m [44m[1m TS [22m[49m node_modules/.pnpm/@ai-sdk+gateway@1.0.36_zod@4.1.12/node_modules/zod/src/v4/classic/tests/map.test.ts [2m([22m[2m8 tests[22m[2m)[22m
 [32m✓[39m [44m[1m TS [22m[49m node_modules/.pnpm/@ai-sdk+gateway@1.0.36_zod@4.1.12/node_modules/zod/src/v4/classic/tests/nan.test.ts [2m([22m[2m2 tests[22m[2m)[22m
 [32m✓[39m [44m[1m TS [22m[49m node_modules/.pnpm/@ai-sdk+gateway@1.0.36_zod@4.1.12/node_modules/zod/src/v4/classic/tests/nested-refine.test.ts [2m([22m[2m1 test[22m[2m)[22m
 [32m✓[39m [44m[1m TS [22m[49m node_modules/.pnpm/@ai-sdk+gateway@1.0.36_zod@4.1.12/node_modules/zod/src/v4/classic/tests/nonoptional.test.ts [2m([22m[2m4 tests[22m[2m)[22m
 [32m✓[39m [44m[1m TS [22m[49m node_modules/.pnpm/@ai-sdk+gateway@1.0.36_zod@4.1.12/node_modules/zod/src/v4/classic/tests/nullable.test.ts [2m([22m[2m3 tests[22m[2m)[22m
 [32m✓[39m [44m[1m TS [22m[49m node_modules/.pnpm/@ai-sdk+gateway@1.0.36_zod@4.1.12/node_modules/zod/src/v4/classic/tests/number.test.ts [2m([22m[2m26 tests[22m[2m)[22m
 [32m✓[39m [44m[1m TS [22m[49m node_modules/.pnpm/@ai-sdk+gateway@1.0.36_zod@4.1.12/node_modules/zod/src/v4/classic/tests/object.test.ts [2m([22m[2m49 tests[22m[2m)[22m
 [32m✓[39m [44m[1m TS [22m[49m node_modules/.pnpm/@ai-sdk+gateway@1.0.36_zod@4.1.12/node_modules/zod/src/v4/classic/tests/optional.test.ts [2m([22m[2m6 tests[22m[2m)[22m
 [32m✓[39m [44m[1m TS [22m[49m node_modules/.pnpm/@ai-sdk+gateway@1.0.36_zod@4.1.12/node_modules/zod/src/v4/classic/tests/partial.test.ts [2m([22m[2m12 tests[22m[2m)[22m
 [32m✓[39m [44m[1m TS [22m[49m node_modules/.pnpm/@ai-sdk+gateway@1.0.36_zod@4.1.12/node_modules/zod/src/v4/classic/tests/pickomit.test.ts [2m([22m[2m12 tests[22m[2m)[22m
 [32m✓[39m [44m[1m TS [22m[49m node_modules/.pnpm/@ai-sdk+gateway@1.0.36_zod@4.1.12/node_modules/zod/src/v4/classic/tests/pipe.test.ts [2m([22m[2m7 tests[22m[2m)[22m
 [32m✓[39m [44m[1m TS [22m[49m node_modules/.pnpm/@ai-sdk+gateway@1.0.36_zod@4.1.12/node_modules/zod/src/v4/classic/tests/prefault.test.ts [2m([22m[2m4 tests[22m[2m)[22m
 [32m✓[39m [44m[1m TS [22m[49m node_modules/.pnpm/@ai-sdk+gateway@1.0.36_zod@4.1.12/node_modules/zod/src/v4/classic/tests/preprocess.test.ts [2m([22m[2m11 tests[22m[2m)[22m
 [32m✓[39m [44m[1m TS [22m[49m node_modules/.pnpm/@ai-sdk+gateway@1.0.36_zod@4.1.12/node_modules/zod/src/v4/classic/tests/primitive.test.ts [2m([22m[2m14 tests[22m[2m)[22m
 [32m✓[39m [44m[1m TS [22m[49m node_modules/.pnpm/@ai-sdk+gateway@1.0.36_zod@4.1.12/node_modules/zod/src/v4/classic/tests/promise.test.ts [2m([22m[2m10 tests[22m[2m)[22m
 [32m✓[39m [44m[1m TS [22m[49m node_modules/.pnpm/@ai-sdk+gateway@1.0.36_zod@4.1.12/node_modules/zod/src/v4/classic/tests/prototypes.test.ts [2m([22m[2m1 test[22m[2m)[22m
 [32m✓[39m [44m[1m TS [22m[49m node_modules/.pnpm/@ai-sdk+gateway@1.0.36_zod@4.1.12/node_modules/zod/src/v4/classic/tests/readonly.test.ts [2m([22m[2m7 tests[22m[2m)[22m
 [32m✓[39m [44m[1m TS [22m[49m node_modules/.pnpm/@ai-sdk+gateway@1.0.36_zod@4.1.12/node_modules/zod/src/v4/classic/tests/record.test.ts [2m([22m[2m13 tests[22m[2m)[22m
 [32m✓[39m [44m[1m TS [22m[49m node_modules/.pnpm/@ai-sdk+gateway@1.0.36_zod@4.1.12/node_modules/zod/src/v4/classic/tests/recursive-types.test.ts [2m([22m[2m13 tests[22m[2m)[22m
 [32m✓[39m [44m[1m TS [22m[49m node_modules/.pnpm/@ai-sdk+gateway@1.0.36_zod@4.1.12/node_modules/zod/src/v4/classic/tests/refine.test.ts [2m([22m[2m16 tests[22m[2m)[22m
 [32m✓[39m [44m[1m TS [22m[49m node_modules/.pnpm/@ai-sdk+gateway@1.0.36_zod@4.1.12/node_modules/zod/src/v4/classic/tests/registries.test.ts [2m([22m[2m16 tests[22m[2m)[22m
 [32m✓[39m [44m[1m TS [22m[49m node_modules/.pnpm/@ai-sdk+gateway@1.0.36_zod@4.1.12/node_modules/zod/src/v4/classic/tests/set.test.ts [2m([22m[2m12 tests[22m[2m)[22m
 [32m✓[39m [44m[1m TS [22m[49m node_modules/.pnpm/@ai-sdk+gateway@1.0.36_zod@4.1.12/node_modules/zod/src/v4/classic/tests/standard-schema.test.ts [2m([22m[2m4 tests[22m[2m)[22m
 [32m✓[39m [44m[1m TS [22m[49m node_modules/.pnpm/@ai-sdk+gateway@1.0.36_zod@4.1.12/node_modules/zod/src/v4/classic/tests/string-formats.test.ts [2m([22m[2m3 tests[22m[2m)[22m
 [32m✓[39m [44m[1m TS [22m[49m node_modules/.pnpm/@ai-sdk+gateway@1.0.36_zod@4.1.12/node_modules/zod/src/v4/classic/tests/string.test.ts [2m([22m[2m42 tests[22m[2m)[22m
 [32m✓[39m [44m[1m TS [22m[49m node_modules/.pnpm/@ai-sdk+gateway@1.0.36_zod@4.1.12/node_modules/zod/src/v4/classic/tests/stringbool.test.ts [2m([22m[2m7 tests[22m[2m)[22m
 [32m✓[39m [44m[1m TS [22m[49m node_modules/.pnpm/@ai-sdk+gateway@1.0.36_zod@4.1.12/node_modules/zod/src/v4/classic/tests/template-literal.test.ts [2m([22m[2m8 tests[22m[2m)[22m
 [32m✓[39m [44m[1m TS [22m[49m node_modules/.pnpm/@ai-sdk+gateway@1.0.36_zod@4.1.12/node_modules/zod/src/v4/classic/tests/to-json-schema.test.ts [2m([22m[2m61 tests[22m[2m)[22m
 [32m✓[39m [44m[1m TS [22m[49m node_modules/.pnpm/@ai-sdk+gateway@1.0.36_zod@4.1.12/node_modules/zod/src/v4/classic/tests/transform.test.ts [2m([22m[2m18 tests[22m[2m)[22m
 [32m✓[39m [44m[1m TS [22m[49m node_modules/.pnpm/@ai-sdk+gateway@1.0.36_zod@4.1.12/node_modules/zod/src/v4/classic/tests/tuple.test.ts [2m([22m[2m6 tests[22m[2m)[22m
 [32m✓[39m [44m[1m TS [22m[49m node_modules/.pnpm/@ai-sdk+gateway@1.0.36_zod@4.1.12/node_modules/zod/src/v4/classic/tests/union.test.ts [2m([22m[2m10 tests[22m[2m)[22m
 [32m✓[39m [44m[1m TS [22m[49m node_modules/.pnpm/@ai-sdk+gateway@1.0.36_zod@4.1.12/node_modules/zod/src/v4/classic/tests/validations.test.ts [2m([22m[2m13 tests[22m[2m)[22m
 [32m✓[39m [44m[1m TS [22m[49m node_modules/.pnpm/@ai-sdk+gateway@1.0.36_zod@4.1.12/node_modules/zod/src/v4/classic/tests/void.test.ts [2m([22m[2m1 test[22m[2m)[22m
 [32m✓[39m [44m[1m TS [22m[49m node_modules/.pnpm/@hono+zod-validator@0.7.3_hono@4.9.10_zod@4.1.12/node_modules/zod/src/v4/classic/tests/anyunknown.test.ts [2m([22m[2m3 tests[22m[2m)[22m
 [32m✓[39m [44m[1m TS [22m[49m node_modules/.pnpm/@hono+zod-validator@0.7.3_hono@4.9.10_zod@4.1.12/node_modules/zod/src/v4/classic/tests/array.test.ts [2m([22m[2m9 tests[22m[2m)[22m
 [32m✓[39m [44m[1m TS [22m[49m node_modules/.pnpm/@hono+zod-validator@0.7.3_hono@4.9.10_zod@4.1.12/node_modules/zod/src/v4/classic/tests/assignability.test.ts [2m([22m[2m5 tests[22m[2m)[22m
 [32m✓[39m [44m[1m TS [22m[49m node_modules/.pnpm/@hono+zod-validator@0.7.3_hono@4.9.10_zod@4.1.12/node_modules/zod/src/v4/classic/tests/async-parsing.test.ts [2m([22m[2m23 tests[22m[2m)[22m
 [32m✓[39m [44m[1m TS [22m[49m node_modules/.pnpm/@hono+zod-validator@0.7.3_hono@4.9.10_zod@4.1.12/node_modules/zod/src/v4/classic/tests/async-refinements.test.ts [2m([22m[2m4 tests[22m[2m)[22m
 [32m✓[39m [44m[1m TS [22m[49m node_modules/.pnpm/@hono+zod-validator@0.7.3_hono@4.9.10_zod@4.1.12/node_modules/zod/src/v4/classic/tests/base.test.ts [2m([22m[2m1 test[22m[2m)[22m
 [32m✓[39m [44m[1m TS [22m[49m node_modules/.pnpm/@hono+zod-validator@0.7.3_hono@4.9.10_zod@4.1.12/node_modules/zod/src/v4/classic/tests/bigint.test.ts [2m([22m[2m3 tests[22m[2m)[22m
 [32m✓[39m [44m[1m TS [22m[49m node_modules/.pnpm/@hono+zod-validator@0.7.3_hono@4.9.10_zod@4.1.12/node_modules/zod/src/v4/classic/tests/brand.test.ts [2m([22m[2m3 tests[22m[2m)[22m
 [32m✓[39m [44m[1m TS [22m[49m node_modules/.pnpm/@hono+zod-validator@0.7.3_hono@4.9.10_zod@4.1.12/node_modules/zod/src/v4/classic/tests/catch.test.ts [2m([22m[2m17 tests[22m[2m)[22m
 [32m✓[39m [44m[1m TS [22m[49m node_modules/.pnpm/@hono+zod-validator@0.7.3_hono@4.9.10_zod@4.1.12/node_modules/zod/src/v4/classic/tests/coalesce.test.ts [2m([22m[2m1 test[22m[2m)[22m
 [32m✓[39m [44m[1m TS [22m[49m node_modules/.pnpm/@hono+zod-validator@0.7.3_hono@4.9.10_zod@4.1.12/node_modules/zod/src/v4/classic/tests/codec-examples.test.ts [2m([22m[2m19 tests[22m[2m)[22m
 [32m✓[39m [44m[1m TS [22m[49m node_modules/.pnpm/@hono+zod-validator@0.7.3_hono@4.9.10_zod@4.1.12/node_modules/zod/src/v4/classic/tests/codec.test.ts [2m([22m[2m14 tests[22m[2m)[22m
 [32m✓[39m [44m[1m TS [22m[49m node_modules/.pnpm/@hono+zod-validator@0.7.3_hono@4.9.10_zod@4.1.12/node_modules/zod/src/v4/classic/tests/coerce.test.ts [2m([22m[2m6 tests[22m[2m)[22m
 [32m✓[39m [44m[1m TS [22m[49m node_modules/.pnpm/@hono+zod-validator@0.7.3_hono@4.9.10_zod@4.1.12/node_modules/zod/src/v4/classic/tests/continuability.test.ts [2m([22m[2m1 test[22m[2m)[22m
 [32m✓[39m [44m[1m TS [22m[49m node_modules/.pnpm/@hono+zod-validator@0.7.3_hono@4.9.10_zod@4.1.12/node_modules/zod/src/v4/classic/tests/custom.test.ts [2m([22m[2m4 tests[22m[2m)[22m
 [32m✓[39m [44m[1m TS [22m[49m node_modules/.pnpm/@hono+zod-validator@0.7.3_hono@4.9.10_zod@4.1.12/node_modules/zod/src/v4/classic/tests/date.test.ts [2m([22m[2m3 tests[22m[2m)[22m
 [32m✓[39m [44m[1m TS [22m[49m node_modules/.pnpm/@hono+zod-validator@0.7.3_hono@4.9.10_zod@4.1.12/node_modules/zod/src/v4/classic/tests/datetime.test.ts [2m([22m[2m14 tests[22m[2m)[22m
 [32m✓[39m [44m[1m TS [22m[49m node_modules/.pnpm/@hono+zod-validator@0.7.3_hono@4.9.10_zod@4.1.12/node_modules/zod/src/v4/classic/tests/default.test.ts [2m([22m[2m16 tests[22m[2m)[22m
 [32m✓[39m [44m[1m TS [22m[49m node_modules/.pnpm/@hono+zod-validator@0.7.3_hono@4.9.10_zod@4.1.12/node_modules/zod/src/v4/classic/tests/description.test.ts [2m([22m[2m2 tests[22m[2m)[22m
 [32m✓[39m [44m[1m TS [22m[49m node_modules/.pnpm/@hono+zod-validator@0.7.3_hono@4.9.10_zod@4.1.12/node_modules/zod/src/v4/classic/tests/discriminated-unions.test.ts [2m([22m[2m22 tests[22m[2m)[22m
 [32m✓[39m [44m[1m TS [22m[49m node_modules/.pnpm/@hono+zod-validator@0.7.3_hono@4.9.10_zod@4.1.12/node_modules/zod/src/v4/classic/tests/enum.test.ts [2m([22m[2m19 tests[22m[2m)[22m
 [32m✓[39m [44m[1m TS [22m[49m node_modules/.pnpm/@hono+zod-validator@0.7.3_hono@4.9.10_zod@4.1.12/node_modules/zod/src/v4/classic/tests/error-utils.test.ts [2m([22m[2m13 tests[22m[2m)[22m
 [32m✓[39m [44m[1m TS [22m[49m node_modules/.pnpm/@hono+zod-validator@0.7.3_hono@4.9.10_zod@4.1.12/node_modules/zod/src/v4/classic/tests/error.test.ts [2m([22m[2m27 tests[22m[2m)[22m
 [32m✓[39m [44m[1m TS [22m[49m node_modules/.pnpm/@hono+zod-validator@0.7.3_hono@4.9.10_zod@4.1.12/node_modules/zod/src/v4/classic/tests/file.test.ts [2m([22m[2m3 tests[22m[2m)[22m
 [32m✓[39m [44m[1m TS [22m[49m node_modules/.pnpm/@hono+zod-validator@0.7.3_hono@4.9.10_zod@4.1.12/node_modules/zod/src/v4/classic/tests/firstparty.test.ts [2m([22m[2m2 tests[22m[2m)[22m
 [32m✓[39m [44m[1m TS [22m[49m node_modules/.pnpm/@hono+zod-validator@0.7.3_hono@4.9.10_zod@4.1.12/node_modules/zod/src/v4/classic/tests/function.test.ts [2m([22m[2m17 tests[22m[2m)[22m
 [32m✓[39m [44m[1m TS [22m[49m node_modules/.pnpm/@hono+zod-validator@0.7.3_hono@4.9.10_zod@4.1.12/node_modules/zod/src/v4/classic/tests/generics.test.ts [2m([22m[2m4 tests[22m[2m)[22m
 [32m✓[39m [44m[1m TS [22m[49m node_modules/.pnpm/@hono+zod-validator@0.7.3_hono@4.9.10_zod@4.1.12/node_modules/zod/src/v4/classic/tests/hash.test.ts [2m([22m[2m1 test[22m[2m)[22m
 [32m✓[39m [44m[1m TS [22m[49m node_modules/.pnpm/@hono+zod-validator@0.7.3_hono@4.9.10_zod@4.1.12/node_modules/zod/src/v4/classic/tests/index.test.ts [2m([22m[2m58 tests[22m[2m)[22m
 [32m✓[39m [44m[1m TS [22m[49m node_modules/.pnpm/@hono+zod-validator@0.7.3_hono@4.9.10_zod@4.1.12/node_modules/zod/src/v4/classic/tests/instanceof.test.ts [2m([22m[2m2 tests[22m[2m)[22m
 [32m✓[39m [44m[1m TS [22m[49m node_modules/.pnpm/@hono+zod-validator@0.7.3_hono@4.9.10_zod@4.1.12/node_modules/zod/src/v4/classic/tests/intersection.test.ts [2m([22m[2m10 tests[22m[2m)[22m
 [32m✓[39m [44m[1m TS [22m[49m node_modules/.pnpm/@hono+zod-validator@0.7.3_hono@4.9.10_zod@4.1.12/node_modules/zod/src/v4/classic/tests/json.test.ts [2m([22m[2m1 test[22m[2m)[22m
 [32m✓[39m [44m[1m TS [22m[49m node_modules/.pnpm/@hono+zod-validator@0.7.3_hono@4.9.10_zod@4.1.12/node_modules/zod/src/v4/classic/tests/lazy.test.ts [2m([22m[2m9 tests[22m[2m)[22m
 [32m✓[39m [44m[1m TS [22m[49m node_modules/.pnpm/@hono+zod-validator@0.7.3_hono@4.9.10_zod@4.1.12/node_modules/zod/src/v4/classic/tests/literal.test.ts [2m([22m[2m10 tests[22m[2m)[22m
 [32m✓[39m [44m[1m TS [22m[49m node_modules/.pnpm/@hono+zod-validator@0.7.3_hono@4.9.10_zod@4.1.12/node_modules/zod/src/v4/classic/tests/map.test.ts [2m([22m[2m8 tests[22m[2m)[22m
 [32m✓[39m [44m[1m TS [22m[49m node_modules/.pnpm/@hono+zod-validator@0.7.3_hono@4.9.10_zod@4.1.12/node_modules/zod/src/v4/classic/tests/nan.test.ts [2m([22m[2m2 tests[22m[2m)[22m
 [32m✓[39m [44m[1m TS [22m[49m node_modules/.pnpm/@hono+zod-validator@0.7.3_hono@4.9.10_zod@4.1.12/node_modules/zod/src/v4/classic/tests/nested-refine.test.ts [2m([22m[2m1 test[22m[2m)[22m
 [32m✓[39m [44m[1m TS [22m[49m node_modules/.pnpm/@hono+zod-validator@0.7.3_hono@4.9.10_zod@4.1.12/node_modules/zod/src/v4/classic/tests/nonoptional.test.ts [2m([22m[2m4 tests[22m[2m)[22m
 [32m✓[39m [44m[1m TS [22m[49m node_modules/.pnpm/@hono+zod-validator@0.7.3_hono@4.9.10_zod@4.1.12/node_modules/zod/src/v4/classic/tests/nullable.test.ts [2m([22m[2m3 tests[22m[2m)[22m
 [32m✓[39m [44m[1m TS [22m[49m node_modules/.pnpm/@hono+zod-validator@0.7.3_hono@4.9.10_zod@4.1.12/node_modules/zod/src/v4/classic/tests/number.test.ts [2m([22m[2m26 tests[22m[2m)[22m
 [32m✓[39m [44m[1m TS [22m[49m node_modules/.pnpm/@hono+zod-validator@0.7.3_hono@4.9.10_zod@4.1.12/node_modules/zod/src/v4/classic/tests/object.test.ts [2m([22m[2m49 tests[22m[2m)[22m
 [32m✓[39m [44m[1m TS [22m[49m node_modules/.pnpm/@hono+zod-validator@0.7.3_hono@4.9.10_zod@4.1.12/node_modules/zod/src/v4/classic/tests/optional.test.ts [2m([22m[2m6 tests[22m[2m)[22m
 [32m✓[39m [44m[1m TS [22m[49m node_modules/.pnpm/@hono+zod-validator@0.7.3_hono@4.9.10_zod@4.1.12/node_modules/zod/src/v4/classic/tests/partial.test.ts [2m([22m[2m12 tests[22m[2m)[22m
 [32m✓[39m [44m[1m TS [22m[49m node_modules/.pnpm/@hono+zod-validator@0.7.3_hono@4.9.10_zod@4.1.12/node_modules/zod/src/v4/classic/tests/pickomit.test.ts [2m([22m[2m12 tests[22m[2m)[22m
 [32m✓[39m [44m[1m TS [22m[49m node_modules/.pnpm/@hono+zod-validator@0.7.3_hono@4.9.10_zod@4.1.12/node_modules/zod/src/v4/classic/tests/pipe.test.ts [2m([22m[2m7 tests[22m[2m)[22m
 [32m✓[39m [44m[1m TS [22m[49m node_modules/.pnpm/@hono+zod-validator@0.7.3_hono@4.9.10_zod@4.1.12/node_modules/zod/src/v4/classic/tests/prefault.test.ts [2m([22m[2m4 tests[22m[2m)[22m
 [32m✓[39m [44m[1m TS [22m[49m node_modules/.pnpm/@hono+zod-validator@0.7.3_hono@4.9.10_zod@4.1.12/node_modules/zod/src/v4/classic/tests/preprocess.test.ts [2m([22m[2m11 tests[22m[2m)[22m
 [32m✓[39m [44m[1m TS [22m[49m node_modules/.pnpm/@hono+zod-validator@0.7.3_hono@4.9.10_zod@4.1.12/node_modules/zod/src/v4/classic/tests/primitive.test.ts [2m([22m[2m14 tests[22m[2m)[22m
 [32m✓[39m [44m[1m TS [22m[49m node_modules/.pnpm/@hono+zod-validator@0.7.3_hono@4.9.10_zod@4.1.12/node_modules/zod/src/v4/classic/tests/promise.test.ts [2m([22m[2m10 tests[22m[2m)[22m
 [32m✓[39m [44m[1m TS [22m[49m node_modules/.pnpm/@hono+zod-validator@0.7.3_hono@4.9.10_zod@4.1.12/node_modules/zod/src/v4/classic/tests/prototypes.test.ts [2m([22m[2m1 test[22m[2m)[22m
 [32m✓[39m [44m[1m TS [22m[49m node_modules/.pnpm/@hono+zod-validator@0.7.3_hono@4.9.10_zod@4.1.12/node_modules/zod/src/v4/classic/tests/readonly.test.ts [2m([22m[2m7 tests[22m[2m)[22m
 [32m✓[39m [44m[1m TS [22m[49m node_modules/.pnpm/@hono+zod-validator@0.7.3_hono@4.9.10_zod@4.1.12/node_modules/zod/src/v4/classic/tests/record.test.ts [2m([22m[2m13 tests[22m[2m)[22m
 [32m✓[39m [44m[1m TS [22m[49m node_modules/.pnpm/@hono+zod-validator@0.7.3_hono@4.9.10_zod@4.1.12/node_modules/zod/src/v4/classic/tests/recursive-types.test.ts [2m([22m[2m13 tests[22m[2m)[22m
 [32m✓[39m [44m[1m TS [22m[49m node_modules/.pnpm/@hono+zod-validator@0.7.3_hono@4.9.10_zod@4.1.12/node_modules/zod/src/v4/classic/tests/refine.test.ts [2m([22m[2m16 tests[22m[2m)[22m
 [32m✓[39m [44m[1m TS [22m[49m node_modules/.pnpm/@hono+zod-validator@0.7.3_hono@4.9.10_zod@4.1.12/node_modules/zod/src/v4/classic/tests/registries.test.ts [2m([22m[2m16 tests[22m[2m)[22m
 [32m✓[39m [44m[1m TS [22m[49m node_modules/.pnpm/@hono+zod-validator@0.7.3_hono@4.9.10_zod@4.1.12/node_modules/zod/src/v4/classic/tests/set.test.ts [2m([22m[2m12 tests[22m[2m)[22m
 [32m✓[39m [44m[1m TS [22m[49m node_modules/.pnpm/@hono+zod-validator@0.7.3_hono@4.9.10_zod@4.1.12/node_modules/zod/src/v4/classic/tests/standard-schema.test.ts [2m([22m[2m4 tests[22m[2m)[22m
 [32m✓[39m [44m[1m TS [22m[49m node_modules/.pnpm/@hono+zod-validator@0.7.3_hono@4.9.10_zod@4.1.12/node_modules/zod/src/v4/classic/tests/string-formats.test.ts [2m([22m[2m3 tests[22m[2m)[22m
 [32m✓[39m [44m[1m TS [22m[49m node_modules/.pnpm/@hono+zod-validator@0.7.3_hono@4.9.10_zod@4.1.12/node_modules/zod/src/v4/classic/tests/string.test.ts [2m([22m[2m42 tests[22m[2m)[22m
 [32m✓[39m [44m[1m TS [22m[49m node_modules/.pnpm/@hono+zod-validator@0.7.3_hono@4.9.10_zod@4.1.12/node_modules/zod/src/v4/classic/tests/stringbool.test.ts [2m([22m[2m7 tests[22m[2m)[22m
 [32m✓[39m [44m[1m TS [22m[49m node_modules/.pnpm/@hono+zod-validator@0.7.3_hono@4.9.10_zod@4.1.12/node_modules/zod/src/v4/classic/tests/template-literal.test.ts [2m([22m[2m8 tests[22m[2m)[22m
 [32m✓[39m [44m[1m TS [22m[49m node_modules/.pnpm/@hono+zod-validator@0.7.3_hono@4.9.10_zod@4.1.12/node_modules/zod/src/v4/classic/tests/to-json-schema.test.ts [2m([22m[2m61 tests[22m[2m)[22m
 [32m✓[39m [44m[1m TS [22m[49m node_modules/.pnpm/@hono+zod-validator@0.7.3_hono@4.9.10_zod@4.1.12/node_modules/zod/src/v4/classic/tests/transform.test.ts [2m([22m[2m18 tests[22m[2m)[22m
 [32m✓[39m [44m[1m TS [22m[49m node_modules/.pnpm/@hono+zod-validator@0.7.3_hono@4.9.10_zod@4.1.12/node_modules/zod/src/v4/classic/tests/tuple.test.ts [2m([22m[2m6 tests[22m[2m)[22m
 [32m✓[39m [44m[1m TS [22m[49m node_modules/.pnpm/@hono+zod-validator@0.7.3_hono@4.9.10_zod@4.1.12/node_modules/zod/src/v4/classic/tests/union.test.ts [2m([22m[2m10 tests[22m[2m)[22m
 [32m✓[39m [44m[1m TS [22m[49m node_modules/.pnpm/@hono+zod-validator@0.7.3_hono@4.9.10_zod@4.1.12/node_modules/zod/src/v4/classic/tests/validations.test.ts [2m([22m[2m13 tests[22m[2m)[22m
 [32m✓[39m [44m[1m TS [22m[49m node_modules/.pnpm/@hono+zod-validator@0.7.3_hono@4.9.10_zod@4.1.12/node_modules/zod/src/v4/classic/tests/void.test.ts [2m([22m[2m1 test[22m[2m)[22m
 [32m✓[39m [44m[1m TS [22m[49m node_modules/.pnpm/@hono+zod-validator@0.7.3_hono@4.9.10_zod@4.1.12/node_modules/zod/src/v4/core/tests/extend.test.ts [2m([22m[2m1 test[22m[2m)[22m
 [32m✓[39m [44m[1m TS [22m[49m node_modules/.pnpm/@hono+zod-validator@0.7.3_hono@4.9.10_zod@4.1.12/node_modules/zod/src/v4/core/tests/index.test.ts [2m([22m[2m3 tests[22m[2m)[22m
 [32m✓[39m [44m[1m TS [22m[49m node_modules/.pnpm/@hono+zod-validator@0.7.3_hono@4.9.10_zod@4.1.12/node_modules/zod/src/v4/mini/tests/assignability.test.ts [2m([22m[2m2 tests[22m[2m)[22m
 [32m✓[39m [44m[1m TS [22m[49m node_modules/.pnpm/@hono+zod-validator@0.7.3_hono@4.9.10_zod@4.1.12/node_modules/zod/src/v4/mini/tests/brand.test.ts [2m([22m[2m1 test[22m[2m)[22m
 [32m✓[39m [44m[1m TS [22m[49m node_modules/.pnpm/@hono+zod-validator@0.7.3_hono@4.9.10_zod@4.1.12/node_modules/zod/src/v4/mini/tests/checks.test.ts [2m([22m[2m17 tests[22m[2m)[22m
 [32m✓[39m [44m[1m TS [22m[49m node_modules/.pnpm/@hono+zod-validator@0.7.3_hono@4.9.10_zod@4.1.12/node_modules/zod/src/v4/mini/tests/codec.test.ts [2m([22m[2m13 tests[22m[2m)[22m
 [32m✓[39m [44m[1m TS [22m[49m node_modules/.pnpm/@hono+zod-validator@0.7.3_hono@4.9.10_zod@4.1.12/node_modules/zod/src/v4/mini/tests/computed.test.ts [2m([22m[2m5 tests[22m[2m)[22m
 [32m✓[39m [44m[1m TS [22m[49m node_modules/.pnpm/@hono+zod-validator@0.7.3_hono@4.9.10_zod@4.1.12/node_modules/zod/src/v4/mini/tests/error.test.ts [2m([22m[2m2 tests[22m[2m)[22m
 [32m✓[39m [44m[1m TS [22m[49m node_modules/.pnpm/@hono+zod-validator@0.7.3_hono@4.9.10_zod@4.1.12/node_modules/zod/src/v4/mini/tests/functions.test.ts [2m([22m[2m1 test[22m[2m)[22m
 [32m✓[39m [44m[1m TS [22m[49m node_modules/.pnpm/@hono+zod-validator@0.7.3_hono@4.9.10_zod@4.1.12/node_modules/zod/src/v4/mini/tests/index.test.ts [2m([22m[2m59 tests[22m[2m)[22m
 [32m✓[39m [44m[1m TS [22m[49m node_modules/.pnpm/@hono+zod-validator@0.7.3_hono@4.9.10_zod@4.1.12/node_modules/zod/src/v4/mini/tests/number.test.ts [2m([22m[2m9 tests[22m[2m)[22m
 [32m✓[39m [44m[1m TS [22m[49m node_modules/.pnpm/@hono+zod-validator@0.7.3_hono@4.9.10_zod@4.1.12/node_modules/zod/src/v4/mini/tests/object.test.ts [2m([22m[2m12 tests[22m[2m)[22m
 [32m✓[39m [44m[1m TS [22m[49m node_modules/.pnpm/@hono+zod-validator@0.7.3_hono@4.9.10_zod@4.1.12/node_modules/zod/src/v4/mini/tests/prototypes.test.ts [2m([22m[2m2 tests[22m[2m)[22m
 [32m✓[39m [44m[1m TS [22m[49m node_modules/.pnpm/@hono+zod-validator@0.7.3_hono@4.9.10_zod@4.1.12/node_modules/zod/src/v4/mini/tests/recursive-types.test.ts [2m([22m[2m6 tests[22m[2m)[22m
 [32m✓[39m [44m[1m TS [22m[49m node_modules/.pnpm/@hono+zod-validator@0.7.3_hono@4.9.10_zod@4.1.12/node_modules/zod/src/v4/mini/tests/string.test.ts [2m([22m[2m25 tests[22m[2m)[22m
 [32m✓[39m [44m[1m TS [22m[49m node_modules/.pnpm/@tanstack+router-plugin@1.132.51_@tanstack+react-router@1.132.47_react-dom@19.2.0_react_660d50cac44df64599fe155647fcb824/node_modules/zod/src/v4/core/tests/index.test.ts [2m([22m[2m3 tests[22m[2m)[22m
 [32m✓[39m [44m[1m TS [22m[49m node_modules/.pnpm/@tanstack+router-plugin@1.132.51_@tanstack+react-router@1.132.47_react-dom@19.2.0_react_660d50cac44df64599fe155647fcb824/node_modules/zod/src/v4/classic/tests/anyunknown.test.ts [2m([22m[2m3 tests[22m[2m)[22m
 [32m✓[39m [44m[1m TS [22m[49m node_modules/.pnpm/@tanstack+router-plugin@1.132.51_@tanstack+react-router@1.132.47_react-dom@19.2.0_react_660d50cac44df64599fe155647fcb824/node_modules/zod/src/v4/classic/tests/array.test.ts [2m([22m[2m9 tests[22m[2m)[22m
 [32m✓[39m [44m[1m TS [22m[49m node_modules/.pnpm/@tanstack+router-plugin@1.132.51_@tanstack+react-router@1.132.47_react-dom@19.2.0_react_660d50cac44df64599fe155647fcb824/node_modules/zod/src/v4/classic/tests/assignability.test.ts [2m([22m[2m5 tests[22m[2m)[22m
 [32m✓[39m [44m[1m TS [22m[49m node_modules/.pnpm/@tanstack+router-plugin@1.132.51_@tanstack+react-router@1.132.47_react-dom@19.2.0_react_660d50cac44df64599fe155647fcb824/node_modules/zod/src/v4/classic/tests/async-parsing.test.ts [2m([22m[2m23 tests[22m[2m)[22m
 [32m✓[39m [44m[1m TS [22m[49m node_modules/.pnpm/@tanstack+router-plugin@1.132.51_@tanstack+react-router@1.132.47_react-dom@19.2.0_react_660d50cac44df64599fe155647fcb824/node_modules/zod/src/v4/classic/tests/async-refinements.test.ts [2m([22m[2m4 tests[22m[2m)[22m
 [32m✓[39m [44m[1m TS [22m[49m node_modules/.pnpm/@tanstack+router-plugin@1.132.51_@tanstack+react-router@1.132.47_react-dom@19.2.0_react_660d50cac44df64599fe155647fcb824/node_modules/zod/src/v4/classic/tests/base.test.ts [2m([22m[2m1 test[22m[2m)[22m
 [32m✓[39m [44m[1m TS [22m[49m node_modules/.pnpm/@tanstack+router-plugin@1.132.51_@tanstack+react-router@1.132.47_react-dom@19.2.0_react_660d50cac44df64599fe155647fcb824/node_modules/zod/src/v4/classic/tests/bigint.test.ts [2m([22m[2m3 tests[22m[2m)[22m
 [32m✓[39m [44m[1m TS [22m[49m node_modules/.pnpm/@tanstack+router-plugin@1.132.51_@tanstack+react-router@1.132.47_react-dom@19.2.0_react_660d50cac44df64599fe155647fcb824/node_modules/zod/src/v4/classic/tests/brand.test.ts [2m([22m[2m3 tests[22m[2m)[22m
 [32m✓[39m [44m[1m TS [22m[49m node_modules/.pnpm/@tanstack+router-plugin@1.132.51_@tanstack+react-router@1.132.47_react-dom@19.2.0_react_660d50cac44df64599fe155647fcb824/node_modules/zod/src/v4/classic/tests/catch.test.ts [2m([22m[2m16 tests[22m[2m)[22m
 [32m✓[39m [44m[1m TS [22m[49m node_modules/.pnpm/@tanstack+router-plugin@1.132.51_@tanstack+react-router@1.132.47_react-dom@19.2.0_react_660d50cac44df64599fe155647fcb824/node_modules/zod/src/v4/classic/tests/coalesce.test.ts [2m([22m[2m1 test[22m[2m)[22m
 [32m✓[39m [44m[1m TS [22m[49m node_modules/.pnpm/@tanstack+router-plugin@1.132.51_@tanstack+react-router@1.132.47_react-dom@19.2.0_react_660d50cac44df64599fe155647fcb824/node_modules/zod/src/v4/classic/tests/coerce.test.ts [2m([22m[2m6 tests[22m[2m)[22m
 [32m✓[39m [44m[1m TS [22m[49m node_modules/.pnpm/@tanstack+router-plugin@1.132.51_@tanstack+react-router@1.132.47_react-dom@19.2.0_react_660d50cac44df64599fe155647fcb824/node_modules/zod/src/v4/classic/tests/continuability.test.ts [2m([22m[2m1 test[22m[2m)[22m
 [32m✓[39m [44m[1m TS [22m[49m node_modules/.pnpm/@tanstack+router-plugin@1.132.51_@tanstack+react-router@1.132.47_react-dom@19.2.0_react_660d50cac44df64599fe155647fcb824/node_modules/zod/src/v4/classic/tests/custom.test.ts [2m([22m[2m4 tests[22m[2m)[22m
 [32m✓[39m [44m[1m TS [22m[49m node_modules/.pnpm/@tanstack+router-plugin@1.132.51_@tanstack+react-router@1.132.47_react-dom@19.2.0_react_660d50cac44df64599fe155647fcb824/node_modules/zod/src/v4/classic/tests/date.test.ts [2m([22m[2m3 tests[22m[2m)[22m
 [32m✓[39m [44m[1m TS [22m[49m node_modules/.pnpm/@tanstack+router-plugin@1.132.51_@tanstack+react-router@1.132.47_react-dom@19.2.0_react_660d50cac44df64599fe155647fcb824/node_modules/zod/src/v4/classic/tests/datetime.test.ts [2m([22m[2m14 tests[22m[2m)[22m
 [32m✓[39m [44m[1m TS [22m[49m node_modules/.pnpm/@tanstack+router-plugin@1.132.51_@tanstack+react-router@1.132.47_react-dom@19.2.0_react_660d50cac44df64599fe155647fcb824/node_modules/zod/src/v4/classic/tests/default.test.ts [2m([22m[2m13 tests[22m[2m)[22m
 [32m✓[39m [44m[1m TS [22m[49m node_modules/.pnpm/@tanstack+router-plugin@1.132.51_@tanstack+react-router@1.132.47_react-dom@19.2.0_react_660d50cac44df64599fe155647fcb824/node_modules/zod/src/v4/classic/tests/description.test.ts [2m([22m[2m2 tests[22m[2m)[22m
 [32m✓[39m [44m[1m TS [22m[49m node_modules/.pnpm/@tanstack+router-plugin@1.132.51_@tanstack+react-router@1.132.47_react-dom@19.2.0_react_660d50cac44df64599fe155647fcb824/node_modules/zod/src/v4/classic/tests/discriminated-unions.test.ts [2m([22m[2m20 tests[22m[2m)[22m
 [32m✓[39m [44m[1m TS [22m[49m node_modules/.pnpm/@tanstack+router-plugin@1.132.51_@tanstack+react-router@1.132.47_react-dom@19.2.0_react_660d50cac44df64599fe155647fcb824/node_modules/zod/src/v4/classic/tests/enum.test.ts [2m([22m[2m19 tests[22m[2m)[22m
 [32m✓[39m [44m[1m TS [22m[49m node_modules/.pnpm/@tanstack+router-plugin@1.132.51_@tanstack+react-router@1.132.47_react-dom@19.2.0_react_660d50cac44df64599fe155647fcb824/node_modules/zod/src/v4/classic/tests/error-utils.test.ts [2m([22m[2m12 tests[22m[2m)[22m
 [32m✓[39m [44m[1m TS [22m[49m node_modules/.pnpm/@tanstack+router-plugin@1.132.51_@tanstack+react-router@1.132.47_react-dom@19.2.0_react_660d50cac44df64599fe155647fcb824/node_modules/zod/src/v4/classic/tests/error.test.ts [2m([22m[2m27 tests[22m[2m)[22m
 [32m✓[39m [44m[1m TS [22m[49m node_modules/.pnpm/@tanstack+router-plugin@1.132.51_@tanstack+react-router@1.132.47_react-dom@19.2.0_react_660d50cac44df64599fe155647fcb824/node_modules/zod/src/v4/classic/tests/file.test.ts [2m([22m[2m2 tests[22m[2m)[22m
 [32m✓[39m [44m[1m TS [22m[49m node_modules/.pnpm/@tanstack+router-plugin@1.132.51_@tanstack+react-router@1.132.47_react-dom@19.2.0_react_660d50cac44df64599fe155647fcb824/node_modules/zod/src/v4/classic/tests/firstparty.test.ts [2m([22m[2m2 tests[22m[2m)[22m
 [32m✓[39m [44m[1m TS [22m[49m node_modules/.pnpm/@tanstack+router-plugin@1.132.51_@tanstack+react-router@1.132.47_react-dom@19.2.0_react_660d50cac44df64599fe155647fcb824/node_modules/zod/src/v4/classic/tests/function.test.ts [2m([22m[2m13 tests[22m[2m)[22m
 [32m✓[39m [44m[1m TS [22m[49m node_modules/.pnpm/@tanstack+router-plugin@1.132.51_@tanstack+react-router@1.132.47_react-dom@19.2.0_react_660d50cac44df64599fe155647fcb824/node_modules/zod/src/v4/classic/tests/generics.test.ts [2m([22m[2m4 tests[22m[2m)[22m
 [32m✓[39m [44m[1m TS [22m[49m node_modules/.pnpm/@tanstack+router-plugin@1.132.51_@tanstack+react-router@1.132.47_react-dom@19.2.0_react_660d50cac44df64599fe155647fcb824/node_modules/zod/src/v4/classic/tests/index.test.ts [2m([22m[2m56 tests[22m[2m)[22m
 [32m✓[39m [44m[1m TS [22m[49m node_modules/.pnpm/@tanstack+router-plugin@1.132.51_@tanstack+react-router@1.132.47_react-dom@19.2.0_react_660d50cac44df64599fe155647fcb824/node_modules/zod/src/v4/classic/tests/instanceof.test.ts [2m([22m[2m2 tests[22m[2m)[22m
 [32m✓[39m [44m[1m TS [22m[49m node_modules/.pnpm/@tanstack+router-plugin@1.132.51_@tanstack+react-router@1.132.47_react-dom@19.2.0_react_660d50cac44df64599fe155647fcb824/node_modules/zod/src/v4/classic/tests/intersection.test.ts [2m([22m[2m10 tests[22m[2m)[22m
 [32m✓[39m [44m[1m TS [22m[49m node_modules/.pnpm/@tanstack+router-plugin@1.132.51_@tanstack+react-router@1.132.47_react-dom@19.2.0_react_660d50cac44df64599fe155647fcb824/node_modules/zod/src/v4/classic/tests/json.test.ts [2m([22m[2m1 test[22m[2m)[22m
 [32m✓[39m [44m[1m TS [22m[49m node_modules/.pnpm/@tanstack+router-plugin@1.132.51_@tanstack+react-router@1.132.47_react-dom@19.2.0_react_660d50cac44df64599fe155647fcb824/node_modules/zod/src/v4/classic/tests/lazy.test.ts [2m([22m[2m9 tests[22m[2m)[22m
 [32m✓[39m [44m[1m TS [22m[49m node_modules/.pnpm/@tanstack+router-plugin@1.132.51_@tanstack+react-router@1.132.47_react-dom@19.2.0_react_660d50cac44df64599fe155647fcb824/node_modules/zod/src/v4/classic/tests/literal.test.ts [2m([22m[2m9 tests[22m[2m)[22m
 [32m✓[39m [44m[1m TS [22m[49m node_modules/.pnpm/@tanstack+router-plugin@1.132.51_@tanstack+react-router@1.132.47_react-dom@19.2.0_react_660d50cac44df64599fe155647fcb824/node_modules/zod/src/v4/classic/tests/map.test.ts [2m([22m[2m8 tests[22m[2m)[22m
 [32m✓[39m [44m[1m TS [22m[49m node_modules/.pnpm/@tanstack+router-plugin@1.132.51_@tanstack+react-router@1.132.47_react-dom@19.2.0_react_660d50cac44df64599fe155647fcb824/node_modules/zod/src/v4/classic/tests/nan.test.ts [2m([22m[2m2 tests[22m[2m)[22m
 [32m✓[39m [44m[1m TS [22m[49m node_modules/.pnpm/@tanstack+router-plugin@1.132.51_@tanstack+react-router@1.132.47_react-dom@19.2.0_react_660d50cac44df64599fe155647fcb824/node_modules/zod/src/v4/classic/tests/nested-refine.test.ts [2m([22m[2m1 test[22m[2m)[22m
 [32m✓[39m [44m[1m TS [22m[49m node_modules/.pnpm/@tanstack+router-plugin@1.132.51_@tanstack+react-router@1.132.47_react-dom@19.2.0_react_660d50cac44df64599fe155647fcb824/node_modules/zod/src/v4/classic/tests/nonoptional.test.ts [2m([22m[2m3 tests[22m[2m)[22m
 [32m✓[39m [44m[1m TS [22m[49m node_modules/.pnpm/@tanstack+router-plugin@1.132.51_@tanstack+react-router@1.132.47_react-dom@19.2.0_react_660d50cac44df64599fe155647fcb824/node_modules/zod/src/v4/classic/tests/nullable.test.ts [2m([22m[2m3 tests[22m[2m)[22m
 [32m✓[39m [44m[1m TS [22m[49m node_modules/.pnpm/@tanstack+router-plugin@1.132.51_@tanstack+react-router@1.132.47_react-dom@19.2.0_react_660d50cac44df64599fe155647fcb824/node_modules/zod/src/v4/classic/tests/number.test.ts [2m([22m[2m25 tests[22m[2m)[22m
 [32m✓[39m [44m[1m TS [22m[49m node_modules/.pnpm/@tanstack+router-plugin@1.132.51_@tanstack+react-router@1.132.47_react-dom@19.2.0_react_660d50cac44df64599fe155647fcb824/node_modules/zod/src/v4/classic/tests/object.test.ts [2m([22m[2m45 tests[22m[2m)[22m
 [32m✓[39m [44m[1m TS [22m[49m node_modules/.pnpm/@tanstack+router-plugin@1.132.51_@tanstack+react-router@1.132.47_react-dom@19.2.0_react_660d50cac44df64599fe155647fcb824/node_modules/zod/src/v4/classic/tests/optional.test.ts [2m([22m[2m5 tests[22m[2m)[22m
 [32m✓[39m [44m[1m TS [22m[49m node_modules/.pnpm/@tanstack+router-plugin@1.132.51_@tanstack+react-router@1.132.47_react-dom@19.2.0_react_660d50cac44df64599fe155647fcb824/node_modules/zod/src/v4/classic/tests/partial.test.ts [2m([22m[2m8 tests[22m[2m)[22m
 [32m✓[39m [44m[1m TS [22m[49m node_modules/.pnpm/@tanstack+router-plugin@1.132.51_@tanstack+react-router@1.132.47_react-dom@19.2.0_react_660d50cac44df64599fe155647fcb824/node_modules/zod/src/v4/classic/tests/pickomit.test.ts [2m([22m[2m12 tests[22m[2m)[22m
 [32m✓[39m [44m[1m TS [22m[49m node_modules/.pnpm/@tanstack+router-plugin@1.132.51_@tanstack+react-router@1.132.47_react-dom@19.2.0_react_660d50cac44df64599fe155647fcb824/node_modules/zod/src/v4/classic/tests/pipe.test.ts [2m([22m[2m5 tests[22m[2m)[22m
 [32m✓[39m [44m[1m TS [22m[49m node_modules/.pnpm/@tanstack+router-plugin@1.132.51_@tanstack+react-router@1.132.47_react-dom@19.2.0_react_660d50cac44df64599fe155647fcb824/node_modules/zod/src/v4/classic/tests/prefault.test.ts [2m([22m[2m2 tests[22m[2m)[22m
 [32m✓[39m [44m[1m TS [22m[49m node_modules/.pnpm/@tanstack+router-plugin@1.132.51_@tanstack+react-router@1.132.47_react-dom@19.2.0_react_660d50cac44df64599fe155647fcb824/node_modules/zod/src/v4/classic/tests/preprocess.test.ts [2m([22m[2m11 tests[22m[2m)[22m
 [32m✓[39m [44m[1m TS [22m[49m node_modules/.pnpm/@tanstack+router-plugin@1.132.51_@tanstack+react-router@1.132.47_react-dom@19.2.0_react_660d50cac44df64599fe155647fcb824/node_modules/zod/src/v4/classic/tests/primitive.test.ts [2m([22m[2m14 tests[22m[2m)[22m
 [32m✓[39m [44m[1m TS [22m[49m node_modules/.pnpm/@tanstack+router-plugin@1.132.51_@tanstack+react-router@1.132.47_react-dom@19.2.0_react_660d50cac44df64599fe155647fcb824/node_modules/zod/src/v4/classic/tests/promise.test.ts [2m([22m[2m10 tests[22m[2m)[22m
 [32m✓[39m [44m[1m TS [22m[49m node_modules/.pnpm/@tanstack+router-plugin@1.132.51_@tanstack+react-router@1.132.47_react-dom@19.2.0_react_660d50cac44df64599fe155647fcb824/node_modules/zod/src/v4/classic/tests/prototypes.test.ts [2m([22m[2m1 test[22m[2m)[22m
 [32m✓[39m [44m[1m TS [22m[49m node_modules/.pnpm/@tanstack+router-plugin@1.132.51_@tanstack+react-router@1.132.47_react-dom@19.2.0_react_660d50cac44df64599fe155647fcb824/node_modules/zod/src/v4/classic/tests/readonly.test.ts [2m([22m[2m7 tests[22m[2m)[22m
 [32m✓[39m [44m[1m TS [22m[49m node_modules/.pnpm/@tanstack+router-plugin@1.132.51_@tanstack+react-router@1.132.47_react-dom@19.2.0_react_660d50cac44df64599fe155647fcb824/node_modules/zod/src/v4/classic/tests/record.test.ts [2m([22m[2m13 tests[22m[2m)[22m
 [32m✓[39m [44m[1m TS [22m[49m node_modules/.pnpm/@tanstack+router-plugin@1.132.51_@tanstack+react-router@1.132.47_react-dom@19.2.0_react_660d50cac44df64599fe155647fcb824/node_modules/zod/src/v4/classic/tests/recursive-types.test.ts [2m([22m[2m8 tests[22m[2m)[22m
 [32m✓[39m [44m[1m TS [22m[49m node_modules/.pnpm/@tanstack+router-plugin@1.132.51_@tanstack+react-router@1.132.47_react-dom@19.2.0_react_660d50cac44df64599fe155647fcb824/node_modules/zod/src/v4/classic/tests/refine.test.ts [2m([22m[2m15 tests[22m[2m)[22m
 [32m✓[39m [44m[1m TS [22m[49m node_modules/.pnpm/@tanstack+router-plugin@1.132.51_@tanstack+react-router@1.132.47_react-dom@19.2.0_react_660d50cac44df64599fe155647fcb824/node_modules/zod/src/v4/classic/tests/registries.test.ts [2m([22m[2m16 tests[22m[2m)[22m
 [32m✓[39m [44m[1m TS [22m[49m node_modules/.pnpm/@tanstack+router-plugin@1.132.51_@tanstack+react-router@1.132.47_react-dom@19.2.0_react_660d50cac44df64599fe155647fcb824/node_modules/zod/src/v4/classic/tests/set.test.ts [2m([22m[2m12 tests[22m[2m)[22m
 [32m✓[39m [44m[1m TS [22m[49m node_modules/.pnpm/@tanstack+router-plugin@1.132.51_@tanstack+react-router@1.132.47_react-dom@19.2.0_react_660d50cac44df64599fe155647fcb824/node_modules/zod/src/v4/classic/tests/standard-schema.test.ts [2m([22m[2m4 tests[22m[2m)[22m
 [32m✓[39m [44m[1m TS [22m[49m node_modules/.pnpm/@tanstack+router-plugin@1.132.51_@tanstack+react-router@1.132.47_react-dom@19.2.0_react_660d50cac44df64599fe155647fcb824/node_modules/zod/src/v4/classic/tests/string-formats.test.ts [2m([22m[2m2 tests[22m[2m)[22m
 [32m✓[39m [44m[1m TS [22m[49m node_modules/.pnpm/@tanstack+router-plugin@1.132.51_@tanstack+react-router@1.132.47_react-dom@19.2.0_react_660d50cac44df64599fe155647fcb824/node_modules/zod/src/v4/classic/tests/string.test.ts [2m([22m[2m36 tests[22m[2m)[22m
 [32m✓[39m [44m[1m TS [22m[49m node_modules/.pnpm/@tanstack+router-plugin@1.132.51_@tanstack+react-router@1.132.47_react-dom@19.2.0_react_660d50cac44df64599fe155647fcb824/node_modules/zod/src/v4/classic/tests/stringbool.test.ts [2m([22m[2m4 tests[22m[2m)[22m
 [32m✓[39m [44m[1m TS [22m[49m node_modules/.pnpm/@tanstack+router-plugin@1.132.51_@tanstack+react-router@1.132.47_react-dom@19.2.0_react_660d50cac44df64599fe155647fcb824/node_modules/zod/src/v4/classic/tests/template-literal.test.ts [2m([22m[2m8 tests[22m[2m)[22m
 [32m✓[39m [44m[1m TS [22m[49m node_modules/.pnpm/@tanstack+router-plugin@1.132.51_@tanstack+react-router@1.132.47_react-dom@19.2.0_react_660d50cac44df64599fe155647fcb824/node_modules/zod/src/v4/classic/tests/to-json-schema.test.ts [2m([22m[2m48 tests[22m[2m)[22m
 [32m✓[39m [44m[1m TS [22m[49m node_modules/.pnpm/@tanstack+router-plugin@1.132.51_@tanstack+react-router@1.132.47_react-dom@19.2.0_react_660d50cac44df64599fe155647fcb824/node_modules/zod/src/v4/classic/tests/transform.test.ts [2m([22m[2m16 tests[22m[2m)[22m
 [32m✓[39m [44m[1m TS [22m[49m node_modules/.pnpm/@tanstack+router-plugin@1.132.51_@tanstack+react-router@1.132.47_react-dom@19.2.0_react_660d50cac44df64599fe155647fcb824/node_modules/zod/src/v4/classic/tests/tuple.test.ts [2m([22m[2m6 tests[22m[2m)[22m
 [32m✓[39m [44m[1m TS [22m[49m node_modules/.pnpm/@tanstack+router-plugin@1.132.51_@tanstack+react-router@1.132.47_react-dom@19.2.0_react_660d50cac44df64599fe155647fcb824/node_modules/zod/src/v4/classic/tests/union.test.ts [2m([22m[2m8 tests[22m[2m)[22m
 [32m✓[39m [44m[1m TS [22m[49m node_modules/.pnpm/@tanstack+router-plugin@1.132.51_@tanstack+react-router@1.132.47_react-dom@19.2.0_react_660d50cac44df64599fe155647fcb824/node_modules/zod/src/v4/classic/tests/validations.test.ts [2m([22m[2m13 tests[22m[2m)[22m
 [32m✓[39m [44m[1m TS [22m[49m node_modules/.pnpm/@tanstack+router-plugin@1.132.51_@tanstack+react-router@1.132.47_react-dom@19.2.0_react_660d50cac44df64599fe155647fcb824/node_modules/zod/src/v4/classic/tests/void.test.ts [2m([22m[2m1 test[22m[2m)[22m
 [32m✓[39m [44m[1m TS [22m[49m node_modules/.pnpm/@tanstack+router-plugin@1.132.51_@tanstack+react-router@1.132.47_react-dom@19.2.0_react_660d50cac44df64599fe155647fcb824/node_modules/zod/src/v4/mini/tests/assignability.test.ts [2m([22m[2m2 tests[22m[2m)[22m
 [32m✓[39m [44m[1m TS [22m[49m node_modules/.pnpm/@tanstack+router-plugin@1.132.51_@tanstack+react-router@1.132.47_react-dom@19.2.0_react_660d50cac44df64599fe155647fcb824/node_modules/zod/src/v4/mini/tests/brand.test.ts [2m([22m[2m1 test[22m[2m)[22m
 [32m✓[39m [44m[1m TS [22m[49m node_modules/.pnpm/@tanstack+router-plugin@1.132.51_@tanstack+react-router@1.132.47_react-dom@19.2.0_react_660d50cac44df64599fe155647fcb824/node_modules/zod/src/v4/mini/tests/checks.test.ts [2m([22m[2m17 tests[22m[2m)[22m
 [32m✓[39m [44m[1m TS [22m[49m node_modules/.pnpm/@tanstack+router-plugin@1.132.51_@tanstack+react-router@1.132.47_react-dom@19.2.0_react_660d50cac44df64599fe155647fcb824/node_modules/zod/src/v4/mini/tests/computed.test.ts [2m([22m[2m5 tests[22m[2m)[22m
 [32m✓[39m [44m[1m TS [22m[49m node_modules/.pnpm/@tanstack+router-plugin@1.132.51_@tanstack+react-router@1.132.47_react-dom@19.2.0_react_660d50cac44df64599fe155647fcb824/node_modules/zod/src/v4/mini/tests/error.test.ts [2m([22m[2m2 tests[22m[2m)[22m
 [32m✓[39m [44m[1m TS [22m[49m node_modules/.pnpm/@tanstack+router-plugin@1.132.51_@tanstack+react-router@1.132.47_react-dom@19.2.0_react_660d50cac44df64599fe155647fcb824/node_modules/zod/src/v4/mini/tests/functions.test.ts [2m([22m[2m1 test[22m[2m)[22m
 [32m✓[39m [44m[1m TS [22m[49m node_modules/.pnpm/@tanstack+router-plugin@1.132.51_@tanstack+react-router@1.132.47_react-dom@19.2.0_react_660d50cac44df64599fe155647fcb824/node_modules/zod/src/v4/mini/tests/index.test.ts [2m([22m[2m56 tests[22m[2m)[22m
 [32m✓[39m [44m[1m TS [22m[49m node_modules/.pnpm/@tanstack+router-plugin@1.132.51_@tanstack+react-router@1.132.47_react-dom@19.2.0_react_660d50cac44df64599fe155647fcb824/node_modules/zod/src/v4/mini/tests/number.test.ts [2m([22m[2m9 tests[22m[2m)[22m
 [32m✓[39m [44m[1m TS [22m[49m node_modules/.pnpm/@tanstack+router-plugin@1.132.51_@tanstack+react-router@1.132.47_react-dom@19.2.0_react_660d50cac44df64599fe155647fcb824/node_modules/zod/src/v4/mini/tests/object.test.ts [2m([22m[2m11 tests[22m[2m)[22m
 [32m✓[39m [44m[1m TS [22m[49m node_modules/.pnpm/@tanstack+router-plugin@1.132.51_@tanstack+react-router@1.132.47_react-dom@19.2.0_react_660d50cac44df64599fe155647fcb824/node_modules/zod/src/v4/mini/tests/prototypes.test.ts [2m([22m[2m2 tests[22m[2m)[22m
 [32m✓[39m [44m[1m TS [22m[49m node_modules/.pnpm/@tanstack+router-plugin@1.132.51_@tanstack+react-router@1.132.47_react-dom@19.2.0_react_660d50cac44df64599fe155647fcb824/node_modules/zod/src/v4/mini/tests/recursive-types.test.ts [2m([22m[2m6 tests[22m[2m)[22m
 [32m✓[39m [44m[1m TS [22m[49m node_modules/.pnpm/@tanstack+router-plugin@1.132.51_@tanstack+react-router@1.132.47_react-dom@19.2.0_react_660d50cac44df64599fe155647fcb824/node_modules/zod/src/v4/mini/tests/string.test.ts [2m([22m[2m24 tests[22m[2m)[22m
 [32m✓[39m [44m[1m TS [22m[49m node_modules/.pnpm/@tanstack+router-generator@1.132.51/node_modules/zod/src/v4/classic/tests/anyunknown.test.ts [2m([22m[2m3 tests[22m[2m)[22m
 [32m✓[39m [44m[1m TS [22m[49m node_modules/.pnpm/@tanstack+router-generator@1.132.51/node_modules/zod/src/v4/classic/tests/array.test.ts [2m([22m[2m9 tests[22m[2m)[22m
 [32m✓[39m [44m[1m TS [22m[49m node_modules/.pnpm/@tanstack+router-generator@1.132.51/node_modules/zod/src/v4/classic/tests/assignability.test.ts [2m([22m[2m5 tests[22m[2m)[22m
 [32m✓[39m [44m[1m TS [22m[49m node_modules/.pnpm/@tanstack+router-generator@1.132.51/node_modules/zod/src/v4/classic/tests/async-parsing.test.ts [2m([22m[2m23 tests[22m[2m)[22m
 [32m✓[39m [44m[1m TS [22m[49m node_modules/.pnpm/@tanstack+router-generator@1.132.51/node_modules/zod/src/v4/classic/tests/async-refinements.test.ts [2m([22m[2m4 tests[22m[2m)[22m
 [32m✓[39m [44m[1m TS [22m[49m node_modules/.pnpm/@tanstack+router-generator@1.132.51/node_modules/zod/src/v4/classic/tests/base.test.ts [2m([22m[2m1 test[22m[2m)[22m
 [32m✓[39m [44m[1m TS [22m[49m node_modules/.pnpm/@tanstack+router-generator@1.132.51/node_modules/zod/src/v4/classic/tests/bigint.test.ts [2m([22m[2m3 tests[22m[2m)[22m
 [32m✓[39m [44m[1m TS [22m[49m node_modules/.pnpm/@tanstack+router-generator@1.132.51/node_modules/zod/src/v4/classic/tests/brand.test.ts [2m([22m[2m3 tests[22m[2m)[22m
 [32m✓[39m [44m[1m TS [22m[49m node_modules/.pnpm/@tanstack+router-generator@1.132.51/node_modules/zod/src/v4/classic/tests/catch.test.ts [2m([22m[2m16 tests[22m[2m)[22m
 [32m✓[39m [44m[1m TS [22m[49m node_modules/.pnpm/@tanstack+router-generator@1.132.51/node_modules/zod/src/v4/classic/tests/coalesce.test.ts [2m([22m[2m1 test[22m[2m)[22m
 [32m✓[39m [44m[1m TS [22m[49m node_modules/.pnpm/@tanstack+router-generator@1.132.51/node_modules/zod/src/v4/classic/tests/coerce.test.ts [2m([22m[2m6 tests[22m[2m)[22m
 [32m✓[39m [44m[1m TS [22m[49m node_modules/.pnpm/@tanstack+router-generator@1.132.51/node_modules/zod/src/v4/classic/tests/continuability.test.ts [2m([22m[2m1 test[22m[2m)[22m
 [32m✓[39m [44m[1m TS [22m[49m node_modules/.pnpm/@tanstack+router-generator@1.132.51/node_modules/zod/src/v4/classic/tests/custom.test.ts [2m([22m[2m4 tests[22m[2m)[22m
 [32m✓[39m [44m[1m TS [22m[49m node_modules/.pnpm/@tanstack+router-generator@1.132.51/node_modules/zod/src/v4/classic/tests/date.test.ts [2m([22m[2m3 tests[22m[2m)[22m
 [32m✓[39m [44m[1m TS [22m[49m node_modules/.pnpm/@tanstack+router-generator@1.132.51/node_modules/zod/src/v4/classic/tests/datetime.test.ts [2m([22m[2m14 tests[22m[2m)[22m
 [32m✓[39m [44m[1m TS [22m[49m node_modules/.pnpm/@tanstack+router-generator@1.132.51/node_modules/zod/src/v4/classic/tests/default.test.ts [2m([22m[2m13 tests[22m[2m)[22m
 [32m✓[39m [44m[1m TS [22m[49m node_modules/.pnpm/@tanstack+router-generator@1.132.51/node_modules/zod/src/v4/classic/tests/description.test.ts [2m([22m[2m2 tests[22m[2m)[22m
 [32m✓[39m [44m[1m TS [22m[49m node_modules/.pnpm/@tanstack+router-generator@1.132.51/node_modules/zod/src/v4/classic/tests/discriminated-unions.test.ts [2m([22m[2m20 tests[22m[2m)[22m
 [32m✓[39m [44m[1m TS [22m[49m node_modules/.pnpm/@tanstack+router-generator@1.132.51/node_modules/zod/src/v4/classic/tests/enum.test.ts [2m([22m[2m19 tests[22m[2m)[22m
 [32m✓[39m [44m[1m TS [22m[49m node_modules/.pnpm/@tanstack+router-generator@1.132.51/node_modules/zod/src/v4/classic/tests/error-utils.test.ts [2m([22m[2m12 tests[22m[2m)[22m
 [32m✓[39m [44m[1m TS [22m[49m node_modules/.pnpm/@tanstack+router-generator@1.132.51/node_modules/zod/src/v4/classic/tests/error.test.ts [2m([22m[2m27 tests[22m[2m)[22m
 [32m✓[39m [44m[1m TS [22m[49m node_modules/.pnpm/@tanstack+router-generator@1.132.51/node_modules/zod/src/v4/classic/tests/file.test.ts [2m([22m[2m2 tests[22m[2m)[22m
 [32m✓[39m [44m[1m TS [22m[49m node_modules/.pnpm/@tanstack+router-generator@1.132.51/node_modules/zod/src/v4/classic/tests/firstparty.test.ts [2m([22m[2m2 tests[22m[2m)[22m
 [32m✓[39m [44m[1m TS [22m[49m node_modules/.pnpm/@tanstack+router-generator@1.132.51/node_modules/zod/src/v4/classic/tests/function.test.ts [2m([22m[2m13 tests[22m[2m)[22m
 [32m✓[39m [44m[1m TS [22m[49m node_modules/.pnpm/@tanstack+router-generator@1.132.51/node_modules/zod/src/v4/classic/tests/generics.test.ts [2m([22m[2m4 tests[22m[2m)[22m
 [32m✓[39m [44m[1m TS [22m[49m node_modules/.pnpm/@tanstack+router-generator@1.132.51/node_modules/zod/src/v4/classic/tests/index.test.ts [2m([22m[2m56 tests[22m[2m)[22m
 [32m✓[39m [44m[1m TS [22m[49m node_modules/.pnpm/@tanstack+router-generator@1.132.51/node_modules/zod/src/v4/classic/tests/instanceof.test.ts [2m([22m[2m2 tests[22m[2m)[22m
 [32m✓[39m [44m[1m TS [22m[49m node_modules/.pnpm/@tanstack+router-generator@1.132.51/node_modules/zod/src/v4/classic/tests/intersection.test.ts [2m([22m[2m10 tests[22m[2m)[22m
 [32m✓[39m [44m[1m TS [22m[49m node_modules/.pnpm/@tanstack+router-generator@1.132.51/node_modules/zod/src/v4/classic/tests/json.test.ts [2m([22m[2m1 test[22m[2m)[22m
 [32m✓[39m [44m[1m TS [22m[49m node_modules/.pnpm/@tanstack+router-generator@1.132.51/node_modules/zod/src/v4/classic/tests/lazy.test.ts [2m([22m[2m9 tests[22m[2m)[22m
 [32m✓[39m [44m[1m TS [22m[49m node_modules/.pnpm/@tanstack+router-generator@1.132.51/node_modules/zod/src/v4/classic/tests/literal.test.ts [2m([22m[2m9 tests[22m[2m)[22m
 [32m✓[39m [44m[1m TS [22m[49m node_modules/.pnpm/@tanstack+router-generator@1.132.51/node_modules/zod/src/v4/classic/tests/map.test.ts [2m([22m[2m8 tests[22m[2m)[22m
 [32m✓[39m [44m[1m TS [22m[49m node_modules/.pnpm/@tanstack+router-generator@1.132.51/node_modules/zod/src/v4/classic/tests/nan.test.ts [2m([22m[2m2 tests[22m[2m)[22m
 [32m✓[39m [44m[1m TS [22m[49m node_modules/.pnpm/@tanstack+router-generator@1.132.51/node_modules/zod/src/v4/classic/tests/nested-refine.test.ts [2m([22m[2m1 test[22m[2m)[22m
 [32m✓[39m [44m[1m TS [22m[49m node_modules/.pnpm/@tanstack+router-generator@1.132.51/node_modules/zod/src/v4/classic/tests/nonoptional.test.ts [2m([22m[2m3 tests[22m[2m)[22m
 [32m✓[39m [44m[1m TS [22m[49m node_modules/.pnpm/@tanstack+router-generator@1.132.51/node_modules/zod/src/v4/classic/tests/nullable.test.ts [2m([22m[2m3 tests[22m[2m)[22m
 [32m✓[39m [44m[1m TS [22m[49m node_modules/.pnpm/@tanstack+router-generator@1.132.51/node_modules/zod/src/v4/classic/tests/number.test.ts [2m([22m[2m25 tests[22m[2m)[22m
 [32m✓[39m [44m[1m TS [22m[49m node_modules/.pnpm/@tanstack+router-generator@1.132.51/node_modules/zod/src/v4/classic/tests/object.test.ts [2m([22m[2m45 tests[22m[2m)[22m
 [32m✓[39m [44m[1m TS [22m[49m node_modules/.pnpm/@tanstack+router-generator@1.132.51/node_modules/zod/src/v4/classic/tests/optional.test.ts [2m([22m[2m5 tests[22m[2m)[22m
 [32m✓[39m [44m[1m TS [22m[49m node_modules/.pnpm/@tanstack+router-generator@1.132.51/node_modules/zod/src/v4/classic/tests/partial.test.ts [2m([22m[2m8 tests[22m[2m)[22m
 [32m✓[39m [44m[1m TS [22m[49m node_modules/.pnpm/@tanstack+router-generator@1.132.51/node_modules/zod/src/v4/classic/tests/pickomit.test.ts [2m([22m[2m12 tests[22m[2m)[22m
 [32m✓[39m [44m[1m TS [22m[49m node_modules/.pnpm/@tanstack+router-generator@1.132.51/node_modules/zod/src/v4/classic/tests/pipe.test.ts [2m([22m[2m5 tests[22m[2m)[22m
 [32m✓[39m [44m[1m TS [22m[49m node_modules/.pnpm/@tanstack+router-generator@1.132.51/node_modules/zod/src/v4/classic/tests/prefault.test.ts [2m([22m[2m2 tests[22m[2m)[22m
 [32m✓[39m [44m[1m TS [22m[49m node_modules/.pnpm/@tanstack+router-generator@1.132.51/node_modules/zod/src/v4/classic/tests/preprocess.test.ts [2m([22m[2m11 tests[22m[2m)[22m
 [32m✓[39m [44m[1m TS [22m[49m node_modules/.pnpm/@tanstack+router-generator@1.132.51/node_modules/zod/src/v4/classic/tests/primitive.test.ts [2m([22m[2m14 tests[22m[2m)[22m
 [32m✓[39m [44m[1m TS [22m[49m node_modules/.pnpm/@tanstack+router-generator@1.132.51/node_modules/zod/src/v4/classic/tests/promise.test.ts [2m([22m[2m10 tests[22m[2m)[22m
 [32m✓[39m [44m[1m TS [22m[49m node_modules/.pnpm/@tanstack+router-generator@1.132.51/node_modules/zod/src/v4/classic/tests/prototypes.test.ts [2m([22m[2m1 test[22m[2m)[22m
 [32m✓[39m [44m[1m TS [22m[49m node_modules/.pnpm/@tanstack+router-generator@1.132.51/node_modules/zod/src/v4/classic/tests/readonly.test.ts [2m([22m[2m7 tests[22m[2m)[22m
 [32m✓[39m [44m[1m TS [22m[49m node_modules/.pnpm/@tanstack+router-generator@1.132.51/node_modules/zod/src/v4/classic/tests/record.test.ts [2m([22m[2m13 tests[22m[2m)[22m
 [32m✓[39m [44m[1m TS [22m[49m node_modules/.pnpm/@tanstack+router-generator@1.132.51/node_modules/zod/src/v4/classic/tests/recursive-types.test.ts [2m([22m[2m8 tests[22m[2m)[22m
 [32m✓[39m [44m[1m TS [22m[49m node_modules/.pnpm/@tanstack+router-generator@1.132.51/node_modules/zod/src/v4/classic/tests/refine.test.ts [2m([22m[2m15 tests[22m[2m)[22m
 [32m✓[39m [44m[1m TS [22m[49m node_modules/.pnpm/@tanstack+router-generator@1.132.51/node_modules/zod/src/v4/classic/tests/registries.test.ts [2m([22m[2m16 tests[22m[2m)[22m
 [32m✓[39m [44m[1m TS [22m[49m node_modules/.pnpm/@tanstack+router-generator@1.132.51/node_modules/zod/src/v4/classic/tests/set.test.ts [2m([22m[2m12 tests[22m[2m)[22m
 [32m✓[39m [44m[1m TS [22m[49m node_modules/.pnpm/@tanstack+router-generator@1.132.51/node_modules/zod/src/v4/classic/tests/standard-schema.test.ts [2m([22m[2m4 tests[22m[2m)[22m
 [32m✓[39m [44m[1m TS [22m[49m node_modules/.pnpm/@tanstack+router-generator@1.132.51/node_modules/zod/src/v4/classic/tests/string-formats.test.ts [2m([22m[2m2 tests[22m[2m)[22m
 [32m✓[39m [44m[1m TS [22m[49m node_modules/.pnpm/@tanstack+router-generator@1.132.51/node_modules/zod/src/v4/classic/tests/string.test.ts [2m([22m[2m36 tests[22m[2m)[22m
 [32m✓[39m [44m[1m TS [22m[49m node_modules/.pnpm/@tanstack+router-generator@1.132.51/node_modules/zod/src/v4/classic/tests/stringbool.test.ts [2m([22m[2m4 tests[22m[2m)[22m
 [32m✓[39m [44m[1m TS [22m[49m node_modules/.pnpm/@tanstack+router-generator@1.132.51/node_modules/zod/src/v4/classic/tests/template-literal.test.ts [2m([22m[2m8 tests[22m[2m)[22m
 [32m✓[39m [44m[1m TS [22m[49m node_modules/.pnpm/@tanstack+router-generator@1.132.51/node_modules/zod/src/v4/classic/tests/to-json-schema.test.ts [2m([22m[2m48 tests[22m[2m)[22m
 [32m✓[39m [44m[1m TS [22m[49m node_modules/.pnpm/@tanstack+router-generator@1.132.51/node_modules/zod/src/v4/classic/tests/transform.test.ts [2m([22m[2m16 tests[22m[2m)[22m
 [32m✓[39m [44m[1m TS [22m[49m node_modules/.pnpm/@tanstack+router-generator@1.132.51/node_modules/zod/src/v4/classic/tests/tuple.test.ts [2m([22m[2m6 tests[22m[2m)[22m
 [32m✓[39m [44m[1m TS [22m[49m node_modules/.pnpm/@tanstack+router-generator@1.132.51/node_modules/zod/src/v4/classic/tests/union.test.ts [2m([22m[2m8 tests[22m[2m)[22m
 [32m✓[39m [44m[1m TS [22m[49m node_modules/.pnpm/@tanstack+router-generator@1.132.51/node_modules/zod/src/v4/classic/tests/validations.test.ts [2m([22m[2m13 tests[22m[2m)[22m
 [32m✓[39m [44m[1m TS [22m[49m node_modules/.pnpm/@tanstack+router-generator@1.132.51/node_modules/zod/src/v4/classic/tests/void.test.ts [2m([22m[2m1 test[22m[2m)[22m
 [32m✓[39m [44m[1m TS [22m[49m node_modules/.pnpm/@tanstack+router-generator@1.132.51/node_modules/zod/src/v4/core/tests/index.test.ts [2m([22m[2m3 tests[22m[2m)[22m
 [32m✓[39m [44m[1m TS [22m[49m node_modules/.pnpm/@tanstack+router-generator@1.132.51/node_modules/zod/src/v4/mini/tests/assignability.test.ts [2m([22m[2m2 tests[22m[2m)[22m
 [32m✓[39m [44m[1m TS [22m[49m node_modules/.pnpm/@tanstack+router-generator@1.132.51/node_modules/zod/src/v4/mini/tests/brand.test.ts [2m([22m[2m1 test[22m[2m)[22m
 [32m✓[39m [44m[1m TS [22m[49m node_modules/.pnpm/@tanstack+router-generator@1.132.51/node_modules/zod/src/v4/mini/tests/checks.test.ts [2m([22m[2m17 tests[22m[2m)[22m
 [32m✓[39m [44m[1m TS [22m[49m node_modules/.pnpm/@tanstack+router-generator@1.132.51/node_modules/zod/src/v4/mini/tests/computed.test.ts [2m([22m[2m5 tests[22m[2m)[22m
 [32m✓[39m [44m[1m TS [22m[49m node_modules/.pnpm/@tanstack+router-generator@1.132.51/node_modules/zod/src/v4/mini/tests/error.test.ts [2m([22m[2m2 tests[22m[2m)[22m
 [32m✓[39m [44m[1m TS [22m[49m node_modules/.pnpm/@tanstack+router-generator@1.132.51/node_modules/zod/src/v4/mini/tests/functions.test.ts [2m([22m[2m1 test[22m[2m)[22m
 [32m✓[39m [44m[1m TS [22m[49m node_modules/.pnpm/@tanstack+router-generator@1.132.51/node_modules/zod/src/v4/mini/tests/index.test.ts [2m([22m[2m56 tests[22m[2m)[22m
 [32m✓[39m [44m[1m TS [22m[49m node_modules/.pnpm/@tanstack+router-generator@1.132.51/node_modules/zod/src/v4/mini/tests/number.test.ts [2m([22m[2m9 tests[22m[2m)[22m
 [32m✓[39m [44m[1m TS [22m[49m node_modules/.pnpm/@tanstack+router-generator@1.132.51/node_modules/zod/src/v4/mini/tests/object.test.ts [2m([22m[2m11 tests[22m[2m)[22m
 [32m✓[39m [44m[1m TS [22m[49m node_modules/.pnpm/@tanstack+router-generator@1.132.51/node_modules/zod/src/v4/mini/tests/prototypes.test.ts [2m([22m[2m2 tests[22m[2m)[22m
 [32m✓[39m [44m[1m TS [22m[49m node_modules/.pnpm/@tanstack+router-generator@1.132.51/node_modules/zod/src/v4/mini/tests/recursive-types.test.ts [2m([22m[2m6 tests[22m[2m)[22m
 [32m✓[39m [44m[1m TS [22m[49m node_modules/.pnpm/@tanstack+router-generator@1.132.51/node_modules/zod/src/v4/mini/tests/string.test.ts [2m([22m[2m24 tests[22m[2m)[22m
 [32m✓[39m [44m[1m TS [22m[49m node_modules/.pnpm/ai@5.0.65_zod@4.1.12/node_modules/zod/src/v4/classic/tests/anyunknown.test.ts [2m([22m[2m3 tests[22m[2m)[22m
 [32m✓[39m [44m[1m TS [22m[49m node_modules/.pnpm/ai@5.0.65_zod@4.1.12/node_modules/zod/src/v4/classic/tests/array.test.ts [2m([22m[2m9 tests[22m[2m)[22m
 [32m✓[39m [44m[1m TS [22m[49m node_modules/.pnpm/ai@5.0.65_zod@4.1.12/node_modules/zod/src/v4/classic/tests/assignability.test.ts [2m([22m[2m5 tests[22m[2m)[22m
 [32m✓[39m [44m[1m TS [22m[49m node_modules/.pnpm/ai@5.0.65_zod@4.1.12/node_modules/zod/src/v4/classic/tests/async-parsing.test.ts [2m([22m[2m23 tests[22m[2m)[22m
 [32m✓[39m [44m[1m TS [22m[49m node_modules/.pnpm/ai@5.0.65_zod@4.1.12/node_modules/zod/src/v4/classic/tests/async-refinements.test.ts [2m([22m[2m4 tests[22m[2m)[22m
 [32m✓[39m [44m[1m TS [22m[49m node_modules/.pnpm/ai@5.0.65_zod@4.1.12/node_modules/zod/src/v4/classic/tests/base.test.ts [2m([22m[2m1 test[22m[2m)[22m
 [32m✓[39m [44m[1m TS [22m[49m node_modules/.pnpm/ai@5.0.65_zod@4.1.12/node_modules/zod/src/v4/classic/tests/bigint.test.ts [2m([22m[2m3 tests[22m[2m)[22m
 [32m✓[39m [44m[1m TS [22m[49m node_modules/.pnpm/ai@5.0.65_zod@4.1.12/node_modules/zod/src/v4/classic/tests/brand.test.ts [2m([22m[2m3 tests[22m[2m)[22m
 [32m✓[39m [44m[1m TS [22m[49m node_modules/.pnpm/ai@5.0.65_zod@4.1.12/node_modules/zod/src/v4/classic/tests/catch.test.ts [2m([22m[2m17 tests[22m[2m)[22m
 [32m✓[39m [44m[1m TS [22m[49m node_modules/.pnpm/ai@5.0.65_zod@4.1.12/node_modules/zod/src/v4/classic/tests/coalesce.test.ts [2m([22m[2m1 test[22m[2m)[22m
 [32m✓[39m [44m[1m TS [22m[49m node_modules/.pnpm/ai@5.0.65_zod@4.1.12/node_modules/zod/src/v4/classic/tests/codec-examples.test.ts [2m([22m[2m19 tests[22m[2m)[22m
 [32m✓[39m [44m[1m TS [22m[49m node_modules/.pnpm/ai@5.0.65_zod@4.1.12/node_modules/zod/src/v4/classic/tests/codec.test.ts [2m([22m[2m14 tests[22m[2m)[22m
 [32m✓[39m [44m[1m TS [22m[49m node_modules/.pnpm/ai@5.0.65_zod@4.1.12/node_modules/zod/src/v4/classic/tests/coerce.test.ts [2m([22m[2m6 tests[22m[2m)[22m
 [32m✓[39m [44m[1m TS [22m[49m node_modules/.pnpm/ai@5.0.65_zod@4.1.12/node_modules/zod/src/v4/classic/tests/continuability.test.ts [2m([22m[2m1 test[22m[2m)[22m
 [32m✓[39m [44m[1m TS [22m[49m node_modules/.pnpm/ai@5.0.65_zod@4.1.12/node_modules/zod/src/v4/classic/tests/custom.test.ts [2m([22m[2m4 tests[22m[2m)[22m
 [32m✓[39m [44m[1m TS [22m[49m node_modules/.pnpm/ai@5.0.65_zod@4.1.12/node_modules/zod/src/v4/classic/tests/date.test.ts [2m([22m[2m3 tests[22m[2m)[22m
 [32m✓[39m [44m[1m TS [22m[49m node_modules/.pnpm/ai@5.0.65_zod@4.1.12/node_modules/zod/src/v4/classic/tests/datetime.test.ts [2m([22m[2m14 tests[22m[2m)[22m
 [32m✓[39m [44m[1m TS [22m[49m node_modules/.pnpm/ai@5.0.65_zod@4.1.12/node_modules/zod/src/v4/classic/tests/default.test.ts [2m([22m[2m16 tests[22m[2m)[22m
 [32m✓[39m [44m[1m TS [22m[49m node_modules/.pnpm/ai@5.0.65_zod@4.1.12/node_modules/zod/src/v4/classic/tests/description.test.ts [2m([22m[2m2 tests[22m[2m)[22m
 [32m✓[39m [44m[1m TS [22m[49m node_modules/.pnpm/ai@5.0.65_zod@4.1.12/node_modules/zod/src/v4/classic/tests/discriminated-unions.test.ts [2m([22m[2m22 tests[22m[2m)[22m
 [32m✓[39m [44m[1m TS [22m[49m node_modules/.pnpm/ai@5.0.65_zod@4.1.12/node_modules/zod/src/v4/classic/tests/enum.test.ts [2m([22m[2m19 tests[22m[2m)[22m
 [32m✓[39m [44m[1m TS [22m[49m node_modules/.pnpm/ai@5.0.65_zod@4.1.12/node_modules/zod/src/v4/classic/tests/error-utils.test.ts [2m([22m[2m13 tests[22m[2m)[22m
 [32m✓[39m [44m[1m TS [22m[49m node_modules/.pnpm/ai@5.0.65_zod@4.1.12/node_modules/zod/src/v4/classic/tests/error.test.ts [2m([22m[2m27 tests[22m[2m)[22m
 [32m✓[39m [44m[1m TS [22m[49m node_modules/.pnpm/ai@5.0.65_zod@4.1.12/node_modules/zod/src/v4/classic/tests/file.test.ts [2m([22m[2m3 tests[22m[2m)[22m
 [32m✓[39m [44m[1m TS [22m[49m node_modules/.pnpm/ai@5.0.65_zod@4.1.12/node_modules/zod/src/v4/classic/tests/firstparty.test.ts [2m([22m[2m2 tests[22m[2m)[22m
 [32m✓[39m [44m[1m TS [22m[49m node_modules/.pnpm/ai@5.0.65_zod@4.1.12/node_modules/zod/src/v4/classic/tests/function.test.ts [2m([22m[2m17 tests[22m[2m)[22m
 [32m✓[39m [44m[1m TS [22m[49m node_modules/.pnpm/ai@5.0.65_zod@4.1.12/node_modules/zod/src/v4/classic/tests/generics.test.ts [2m([22m[2m4 tests[22m[2m)[22m
 [32m✓[39m [44m[1m TS [22m[49m node_modules/.pnpm/ai@5.0.65_zod@4.1.12/node_modules/zod/src/v4/classic/tests/hash.test.ts [2m([22m[2m1 test[22m[2m)[22m
 [32m✓[39m [44m[1m TS [22m[49m node_modules/.pnpm/ai@5.0.65_zod@4.1.12/node_modules/zod/src/v4/classic/tests/index.test.ts [2m([22m[2m58 tests[22m[2m)[22m
 [32m✓[39m [44m[1m TS [22m[49m node_modules/.pnpm/ai@5.0.65_zod@4.1.12/node_modules/zod/src/v4/classic/tests/instanceof.test.ts [2m([22m[2m2 tests[22m[2m)[22m
 [32m✓[39m [44m[1m TS [22m[49m node_modules/.pnpm/ai@5.0.65_zod@4.1.12/node_modules/zod/src/v4/classic/tests/intersection.test.ts [2m([22m[2m10 tests[22m[2m)[22m
 [32m✓[39m [44m[1m TS [22m[49m node_modules/.pnpm/ai@5.0.65_zod@4.1.12/node_modules/zod/src/v4/classic/tests/json.test.ts [2m([22m[2m1 test[22m[2m)[22m
 [32m✓[39m [44m[1m TS [22m[49m node_modules/.pnpm/ai@5.0.65_zod@4.1.12/node_modules/zod/src/v4/classic/tests/lazy.test.ts [2m([22m[2m9 tests[22m[2m)[22m
 [32m✓[39m [44m[1m TS [22m[49m node_modules/.pnpm/ai@5.0.65_zod@4.1.12/node_modules/zod/src/v4/classic/tests/literal.test.ts [2m([22m[2m10 tests[22m[2m)[22m
 [32m✓[39m [44m[1m TS [22m[49m node_modules/.pnpm/ai@5.0.65_zod@4.1.12/node_modules/zod/src/v4/classic/tests/map.test.ts [2m([22m[2m8 tests[22m[2m)[22m
 [32m✓[39m [44m[1m TS [22m[49m node_modules/.pnpm/ai@5.0.65_zod@4.1.12/node_modules/zod/src/v4/classic/tests/nan.test.ts [2m([22m[2m2 tests[22m[2m)[22m
 [32m✓[39m [44m[1m TS [22m[49m node_modules/.pnpm/ai@5.0.65_zod@4.1.12/node_modules/zod/src/v4/classic/tests/nested-refine.test.ts [2m([22m[2m1 test[22m[2m)[22m
 [32m✓[39m [44m[1m TS [22m[49m node_modules/.pnpm/ai@5.0.65_zod@4.1.12/node_modules/zod/src/v4/classic/tests/nonoptional.test.ts [2m([22m[2m4 tests[22m[2m)[22m
 [32m✓[39m [44m[1m TS [22m[49m node_modules/.pnpm/ai@5.0.65_zod@4.1.12/node_modules/zod/src/v4/classic/tests/nullable.test.ts [2m([22m[2m3 tests[22m[2m)[22m
 [32m✓[39m [44m[1m TS [22m[49m node_modules/.pnpm/ai@5.0.65_zod@4.1.12/node_modules/zod/src/v4/classic/tests/number.test.ts [2m([22m[2m26 tests[22m[2m)[22m
 [32m✓[39m [44m[1m TS [22m[49m node_modules/.pnpm/ai@5.0.65_zod@4.1.12/node_modules/zod/src/v4/classic/tests/object.test.ts [2m([22m[2m49 tests[22m[2m)[22m
 [32m✓[39m [44m[1m TS [22m[49m node_modules/.pnpm/ai@5.0.65_zod@4.1.12/node_modules/zod/src/v4/classic/tests/optional.test.ts [2m([22m[2m6 tests[22m[2m)[22m
 [32m✓[39m [44m[1m TS [22m[49m node_modules/.pnpm/ai@5.0.65_zod@4.1.12/node_modules/zod/src/v4/classic/tests/partial.test.ts [2m([22m[2m12 tests[22m[2m)[22m
 [32m✓[39m [44m[1m TS [22m[49m node_modules/.pnpm/ai@5.0.65_zod@4.1.12/node_modules/zod/src/v4/classic/tests/pickomit.test.ts [2m([22m[2m12 tests[22m[2m)[22m
 [32m✓[39m [44m[1m TS [22m[49m node_modules/.pnpm/ai@5.0.65_zod@4.1.12/node_modules/zod/src/v4/classic/tests/pipe.test.ts [2m([22m[2m7 tests[22m[2m)[22m
 [32m✓[39m [44m[1m TS [22m[49m node_modules/.pnpm/ai@5.0.65_zod@4.1.12/node_modules/zod/src/v4/classic/tests/prefault.test.ts [2m([22m[2m4 tests[22m[2m)[22m
 [32m✓[39m [44m[1m TS [22m[49m node_modules/.pnpm/ai@5.0.65_zod@4.1.12/node_modules/zod/src/v4/classic/tests/preprocess.test.ts [2m([22m[2m11 tests[22m[2m)[22m
 [32m✓[39m [44m[1m TS [22m[49m node_modules/.pnpm/ai@5.0.65_zod@4.1.12/node_modules/zod/src/v4/classic/tests/primitive.test.ts [2m([22m[2m14 tests[22m[2m)[22m
 [32m✓[39m [44m[1m TS [22m[49m node_modules/.pnpm/ai@5.0.65_zod@4.1.12/node_modules/zod/src/v4/classic/tests/promise.test.ts [2m([22m[2m10 tests[22m[2m)[22m
 [32m✓[39m [44m[1m TS [22m[49m node_modules/.pnpm/ai@5.0.65_zod@4.1.12/node_modules/zod/src/v4/classic/tests/prototypes.test.ts [2m([22m[2m1 test[22m[2m)[22m
 [32m✓[39m [44m[1m TS [22m[49m node_modules/.pnpm/ai@5.0.65_zod@4.1.12/node_modules/zod/src/v4/classic/tests/readonly.test.ts [2m([22m[2m7 tests[22m[2m)[22m
 [32m✓[39m [44m[1m TS [22m[49m node_modules/.pnpm/ai@5.0.65_zod@4.1.12/node_modules/zod/src/v4/classic/tests/record.test.ts [2m([22m[2m13 tests[22m[2m)[22m
 [32m✓[39m [44m[1m TS [22m[49m node_modules/.pnpm/ai@5.0.65_zod@4.1.12/node_modules/zod/src/v4/classic/tests/recursive-types.test.ts [2m([22m[2m13 tests[22m[2m)[22m
 [32m✓[39m [44m[1m TS [22m[49m node_modules/.pnpm/ai@5.0.65_zod@4.1.12/node_modules/zod/src/v4/classic/tests/refine.test.ts [2m([22m[2m16 tests[22m[2m)[22m
 [32m✓[39m [44m[1m TS [22m[49m node_modules/.pnpm/ai@5.0.65_zod@4.1.12/node_modules/zod/src/v4/classic/tests/registries.test.ts [2m([22m[2m16 tests[22m[2m)[22m
 [32m✓[39m [44m[1m TS [22m[49m node_modules/.pnpm/ai@5.0.65_zod@4.1.12/node_modules/zod/src/v4/classic/tests/set.test.ts [2m([22m[2m12 tests[22m[2m)[22m
 [32m✓[39m [44m[1m TS [22m[49m node_modules/.pnpm/ai@5.0.65_zod@4.1.12/node_modules/zod/src/v4/classic/tests/standard-schema.test.ts [2m([22m[2m4 tests[22m[2m)[22m
 [32m✓[39m [44m[1m TS [22m[49m node_modules/.pnpm/ai@5.0.65_zod@4.1.12/node_modules/zod/src/v4/classic/tests/string-formats.test.ts [2m([22m[2m3 tests[22m[2m)[22m
 [32m✓[39m [44m[1m TS [22m[49m node_modules/.pnpm/ai@5.0.65_zod@4.1.12/node_modules/zod/src/v4/classic/tests/string.test.ts [2m([22m[2m42 tests[22m[2m)[22m
 [32m✓[39m [44m[1m TS [22m[49m node_modules/.pnpm/ai@5.0.65_zod@4.1.12/node_modules/zod/src/v4/classic/tests/stringbool.test.ts [2m([22m[2m7 tests[22m[2m)[22m
 [32m✓[39m [44m[1m TS [22m[49m node_modules/.pnpm/ai@5.0.65_zod@4.1.12/node_modules/zod/src/v4/classic/tests/template-literal.test.ts [2m([22m[2m8 tests[22m[2m)[22m
 [32m✓[39m [44m[1m TS [22m[49m node_modules/.pnpm/ai@5.0.65_zod@4.1.12/node_modules/zod/src/v4/classic/tests/to-json-schema.test.ts [2m([22m[2m61 tests[22m[2m)[22m
 [32m✓[39m [44m[1m TS [22m[49m node_modules/.pnpm/ai@5.0.65_zod@4.1.12/node_modules/zod/src/v4/classic/tests/transform.test.ts [2m([22m[2m18 tests[22m[2m)[22m
 [32m✓[39m [44m[1m TS [22m[49m node_modules/.pnpm/ai@5.0.65_zod@4.1.12/node_modules/zod/src/v4/classic/tests/tuple.test.ts [2m([22m[2m6 tests[22m[2m)[22m
 [32m✓[39m [44m[1m TS [22m[49m node_modules/.pnpm/ai@5.0.65_zod@4.1.12/node_modules/zod/src/v4/classic/tests/union.test.ts [2m([22m[2m10 tests[22m[2m)[22m
 [32m✓[39m [44m[1m TS [22m[49m node_modules/.pnpm/ai@5.0.65_zod@4.1.12/node_modules/zod/src/v4/classic/tests/validations.test.ts [2m([22m[2m13 tests[22m[2m)[22m
 [32m✓[39m [44m[1m TS [22m[49m node_modules/.pnpm/ai@5.0.65_zod@4.1.12/node_modules/zod/src/v4/classic/tests/void.test.ts [2m([22m[2m1 test[22m[2m)[22m
 [32m✓[39m [44m[1m TS [22m[49m node_modules/.pnpm/ai@5.0.65_zod@4.1.12/node_modules/zod/src/v4/core/tests/extend.test.ts [2m([22m[2m1 test[22m[2m)[22m
 [32m✓[39m [44m[1m TS [22m[49m node_modules/.pnpm/ai@5.0.65_zod@4.1.12/node_modules/zod/src/v4/core/tests/index.test.ts [2m([22m[2m3 tests[22m[2m)[22m
 [32m✓[39m [44m[1m TS [22m[49m node_modules/.pnpm/ai@5.0.65_zod@4.1.12/node_modules/zod/src/v4/mini/tests/assignability.test.ts [2m([22m[2m2 tests[22m[2m)[22m
 [32m✓[39m [44m[1m TS [22m[49m node_modules/.pnpm/ai@5.0.65_zod@4.1.12/node_modules/zod/src/v4/mini/tests/brand.test.ts [2m([22m[2m1 test[22m[2m)[22m
 [32m✓[39m [44m[1m TS [22m[49m node_modules/.pnpm/ai@5.0.65_zod@4.1.12/node_modules/zod/src/v4/mini/tests/checks.test.ts [2m([22m[2m17 tests[22m[2m)[22m
 [32m✓[39m [44m[1m TS [22m[49m node_modules/.pnpm/ai@5.0.65_zod@4.1.12/node_modules/zod/src/v4/mini/tests/codec.test.ts [2m([22m[2m13 tests[22m[2m)[22m
 [32m✓[39m [44m[1m TS [22m[49m node_modules/.pnpm/ai@5.0.65_zod@4.1.12/node_modules/zod/src/v4/mini/tests/computed.test.ts [2m([22m[2m5 tests[22m[2m)[22m
 [32m✓[39m [44m[1m TS [22m[49m node_modules/.pnpm/ai@5.0.65_zod@4.1.12/node_modules/zod/src/v4/mini/tests/error.test.ts [2m([22m[2m2 tests[22m[2m)[22m
 [32m✓[39m [44m[1m TS [22m[49m node_modules/.pnpm/ai@5.0.65_zod@4.1.12/node_modules/zod/src/v4/mini/tests/functions.test.ts [2m([22m[2m1 test[22m[2m)[22m
 [32m✓[39m [44m[1m TS [22m[49m node_modules/.pnpm/ai@5.0.65_zod@4.1.12/node_modules/zod/src/v4/mini/tests/index.test.ts [2m([22m[2m59 tests[22m[2m)[22m
 [32m✓[39m [44m[1m TS [22m[49m node_modules/.pnpm/ai@5.0.65_zod@4.1.12/node_modules/zod/src/v4/mini/tests/number.test.ts [2m([22m[2m9 tests[22m[2m)[22m
 [32m✓[39m [44m[1m TS [22m[49m node_modules/.pnpm/ai@5.0.65_zod@4.1.12/node_modules/zod/src/v4/mini/tests/object.test.ts [2m([22m[2m12 tests[22m[2m)[22m
 [32m✓[39m [44m[1m TS [22m[49m node_modules/.pnpm/ai@5.0.65_zod@4.1.12/node_modules/zod/src/v4/mini/tests/prototypes.test.ts [2m([22m[2m2 tests[22m[2m)[22m
 [32m✓[39m [44m[1m TS [22m[49m node_modules/.pnpm/ai@5.0.65_zod@4.1.12/node_modules/zod/src/v4/mini/tests/recursive-types.test.ts [2m([22m[2m6 tests[22m[2m)[22m
 [32m✓[39m [44m[1m TS [22m[49m node_modules/.pnpm/ai@5.0.65_zod@4.1.12/node_modules/zod/src/v4/mini/tests/string.test.ts [2m([22m[2m25 tests[22m[2m)[22m
 [32m✓[39m [44m[1m TS [22m[49m node_modules/.pnpm/astro@5.14.3_@types+node@22.18.9_@vercel+blob@1.0.2_@vercel+functions@2.2.13_idb-keyval_e74648c81971f273d9a39f121e250003/node_modules/zod/src/v4/core/tests/index.test.ts [2m([22m[2m3 tests[22m[2m)[22m
 [32m✓[39m [44m[1m TS [22m[49m node_modules/.pnpm/astro@5.14.3_@types+node@22.18.9_@vercel+blob@1.0.2_@vercel+functions@2.2.13_idb-keyval_e74648c81971f273d9a39f121e250003/node_modules/zod/src/v4/classic/tests/anyunknown.test.ts [2m([22m[2m3 tests[22m[2m)[22m
 [32m✓[39m [44m[1m TS [22m[49m node_modules/.pnpm/astro@5.14.3_@types+node@22.18.9_@vercel+blob@1.0.2_@vercel+functions@2.2.13_idb-keyval_e74648c81971f273d9a39f121e250003/node_modules/zod/src/v4/classic/tests/array.test.ts [2m([22m[2m9 tests[22m[2m)[22m
 [32m✓[39m [44m[1m TS [22m[49m node_modules/.pnpm/astro@5.14.3_@types+node@22.18.9_@vercel+blob@1.0.2_@vercel+functions@2.2.13_idb-keyval_e74648c81971f273d9a39f121e250003/node_modules/zod/src/v4/classic/tests/assignability.test.ts [2m([22m[2m5 tests[22m[2m)[22m
 [32m✓[39m [44m[1m TS [22m[49m node_modules/.pnpm/astro@5.14.3_@types+node@22.18.9_@vercel+blob@1.0.2_@vercel+functions@2.2.13_idb-keyval_e74648c81971f273d9a39f121e250003/node_modules/zod/src/v4/classic/tests/async-parsing.test.ts [2m([22m[2m23 tests[22m[2m)[22m
 [32m✓[39m [44m[1m TS [22m[49m node_modules/.pnpm/astro@5.14.3_@types+node@22.18.9_@vercel+blob@1.0.2_@vercel+functions@2.2.13_idb-keyval_e74648c81971f273d9a39f121e250003/node_modules/zod/src/v4/classic/tests/async-refinements.test.ts [2m([22m[2m4 tests[22m[2m)[22m
 [32m✓[39m [44m[1m TS [22m[49m node_modules/.pnpm/astro@5.14.3_@types+node@22.18.9_@vercel+blob@1.0.2_@vercel+functions@2.2.13_idb-keyval_e74648c81971f273d9a39f121e250003/node_modules/zod/src/v4/classic/tests/base.test.ts [2m([22m[2m1 test[22m[2m)[22m
 [32m✓[39m [44m[1m TS [22m[49m node_modules/.pnpm/astro@5.14.3_@types+node@22.18.9_@vercel+blob@1.0.2_@vercel+functions@2.2.13_idb-keyval_e74648c81971f273d9a39f121e250003/node_modules/zod/src/v4/classic/tests/bigint.test.ts [2m([22m[2m3 tests[22m[2m)[22m
 [32m✓[39m [44m[1m TS [22m[49m node_modules/.pnpm/astro@5.14.3_@types+node@22.18.9_@vercel+blob@1.0.2_@vercel+functions@2.2.13_idb-keyval_e74648c81971f273d9a39f121e250003/node_modules/zod/src/v4/classic/tests/brand.test.ts [2m([22m[2m3 tests[22m[2m)[22m
 [32m✓[39m [44m[1m TS [22m[49m node_modules/.pnpm/astro@5.14.3_@types+node@22.18.9_@vercel+blob@1.0.2_@vercel+functions@2.2.13_idb-keyval_e74648c81971f273d9a39f121e250003/node_modules/zod/src/v4/classic/tests/catch.test.ts [2m([22m[2m16 tests[22m[2m)[22m
 [32m✓[39m [44m[1m TS [22m[49m node_modules/.pnpm/astro@5.14.3_@types+node@22.18.9_@vercel+blob@1.0.2_@vercel+functions@2.2.13_idb-keyval_e74648c81971f273d9a39f121e250003/node_modules/zod/src/v4/classic/tests/coalesce.test.ts [2m([22m[2m1 test[22m[2m)[22m
 [32m✓[39m [44m[1m TS [22m[49m node_modules/.pnpm/astro@5.14.3_@types+node@22.18.9_@vercel+blob@1.0.2_@vercel+functions@2.2.13_idb-keyval_e74648c81971f273d9a39f121e250003/node_modules/zod/src/v4/classic/tests/coerce.test.ts [2m([22m[2m6 tests[22m[2m)[22m
 [32m✓[39m [44m[1m TS [22m[49m node_modules/.pnpm/astro@5.14.3_@types+node@22.18.9_@vercel+blob@1.0.2_@vercel+functions@2.2.13_idb-keyval_e74648c81971f273d9a39f121e250003/node_modules/zod/src/v4/classic/tests/continuability.test.ts [2m([22m[2m1 test[22m[2m)[22m
 [32m✓[39m [44m[1m TS [22m[49m node_modules/.pnpm/astro@5.14.3_@types+node@22.18.9_@vercel+blob@1.0.2_@vercel+functions@2.2.13_idb-keyval_e74648c81971f273d9a39f121e250003/node_modules/zod/src/v4/classic/tests/custom.test.ts [2m([22m[2m4 tests[22m[2m)[22m
 [32m✓[39m [44m[1m TS [22m[49m node_modules/.pnpm/astro@5.14.3_@types+node@22.18.9_@vercel+blob@1.0.2_@vercel+functions@2.2.13_idb-keyval_e74648c81971f273d9a39f121e250003/node_modules/zod/src/v4/classic/tests/date.test.ts [2m([22m[2m3 tests[22m[2m)[22m
 [32m✓[39m [44m[1m TS [22m[49m node_modules/.pnpm/astro@5.14.3_@types+node@22.18.9_@vercel+blob@1.0.2_@vercel+functions@2.2.13_idb-keyval_e74648c81971f273d9a39f121e250003/node_modules/zod/src/v4/classic/tests/datetime.test.ts [2m([22m[2m14 tests[22m[2m)[22m
 [32m✓[39m [44m[1m TS [22m[49m node_modules/.pnpm/astro@5.14.3_@types+node@22.18.9_@vercel+blob@1.0.2_@vercel+functions@2.2.13_idb-keyval_e74648c81971f273d9a39f121e250003/node_modules/zod/src/v4/classic/tests/default.test.ts [2m([22m[2m13 tests[22m[2m)[22m
 [32m✓[39m [44m[1m TS [22m[49m node_modules/.pnpm/astro@5.14.3_@types+node@22.18.9_@vercel+blob@1.0.2_@vercel+functions@2.2.13_idb-keyval_e74648c81971f273d9a39f121e250003/node_modules/zod/src/v4/classic/tests/description.test.ts [2m([22m[2m2 tests[22m[2m)[22m
 [32m✓[39m [44m[1m TS [22m[49m node_modules/.pnpm/astro@5.14.3_@types+node@22.18.9_@vercel+blob@1.0.2_@vercel+functions@2.2.13_idb-keyval_e74648c81971f273d9a39f121e250003/node_modules/zod/src/v4/classic/tests/discriminated-unions.test.ts [2m([22m[2m20 tests[22m[2m)[22m
 [32m✓[39m [44m[1m TS [22m[49m node_modules/.pnpm/astro@5.14.3_@types+node@22.18.9_@vercel+blob@1.0.2_@vercel+functions@2.2.13_idb-keyval_e74648c81971f273d9a39f121e250003/node_modules/zod/src/v4/classic/tests/enum.test.ts [2m([22m[2m19 tests[22m[2m)[22m
 [32m✓[39m [44m[1m TS [22m[49m node_modules/.pnpm/astro@5.14.3_@types+node@22.18.9_@vercel+blob@1.0.2_@vercel+functions@2.2.13_idb-keyval_e74648c81971f273d9a39f121e250003/node_modules/zod/src/v4/classic/tests/error-utils.test.ts [2m([22m[2m12 tests[22m[2m)[22m
 [32m✓[39m [44m[1m TS [22m[49m node_modules/.pnpm/astro@5.14.3_@types+node@22.18.9_@vercel+blob@1.0.2_@vercel+functions@2.2.13_idb-keyval_e74648c81971f273d9a39f121e250003/node_modules/zod/src/v4/classic/tests/error.test.ts [2m([22m[2m27 tests[22m[2m)[22m
 [32m✓[39m [44m[1m TS [22m[49m node_modules/.pnpm/astro@5.14.3_@types+node@22.18.9_@vercel+blob@1.0.2_@vercel+functions@2.2.13_idb-keyval_e74648c81971f273d9a39f121e250003/node_modules/zod/src/v4/classic/tests/file.test.ts [2m([22m[2m2 tests[22m[2m)[22m
 [32m✓[39m [44m[1m TS [22m[49m node_modules/.pnpm/astro@5.14.3_@types+node@22.18.9_@vercel+blob@1.0.2_@vercel+functions@2.2.13_idb-keyval_e74648c81971f273d9a39f121e250003/node_modules/zod/src/v4/classic/tests/firstparty.test.ts [2m([22m[2m2 tests[22m[2m)[22m
 [32m✓[39m [44m[1m TS [22m[49m node_modules/.pnpm/astro@5.14.3_@types+node@22.18.9_@vercel+blob@1.0.2_@vercel+functions@2.2.13_idb-keyval_e74648c81971f273d9a39f121e250003/node_modules/zod/src/v4/classic/tests/function.test.ts [2m([22m[2m13 tests[22m[2m)[22m
 [32m✓[39m [44m[1m TS [22m[49m node_modules/.pnpm/astro@5.14.3_@types+node@22.18.9_@vercel+blob@1.0.2_@vercel+functions@2.2.13_idb-keyval_e74648c81971f273d9a39f121e250003/node_modules/zod/src/v4/classic/tests/generics.test.ts [2m([22m[2m4 tests[22m[2m)[22m
 [32m✓[39m [44m[1m TS [22m[49m node_modules/.pnpm/astro@5.14.3_@types+node@22.18.9_@vercel+blob@1.0.2_@vercel+functions@2.2.13_idb-keyval_e74648c81971f273d9a39f121e250003/node_modules/zod/src/v4/classic/tests/index.test.ts [2m([22m[2m56 tests[22m[2m)[22m
 [32m✓[39m [44m[1m TS [22m[49m node_modules/.pnpm/astro@5.14.3_@types+node@22.18.9_@vercel+blob@1.0.2_@vercel+functions@2.2.13_idb-keyval_e74648c81971f273d9a39f121e250003/node_modules/zod/src/v4/classic/tests/instanceof.test.ts [2m([22m[2m2 tests[22m[2m)[22m
 [32m✓[39m [44m[1m TS [22m[49m node_modules/.pnpm/astro@5.14.3_@types+node@22.18.9_@vercel+blob@1.0.2_@vercel+functions@2.2.13_idb-keyval_e74648c81971f273d9a39f121e250003/node_modules/zod/src/v4/classic/tests/intersection.test.ts [2m([22m[2m10 tests[22m[2m)[22m
 [32m✓[39m [44m[1m TS [22m[49m node_modules/.pnpm/astro@5.14.3_@types+node@22.18.9_@vercel+blob@1.0.2_@vercel+functions@2.2.13_idb-keyval_e74648c81971f273d9a39f121e250003/node_modules/zod/src/v4/classic/tests/json.test.ts [2m([22m[2m1 test[22m[2m)[22m
 [32m✓[39m [44m[1m TS [22m[49m node_modules/.pnpm/astro@5.14.3_@types+node@22.18.9_@vercel+blob@1.0.2_@vercel+functions@2.2.13_idb-keyval_e74648c81971f273d9a39f121e250003/node_modules/zod/src/v4/classic/tests/lazy.test.ts [2m([22m[2m9 tests[22m[2m)[22m
 [32m✓[39m [44m[1m TS [22m[49m node_modules/.pnpm/astro@5.14.3_@types+node@22.18.9_@vercel+blob@1.0.2_@vercel+functions@2.2.13_idb-keyval_e74648c81971f273d9a39f121e250003/node_modules/zod/src/v4/classic/tests/literal.test.ts [2m([22m[2m9 tests[22m[2m)[22m
 [32m✓[39m [44m[1m TS [22m[49m node_modules/.pnpm/astro@5.14.3_@types+node@22.18.9_@vercel+blob@1.0.2_@vercel+functions@2.2.13_idb-keyval_e74648c81971f273d9a39f121e250003/node_modules/zod/src/v4/classic/tests/map.test.ts [2m([22m[2m8 tests[22m[2m)[22m
 [32m✓[39m [44m[1m TS [22m[49m node_modules/.pnpm/astro@5.14.3_@types+node@22.18.9_@vercel+blob@1.0.2_@vercel+functions@2.2.13_idb-keyval_e74648c81971f273d9a39f121e250003/node_modules/zod/src/v4/classic/tests/nan.test.ts [2m([22m[2m2 tests[22m[2m)[22m
 [32m✓[39m [44m[1m TS [22m[49m node_modules/.pnpm/astro@5.14.3_@types+node@22.18.9_@vercel+blob@1.0.2_@vercel+functions@2.2.13_idb-keyval_e74648c81971f273d9a39f121e250003/node_modules/zod/src/v4/classic/tests/nested-refine.test.ts [2m([22m[2m1 test[22m[2m)[22m
 [32m✓[39m [44m[1m TS [22m[49m node_modules/.pnpm/astro@5.14.3_@types+node@22.18.9_@vercel+blob@1.0.2_@vercel+functions@2.2.13_idb-keyval_e74648c81971f273d9a39f121e250003/node_modules/zod/src/v4/classic/tests/nonoptional.test.ts [2m([22m[2m3 tests[22m[2m)[22m
 [32m✓[39m [44m[1m TS [22m[49m node_modules/.pnpm/astro@5.14.3_@types+node@22.18.9_@vercel+blob@1.0.2_@vercel+functions@2.2.13_idb-keyval_e74648c81971f273d9a39f121e250003/node_modules/zod/src/v4/classic/tests/nullable.test.ts [2m([22m[2m3 tests[22m[2m)[22m
 [32m✓[39m [44m[1m TS [22m[49m node_modules/.pnpm/astro@5.14.3_@types+node@22.18.9_@vercel+blob@1.0.2_@vercel+functions@2.2.13_idb-keyval_e74648c81971f273d9a39f121e250003/node_modules/zod/src/v4/classic/tests/number.test.ts [2m([22m[2m25 tests[22m[2m)[22m
 [32m✓[39m [44m[1m TS [22m[49m node_modules/.pnpm/astro@5.14.3_@types+node@22.18.9_@vercel+blob@1.0.2_@vercel+functions@2.2.13_idb-keyval_e74648c81971f273d9a39f121e250003/node_modules/zod/src/v4/classic/tests/object.test.ts [2m([22m[2m45 tests[22m[2m)[22m
 [32m✓[39m [44m[1m TS [22m[49m node_modules/.pnpm/astro@5.14.3_@types+node@22.18.9_@vercel+blob@1.0.2_@vercel+functions@2.2.13_idb-keyval_e74648c81971f273d9a39f121e250003/node_modules/zod/src/v4/classic/tests/optional.test.ts [2m([22m[2m5 tests[22m[2m)[22m
 [32m✓[39m [44m[1m TS [22m[49m node_modules/.pnpm/astro@5.14.3_@types+node@22.18.9_@vercel+blob@1.0.2_@vercel+functions@2.2.13_idb-keyval_e74648c81971f273d9a39f121e250003/node_modules/zod/src/v4/classic/tests/partial.test.ts [2m([22m[2m8 tests[22m[2m)[22m
 [32m✓[39m [44m[1m TS [22m[49m node_modules/.pnpm/astro@5.14.3_@types+node@22.18.9_@vercel+blob@1.0.2_@vercel+functions@2.2.13_idb-keyval_e74648c81971f273d9a39f121e250003/node_modules/zod/src/v4/classic/tests/pickomit.test.ts [2m([22m[2m12 tests[22m[2m)[22m
 [32m✓[39m [44m[1m TS [22m[49m node_modules/.pnpm/astro@5.14.3_@types+node@22.18.9_@vercel+blob@1.0.2_@vercel+functions@2.2.13_idb-keyval_e74648c81971f273d9a39f121e250003/node_modules/zod/src/v4/classic/tests/pipe.test.ts [2m([22m[2m5 tests[22m[2m)[22m
 [32m✓[39m [44m[1m TS [22m[49m node_modules/.pnpm/astro@5.14.3_@types+node@22.18.9_@vercel+blob@1.0.2_@vercel+functions@2.2.13_idb-keyval_e74648c81971f273d9a39f121e250003/node_modules/zod/src/v4/classic/tests/prefault.test.ts [2m([22m[2m2 tests[22m[2m)[22m
 [32m✓[39m [44m[1m TS [22m[49m node_modules/.pnpm/astro@5.14.3_@types+node@22.18.9_@vercel+blob@1.0.2_@vercel+functions@2.2.13_idb-keyval_e74648c81971f273d9a39f121e250003/node_modules/zod/src/v4/classic/tests/preprocess.test.ts [2m([22m[2m11 tests[22m[2m)[22m
 [32m✓[39m [44m[1m TS [22m[49m node_modules/.pnpm/astro@5.14.3_@types+node@22.18.9_@vercel+blob@1.0.2_@vercel+functions@2.2.13_idb-keyval_e74648c81971f273d9a39f121e250003/node_modules/zod/src/v4/classic/tests/primitive.test.ts [2m([22m[2m14 tests[22m[2m)[22m
 [32m✓[39m [44m[1m TS [22m[49m node_modules/.pnpm/astro@5.14.3_@types+node@22.18.9_@vercel+blob@1.0.2_@vercel+functions@2.2.13_idb-keyval_e74648c81971f273d9a39f121e250003/node_modules/zod/src/v4/classic/tests/promise.test.ts [2m([22m[2m10 tests[22m[2m)[22m
 [32m✓[39m [44m[1m TS [22m[49m node_modules/.pnpm/astro@5.14.3_@types+node@22.18.9_@vercel+blob@1.0.2_@vercel+functions@2.2.13_idb-keyval_e74648c81971f273d9a39f121e250003/node_modules/zod/src/v4/classic/tests/prototypes.test.ts [2m([22m[2m1 test[22m[2m)[22m
 [32m✓[39m [44m[1m TS [22m[49m node_modules/.pnpm/astro@5.14.3_@types+node@22.18.9_@vercel+blob@1.0.2_@vercel+functions@2.2.13_idb-keyval_e74648c81971f273d9a39f121e250003/node_modules/zod/src/v4/classic/tests/readonly.test.ts [2m([22m[2m7 tests[22m[2m)[22m
 [32m✓[39m [44m[1m TS [22m[49m node_modules/.pnpm/astro@5.14.3_@types+node@22.18.9_@vercel+blob@1.0.2_@vercel+functions@2.2.13_idb-keyval_e74648c81971f273d9a39f121e250003/node_modules/zod/src/v4/classic/tests/record.test.ts [2m([22m[2m13 tests[22m[2m)[22m
 [32m✓[39m [44m[1m TS [22m[49m node_modules/.pnpm/astro@5.14.3_@types+node@22.18.9_@vercel+blob@1.0.2_@vercel+functions@2.2.13_idb-keyval_e74648c81971f273d9a39f121e250003/node_modules/zod/src/v4/classic/tests/recursive-types.test.ts [2m([22m[2m8 tests[22m[2m)[22m
 [32m✓[39m [44m[1m TS [22m[49m node_modules/.pnpm/astro@5.14.3_@types+node@22.18.9_@vercel+blob@1.0.2_@vercel+functions@2.2.13_idb-keyval_e74648c81971f273d9a39f121e250003/node_modules/zod/src/v4/classic/tests/refine.test.ts [2m([22m[2m15 tests[22m[2m)[22m
 [32m✓[39m [44m[1m TS [22m[49m node_modules/.pnpm/astro@5.14.3_@types+node@22.18.9_@vercel+blob@1.0.2_@vercel+functions@2.2.13_idb-keyval_e74648c81971f273d9a39f121e250003/node_modules/zod/src/v4/classic/tests/registries.test.ts [2m([22m[2m16 tests[22m[2m)[22m
 [32m✓[39m [44m[1m TS [22m[49m node_modules/.pnpm/astro@5.14.3_@types+node@22.18.9_@vercel+blob@1.0.2_@vercel+functions@2.2.13_idb-keyval_e74648c81971f273d9a39f121e250003/node_modules/zod/src/v4/classic/tests/set.test.ts [2m([22m[2m12 tests[22m[2m)[22m
 [32m✓[39m [44m[1m TS [22m[49m node_modules/.pnpm/astro@5.14.3_@types+node@22.18.9_@vercel+blob@1.0.2_@vercel+functions@2.2.13_idb-keyval_e74648c81971f273d9a39f121e250003/node_modules/zod/src/v4/classic/tests/standard-schema.test.ts [2m([22m[2m4 tests[22m[2m)[22m
 [32m✓[39m [44m[1m TS [22m[49m node_modules/.pnpm/astro@5.14.3_@types+node@22.18.9_@vercel+blob@1.0.2_@vercel+functions@2.2.13_idb-keyval_e74648c81971f273d9a39f121e250003/node_modules/zod/src/v4/classic/tests/string-formats.test.ts [2m([22m[2m2 tests[22m[2m)[22m
 [32m✓[39m [44m[1m TS [22m[49m node_modules/.pnpm/astro@5.14.3_@types+node@22.18.9_@vercel+blob@1.0.2_@vercel+functions@2.2.13_idb-keyval_e74648c81971f273d9a39f121e250003/node_modules/zod/src/v4/classic/tests/string.test.ts [2m([22m[2m36 tests[22m[2m)[22m
 [32m✓[39m [44m[1m TS [22m[49m node_modules/.pnpm/astro@5.14.3_@types+node@22.18.9_@vercel+blob@1.0.2_@vercel+functions@2.2.13_idb-keyval_e74648c81971f273d9a39f121e250003/node_modules/zod/src/v4/classic/tests/stringbool.test.ts [2m([22m[2m4 tests[22m[2m)[22m
 [32m✓[39m [44m[1m TS [22m[49m node_modules/.pnpm/astro@5.14.3_@types+node@22.18.9_@vercel+blob@1.0.2_@vercel+functions@2.2.13_idb-keyval_e74648c81971f273d9a39f121e250003/node_modules/zod/src/v4/classic/tests/template-literal.test.ts [2m([22m[2m8 tests[22m[2m)[22m
 [32m✓[39m [44m[1m TS [22m[49m node_modules/.pnpm/astro@5.14.3_@types+node@22.18.9_@vercel+blob@1.0.2_@vercel+functions@2.2.13_idb-keyval_e74648c81971f273d9a39f121e250003/node_modules/zod/src/v4/classic/tests/to-json-schema.test.ts [2m([22m[2m48 tests[22m[2m)[22m
 [32m✓[39m [44m[1m TS [22m[49m node_modules/.pnpm/astro@5.14.3_@types+node@22.18.9_@vercel+blob@1.0.2_@vercel+functions@2.2.13_idb-keyval_e74648c81971f273d9a39f121e250003/node_modules/zod/src/v4/classic/tests/transform.test.ts [2m([22m[2m16 tests[22m[2m)[22m
 [32m✓[39m [44m[1m TS [22m[49m node_modules/.pnpm/astro@5.14.3_@types+node@22.18.9_@vercel+blob@1.0.2_@vercel+functions@2.2.13_idb-keyval_e74648c81971f273d9a39f121e250003/node_modules/zod/src/v4/classic/tests/tuple.test.ts [2m([22m[2m6 tests[22m[2m)[22m
 [32m✓[39m [44m[1m TS [22m[49m node_modules/.pnpm/astro@5.14.3_@types+node@22.18.9_@vercel+blob@1.0.2_@vercel+functions@2.2.13_idb-keyval_e74648c81971f273d9a39f121e250003/node_modules/zod/src/v4/classic/tests/union.test.ts [2m([22m[2m8 tests[22m[2m)[22m
 [32m✓[39m [44m[1m TS [22m[49m node_modules/.pnpm/astro@5.14.3_@types+node@22.18.9_@vercel+blob@1.0.2_@vercel+functions@2.2.13_idb-keyval_e74648c81971f273d9a39f121e250003/node_modules/zod/src/v4/classic/tests/validations.test.ts [2m([22m[2m13 tests[22m[2m)[22m
 [32m✓[39m [44m[1m TS [22m[49m node_modules/.pnpm/astro@5.14.3_@types+node@22.18.9_@vercel+blob@1.0.2_@vercel+functions@2.2.13_idb-keyval_e74648c81971f273d9a39f121e250003/node_modules/zod/src/v4/classic/tests/void.test.ts [2m([22m[2m1 test[22m[2m)[22m
 [32m✓[39m [44m[1m TS [22m[49m node_modules/.pnpm/astro@5.14.3_@types+node@22.18.9_@vercel+blob@1.0.2_@vercel+functions@2.2.13_idb-keyval_e74648c81971f273d9a39f121e250003/node_modules/zod/src/v4/mini/tests/assignability.test.ts [2m([22m[2m2 tests[22m[2m)[22m
 [32m✓[39m [44m[1m TS [22m[49m node_modules/.pnpm/astro@5.14.3_@types+node@22.18.9_@vercel+blob@1.0.2_@vercel+functions@2.2.13_idb-keyval_e74648c81971f273d9a39f121e250003/node_modules/zod/src/v4/mini/tests/brand.test.ts [2m([22m[2m1 test[22m[2m)[22m
 [32m✓[39m [44m[1m TS [22m[49m node_modules/.pnpm/astro@5.14.3_@types+node@22.18.9_@vercel+blob@1.0.2_@vercel+functions@2.2.13_idb-keyval_e74648c81971f273d9a39f121e250003/node_modules/zod/src/v4/mini/tests/checks.test.ts [2m([22m[2m17 tests[22m[2m)[22m
 [32m✓[39m [44m[1m TS [22m[49m node_modules/.pnpm/astro@5.14.3_@types+node@22.18.9_@vercel+blob@1.0.2_@vercel+functions@2.2.13_idb-keyval_e74648c81971f273d9a39f121e250003/node_modules/zod/src/v4/mini/tests/computed.test.ts [2m([22m[2m5 tests[22m[2m)[22m
 [32m✓[39m [44m[1m TS [22m[49m node_modules/.pnpm/astro@5.14.3_@types+node@22.18.9_@vercel+blob@1.0.2_@vercel+functions@2.2.13_idb-keyval_e74648c81971f273d9a39f121e250003/node_modules/zod/src/v4/mini/tests/error.test.ts [2m([22m[2m2 tests[22m[2m)[22m
 [32m✓[39m [44m[1m TS [22m[49m node_modules/.pnpm/astro@5.14.3_@types+node@22.18.9_@vercel+blob@1.0.2_@vercel+functions@2.2.13_idb-keyval_e74648c81971f273d9a39f121e250003/node_modules/zod/src/v4/mini/tests/functions.test.ts [2m([22m[2m1 test[22m[2m)[22m
 [32m✓[39m [44m[1m TS [22m[49m node_modules/.pnpm/astro@5.14.3_@types+node@22.18.9_@vercel+blob@1.0.2_@vercel+functions@2.2.13_idb-keyval_e74648c81971f273d9a39f121e250003/node_modules/zod/src/v4/mini/tests/index.test.ts [2m([22m[2m56 tests[22m[2m)[22m
 [32m✓[39m [44m[1m TS [22m[49m node_modules/.pnpm/astro@5.14.3_@types+node@22.18.9_@vercel+blob@1.0.2_@vercel+functions@2.2.13_idb-keyval_e74648c81971f273d9a39f121e250003/node_modules/zod/src/v4/mini/tests/number.test.ts [2m([22m[2m9 tests[22m[2m)[22m
 [32m✓[39m [44m[1m TS [22m[49m node_modules/.pnpm/astro@5.14.3_@types+node@22.18.9_@vercel+blob@1.0.2_@vercel+functions@2.2.13_idb-keyval_e74648c81971f273d9a39f121e250003/node_modules/zod/src/v4/mini/tests/object.test.ts [2m([22m[2m11 tests[22m[2m)[22m
 [32m✓[39m [44m[1m TS [22m[49m node_modules/.pnpm/astro@5.14.3_@types+node@22.18.9_@vercel+blob@1.0.2_@vercel+functions@2.2.13_idb-keyval_e74648c81971f273d9a39f121e250003/node_modules/zod/src/v4/mini/tests/prototypes.test.ts [2m([22m[2m2 tests[22m[2m)[22m
 [32m✓[39m [44m[1m TS [22m[49m node_modules/.pnpm/astro@5.14.3_@types+node@22.18.9_@vercel+blob@1.0.2_@vercel+functions@2.2.13_idb-keyval_e74648c81971f273d9a39f121e250003/node_modules/zod/src/v4/mini/tests/recursive-types.test.ts [2m([22m[2m6 tests[22m[2m)[22m
 [32m✓[39m [44m[1m TS [22m[49m node_modules/.pnpm/astro@5.14.3_@types+node@22.18.9_@vercel+blob@1.0.2_@vercel+functions@2.2.13_idb-keyval_e74648c81971f273d9a39f121e250003/node_modules/zod/src/v4/mini/tests/string.test.ts [2m([22m[2m24 tests[22m[2m)[22m
 [32m✓[39m [44m[1m TS [22m[49m node_modules/.pnpm/eslint-plugin-react-hooks@7.0.0_eslint@9.37.0_jiti@2.6.1_/node_modules/zod/src/v4/classic/tests/anyunknown.test.ts [2m([22m[2m3 tests[22m[2m)[22m
 [32m✓[39m [44m[1m TS [22m[49m node_modules/.pnpm/eslint-plugin-react-hooks@7.0.0_eslint@9.37.0_jiti@2.6.1_/node_modules/zod/src/v4/classic/tests/array.test.ts [2m([22m[2m9 tests[22m[2m)[22m
 [32m✓[39m [44m[1m TS [22m[49m node_modules/.pnpm/eslint-plugin-react-hooks@7.0.0_eslint@9.37.0_jiti@2.6.1_/node_modules/zod/src/v4/classic/tests/assignability.test.ts [2m([22m[2m5 tests[22m[2m)[22m
 [32m✓[39m [44m[1m TS [22m[49m node_modules/.pnpm/eslint-plugin-react-hooks@7.0.0_eslint@9.37.0_jiti@2.6.1_/node_modules/zod/src/v4/classic/tests/async-parsing.test.ts [2m([22m[2m23 tests[22m[2m)[22m
 [32m✓[39m [44m[1m TS [22m[49m node_modules/.pnpm/eslint-plugin-react-hooks@7.0.0_eslint@9.37.0_jiti@2.6.1_/node_modules/zod/src/v4/classic/tests/async-refinements.test.ts [2m([22m[2m4 tests[22m[2m)[22m
 [32m✓[39m [44m[1m TS [22m[49m node_modules/.pnpm/eslint-plugin-react-hooks@7.0.0_eslint@9.37.0_jiti@2.6.1_/node_modules/zod/src/v4/classic/tests/base.test.ts [2m([22m[2m1 test[22m[2m)[22m
 [32m✓[39m [44m[1m TS [22m[49m node_modules/.pnpm/eslint-plugin-react-hooks@7.0.0_eslint@9.37.0_jiti@2.6.1_/node_modules/zod/src/v4/classic/tests/bigint.test.ts [2m([22m[2m3 tests[22m[2m)[22m
 [32m✓[39m [44m[1m TS [22m[49m node_modules/.pnpm/eslint-plugin-react-hooks@7.0.0_eslint@9.37.0_jiti@2.6.1_/node_modules/zod/src/v4/classic/tests/brand.test.ts [2m([22m[2m3 tests[22m[2m)[22m
 [32m✓[39m [44m[1m TS [22m[49m node_modules/.pnpm/eslint-plugin-react-hooks@7.0.0_eslint@9.37.0_jiti@2.6.1_/node_modules/zod/src/v4/classic/tests/catch.test.ts [2m([22m[2m17 tests[22m[2m)[22m
 [32m✓[39m [44m[1m TS [22m[49m node_modules/.pnpm/eslint-plugin-react-hooks@7.0.0_eslint@9.37.0_jiti@2.6.1_/node_modules/zod/src/v4/classic/tests/coalesce.test.ts [2m([22m[2m1 test[22m[2m)[22m
 [32m✓[39m [44m[1m TS [22m[49m node_modules/.pnpm/eslint-plugin-react-hooks@7.0.0_eslint@9.37.0_jiti@2.6.1_/node_modules/zod/src/v4/classic/tests/codec-examples.test.ts [2m([22m[2m19 tests[22m[2m)[22m
 [32m✓[39m [44m[1m TS [22m[49m node_modules/.pnpm/eslint-plugin-react-hooks@7.0.0_eslint@9.37.0_jiti@2.6.1_/node_modules/zod/src/v4/classic/tests/codec.test.ts [2m([22m[2m14 tests[22m[2m)[22m
 [32m✓[39m [44m[1m TS [22m[49m node_modules/.pnpm/eslint-plugin-react-hooks@7.0.0_eslint@9.37.0_jiti@2.6.1_/node_modules/zod/src/v4/classic/tests/coerce.test.ts [2m([22m[2m6 tests[22m[2m)[22m
 [32m✓[39m [44m[1m TS [22m[49m node_modules/.pnpm/eslint-plugin-react-hooks@7.0.0_eslint@9.37.0_jiti@2.6.1_/node_modules/zod/src/v4/classic/tests/continuability.test.ts [2m([22m[2m1 test[22m[2m)[22m
 [32m✓[39m [44m[1m TS [22m[49m node_modules/.pnpm/eslint-plugin-react-hooks@7.0.0_eslint@9.37.0_jiti@2.6.1_/node_modules/zod/src/v4/classic/tests/custom.test.ts [2m([22m[2m4 tests[22m[2m)[22m
 [32m✓[39m [44m[1m TS [22m[49m node_modules/.pnpm/eslint-plugin-react-hooks@7.0.0_eslint@9.37.0_jiti@2.6.1_/node_modules/zod/src/v4/classic/tests/date.test.ts [2m([22m[2m3 tests[22m[2m)[22m
 [32m✓[39m [44m[1m TS [22m[49m node_modules/.pnpm/eslint-plugin-react-hooks@7.0.0_eslint@9.37.0_jiti@2.6.1_/node_modules/zod/src/v4/classic/tests/datetime.test.ts [2m([22m[2m14 tests[22m[2m)[22m
 [32m✓[39m [44m[1m TS [22m[49m node_modules/.pnpm/eslint-plugin-react-hooks@7.0.0_eslint@9.37.0_jiti@2.6.1_/node_modules/zod/src/v4/classic/tests/default.test.ts [2m([22m[2m16 tests[22m[2m)[22m
 [32m✓[39m [44m[1m TS [22m[49m node_modules/.pnpm/eslint-plugin-react-hooks@7.0.0_eslint@9.37.0_jiti@2.6.1_/node_modules/zod/src/v4/classic/tests/description.test.ts [2m([22m[2m2 tests[22m[2m)[22m
 [32m✓[39m [44m[1m TS [22m[49m node_modules/.pnpm/eslint-plugin-react-hooks@7.0.0_eslint@9.37.0_jiti@2.6.1_/node_modules/zod/src/v4/classic/tests/discriminated-unions.test.ts [2m([22m[2m22 tests[22m[2m)[22m
 [32m✓[39m [44m[1m TS [22m[49m node_modules/.pnpm/eslint-plugin-react-hooks@7.0.0_eslint@9.37.0_jiti@2.6.1_/node_modules/zod/src/v4/classic/tests/enum.test.ts [2m([22m[2m19 tests[22m[2m)[22m
 [32m✓[39m [44m[1m TS [22m[49m node_modules/.pnpm/eslint-plugin-react-hooks@7.0.0_eslint@9.37.0_jiti@2.6.1_/node_modules/zod/src/v4/classic/tests/error-utils.test.ts [2m([22m[2m13 tests[22m[2m)[22m
 [32m✓[39m [44m[1m TS [22m[49m node_modules/.pnpm/eslint-plugin-react-hooks@7.0.0_eslint@9.37.0_jiti@2.6.1_/node_modules/zod/src/v4/classic/tests/error.test.ts [2m([22m[2m27 tests[22m[2m)[22m
 [32m✓[39m [44m[1m TS [22m[49m node_modules/.pnpm/eslint-plugin-react-hooks@7.0.0_eslint@9.37.0_jiti@2.6.1_/node_modules/zod/src/v4/classic/tests/file.test.ts [2m([22m[2m3 tests[22m[2m)[22m
 [32m✓[39m [44m[1m TS [22m[49m node_modules/.pnpm/eslint-plugin-react-hooks@7.0.0_eslint@9.37.0_jiti@2.6.1_/node_modules/zod/src/v4/classic/tests/firstparty.test.ts [2m([22m[2m2 tests[22m[2m)[22m
 [32m✓[39m [44m[1m TS [22m[49m node_modules/.pnpm/eslint-plugin-react-hooks@7.0.0_eslint@9.37.0_jiti@2.6.1_/node_modules/zod/src/v4/classic/tests/function.test.ts [2m([22m[2m17 tests[22m[2m)[22m
 [32m✓[39m [44m[1m TS [22m[49m node_modules/.pnpm/eslint-plugin-react-hooks@7.0.0_eslint@9.37.0_jiti@2.6.1_/node_modules/zod/src/v4/classic/tests/generics.test.ts [2m([22m[2m4 tests[22m[2m)[22m
 [32m✓[39m [44m[1m TS [22m[49m node_modules/.pnpm/eslint-plugin-react-hooks@7.0.0_eslint@9.37.0_jiti@2.6.1_/node_modules/zod/src/v4/classic/tests/hash.test.ts [2m([22m[2m1 test[22m[2m)[22m
 [32m✓[39m [44m[1m TS [22m[49m node_modules/.pnpm/eslint-plugin-react-hooks@7.0.0_eslint@9.37.0_jiti@2.6.1_/node_modules/zod/src/v4/classic/tests/index.test.ts [2m([22m[2m58 tests[22m[2m)[22m
 [32m✓[39m [44m[1m TS [22m[49m node_modules/.pnpm/eslint-plugin-react-hooks@7.0.0_eslint@9.37.0_jiti@2.6.1_/node_modules/zod/src/v4/classic/tests/instanceof.test.ts [2m([22m[2m2 tests[22m[2m)[22m
 [32m✓[39m [44m[1m TS [22m[49m node_modules/.pnpm/eslint-plugin-react-hooks@7.0.0_eslint@9.37.0_jiti@2.6.1_/node_modules/zod/src/v4/classic/tests/intersection.test.ts [2m([22m[2m10 tests[22m[2m)[22m
 [32m✓[39m [44m[1m TS [22m[49m node_modules/.pnpm/eslint-plugin-react-hooks@7.0.0_eslint@9.37.0_jiti@2.6.1_/node_modules/zod/src/v4/classic/tests/json.test.ts [2m([22m[2m1 test[22m[2m)[22m
 [32m✓[39m [44m[1m TS [22m[49m node_modules/.pnpm/eslint-plugin-react-hooks@7.0.0_eslint@9.37.0_jiti@2.6.1_/node_modules/zod/src/v4/classic/tests/lazy.test.ts [2m([22m[2m9 tests[22m[2m)[22m
 [32m✓[39m [44m[1m TS [22m[49m node_modules/.pnpm/eslint-plugin-react-hooks@7.0.0_eslint@9.37.0_jiti@2.6.1_/node_modules/zod/src/v4/classic/tests/literal.test.ts [2m([22m[2m10 tests[22m[2m)[22m
 [32m✓[39m [44m[1m TS [22m[49m node_modules/.pnpm/eslint-plugin-react-hooks@7.0.0_eslint@9.37.0_jiti@2.6.1_/node_modules/zod/src/v4/classic/tests/map.test.ts [2m([22m[2m8 tests[22m[2m)[22m
 [32m✓[39m [44m[1m TS [22m[49m node_modules/.pnpm/eslint-plugin-react-hooks@7.0.0_eslint@9.37.0_jiti@2.6.1_/node_modules/zod/src/v4/classic/tests/nan.test.ts [2m([22m[2m2 tests[22m[2m)[22m
 [32m✓[39m [44m[1m TS [22m[49m node_modules/.pnpm/eslint-plugin-react-hooks@7.0.0_eslint@9.37.0_jiti@2.6.1_/node_modules/zod/src/v4/classic/tests/nested-refine.test.ts [2m([22m[2m1 test[22m[2m)[22m
 [32m✓[39m [44m[1m TS [22m[49m node_modules/.pnpm/eslint-plugin-react-hooks@7.0.0_eslint@9.37.0_jiti@2.6.1_/node_modules/zod/src/v4/classic/tests/nonoptional.test.ts [2m([22m[2m4 tests[22m[2m)[22m
 [32m✓[39m [44m[1m TS [22m[49m node_modules/.pnpm/eslint-plugin-react-hooks@7.0.0_eslint@9.37.0_jiti@2.6.1_/node_modules/zod/src/v4/classic/tests/nullable.test.ts [2m([22m[2m3 tests[22m[2m)[22m
 [32m✓[39m [44m[1m TS [22m[49m node_modules/.pnpm/eslint-plugin-react-hooks@7.0.0_eslint@9.37.0_jiti@2.6.1_/node_modules/zod/src/v4/classic/tests/number.test.ts [2m([22m[2m26 tests[22m[2m)[22m
 [32m✓[39m [44m[1m TS [22m[49m node_modules/.pnpm/eslint-plugin-react-hooks@7.0.0_eslint@9.37.0_jiti@2.6.1_/node_modules/zod/src/v4/classic/tests/object.test.ts [2m([22m[2m49 tests[22m[2m)[22m
 [32m✓[39m [44m[1m TS [22m[49m node_modules/.pnpm/eslint-plugin-react-hooks@7.0.0_eslint@9.37.0_jiti@2.6.1_/node_modules/zod/src/v4/classic/tests/optional.test.ts [2m([22m[2m6 tests[22m[2m)[22m
 [32m✓[39m [44m[1m TS [22m[49m node_modules/.pnpm/eslint-plugin-react-hooks@7.0.0_eslint@9.37.0_jiti@2.6.1_/node_modules/zod/src/v4/classic/tests/partial.test.ts [2m([22m[2m12 tests[22m[2m)[22m
 [32m✓[39m [44m[1m TS [22m[49m node_modules/.pnpm/eslint-plugin-react-hooks@7.0.0_eslint@9.37.0_jiti@2.6.1_/node_modules/zod/src/v4/classic/tests/pickomit.test.ts [2m([22m[2m12 tests[22m[2m)[22m
 [32m✓[39m [44m[1m TS [22m[49m node_modules/.pnpm/eslint-plugin-react-hooks@7.0.0_eslint@9.37.0_jiti@2.6.1_/node_modules/zod/src/v4/classic/tests/pipe.test.ts [2m([22m[2m7 tests[22m[2m)[22m
 [32m✓[39m [44m[1m TS [22m[49m node_modules/.pnpm/eslint-plugin-react-hooks@7.0.0_eslint@9.37.0_jiti@2.6.1_/node_modules/zod/src/v4/classic/tests/prefault.test.ts [2m([22m[2m4 tests[22m[2m)[22m
 [32m✓[39m [44m[1m TS [22m[49m node_modules/.pnpm/eslint-plugin-react-hooks@7.0.0_eslint@9.37.0_jiti@2.6.1_/node_modules/zod/src/v4/classic/tests/preprocess.test.ts [2m([22m[2m11 tests[22m[2m)[22m
 [32m✓[39m [44m[1m TS [22m[49m node_modules/.pnpm/eslint-plugin-react-hooks@7.0.0_eslint@9.37.0_jiti@2.6.1_/node_modules/zod/src/v4/classic/tests/primitive.test.ts [2m([22m[2m14 tests[22m[2m)[22m
 [32m✓[39m [44m[1m TS [22m[49m node_modules/.pnpm/eslint-plugin-react-hooks@7.0.0_eslint@9.37.0_jiti@2.6.1_/node_modules/zod/src/v4/classic/tests/promise.test.ts [2m([22m[2m10 tests[22m[2m)[22m
 [32m✓[39m [44m[1m TS [22m[49m node_modules/.pnpm/eslint-plugin-react-hooks@7.0.0_eslint@9.37.0_jiti@2.6.1_/node_modules/zod/src/v4/classic/tests/prototypes.test.ts [2m([22m[2m1 test[22m[2m)[22m
 [32m✓[39m [44m[1m TS [22m[49m node_modules/.pnpm/eslint-plugin-react-hooks@7.0.0_eslint@9.37.0_jiti@2.6.1_/node_modules/zod/src/v4/classic/tests/readonly.test.ts [2m([22m[2m7 tests[22m[2m)[22m
 [32m✓[39m [44m[1m TS [22m[49m node_modules/.pnpm/eslint-plugin-react-hooks@7.0.0_eslint@9.37.0_jiti@2.6.1_/node_modules/zod/src/v4/classic/tests/record.test.ts [2m([22m[2m13 tests[22m[2m)[22m
 [32m✓[39m [44m[1m TS [22m[49m node_modules/.pnpm/eslint-plugin-react-hooks@7.0.0_eslint@9.37.0_jiti@2.6.1_/node_modules/zod/src/v4/classic/tests/recursive-types.test.ts [2m([22m[2m13 tests[22m[2m)[22m
 [32m✓[39m [44m[1m TS [22m[49m node_modules/.pnpm/eslint-plugin-react-hooks@7.0.0_eslint@9.37.0_jiti@2.6.1_/node_modules/zod/src/v4/classic/tests/refine.test.ts [2m([22m[2m16 tests[22m[2m)[22m
 [32m✓[39m [44m[1m TS [22m[49m node_modules/.pnpm/eslint-plugin-react-hooks@7.0.0_eslint@9.37.0_jiti@2.6.1_/node_modules/zod/src/v4/classic/tests/registries.test.ts [2m([22m[2m16 tests[22m[2m)[22m
 [32m✓[39m [44m[1m TS [22m[49m node_modules/.pnpm/eslint-plugin-react-hooks@7.0.0_eslint@9.37.0_jiti@2.6.1_/node_modules/zod/src/v4/classic/tests/set.test.ts [2m([22m[2m12 tests[22m[2m)[22m
 [32m✓[39m [44m[1m TS [22m[49m node_modules/.pnpm/eslint-plugin-react-hooks@7.0.0_eslint@9.37.0_jiti@2.6.1_/node_modules/zod/src/v4/classic/tests/standard-schema.test.ts [2m([22m[2m4 tests[22m[2m)[22m
 [32m✓[39m [44m[1m TS [22m[49m node_modules/.pnpm/eslint-plugin-react-hooks@7.0.0_eslint@9.37.0_jiti@2.6.1_/node_modules/zod/src/v4/classic/tests/string-formats.test.ts [2m([22m[2m3 tests[22m[2m)[22m
 [32m✓[39m [44m[1m TS [22m[49m node_modules/.pnpm/eslint-plugin-react-hooks@7.0.0_eslint@9.37.0_jiti@2.6.1_/node_modules/zod/src/v4/classic/tests/string.test.ts [2m([22m[2m42 tests[22m[2m)[22m
 [32m✓[39m [44m[1m TS [22m[49m node_modules/.pnpm/eslint-plugin-react-hooks@7.0.0_eslint@9.37.0_jiti@2.6.1_/node_modules/zod/src/v4/classic/tests/stringbool.test.ts [2m([22m[2m7 tests[22m[2m)[22m
 [32m✓[39m [44m[1m TS [22m[49m node_modules/.pnpm/eslint-plugin-react-hooks@7.0.0_eslint@9.37.0_jiti@2.6.1_/node_modules/zod/src/v4/classic/tests/template-literal.test.ts [2m([22m[2m8 tests[22m[2m)[22m
 [32m✓[39m [44m[1m TS [22m[49m node_modules/.pnpm/eslint-plugin-react-hooks@7.0.0_eslint@9.37.0_jiti@2.6.1_/node_modules/zod/src/v4/classic/tests/to-json-schema.test.ts [2m([22m[2m61 tests[22m[2m)[22m
 [32m✓[39m [44m[1m TS [22m[49m node_modules/.pnpm/eslint-plugin-react-hooks@7.0.0_eslint@9.37.0_jiti@2.6.1_/node_modules/zod/src/v4/classic/tests/transform.test.ts [2m([22m[2m18 tests[22m[2m)[22m
 [32m✓[39m [44m[1m TS [22m[49m node_modules/.pnpm/eslint-plugin-react-hooks@7.0.0_eslint@9.37.0_jiti@2.6.1_/node_modules/zod/src/v4/classic/tests/tuple.test.ts [2m([22m[2m6 tests[22m[2m)[22m
 [32m✓[39m [44m[1m TS [22m[49m node_modules/.pnpm/eslint-plugin-react-hooks@7.0.0_eslint@9.37.0_jiti@2.6.1_/node_modules/zod/src/v4/classic/tests/union.test.ts [2m([22m[2m10 tests[22m[2m)[22m
 [32m✓[39m [44m[1m TS [22m[49m node_modules/.pnpm/eslint-plugin-react-hooks@7.0.0_eslint@9.37.0_jiti@2.6.1_/node_modules/zod/src/v4/classic/tests/validations.test.ts [2m([22m[2m13 tests[22m[2m)[22m
 [32m✓[39m [44m[1m TS [22m[49m node_modules/.pnpm/eslint-plugin-react-hooks@7.0.0_eslint@9.37.0_jiti@2.6.1_/node_modules/zod/src/v4/classic/tests/void.test.ts [2m([22m[2m1 test[22m[2m)[22m
 [32m✓[39m [44m[1m TS [22m[49m node_modules/.pnpm/eslint-plugin-react-hooks@7.0.0_eslint@9.37.0_jiti@2.6.1_/node_modules/zod/src/v4/core/tests/extend.test.ts [2m([22m[2m1 test[22m[2m)[22m
 [32m✓[39m [44m[1m TS [22m[49m node_modules/.pnpm/eslint-plugin-react-hooks@7.0.0_eslint@9.37.0_jiti@2.6.1_/node_modules/zod/src/v4/core/tests/index.test.ts [2m([22m[2m3 tests[22m[2m)[22m
 [32m✓[39m [44m[1m TS [22m[49m node_modules/.pnpm/eslint-plugin-react-hooks@7.0.0_eslint@9.37.0_jiti@2.6.1_/node_modules/zod/src/v4/mini/tests/assignability.test.ts [2m([22m[2m2 tests[22m[2m)[22m
 [32m✓[39m [44m[1m TS [22m[49m node_modules/.pnpm/eslint-plugin-react-hooks@7.0.0_eslint@9.37.0_jiti@2.6.1_/node_modules/zod/src/v4/mini/tests/brand.test.ts [2m([22m[2m1 test[22m[2m)[22m
 [32m✓[39m [44m[1m TS [22m[49m node_modules/.pnpm/eslint-plugin-react-hooks@7.0.0_eslint@9.37.0_jiti@2.6.1_/node_modules/zod/src/v4/mini/tests/checks.test.ts [2m([22m[2m17 tests[22m[2m)[22m
 [32m✓[39m [44m[1m TS [22m[49m node_modules/.pnpm/eslint-plugin-react-hooks@7.0.0_eslint@9.37.0_jiti@2.6.1_/node_modules/zod/src/v4/mini/tests/codec.test.ts [2m([22m[2m13 tests[22m[2m)[22m
 [32m✓[39m [44m[1m TS [22m[49m node_modules/.pnpm/eslint-plugin-react-hooks@7.0.0_eslint@9.37.0_jiti@2.6.1_/node_modules/zod/src/v4/mini/tests/computed.test.ts [2m([22m[2m5 tests[22m[2m)[22m
 [32m✓[39m [44m[1m TS [22m[49m node_modules/.pnpm/eslint-plugin-react-hooks@7.0.0_eslint@9.37.0_jiti@2.6.1_/node_modules/zod/src/v4/mini/tests/error.test.ts [2m([22m[2m2 tests[22m[2m)[22m
 [32m✓[39m [44m[1m TS [22m[49m node_modules/.pnpm/eslint-plugin-react-hooks@7.0.0_eslint@9.37.0_jiti@2.6.1_/node_modules/zod/src/v4/mini/tests/functions.test.ts [2m([22m[2m1 test[22m[2m)[22m
 [32m✓[39m [44m[1m TS [22m[49m node_modules/.pnpm/eslint-plugin-react-hooks@7.0.0_eslint@9.37.0_jiti@2.6.1_/node_modules/zod/src/v4/mini/tests/index.test.ts [2m([22m[2m59 tests[22m[2m)[22m
 [32m✓[39m [44m[1m TS [22m[49m node_modules/.pnpm/eslint-plugin-react-hooks@7.0.0_eslint@9.37.0_jiti@2.6.1_/node_modules/zod/src/v4/mini/tests/number.test.ts [2m([22m[2m9 tests[22m[2m)[22m
 [32m✓[39m [44m[1m TS [22m[49m node_modules/.pnpm/eslint-plugin-react-hooks@7.0.0_eslint@9.37.0_jiti@2.6.1_/node_modules/zod/src/v4/mini/tests/object.test.ts [2m([22m[2m12 tests[22m[2m)[22m
 [32m✓[39m [44m[1m TS [22m[49m node_modules/.pnpm/eslint-plugin-react-hooks@7.0.0_eslint@9.37.0_jiti@2.6.1_/node_modules/zod/src/v4/mini/tests/prototypes.test.ts [2m([22m[2m2 tests[22m[2m)[22m
 [32m✓[39m [44m[1m TS [22m[49m node_modules/.pnpm/eslint-plugin-react-hooks@7.0.0_eslint@9.37.0_jiti@2.6.1_/node_modules/zod/src/v4/mini/tests/recursive-types.test.ts [2m([22m[2m6 tests[22m[2m)[22m
 [32m✓[39m [44m[1m TS [22m[49m node_modules/.pnpm/eslint-plugin-react-hooks@7.0.0_eslint@9.37.0_jiti@2.6.1_/node_modules/zod/src/v4/mini/tests/string.test.ts [2m([22m[2m25 tests[22m[2m)[22m
 [32m✓[39m [44m[1m TS [22m[49m node_modules/.pnpm/jazz-tools@0.19.3_@tiptap+pm@2.26.2_csstype@3.1.3_react-dom@19.2.0_react@19.2.0__react@19.2.0/node_modules/zod/src/v4/core/tests/extend.test.ts [2m([22m[2m1 test[22m[2m)[22m
 [32m✓[39m [44m[1m TS [22m[49m node_modules/.pnpm/jazz-tools@0.19.3_@tiptap+pm@2.26.2_csstype@3.1.3_react-dom@19.2.0_react@19.2.0__react@19.2.0/node_modules/zod/src/v4/core/tests/index.test.ts [2m([22m[2m3 tests[22m[2m)[22m
 [32m✓[39m [44m[1m TS [22m[49m node_modules/.pnpm/jazz-tools@0.19.3_@tiptap+pm@2.26.2_csstype@3.1.3_react-dom@19.2.0_react@19.2.0__react@19.2.0/node_modules/zod/src/v4/classic/tests/anyunknown.test.ts [2m([22m[2m3 tests[22m[2m)[22m
 [32m✓[39m [44m[1m TS [22m[49m node_modules/.pnpm/jazz-tools@0.19.3_@tiptap+pm@2.26.2_csstype@3.1.3_react-dom@19.2.0_react@19.2.0__react@19.2.0/node_modules/zod/src/v4/classic/tests/array.test.ts [2m([22m[2m9 tests[22m[2m)[22m
 [32m✓[39m [44m[1m TS [22m[49m node_modules/.pnpm/jazz-tools@0.19.3_@tiptap+pm@2.26.2_csstype@3.1.3_react-dom@19.2.0_react@19.2.0__react@19.2.0/node_modules/zod/src/v4/classic/tests/assignability.test.ts [2m([22m[2m5 tests[22m[2m)[22m
 [32m✓[39m [44m[1m TS [22m[49m node_modules/.pnpm/jazz-tools@0.19.3_@tiptap+pm@2.26.2_csstype@3.1.3_react-dom@19.2.0_react@19.2.0__react@19.2.0/node_modules/zod/src/v4/classic/tests/async-parsing.test.ts [2m([22m[2m23 tests[22m[2m)[22m
 [32m✓[39m [44m[1m TS [22m[49m node_modules/.pnpm/jazz-tools@0.19.3_@tiptap+pm@2.26.2_csstype@3.1.3_react-dom@19.2.0_react@19.2.0__react@19.2.0/node_modules/zod/src/v4/classic/tests/async-refinements.test.ts [2m([22m[2m4 tests[22m[2m)[22m
 [32m✓[39m [44m[1m TS [22m[49m node_modules/.pnpm/jazz-tools@0.19.3_@tiptap+pm@2.26.2_csstype@3.1.3_react-dom@19.2.0_react@19.2.0__react@19.2.0/node_modules/zod/src/v4/classic/tests/base.test.ts [2m([22m[2m1 test[22m[2m)[22m
 [32m✓[39m [44m[1m TS [22m[49m node_modules/.pnpm/jazz-tools@0.19.3_@tiptap+pm@2.26.2_csstype@3.1.3_react-dom@19.2.0_react@19.2.0__react@19.2.0/node_modules/zod/src/v4/classic/tests/bigint.test.ts [2m([22m[2m3 tests[22m[2m)[22m
 [32m✓[39m [44m[1m TS [22m[49m node_modules/.pnpm/jazz-tools@0.19.3_@tiptap+pm@2.26.2_csstype@3.1.3_react-dom@19.2.0_react@19.2.0__react@19.2.0/node_modules/zod/src/v4/classic/tests/brand.test.ts [2m([22m[2m3 tests[22m[2m)[22m
 [32m✓[39m [44m[1m TS [22m[49m node_modules/.pnpm/jazz-tools@0.19.3_@tiptap+pm@2.26.2_csstype@3.1.3_react-dom@19.2.0_react@19.2.0__react@19.2.0/node_modules/zod/src/v4/classic/tests/catch.test.ts [2m([22m[2m17 tests[22m[2m)[22m
 [32m✓[39m [44m[1m TS [22m[49m node_modules/.pnpm/jazz-tools@0.19.3_@tiptap+pm@2.26.2_csstype@3.1.3_react-dom@19.2.0_react@19.2.0__react@19.2.0/node_modules/zod/src/v4/classic/tests/coalesce.test.ts [2m([22m[2m1 test[22m[2m)[22m
 [32m✓[39m [44m[1m TS [22m[49m node_modules/.pnpm/jazz-tools@0.19.3_@tiptap+pm@2.26.2_csstype@3.1.3_react-dom@19.2.0_react@19.2.0__react@19.2.0/node_modules/zod/src/v4/classic/tests/codec-examples.test.ts [2m([22m[2m19 tests[22m[2m)[22m
 [32m✓[39m [44m[1m TS [22m[49m node_modules/.pnpm/jazz-tools@0.19.3_@tiptap+pm@2.26.2_csstype@3.1.3_react-dom@19.2.0_react@19.2.0__react@19.2.0/node_modules/zod/src/v4/classic/tests/codec.test.ts [2m([22m[2m14 tests[22m[2m)[22m
 [32m✓[39m [44m[1m TS [22m[49m node_modules/.pnpm/jazz-tools@0.19.3_@tiptap+pm@2.26.2_csstype@3.1.3_react-dom@19.2.0_react@19.2.0__react@19.2.0/node_modules/zod/src/v4/classic/tests/coerce.test.ts [2m([22m[2m6 tests[22m[2m)[22m
 [32m✓[39m [44m[1m TS [22m[49m node_modules/.pnpm/jazz-tools@0.19.3_@tiptap+pm@2.26.2_csstype@3.1.3_react-dom@19.2.0_react@19.2.0__react@19.2.0/node_modules/zod/src/v4/classic/tests/continuability.test.ts [2m([22m[2m1 test[22m[2m)[22m
 [32m✓[39m [44m[1m TS [22m[49m node_modules/.pnpm/jazz-tools@0.19.3_@tiptap+pm@2.26.2_csstype@3.1.3_react-dom@19.2.0_react@19.2.0__react@19.2.0/node_modules/zod/src/v4/classic/tests/custom.test.ts [2m([22m[2m4 tests[22m[2m)[22m
 [32m✓[39m [44m[1m TS [22m[49m node_modules/.pnpm/jazz-tools@0.19.3_@tiptap+pm@2.26.2_csstype@3.1.3_react-dom@19.2.0_react@19.2.0__react@19.2.0/node_modules/zod/src/v4/classic/tests/date.test.ts [2m([22m[2m3 tests[22m[2m)[22m
 [32m✓[39m [44m[1m TS [22m[49m node_modules/.pnpm/jazz-tools@0.19.3_@tiptap+pm@2.26.2_csstype@3.1.3_react-dom@19.2.0_react@19.2.0__react@19.2.0/node_modules/zod/src/v4/classic/tests/datetime.test.ts [2m([22m[2m14 tests[22m[2m)[22m
 [32m✓[39m [44m[1m TS [22m[49m node_modules/.pnpm/jazz-tools@0.19.3_@tiptap+pm@2.26.2_csstype@3.1.3_react-dom@19.2.0_react@19.2.0__react@19.2.0/node_modules/zod/src/v4/classic/tests/default.test.ts [2m([22m[2m16 tests[22m[2m)[22m
 [32m✓[39m [44m[1m TS [22m[49m node_modules/.pnpm/jazz-tools@0.19.3_@tiptap+pm@2.26.2_csstype@3.1.3_react-dom@19.2.0_react@19.2.0__react@19.2.0/node_modules/zod/src/v4/classic/tests/description.test.ts [2m([22m[2m2 tests[22m[2m)[22m
 [32m✓[39m [44m[1m TS [22m[49m node_modules/.pnpm/jazz-tools@0.19.3_@tiptap+pm@2.26.2_csstype@3.1.3_react-dom@19.2.0_react@19.2.0__react@19.2.0/node_modules/zod/src/v4/classic/tests/discriminated-unions.test.ts [2m([22m[2m22 tests[22m[2m)[22m
 [32m✓[39m [44m[1m TS [22m[49m node_modules/.pnpm/jazz-tools@0.19.3_@tiptap+pm@2.26.2_csstype@3.1.3_react-dom@19.2.0_react@19.2.0__react@19.2.0/node_modules/zod/src/v4/classic/tests/enum.test.ts [2m([22m[2m19 tests[22m[2m)[22m
 [32m✓[39m [44m[1m TS [22m[49m node_modules/.pnpm/jazz-tools@0.19.3_@tiptap+pm@2.26.2_csstype@3.1.3_react-dom@19.2.0_react@19.2.0__react@19.2.0/node_modules/zod/src/v4/classic/tests/error-utils.test.ts [2m([22m[2m13 tests[22m[2m)[22m
 [32m✓[39m [44m[1m TS [22m[49m node_modules/.pnpm/jazz-tools@0.19.3_@tiptap+pm@2.26.2_csstype@3.1.3_react-dom@19.2.0_react@19.2.0__react@19.2.0/node_modules/zod/src/v4/classic/tests/error.test.ts [2m([22m[2m27 tests[22m[2m)[22m
 [32m✓[39m [44m[1m TS [22m[49m node_modules/.pnpm/jazz-tools@0.19.3_@tiptap+pm@2.26.2_csstype@3.1.3_react-dom@19.2.0_react@19.2.0__react@19.2.0/node_modules/zod/src/v4/classic/tests/file.test.ts [2m([22m[2m3 tests[22m[2m)[22m
 [32m✓[39m [44m[1m TS [22m[49m node_modules/.pnpm/jazz-tools@0.19.3_@tiptap+pm@2.26.2_csstype@3.1.3_react-dom@19.2.0_react@19.2.0__react@19.2.0/node_modules/zod/src/v4/classic/tests/firstparty.test.ts [2m([22m[2m2 tests[22m[2m)[22m
 [32m✓[39m [44m[1m TS [22m[49m node_modules/.pnpm/jazz-tools@0.19.3_@tiptap+pm@2.26.2_csstype@3.1.3_react-dom@19.2.0_react@19.2.0__react@19.2.0/node_modules/zod/src/v4/classic/tests/function.test.ts [2m([22m[2m17 tests[22m[2m)[22m
 [32m✓[39m [44m[1m TS [22m[49m node_modules/.pnpm/jazz-tools@0.19.3_@tiptap+pm@2.26.2_csstype@3.1.3_react-dom@19.2.0_react@19.2.0__react@19.2.0/node_modules/zod/src/v4/classic/tests/generics.test.ts [2m([22m[2m4 tests[22m[2m)[22m
 [32m✓[39m [44m[1m TS [22m[49m node_modules/.pnpm/jazz-tools@0.19.3_@tiptap+pm@2.26.2_csstype@3.1.3_react-dom@19.2.0_react@19.2.0__react@19.2.0/node_modules/zod/src/v4/classic/tests/hash.test.ts [2m([22m[2m1 test[22m[2m)[22m
 [32m✓[39m [44m[1m TS [22m[49m node_modules/.pnpm/jazz-tools@0.19.3_@tiptap+pm@2.26.2_csstype@3.1.3_react-dom@19.2.0_react@19.2.0__react@19.2.0/node_modules/zod/src/v4/classic/tests/index.test.ts [2m([22m[2m58 tests[22m[2m)[22m
 [32m✓[39m [44m[1m TS [22m[49m node_modules/.pnpm/jazz-tools@0.19.3_@tiptap+pm@2.26.2_csstype@3.1.3_react-dom@19.2.0_react@19.2.0__react@19.2.0/node_modules/zod/src/v4/classic/tests/instanceof.test.ts [2m([22m[2m2 tests[22m[2m)[22m
 [32m✓[39m [44m[1m TS [22m[49m node_modules/.pnpm/jazz-tools@0.19.3_@tiptap+pm@2.26.2_csstype@3.1.3_react-dom@19.2.0_react@19.2.0__react@19.2.0/node_modules/zod/src/v4/classic/tests/intersection.test.ts [2m([22m[2m10 tests[22m[2m)[22m
 [32m✓[39m [44m[1m TS [22m[49m node_modules/.pnpm/jazz-tools@0.19.3_@tiptap+pm@2.26.2_csstype@3.1.3_react-dom@19.2.0_react@19.2.0__react@19.2.0/node_modules/zod/src/v4/classic/tests/json.test.ts [2m([22m[2m1 test[22m[2m)[22m
 [32m✓[39m [44m[1m TS [22m[49m node_modules/.pnpm/jazz-tools@0.19.3_@tiptap+pm@2.26.2_csstype@3.1.3_react-dom@19.2.0_react@19.2.0__react@19.2.0/node_modules/zod/src/v4/classic/tests/lazy.test.ts [2m([22m[2m9 tests[22m[2m)[22m
 [32m✓[39m [44m[1m TS [22m[49m node_modules/.pnpm/jazz-tools@0.19.3_@tiptap+pm@2.26.2_csstype@3.1.3_react-dom@19.2.0_react@19.2.0__react@19.2.0/node_modules/zod/src/v4/classic/tests/literal.test.ts [2m([22m[2m10 tests[22m[2m)[22m
 [32m✓[39m [44m[1m TS [22m[49m node_modules/.pnpm/jazz-tools@0.19.3_@tiptap+pm@2.26.2_csstype@3.1.3_react-dom@19.2.0_react@19.2.0__react@19.2.0/node_modules/zod/src/v4/classic/tests/map.test.ts [2m([22m[2m8 tests[22m[2m)[22m
 [32m✓[39m [44m[1m TS [22m[49m node_modules/.pnpm/jazz-tools@0.19.3_@tiptap+pm@2.26.2_csstype@3.1.3_react-dom@19.2.0_react@19.2.0__react@19.2.0/node_modules/zod/src/v4/classic/tests/nan.test.ts [2m([22m[2m2 tests[22m[2m)[22m
 [32m✓[39m [44m[1m TS [22m[49m node_modules/.pnpm/jazz-tools@0.19.3_@tiptap+pm@2.26.2_csstype@3.1.3_react-dom@19.2.0_react@19.2.0__react@19.2.0/node_modules/zod/src/v4/classic/tests/nested-refine.test.ts [2m([22m[2m1 test[22m[2m)[22m
 [32m✓[39m [44m[1m TS [22m[49m node_modules/.pnpm/jazz-tools@0.19.3_@tiptap+pm@2.26.2_csstype@3.1.3_react-dom@19.2.0_react@19.2.0__react@19.2.0/node_modules/zod/src/v4/classic/tests/nonoptional.test.ts [2m([22m[2m4 tests[22m[2m)[22m
 [32m✓[39m [44m[1m TS [22m[49m node_modules/.pnpm/jazz-tools@0.19.3_@tiptap+pm@2.26.2_csstype@3.1.3_react-dom@19.2.0_react@19.2.0__react@19.2.0/node_modules/zod/src/v4/classic/tests/nullable.test.ts [2m([22m[2m3 tests[22m[2m)[22m
 [32m✓[39m [44m[1m TS [22m[49m node_modules/.pnpm/jazz-tools@0.19.3_@tiptap+pm@2.26.2_csstype@3.1.3_react-dom@19.2.0_react@19.2.0__react@19.2.0/node_modules/zod/src/v4/classic/tests/number.test.ts [2m([22m[2m26 tests[22m[2m)[22m
 [32m✓[39m [44m[1m TS [22m[49m node_modules/.pnpm/jazz-tools@0.19.3_@tiptap+pm@2.26.2_csstype@3.1.3_react-dom@19.2.0_react@19.2.0__react@19.2.0/node_modules/zod/src/v4/classic/tests/object.test.ts [2m([22m[2m49 tests[22m[2m)[22m
 [32m✓[39m [44m[1m TS [22m[49m node_modules/.pnpm/jazz-tools@0.19.3_@tiptap+pm@2.26.2_csstype@3.1.3_react-dom@19.2.0_react@19.2.0__react@19.2.0/node_modules/zod/src/v4/classic/tests/optional.test.ts [2m([22m[2m6 tests[22m[2m)[22m
 [32m✓[39m [44m[1m TS [22m[49m node_modules/.pnpm/jazz-tools@0.19.3_@tiptap+pm@2.26.2_csstype@3.1.3_react-dom@19.2.0_react@19.2.0__react@19.2.0/node_modules/zod/src/v4/classic/tests/partial.test.ts [2m([22m[2m12 tests[22m[2m)[22m
 [32m✓[39m [44m[1m TS [22m[49m node_modules/.pnpm/jazz-tools@0.19.3_@tiptap+pm@2.26.2_csstype@3.1.3_react-dom@19.2.0_react@19.2.0__react@19.2.0/node_modules/zod/src/v4/classic/tests/pickomit.test.ts [2m([22m[2m12 tests[22m[2m)[22m
 [32m✓[39m [44m[1m TS [22m[49m node_modules/.pnpm/jazz-tools@0.19.3_@tiptap+pm@2.26.2_csstype@3.1.3_react-dom@19.2.0_react@19.2.0__react@19.2.0/node_modules/zod/src/v4/classic/tests/pipe.test.ts [2m([22m[2m7 tests[22m[2m)[22m
 [32m✓[39m [44m[1m TS [22m[49m node_modules/.pnpm/jazz-tools@0.19.3_@tiptap+pm@2.26.2_csstype@3.1.3_react-dom@19.2.0_react@19.2.0__react@19.2.0/node_modules/zod/src/v4/classic/tests/prefault.test.ts [2m([22m[2m4 tests[22m[2m)[22m
 [32m✓[39m [44m[1m TS [22m[49m node_modules/.pnpm/jazz-tools@0.19.3_@tiptap+pm@2.26.2_csstype@3.1.3_react-dom@19.2.0_react@19.2.0__react@19.2.0/node_modules/zod/src/v4/classic/tests/preprocess.test.ts [2m([22m[2m11 tests[22m[2m)[22m
 [32m✓[39m [44m[1m TS [22m[49m node_modules/.pnpm/jazz-tools@0.19.3_@tiptap+pm@2.26.2_csstype@3.1.3_react-dom@19.2.0_react@19.2.0__react@19.2.0/node_modules/zod/src/v4/classic/tests/primitive.test.ts [2m([22m[2m14 tests[22m[2m)[22m
 [32m✓[39m [44m[1m TS [22m[49m node_modules/.pnpm/jazz-tools@0.19.3_@tiptap+pm@2.26.2_csstype@3.1.3_react-dom@19.2.0_react@19.2.0__react@19.2.0/node_modules/zod/src/v4/classic/tests/promise.test.ts [2m([22m[2m10 tests[22m[2m)[22m
 [32m✓[39m [44m[1m TS [22m[49m node_modules/.pnpm/jazz-tools@0.19.3_@tiptap+pm@2.26.2_csstype@3.1.3_react-dom@19.2.0_react@19.2.0__react@19.2.0/node_modules/zod/src/v4/classic/tests/prototypes.test.ts [2m([22m[2m1 test[22m[2m)[22m
 [32m✓[39m [44m[1m TS [22m[49m node_modules/.pnpm/jazz-tools@0.19.3_@tiptap+pm@2.26.2_csstype@3.1.3_react-dom@19.2.0_react@19.2.0__react@19.2.0/node_modules/zod/src/v4/classic/tests/readonly.test.ts [2m([22m[2m7 tests[22m[2m)[22m
 [32m✓[39m [44m[1m TS [22m[49m node_modules/.pnpm/jazz-tools@0.19.3_@tiptap+pm@2.26.2_csstype@3.1.3_react-dom@19.2.0_react@19.2.0__react@19.2.0/node_modules/zod/src/v4/classic/tests/record.test.ts [2m([22m[2m13 tests[22m[2m)[22m
 [32m✓[39m [44m[1m TS [22m[49m node_modules/.pnpm/jazz-tools@0.19.3_@tiptap+pm@2.26.2_csstype@3.1.3_react-dom@19.2.0_react@19.2.0__react@19.2.0/node_modules/zod/src/v4/classic/tests/recursive-types.test.ts [2m([22m[2m13 tests[22m[2m)[22m
 [32m✓[39m [44m[1m TS [22m[49m node_modules/.pnpm/jazz-tools@0.19.3_@tiptap+pm@2.26.2_csstype@3.1.3_react-dom@19.2.0_react@19.2.0__react@19.2.0/node_modules/zod/src/v4/classic/tests/refine.test.ts [2m([22m[2m16 tests[22m[2m)[22m
 [32m✓[39m [44m[1m TS [22m[49m node_modules/.pnpm/jazz-tools@0.19.3_@tiptap+pm@2.26.2_csstype@3.1.3_react-dom@19.2.0_react@19.2.0__react@19.2.0/node_modules/zod/src/v4/classic/tests/registries.test.ts [2m([22m[2m16 tests[22m[2m)[22m
 [32m✓[39m [44m[1m TS [22m[49m node_modules/.pnpm/jazz-tools@0.19.3_@tiptap+pm@2.26.2_csstype@3.1.3_react-dom@19.2.0_react@19.2.0__react@19.2.0/node_modules/zod/src/v4/classic/tests/set.test.ts [2m([22m[2m12 tests[22m[2m)[22m
 [32m✓[39m [44m[1m TS [22m[49m node_modules/.pnpm/jazz-tools@0.19.3_@tiptap+pm@2.26.2_csstype@3.1.3_react-dom@19.2.0_react@19.2.0__react@19.2.0/node_modules/zod/src/v4/classic/tests/standard-schema.test.ts [2m([22m[2m4 tests[22m[2m)[22m
 [32m✓[39m [44m[1m TS [22m[49m node_modules/.pnpm/jazz-tools@0.19.3_@tiptap+pm@2.26.2_csstype@3.1.3_react-dom@19.2.0_react@19.2.0__react@19.2.0/node_modules/zod/src/v4/classic/tests/string-formats.test.ts [2m([22m[2m3 tests[22m[2m)[22m
 [32m✓[39m [44m[1m TS [22m[49m node_modules/.pnpm/jazz-tools@0.19.3_@tiptap+pm@2.26.2_csstype@3.1.3_react-dom@19.2.0_react@19.2.0__react@19.2.0/node_modules/zod/src/v4/classic/tests/string.test.ts [2m([22m[2m42 tests[22m[2m)[22m
 [32m✓[39m [44m[1m TS [22m[49m node_modules/.pnpm/jazz-tools@0.19.3_@tiptap+pm@2.26.2_csstype@3.1.3_react-dom@19.2.0_react@19.2.0__react@19.2.0/node_modules/zod/src/v4/classic/tests/stringbool.test.ts [2m([22m[2m7 tests[22m[2m)[22m
 [32m✓[39m [44m[1m TS [22m[49m node_modules/.pnpm/jazz-tools@0.19.3_@tiptap+pm@2.26.2_csstype@3.1.3_react-dom@19.2.0_react@19.2.0__react@19.2.0/node_modules/zod/src/v4/classic/tests/template-literal.test.ts [2m([22m[2m8 tests[22m[2m)[22m
 [32m✓[39m [44m[1m TS [22m[49m node_modules/.pnpm/jazz-tools@0.19.3_@tiptap+pm@2.26.2_csstype@3.1.3_react-dom@19.2.0_react@19.2.0__react@19.2.0/node_modules/zod/src/v4/classic/tests/to-json-schema.test.ts [2m([22m[2m61 tests[22m[2m)[22m
 [32m✓[39m [44m[1m TS [22m[49m node_modules/.pnpm/jazz-tools@0.19.3_@tiptap+pm@2.26.2_csstype@3.1.3_react-dom@19.2.0_react@19.2.0__react@19.2.0/node_modules/zod/src/v4/classic/tests/transform.test.ts [2m([22m[2m18 tests[22m[2m)[22m
 [32m✓[39m [44m[1m TS [22m[49m node_modules/.pnpm/jazz-tools@0.19.3_@tiptap+pm@2.26.2_csstype@3.1.3_react-dom@19.2.0_react@19.2.0__react@19.2.0/node_modules/zod/src/v4/classic/tests/tuple.test.ts [2m([22m[2m6 tests[22m[2m)[22m
 [32m✓[39m [44m[1m TS [22m[49m node_modules/.pnpm/jazz-tools@0.19.3_@tiptap+pm@2.26.2_csstype@3.1.3_react-dom@19.2.0_react@19.2.0__react@19.2.0/node_modules/zod/src/v4/classic/tests/union.test.ts [2m([22m[2m10 tests[22m[2m)[22m
 [32m✓[39m [44m[1m TS [22m[49m node_modules/.pnpm/jazz-tools@0.19.3_@tiptap+pm@2.26.2_csstype@3.1.3_react-dom@19.2.0_react@19.2.0__react@19.2.0/node_modules/zod/src/v4/classic/tests/validations.test.ts [2m([22m[2m13 tests[22m[2m)[22m
 [32m✓[39m [44m[1m TS [22m[49m node_modules/.pnpm/jazz-tools@0.19.3_@tiptap+pm@2.26.2_csstype@3.1.3_react-dom@19.2.0_react@19.2.0__react@19.2.0/node_modules/zod/src/v4/classic/tests/void.test.ts [2m([22m[2m1 test[22m[2m)[22m
 [32m✓[39m [44m[1m TS [22m[49m node_modules/.pnpm/jazz-tools@0.19.3_@tiptap+pm@2.26.2_csstype@3.1.3_react-dom@19.2.0_react@19.2.0__react@19.2.0/node_modules/zod/src/v4/mini/tests/assignability.test.ts [2m([22m[2m2 tests[22m[2m)[22m
 [32m✓[39m [44m[1m TS [22m[49m node_modules/.pnpm/jazz-tools@0.19.3_@tiptap+pm@2.26.2_csstype@3.1.3_react-dom@19.2.0_react@19.2.0__react@19.2.0/node_modules/zod/src/v4/mini/tests/brand.test.ts [2m([22m[2m1 test[22m[2m)[22m
 [32m✓[39m [44m[1m TS [22m[49m node_modules/.pnpm/jazz-tools@0.19.3_@tiptap+pm@2.26.2_csstype@3.1.3_react-dom@19.2.0_react@19.2.0__react@19.2.0/node_modules/zod/src/v4/mini/tests/checks.test.ts [2m([22m[2m17 tests[22m[2m)[22m
 [32m✓[39m [44m[1m TS [22m[49m node_modules/.pnpm/jazz-tools@0.19.3_@tiptap+pm@2.26.2_csstype@3.1.3_react-dom@19.2.0_react@19.2.0__react@19.2.0/node_modules/zod/src/v4/mini/tests/codec.test.ts [2m([22m[2m13 tests[22m[2m)[22m
 [32m✓[39m [44m[1m TS [22m[49m node_modules/.pnpm/jazz-tools@0.19.3_@tiptap+pm@2.26.2_csstype@3.1.3_react-dom@19.2.0_react@19.2.0__react@19.2.0/node_modules/zod/src/v4/mini/tests/computed.test.ts [2m([22m[2m5 tests[22m[2m)[22m
 [32m✓[39m [44m[1m TS [22m[49m node_modules/.pnpm/jazz-tools@0.19.3_@tiptap+pm@2.26.2_csstype@3.1.3_react-dom@19.2.0_react@19.2.0__react@19.2.0/node_modules/zod/src/v4/mini/tests/error.test.ts [2m([22m[2m2 tests[22m[2m)[22m
 [32m✓[39m [44m[1m TS [22m[49m node_modules/.pnpm/jazz-tools@0.19.3_@tiptap+pm@2.26.2_csstype@3.1.3_react-dom@19.2.0_react@19.2.0__react@19.2.0/node_modules/zod/src/v4/mini/tests/functions.test.ts [2m([22m[2m1 test[22m[2m)[22m
 [32m✓[39m [44m[1m TS [22m[49m node_modules/.pnpm/jazz-tools@0.19.3_@tiptap+pm@2.26.2_csstype@3.1.3_react-dom@19.2.0_react@19.2.0__react@19.2.0/node_modules/zod/src/v4/mini/tests/index.test.ts [2m([22m[2m59 tests[22m[2m)[22m
 [32m✓[39m [44m[1m TS [22m[49m node_modules/.pnpm/jazz-tools@0.19.3_@tiptap+pm@2.26.2_csstype@3.1.3_react-dom@19.2.0_react@19.2.0__react@19.2.0/node_modules/zod/src/v4/mini/tests/number.test.ts [2m([22m[2m9 tests[22m[2m)[22m
 [32m✓[39m [44m[1m TS [22m[49m node_modules/.pnpm/jazz-tools@0.19.3_@tiptap+pm@2.26.2_csstype@3.1.3_react-dom@19.2.0_react@19.2.0__react@19.2.0/node_modules/zod/src/v4/mini/tests/object.test.ts [2m([22m[2m12 tests[22m[2m)[22m
 [32m✓[39m [44m[1m TS [22m[49m node_modules/.pnpm/jazz-tools@0.19.3_@tiptap+pm@2.26.2_csstype@3.1.3_react-dom@19.2.0_react@19.2.0__react@19.2.0/node_modules/zod/src/v4/mini/tests/prototypes.test.ts [2m([22m[2m2 tests[22m[2m)[22m
 [32m✓[39m [44m[1m TS [22m[49m node_modules/.pnpm/jazz-tools@0.19.3_@tiptap+pm@2.26.2_csstype@3.1.3_react-dom@19.2.0_react@19.2.0__react@19.2.0/node_modules/zod/src/v4/mini/tests/recursive-types.test.ts [2m([22m[2m6 tests[22m[2m)[22m
 [32m✓[39m [44m[1m TS [22m[49m node_modules/.pnpm/jazz-tools@0.19.3_@tiptap+pm@2.26.2_csstype@3.1.3_react-dom@19.2.0_react@19.2.0__react@19.2.0/node_modules/zod/src/v4/mini/tests/string.test.ts [2m([22m[2m25 tests[22m[2m)[22m
 [32m✓[39m [44m[1m TS [22m[49m node_modules/.pnpm/jazz-tools@0.18.24_@tiptap+pm@2.26.2_csstype@3.1.3_react-dom@19.2.0_react@19.2.0__react@19.2.0/node_modules/zod/src/v4/core/tests/extend.test.ts [2m([22m[2m1 test[22m[2m)[22m
 [32m✓[39m [44m[1m TS [22m[49m node_modules/.pnpm/jazz-tools@0.18.24_@tiptap+pm@2.26.2_csstype@3.1.3_react-dom@19.2.0_react@19.2.0__react@19.2.0/node_modules/zod/src/v4/core/tests/index.test.ts [2m([22m[2m3 tests[22m[2m)[22m
 [32m✓[39m [44m[1m TS [22m[49m node_modules/.pnpm/jazz-tools@0.18.24_@tiptap+pm@2.26.2_csstype@3.1.3_react-dom@19.2.0_react@19.2.0__react@19.2.0/node_modules/zod/src/v4/classic/tests/anyunknown.test.ts [2m([22m[2m3 tests[22m[2m)[22m
 [32m✓[39m [44m[1m TS [22m[49m node_modules/.pnpm/jazz-tools@0.18.24_@tiptap+pm@2.26.2_csstype@3.1.3_react-dom@19.2.0_react@19.2.0__react@19.2.0/node_modules/zod/src/v4/classic/tests/array.test.ts [2m([22m[2m9 tests[22m[2m)[22m
 [32m✓[39m [44m[1m TS [22m[49m node_modules/.pnpm/jazz-tools@0.18.24_@tiptap+pm@2.26.2_csstype@3.1.3_react-dom@19.2.0_react@19.2.0__react@19.2.0/node_modules/zod/src/v4/classic/tests/assignability.test.ts [2m([22m[2m5 tests[22m[2m)[22m
 [32m✓[39m [44m[1m TS [22m[49m node_modules/.pnpm/jazz-tools@0.18.24_@tiptap+pm@2.26.2_csstype@3.1.3_react-dom@19.2.0_react@19.2.0__react@19.2.0/node_modules/zod/src/v4/classic/tests/async-parsing.test.ts [2m([22m[2m23 tests[22m[2m)[22m
 [32m✓[39m [44m[1m TS [22m[49m node_modules/.pnpm/jazz-tools@0.18.24_@tiptap+pm@2.26.2_csstype@3.1.3_react-dom@19.2.0_react@19.2.0__react@19.2.0/node_modules/zod/src/v4/classic/tests/async-refinements.test.ts [2m([22m[2m4 tests[22m[2m)[22m
 [32m✓[39m [44m[1m TS [22m[49m node_modules/.pnpm/jazz-tools@0.18.24_@tiptap+pm@2.26.2_csstype@3.1.3_react-dom@19.2.0_react@19.2.0__react@19.2.0/node_modules/zod/src/v4/classic/tests/base.test.ts [2m([22m[2m1 test[22m[2m)[22m
 [32m✓[39m [44m[1m TS [22m[49m node_modules/.pnpm/jazz-tools@0.18.24_@tiptap+pm@2.26.2_csstype@3.1.3_react-dom@19.2.0_react@19.2.0__react@19.2.0/node_modules/zod/src/v4/classic/tests/bigint.test.ts [2m([22m[2m3 tests[22m[2m)[22m
 [32m✓[39m [44m[1m TS [22m[49m node_modules/.pnpm/jazz-tools@0.18.24_@tiptap+pm@2.26.2_csstype@3.1.3_react-dom@19.2.0_react@19.2.0__react@19.2.0/node_modules/zod/src/v4/classic/tests/brand.test.ts [2m([22m[2m3 tests[22m[2m)[22m
 [32m✓[39m [44m[1m TS [22m[49m node_modules/.pnpm/jazz-tools@0.18.24_@tiptap+pm@2.26.2_csstype@3.1.3_react-dom@19.2.0_react@19.2.0__react@19.2.0/node_modules/zod/src/v4/classic/tests/catch.test.ts [2m([22m[2m17 tests[22m[2m)[22m
 [32m✓[39m [44m[1m TS [22m[49m node_modules/.pnpm/jazz-tools@0.18.24_@tiptap+pm@2.26.2_csstype@3.1.3_react-dom@19.2.0_react@19.2.0__react@19.2.0/node_modules/zod/src/v4/classic/tests/coalesce.test.ts [2m([22m[2m1 test[22m[2m)[22m
 [32m✓[39m [44m[1m TS [22m[49m node_modules/.pnpm/jazz-tools@0.18.24_@tiptap+pm@2.26.2_csstype@3.1.3_react-dom@19.2.0_react@19.2.0__react@19.2.0/node_modules/zod/src/v4/classic/tests/codec-examples.test.ts [2m([22m[2m19 tests[22m[2m)[22m
 [32m✓[39m [44m[1m TS [22m[49m node_modules/.pnpm/jazz-tools@0.18.24_@tiptap+pm@2.26.2_csstype@3.1.3_react-dom@19.2.0_react@19.2.0__react@19.2.0/node_modules/zod/src/v4/classic/tests/codec.test.ts [2m([22m[2m14 tests[22m[2m)[22m
 [32m✓[39m [44m[1m TS [22m[49m node_modules/.pnpm/jazz-tools@0.18.24_@tiptap+pm@2.26.2_csstype@3.1.3_react-dom@19.2.0_react@19.2.0__react@19.2.0/node_modules/zod/src/v4/classic/tests/coerce.test.ts [2m([22m[2m6 tests[22m[2m)[22m
 [32m✓[39m [44m[1m TS [22m[49m node_modules/.pnpm/jazz-tools@0.18.24_@tiptap+pm@2.26.2_csstype@3.1.3_react-dom@19.2.0_react@19.2.0__react@19.2.0/node_modules/zod/src/v4/classic/tests/continuability.test.ts [2m([22m[2m1 test[22m[2m)[22m
 [32m✓[39m [44m[1m TS [22m[49m node_modules/.pnpm/jazz-tools@0.18.24_@tiptap+pm@2.26.2_csstype@3.1.3_react-dom@19.2.0_react@19.2.0__react@19.2.0/node_modules/zod/src/v4/classic/tests/custom.test.ts [2m([22m[2m4 tests[22m[2m)[22m
 [32m✓[39m [44m[1m TS [22m[49m node_modules/.pnpm/jazz-tools@0.18.24_@tiptap+pm@2.26.2_csstype@3.1.3_react-dom@19.2.0_react@19.2.0__react@19.2.0/node_modules/zod/src/v4/classic/tests/date.test.ts [2m([22m[2m3 tests[22m[2m)[22m
 [32m✓[39m [44m[1m TS [22m[49m node_modules/.pnpm/jazz-tools@0.18.24_@tiptap+pm@2.26.2_csstype@3.1.3_react-dom@19.2.0_react@19.2.0__react@19.2.0/node_modules/zod/src/v4/classic/tests/datetime.test.ts [2m([22m[2m14 tests[22m[2m)[22m
 [32m✓[39m [44m[1m TS [22m[49m node_modules/.pnpm/jazz-tools@0.18.24_@tiptap+pm@2.26.2_csstype@3.1.3_react-dom@19.2.0_react@19.2.0__react@19.2.0/node_modules/zod/src/v4/classic/tests/default.test.ts [2m([22m[2m16 tests[22m[2m)[22m
 [32m✓[39m [44m[1m TS [22m[49m node_modules/.pnpm/jazz-tools@0.18.24_@tiptap+pm@2.26.2_csstype@3.1.3_react-dom@19.2.0_react@19.2.0__react@19.2.0/node_modules/zod/src/v4/classic/tests/description.test.ts [2m([22m[2m2 tests[22m[2m)[22m
 [32m✓[39m [44m[1m TS [22m[49m node_modules/.pnpm/jazz-tools@0.18.24_@tiptap+pm@2.26.2_csstype@3.1.3_react-dom@19.2.0_react@19.2.0__react@19.2.0/node_modules/zod/src/v4/classic/tests/discriminated-unions.test.ts [2m([22m[2m22 tests[22m[2m)[22m
 [32m✓[39m [44m[1m TS [22m[49m node_modules/.pnpm/jazz-tools@0.18.24_@tiptap+pm@2.26.2_csstype@3.1.3_react-dom@19.2.0_react@19.2.0__react@19.2.0/node_modules/zod/src/v4/classic/tests/enum.test.ts [2m([22m[2m19 tests[22m[2m)[22m
 [32m✓[39m [44m[1m TS [22m[49m node_modules/.pnpm/jazz-tools@0.18.24_@tiptap+pm@2.26.2_csstype@3.1.3_react-dom@19.2.0_react@19.2.0__react@19.2.0/node_modules/zod/src/v4/classic/tests/error-utils.test.ts [2m([22m[2m13 tests[22m[2m)[22m
 [32m✓[39m [44m[1m TS [22m[49m node_modules/.pnpm/jazz-tools@0.18.24_@tiptap+pm@2.26.2_csstype@3.1.3_react-dom@19.2.0_react@19.2.0__react@19.2.0/node_modules/zod/src/v4/classic/tests/error.test.ts [2m([22m[2m27 tests[22m[2m)[22m
 [32m✓[39m [44m[1m TS [22m[49m node_modules/.pnpm/jazz-tools@0.18.24_@tiptap+pm@2.26.2_csstype@3.1.3_react-dom@19.2.0_react@19.2.0__react@19.2.0/node_modules/zod/src/v4/classic/tests/file.test.ts [2m([22m[2m3 tests[22m[2m)[22m
 [32m✓[39m [44m[1m TS [22m[49m node_modules/.pnpm/jazz-tools@0.18.24_@tiptap+pm@2.26.2_csstype@3.1.3_react-dom@19.2.0_react@19.2.0__react@19.2.0/node_modules/zod/src/v4/classic/tests/firstparty.test.ts [2m([22m[2m2 tests[22m[2m)[22m
 [32m✓[39m [44m[1m TS [22m[49m node_modules/.pnpm/jazz-tools@0.18.24_@tiptap+pm@2.26.2_csstype@3.1.3_react-dom@19.2.0_react@19.2.0__react@19.2.0/node_modules/zod/src/v4/classic/tests/function.test.ts [2m([22m[2m17 tests[22m[2m)[22m
 [32m✓[39m [44m[1m TS [22m[49m node_modules/.pnpm/jazz-tools@0.18.24_@tiptap+pm@2.26.2_csstype@3.1.3_react-dom@19.2.0_react@19.2.0__react@19.2.0/node_modules/zod/src/v4/classic/tests/generics.test.ts [2m([22m[2m4 tests[22m[2m)[22m
 [32m✓[39m [44m[1m TS [22m[49m node_modules/.pnpm/jazz-tools@0.18.24_@tiptap+pm@2.26.2_csstype@3.1.3_react-dom@19.2.0_react@19.2.0__react@19.2.0/node_modules/zod/src/v4/classic/tests/hash.test.ts [2m([22m[2m1 test[22m[2m)[22m
 [32m✓[39m [44m[1m TS [22m[49m node_modules/.pnpm/jazz-tools@0.18.24_@tiptap+pm@2.26.2_csstype@3.1.3_react-dom@19.2.0_react@19.2.0__react@19.2.0/node_modules/zod/src/v4/classic/tests/index.test.ts [2m([22m[2m58 tests[22m[2m)[22m
 [32m✓[39m [44m[1m TS [22m[49m node_modules/.pnpm/jazz-tools@0.18.24_@tiptap+pm@2.26.2_csstype@3.1.3_react-dom@19.2.0_react@19.2.0__react@19.2.0/node_modules/zod/src/v4/classic/tests/instanceof.test.ts [2m([22m[2m2 tests[22m[2m)[22m
 [32m✓[39m [44m[1m TS [22m[49m node_modules/.pnpm/jazz-tools@0.18.24_@tiptap+pm@2.26.2_csstype@3.1.3_react-dom@19.2.0_react@19.2.0__react@19.2.0/node_modules/zod/src/v4/classic/tests/intersection.test.ts [2m([22m[2m10 tests[22m[2m)[22m
 [32m✓[39m [44m[1m TS [22m[49m node_modules/.pnpm/jazz-tools@0.18.24_@tiptap+pm@2.26.2_csstype@3.1.3_react-dom@19.2.0_react@19.2.0__react@19.2.0/node_modules/zod/src/v4/classic/tests/json.test.ts [2m([22m[2m1 test[22m[2m)[22m
 [32m✓[39m [44m[1m TS [22m[49m node_modules/.pnpm/jazz-tools@0.18.24_@tiptap+pm@2.26.2_csstype@3.1.3_react-dom@19.2.0_react@19.2.0__react@19.2.0/node_modules/zod/src/v4/classic/tests/lazy.test.ts [2m([22m[2m9 tests[22m[2m)[22m
 [32m✓[39m [44m[1m TS [22m[49m node_modules/.pnpm/jazz-tools@0.18.24_@tiptap+pm@2.26.2_csstype@3.1.3_react-dom@19.2.0_react@19.2.0__react@19.2.0/node_modules/zod/src/v4/classic/tests/literal.test.ts [2m([22m[2m10 tests[22m[2m)[22m
 [32m✓[39m [44m[1m TS [22m[49m node_modules/.pnpm/jazz-tools@0.18.24_@tiptap+pm@2.26.2_csstype@3.1.3_react-dom@19.2.0_react@19.2.0__react@19.2.0/node_modules/zod/src/v4/classic/tests/map.test.ts [2m([22m[2m8 tests[22m[2m)[22m
 [32m✓[39m [44m[1m TS [22m[49m node_modules/.pnpm/jazz-tools@0.18.24_@tiptap+pm@2.26.2_csstype@3.1.3_react-dom@19.2.0_react@19.2.0__react@19.2.0/node_modules/zod/src/v4/classic/tests/nan.test.ts [2m([22m[2m2 tests[22m[2m)[22m
 [32m✓[39m [44m[1m TS [22m[49m node_modules/.pnpm/jazz-tools@0.18.24_@tiptap+pm@2.26.2_csstype@3.1.3_react-dom@19.2.0_react@19.2.0__react@19.2.0/node_modules/zod/src/v4/classic/tests/nested-refine.test.ts [2m([22m[2m1 test[22m[2m)[22m
 [32m✓[39m [44m[1m TS [22m[49m node_modules/.pnpm/jazz-tools@0.18.24_@tiptap+pm@2.26.2_csstype@3.1.3_react-dom@19.2.0_react@19.2.0__react@19.2.0/node_modules/zod/src/v4/classic/tests/nonoptional.test.ts [2m([22m[2m4 tests[22m[2m)[22m
 [32m✓[39m [44m[1m TS [22m[49m node_modules/.pnpm/jazz-tools@0.18.24_@tiptap+pm@2.26.2_csstype@3.1.3_react-dom@19.2.0_react@19.2.0__react@19.2.0/node_modules/zod/src/v4/classic/tests/nullable.test.ts [2m([22m[2m3 tests[22m[2m)[22m
 [32m✓[39m [44m[1m TS [22m[49m node_modules/.pnpm/jazz-tools@0.18.24_@tiptap+pm@2.26.2_csstype@3.1.3_react-dom@19.2.0_react@19.2.0__react@19.2.0/node_modules/zod/src/v4/classic/tests/number.test.ts [2m([22m[2m26 tests[22m[2m)[22m
 [32m✓[39m [44m[1m TS [22m[49m node_modules/.pnpm/jazz-tools@0.18.24_@tiptap+pm@2.26.2_csstype@3.1.3_react-dom@19.2.0_react@19.2.0__react@19.2.0/node_modules/zod/src/v4/classic/tests/object.test.ts [2m([22m[2m49 tests[22m[2m)[22m
 [32m✓[39m [44m[1m TS [22m[49m node_modules/.pnpm/jazz-tools@0.18.24_@tiptap+pm@2.26.2_csstype@3.1.3_react-dom@19.2.0_react@19.2.0__react@19.2.0/node_modules/zod/src/v4/classic/tests/optional.test.ts [2m([22m[2m6 tests[22m[2m)[22m
 [32m✓[39m [44m[1m TS [22m[49m node_modules/.pnpm/jazz-tools@0.18.24_@tiptap+pm@2.26.2_csstype@3.1.3_react-dom@19.2.0_react@19.2.0__react@19.2.0/node_modules/zod/src/v4/classic/tests/partial.test.ts [2m([22m[2m12 tests[22m[2m)[22m
 [32m✓[39m [44m[1m TS [22m[49m node_modules/.pnpm/jazz-tools@0.18.24_@tiptap+pm@2.26.2_csstype@3.1.3_react-dom@19.2.0_react@19.2.0__react@19.2.0/node_modules/zod/src/v4/classic/tests/pickomit.test.ts [2m([22m[2m12 tests[22m[2m)[22m
 [32m✓[39m [44m[1m TS [22m[49m node_modules/.pnpm/jazz-tools@0.18.24_@tiptap+pm@2.26.2_csstype@3.1.3_react-dom@19.2.0_react@19.2.0__react@19.2.0/node_modules/zod/src/v4/classic/tests/pipe.test.ts [2m([22m[2m7 tests[22m[2m)[22m
 [32m✓[39m [44m[1m TS [22m[49m node_modules/.pnpm/jazz-tools@0.18.24_@tiptap+pm@2.26.2_csstype@3.1.3_react-dom@19.2.0_react@19.2.0__react@19.2.0/node_modules/zod/src/v4/classic/tests/prefault.test.ts [2m([22m[2m4 tests[22m[2m)[22m
 [32m✓[39m [44m[1m TS [22m[49m node_modules/.pnpm/jazz-tools@0.18.24_@tiptap+pm@2.26.2_csstype@3.1.3_react-dom@19.2.0_react@19.2.0__react@19.2.0/node_modules/zod/src/v4/classic/tests/preprocess.test.ts [2m([22m[2m11 tests[22m[2m)[22m
 [32m✓[39m [44m[1m TS [22m[49m node_modules/.pnpm/jazz-tools@0.18.24_@tiptap+pm@2.26.2_csstype@3.1.3_react-dom@19.2.0_react@19.2.0__react@19.2.0/node_modules/zod/src/v4/classic/tests/primitive.test.ts [2m([22m[2m14 tests[22m[2m)[22m
 [32m✓[39m [44m[1m TS [22m[49m node_modules/.pnpm/jazz-tools@0.18.24_@tiptap+pm@2.26.2_csstype@3.1.3_react-dom@19.2.0_react@19.2.0__react@19.2.0/node_modules/zod/src/v4/classic/tests/promise.test.ts [2m([22m[2m10 tests[22m[2m)[22m
 [32m✓[39m [44m[1m TS [22m[49m node_modules/.pnpm/jazz-tools@0.18.24_@tiptap+pm@2.26.2_csstype@3.1.3_react-dom@19.2.0_react@19.2.0__react@19.2.0/node_modules/zod/src/v4/classic/tests/prototypes.test.ts [2m([22m[2m1 test[22m[2m)[22m
 [32m✓[39m [44m[1m TS [22m[49m node_modules/.pnpm/jazz-tools@0.18.24_@tiptap+pm@2.26.2_csstype@3.1.3_react-dom@19.2.0_react@19.2.0__react@19.2.0/node_modules/zod/src/v4/classic/tests/readonly.test.ts [2m([22m[2m7 tests[22m[2m)[22m
 [32m✓[39m [44m[1m TS [22m[49m node_modules/.pnpm/jazz-tools@0.18.24_@tiptap+pm@2.26.2_csstype@3.1.3_react-dom@19.2.0_react@19.2.0__react@19.2.0/node_modules/zod/src/v4/classic/tests/record.test.ts [2m([22m[2m13 tests[22m[2m)[22m
 [32m✓[39m [44m[1m TS [22m[49m node_modules/.pnpm/jazz-tools@0.18.24_@tiptap+pm@2.26.2_csstype@3.1.3_react-dom@19.2.0_react@19.2.0__react@19.2.0/node_modules/zod/src/v4/classic/tests/recursive-types.test.ts [2m([22m[2m13 tests[22m[2m)[22m
 [32m✓[39m [44m[1m TS [22m[49m node_modules/.pnpm/jazz-tools@0.18.24_@tiptap+pm@2.26.2_csstype@3.1.3_react-dom@19.2.0_react@19.2.0__react@19.2.0/node_modules/zod/src/v4/classic/tests/refine.test.ts [2m([22m[2m16 tests[22m[2m)[22m
 [32m✓[39m [44m[1m TS [22m[49m node_modules/.pnpm/jazz-tools@0.18.24_@tiptap+pm@2.26.2_csstype@3.1.3_react-dom@19.2.0_react@19.2.0__react@19.2.0/node_modules/zod/src/v4/classic/tests/registries.test.ts [2m([22m[2m16 tests[22m[2m)[22m
 [32m✓[39m [44m[1m TS [22m[49m node_modules/.pnpm/jazz-tools@0.18.24_@tiptap+pm@2.26.2_csstype@3.1.3_react-dom@19.2.0_react@19.2.0__react@19.2.0/node_modules/zod/src/v4/classic/tests/set.test.ts [2m([22m[2m12 tests[22m[2m)[22m
 [32m✓[39m [44m[1m TS [22m[49m node_modules/.pnpm/jazz-tools@0.18.24_@tiptap+pm@2.26.2_csstype@3.1.3_react-dom@19.2.0_react@19.2.0__react@19.2.0/node_modules/zod/src/v4/classic/tests/standard-schema.test.ts [2m([22m[2m4 tests[22m[2m)[22m
 [32m✓[39m [44m[1m TS [22m[49m node_modules/.pnpm/jazz-tools@0.18.24_@tiptap+pm@2.26.2_csstype@3.1.3_react-dom@19.2.0_react@19.2.0__react@19.2.0/node_modules/zod/src/v4/classic/tests/string-formats.test.ts [2m([22m[2m3 tests[22m[2m)[22m
 [32m✓[39m [44m[1m TS [22m[49m node_modules/.pnpm/jazz-tools@0.18.24_@tiptap+pm@2.26.2_csstype@3.1.3_react-dom@19.2.0_react@19.2.0__react@19.2.0/node_modules/zod/src/v4/classic/tests/string.test.ts [2m([22m[2m42 tests[22m[2m)[22m
 [32m✓[39m [44m[1m TS [22m[49m node_modules/.pnpm/jazz-tools@0.18.24_@tiptap+pm@2.26.2_csstype@3.1.3_react-dom@19.2.0_react@19.2.0__react@19.2.0/node_modules/zod/src/v4/classic/tests/stringbool.test.ts [2m([22m[2m7 tests[22m[2m)[22m
 [32m✓[39m [44m[1m TS [22m[49m node_modules/.pnpm/jazz-tools@0.18.24_@tiptap+pm@2.26.2_csstype@3.1.3_react-dom@19.2.0_react@19.2.0__react@19.2.0/node_modules/zod/src/v4/classic/tests/template-literal.test.ts [2m([22m[2m8 tests[22m[2m)[22m
 [32m✓[39m [44m[1m TS [22m[49m node_modules/.pnpm/jazz-tools@0.18.24_@tiptap+pm@2.26.2_csstype@3.1.3_react-dom@19.2.0_react@19.2.0__react@19.2.0/node_modules/zod/src/v4/classic/tests/to-json-schema.test.ts [2m([22m[2m61 tests[22m[2m)[22m
 [32m✓[39m [44m[1m TS [22m[49m node_modules/.pnpm/jazz-tools@0.18.24_@tiptap+pm@2.26.2_csstype@3.1.3_react-dom@19.2.0_react@19.2.0__react@19.2.0/node_modules/zod/src/v4/classic/tests/transform.test.ts [2m([22m[2m18 tests[22m[2m)[22m
 [32m✓[39m [44m[1m TS [22m[49m node_modules/.pnpm/jazz-tools@0.18.24_@tiptap+pm@2.26.2_csstype@3.1.3_react-dom@19.2.0_react@19.2.0__react@19.2.0/node_modules/zod/src/v4/classic/tests/tuple.test.ts [2m([22m[2m6 tests[22m[2m)[22m
 [32m✓[39m [44m[1m TS [22m[49m node_modules/.pnpm/jazz-tools@0.18.24_@tiptap+pm@2.26.2_csstype@3.1.3_react-dom@19.2.0_react@19.2.0__react@19.2.0/node_modules/zod/src/v4/classic/tests/union.test.ts [2m([22m[2m10 tests[22m[2m)[22m
 [32m✓[39m [44m[1m TS [22m[49m node_modules/.pnpm/jazz-tools@0.18.24_@tiptap+pm@2.26.2_csstype@3.1.3_react-dom@19.2.0_react@19.2.0__react@19.2.0/node_modules/zod/src/v4/classic/tests/validations.test.ts [2m([22m[2m13 tests[22m[2m)[22m
 [32m✓[39m [44m[1m TS [22m[49m node_modules/.pnpm/jazz-tools@0.18.24_@tiptap+pm@2.26.2_csstype@3.1.3_react-dom@19.2.0_react@19.2.0__react@19.2.0/node_modules/zod/src/v4/classic/tests/void.test.ts [2m([22m[2m1 test[22m[2m)[22m
 [32m✓[39m [44m[1m TS [22m[49m node_modules/.pnpm/jazz-tools@0.18.24_@tiptap+pm@2.26.2_csstype@3.1.3_react-dom@19.2.0_react@19.2.0__react@19.2.0/node_modules/zod/src/v4/mini/tests/assignability.test.ts [2m([22m[2m2 tests[22m[2m)[22m
 [32m✓[39m [44m[1m TS [22m[49m node_modules/.pnpm/jazz-tools@0.18.24_@tiptap+pm@2.26.2_csstype@3.1.3_react-dom@19.2.0_react@19.2.0__react@19.2.0/node_modules/zod/src/v4/mini/tests/brand.test.ts [2m([22m[2m1 test[22m[2m)[22m
 [32m✓[39m [44m[1m TS [22m[49m node_modules/.pnpm/jazz-tools@0.18.24_@tiptap+pm@2.26.2_csstype@3.1.3_react-dom@19.2.0_react@19.2.0__react@19.2.0/node_modules/zod/src/v4/mini/tests/checks.test.ts [2m([22m[2m17 tests[22m[2m)[22m
 [32m✓[39m [44m[1m TS [22m[49m node_modules/.pnpm/jazz-tools@0.18.24_@tiptap+pm@2.26.2_csstype@3.1.3_react-dom@19.2.0_react@19.2.0__react@19.2.0/node_modules/zod/src/v4/mini/tests/codec.test.ts [2m([22m[2m13 tests[22m[2m)[22m
 [32m✓[39m [44m[1m TS [22m[49m node_modules/.pnpm/jazz-tools@0.18.24_@tiptap+pm@2.26.2_csstype@3.1.3_react-dom@19.2.0_react@19.2.0__react@19.2.0/node_modules/zod/src/v4/mini/tests/computed.test.ts [2m([22m[2m5 tests[22m[2m)[22m
 [32m✓[39m [44m[1m TS [22m[49m node_modules/.pnpm/jazz-tools@0.18.24_@tiptap+pm@2.26.2_csstype@3.1.3_react-dom@19.2.0_react@19.2.0__react@19.2.0/node_modules/zod/src/v4/mini/tests/error.test.ts [2m([22m[2m2 tests[22m[2m)[22m
 [32m✓[39m [44m[1m TS [22m[49m node_modules/.pnpm/jazz-tools@0.18.24_@tiptap+pm@2.26.2_csstype@3.1.3_react-dom@19.2.0_react@19.2.0__react@19.2.0/node_modules/zod/src/v4/mini/tests/functions.test.ts [2m([22m[2m1 test[22m[2m)[22m
 [32m✓[39m [44m[1m TS [22m[49m node_modules/.pnpm/jazz-tools@0.18.24_@tiptap+pm@2.26.2_csstype@3.1.3_react-dom@19.2.0_react@19.2.0__react@19.2.0/node_modules/zod/src/v4/mini/tests/index.test.ts [2m([22m[2m59 tests[22m[2m)[22m
 [32m✓[39m [44m[1m TS [22m[49m node_modules/.pnpm/jazz-tools@0.18.24_@tiptap+pm@2.26.2_csstype@3.1.3_react-dom@19.2.0_react@19.2.0__react@19.2.0/node_modules/zod/src/v4/mini/tests/number.test.ts [2m([22m[2m9 tests[22m[2m)[22m
 [32m✓[39m [44m[1m TS [22m[49m node_modules/.pnpm/jazz-tools@0.18.24_@tiptap+pm@2.26.2_csstype@3.1.3_react-dom@19.2.0_react@19.2.0__react@19.2.0/node_modules/zod/src/v4/mini/tests/object.test.ts [2m([22m[2m12 tests[22m[2m)[22m
 [32m✓[39m [44m[1m TS [22m[49m node_modules/.pnpm/jazz-tools@0.18.24_@tiptap+pm@2.26.2_csstype@3.1.3_react-dom@19.2.0_react@19.2.0__react@19.2.0/node_modules/zod/src/v4/mini/tests/prototypes.test.ts [2m([22m[2m2 tests[22m[2m)[22m
 [32m✓[39m [44m[1m TS [22m[49m node_modules/.pnpm/jazz-tools@0.18.24_@tiptap+pm@2.26.2_csstype@3.1.3_react-dom@19.2.0_react@19.2.0__react@19.2.0/node_modules/zod/src/v4/mini/tests/recursive-types.test.ts [2m([22m[2m6 tests[22m[2m)[22m
 [32m✓[39m [44m[1m TS [22m[49m node_modules/.pnpm/jazz-tools@0.18.24_@tiptap+pm@2.26.2_csstype@3.1.3_react-dom@19.2.0_react@19.2.0__react@19.2.0/node_modules/zod/src/v4/mini/tests/string.test.ts [2m([22m[2m25 tests[22m[2m)[22m
 [32m✓[39m [44m[1m TS [22m[49m node_modules/.pnpm/radix-ui@1.4.3_@types+react-dom@19.2.1_@types+react@19.2.2__@types+react@19.2.2_react-d_89c6bbbc549a9f125e8a23a0c28f5cea/node_modules/@radix-ui/react-one-time-password-field/src/one-time-password-field.test.tsx [2m([22m[2m4 tests[22m[2m | [22m[33m1 skipped[39m[2m)[22m
 [32m✓[39m [44m[1m TS [22m[49m node_modules/.pnpm/radix-ui@1.4.3_@types+react-dom@19.2.1_@types+react@19.2.2__@types+react@19.2.2_react-d_89c6bbbc549a9f125e8a23a0c28f5cea/node_modules/@radix-ui/react-alert-dialog/src/alert-dialog.test.tsx [2m([22m[2m4 tests[22m[2m)[22m
 [32m✓[39m [44m[1m TS [22m[49m node_modules/.pnpm/radix-ui@1.4.3_@types+react-dom@19.2.1_@types+react@19.2.2__@types+react@19.2.2_react-d_89c6bbbc549a9f125e8a23a0c28f5cea/node_modules/@radix-ui/react-password-toggle-field/src/password-toggle-field.test.tsx [2m([22m[2m14 tests[22m[2m)[22m
 [32m✓[39m [44m[1m TS [22m[49m node_modules/.pnpm/workbox-build@7.3.0_@types+babel__core@7.20.5/node_modules/@apideck/better-ajv-errors/src/index.test.ts [2m([22m[2m15 tests[22m[2m)[22m
 [32m✓[39m [44m[1m TS [22m[49m node_modules/.pnpm/zod-to-json-schema@3.24.6_zod@3.25.76/node_modules/zod/src/v4/classic/tests/anyunknown.test.ts [2m([22m[2m3 tests[22m[2m)[22m
 [32m✓[39m [44m[1m TS [22m[49m node_modules/.pnpm/zod-to-json-schema@3.24.6_zod@3.25.76/node_modules/zod/src/v4/classic/tests/array.test.ts [2m([22m[2m9 tests[22m[2m)[22m
 [32m✓[39m [44m[1m TS [22m[49m node_modules/.pnpm/zod-to-json-schema@3.24.6_zod@3.25.76/node_modules/zod/src/v4/classic/tests/assignability.test.ts [2m([22m[2m5 tests[22m[2m)[22m
 [32m✓[39m [44m[1m TS [22m[49m node_modules/.pnpm/zod-to-json-schema@3.24.6_zod@3.25.76/node_modules/zod/src/v4/classic/tests/async-parsing.test.ts [2m([22m[2m23 tests[22m[2m)[22m
 [32m✓[39m [44m[1m TS [22m[49m node_modules/.pnpm/zod-to-json-schema@3.24.6_zod@3.25.76/node_modules/zod/src/v4/classic/tests/async-refinements.test.ts [2m([22m[2m4 tests[22m[2m)[22m
 [32m✓[39m [44m[1m TS [22m[49m node_modules/.pnpm/zod-to-json-schema@3.24.6_zod@3.25.76/node_modules/zod/src/v4/classic/tests/base.test.ts [2m([22m[2m1 test[22m[2m)[22m
 [32m✓[39m [44m[1m TS [22m[49m node_modules/.pnpm/zod-to-json-schema@3.24.6_zod@3.25.76/node_modules/zod/src/v4/classic/tests/bigint.test.ts [2m([22m[2m3 tests[22m[2m)[22m
 [32m✓[39m [44m[1m TS [22m[49m node_modules/.pnpm/zod-to-json-schema@3.24.6_zod@3.25.76/node_modules/zod/src/v4/classic/tests/brand.test.ts [2m([22m[2m3 tests[22m[2m)[22m
 [32m✓[39m [44m[1m TS [22m[49m node_modules/.pnpm/zod-to-json-schema@3.24.6_zod@3.25.76/node_modules/zod/src/v4/classic/tests/catch.test.ts [2m([22m[2m16 tests[22m[2m)[22m
 [32m✓[39m [44m[1m TS [22m[49m node_modules/.pnpm/zod-to-json-schema@3.24.6_zod@3.25.76/node_modules/zod/src/v4/classic/tests/coalesce.test.ts [2m([22m[2m1 test[22m[2m)[22m
 [32m✓[39m [44m[1m TS [22m[49m node_modules/.pnpm/zod-to-json-schema@3.24.6_zod@3.25.76/node_modules/zod/src/v4/classic/tests/coerce.test.ts [2m([22m[2m6 tests[22m[2m)[22m
 [32m✓[39m [44m[1m TS [22m[49m node_modules/.pnpm/zod-to-json-schema@3.24.6_zod@3.25.76/node_modules/zod/src/v4/classic/tests/continuability.test.ts [2m([22m[2m1 test[22m[2m)[22m
 [32m✓[39m [44m[1m TS [22m[49m node_modules/.pnpm/zod-to-json-schema@3.24.6_zod@3.25.76/node_modules/zod/src/v4/classic/tests/custom.test.ts [2m([22m[2m4 tests[22m[2m)[22m
 [32m✓[39m [44m[1m TS [22m[49m node_modules/.pnpm/zod-to-json-schema@3.24.6_zod@3.25.76/node_modules/zod/src/v4/classic/tests/date.test.ts [2m([22m[2m3 tests[22m[2m)[22m
 [32m✓[39m [44m[1m TS [22m[49m node_modules/.pnpm/zod-to-json-schema@3.24.6_zod@3.25.76/node_modules/zod/src/v4/classic/tests/datetime.test.ts [2m([22m[2m14 tests[22m[2m)[22m
 [32m✓[39m [44m[1m TS [22m[49m node_modules/.pnpm/zod-to-json-schema@3.24.6_zod@3.25.76/node_modules/zod/src/v4/classic/tests/default.test.ts [2m([22m[2m13 tests[22m[2m)[22m
 [32m✓[39m [44m[1m TS [22m[49m node_modules/.pnpm/zod-to-json-schema@3.24.6_zod@3.25.76/node_modules/zod/src/v4/classic/tests/description.test.ts [2m([22m[2m2 tests[22m[2m)[22m
 [32m✓[39m [44m[1m TS [22m[49m node_modules/.pnpm/zod-to-json-schema@3.24.6_zod@3.25.76/node_modules/zod/src/v4/classic/tests/discriminated-unions.test.ts [2m([22m[2m20 tests[22m[2m)[22m
 [32m✓[39m [44m[1m TS [22m[49m node_modules/.pnpm/zod-to-json-schema@3.24.6_zod@3.25.76/node_modules/zod/src/v4/classic/tests/enum.test.ts [2m([22m[2m19 tests[22m[2m)[22m
 [32m✓[39m [44m[1m TS [22m[49m node_modules/.pnpm/zod-to-json-schema@3.24.6_zod@3.25.76/node_modules/zod/src/v4/classic/tests/error-utils.test.ts [2m([22m[2m12 tests[22m[2m)[22m
 [32m✓[39m [44m[1m TS [22m[49m node_modules/.pnpm/zod-to-json-schema@3.24.6_zod@3.25.76/node_modules/zod/src/v4/classic/tests/error.test.ts [2m([22m[2m27 tests[22m[2m)[22m
 [32m✓[39m [44m[1m TS [22m[49m node_modules/.pnpm/zod-to-json-schema@3.24.6_zod@3.25.76/node_modules/zod/src/v4/classic/tests/file.test.ts [2m([22m[2m2 tests[22m[2m)[22m
 [32m✓[39m [44m[1m TS [22m[49m node_modules/.pnpm/zod-to-json-schema@3.24.6_zod@3.25.76/node_modules/zod/src/v4/classic/tests/firstparty.test.ts [2m([22m[2m2 tests[22m[2m)[22m
 [32m✓[39m [44m[1m TS [22m[49m node_modules/.pnpm/zod-to-json-schema@3.24.6_zod@3.25.76/node_modules/zod/src/v4/classic/tests/function.test.ts [2m([22m[2m13 tests[22m[2m)[22m
 [32m✓[39m [44m[1m TS [22m[49m node_modules/.pnpm/zod-to-json-schema@3.24.6_zod@3.25.76/node_modules/zod/src/v4/classic/tests/generics.test.ts [2m([22m[2m4 tests[22m[2m)[22m
 [32m✓[39m [44m[1m TS [22m[49m node_modules/.pnpm/zod-to-json-schema@3.24.6_zod@3.25.76/node_modules/zod/src/v4/classic/tests/index.test.ts [2m([22m[2m56 tests[22m[2m)[22m
 [32m✓[39m [44m[1m TS [22m[49m node_modules/.pnpm/zod-to-json-schema@3.24.6_zod@3.25.76/node_modules/zod/src/v4/classic/tests/instanceof.test.ts [2m([22m[2m2 tests[22m[2m)[22m
 [32m✓[39m [44m[1m TS [22m[49m node_modules/.pnpm/zod-to-json-schema@3.24.6_zod@3.25.76/node_modules/zod/src/v4/classic/tests/intersection.test.ts [2m([22m[2m10 tests[22m[2m)[22m
 [32m✓[39m [44m[1m TS [22m[49m node_modules/.pnpm/zod-to-json-schema@3.24.6_zod@3.25.76/node_modules/zod/src/v4/classic/tests/json.test.ts [2m([22m[2m1 test[22m[2m)[22m
 [32m✓[39m [44m[1m TS [22m[49m node_modules/.pnpm/zod-to-json-schema@3.24.6_zod@3.25.76/node_modules/zod/src/v4/classic/tests/lazy.test.ts [2m([22m[2m9 tests[22m[2m)[22m
 [32m✓[39m [44m[1m TS [22m[49m node_modules/.pnpm/zod-to-json-schema@3.24.6_zod@3.25.76/node_modules/zod/src/v4/classic/tests/literal.test.ts [2m([22m[2m9 tests[22m[2m)[22m
 [32m✓[39m [44m[1m TS [22m[49m node_modules/.pnpm/zod-to-json-schema@3.24.6_zod@3.25.76/node_modules/zod/src/v4/classic/tests/map.test.ts [2m([22m[2m8 tests[22m[2m)[22m
 [32m✓[39m [44m[1m TS [22m[49m node_modules/.pnpm/zod-to-json-schema@3.24.6_zod@3.25.76/node_modules/zod/src/v4/classic/tests/nan.test.ts [2m([22m[2m2 tests[22m[2m)[22m
 [32m✓[39m [44m[1m TS [22m[49m node_modules/.pnpm/zod-to-json-schema@3.24.6_zod@3.25.76/node_modules/zod/src/v4/classic/tests/nested-refine.test.ts [2m([22m[2m1 test[22m[2m)[22m
 [32m✓[39m [44m[1m TS [22m[49m node_modules/.pnpm/zod-to-json-schema@3.24.6_zod@3.25.76/node_modules/zod/src/v4/classic/tests/nonoptional.test.ts [2m([22m[2m3 tests[22m[2m)[22m
 [32m✓[39m [44m[1m TS [22m[49m node_modules/.pnpm/zod-to-json-schema@3.24.6_zod@3.25.76/node_modules/zod/src/v4/classic/tests/nullable.test.ts [2m([22m[2m3 tests[22m[2m)[22m
 [32m✓[39m [44m[1m TS [22m[49m node_modules/.pnpm/zod-to-json-schema@3.24.6_zod@3.25.76/node_modules/zod/src/v4/classic/tests/number.test.ts [2m([22m[2m25 tests[22m[2m)[22m
 [32m✓[39m [44m[1m TS [22m[49m node_modules/.pnpm/zod-to-json-schema@3.24.6_zod@3.25.76/node_modules/zod/src/v4/classic/tests/object.test.ts [2m([22m[2m45 tests[22m[2m)[22m
 [32m✓[39m [44m[1m TS [22m[49m node_modules/.pnpm/zod-to-json-schema@3.24.6_zod@3.25.76/node_modules/zod/src/v4/classic/tests/optional.test.ts [2m([22m[2m5 tests[22m[2m)[22m
 [32m✓[39m [44m[1m TS [22m[49m node_modules/.pnpm/zod-to-json-schema@3.24.6_zod@3.25.76/node_modules/zod/src/v4/classic/tests/partial.test.ts [2m([22m[2m8 tests[22m[2m)[22m
 [32m✓[39m [44m[1m TS [22m[49m node_modules/.pnpm/zod-to-json-schema@3.24.6_zod@3.25.76/node_modules/zod/src/v4/classic/tests/pickomit.test.ts [2m([22m[2m12 tests[22m[2m)[22m
 [32m✓[39m [44m[1m TS [22m[49m node_modules/.pnpm/zod-to-json-schema@3.24.6_zod@3.25.76/node_modules/zod/src/v4/classic/tests/pipe.test.ts [2m([22m[2m5 tests[22m[2m)[22m
 [32m✓[39m [44m[1m TS [22m[49m node_modules/.pnpm/zod-to-json-schema@3.24.6_zod@3.25.76/node_modules/zod/src/v4/classic/tests/prefault.test.ts [2m([22m[2m2 tests[22m[2m)[22m
 [32m✓[39m [44m[1m TS [22m[49m node_modules/.pnpm/zod-to-json-schema@3.24.6_zod@3.25.76/node_modules/zod/src/v4/classic/tests/preprocess.test.ts [2m([22m[2m11 tests[22m[2m)[22m
 [32m✓[39m [44m[1m TS [22m[49m node_modules/.pnpm/zod-to-json-schema@3.24.6_zod@3.25.76/node_modules/zod/src/v4/classic/tests/primitive.test.ts [2m([22m[2m14 tests[22m[2m)[22m
 [32m✓[39m [44m[1m TS [22m[49m node_modules/.pnpm/zod-to-json-schema@3.24.6_zod@3.25.76/node_modules/zod/src/v4/classic/tests/promise.test.ts [2m([22m[2m10 tests[22m[2m)[22m
 [32m✓[39m [44m[1m TS [22m[49m node_modules/.pnpm/zod-to-json-schema@3.24.6_zod@3.25.76/node_modules/zod/src/v4/classic/tests/prototypes.test.ts [2m([22m[2m1 test[22m[2m)[22m
 [32m✓[39m [44m[1m TS [22m[49m node_modules/.pnpm/zod-to-json-schema@3.24.6_zod@3.25.76/node_modules/zod/src/v4/classic/tests/readonly.test.ts [2m([22m[2m7 tests[22m[2m)[22m
 [32m✓[39m [44m[1m TS [22m[49m node_modules/.pnpm/zod-to-json-schema@3.24.6_zod@3.25.76/node_modules/zod/src/v4/classic/tests/record.test.ts [2m([22m[2m13 tests[22m[2m)[22m
 [32m✓[39m [44m[1m TS [22m[49m node_modules/.pnpm/zod-to-json-schema@3.24.6_zod@3.25.76/node_modules/zod/src/v4/classic/tests/recursive-types.test.ts [2m([22m[2m8 tests[22m[2m)[22m
 [32m✓[39m [44m[1m TS [22m[49m node_modules/.pnpm/zod-to-json-schema@3.24.6_zod@3.25.76/node_modules/zod/src/v4/classic/tests/refine.test.ts [2m([22m[2m15 tests[22m[2m)[22m
 [32m✓[39m [44m[1m TS [22m[49m node_modules/.pnpm/zod-to-json-schema@3.24.6_zod@3.25.76/node_modules/zod/src/v4/classic/tests/registries.test.ts [2m([22m[2m16 tests[22m[2m)[22m
 [32m✓[39m [44m[1m TS [22m[49m node_modules/.pnpm/zod-to-json-schema@3.24.6_zod@3.25.76/node_modules/zod/src/v4/classic/tests/set.test.ts [2m([22m[2m12 tests[22m[2m)[22m
 [32m✓[39m [44m[1m TS [22m[49m node_modules/.pnpm/zod-to-json-schema@3.24.6_zod@3.25.76/node_modules/zod/src/v4/classic/tests/standard-schema.test.ts [2m([22m[2m4 tests[22m[2m)[22m
 [32m✓[39m [44m[1m TS [22m[49m node_modules/.pnpm/zod-to-json-schema@3.24.6_zod@3.25.76/node_modules/zod/src/v4/classic/tests/string-formats.test.ts [2m([22m[2m2 tests[22m[2m)[22m
 [32m✓[39m [44m[1m TS [22m[49m node_modules/.pnpm/zod-to-json-schema@3.24.6_zod@3.25.76/node_modules/zod/src/v4/classic/tests/string.test.ts [2m([22m[2m36 tests[22m[2m)[22m
 [32m✓[39m [44m[1m TS [22m[49m node_modules/.pnpm/zod-to-json-schema@3.24.6_zod@3.25.76/node_modules/zod/src/v4/classic/tests/stringbool.test.ts [2m([22m[2m4 tests[22m[2m)[22m
 [32m✓[39m [44m[1m TS [22m[49m node_modules/.pnpm/zod-to-json-schema@3.24.6_zod@3.25.76/node_modules/zod/src/v4/classic/tests/template-literal.test.ts [2m([22m[2m8 tests[22m[2m)[22m
 [32m✓[39m [44m[1m TS [22m[49m node_modules/.pnpm/zod-to-json-schema@3.24.6_zod@3.25.76/node_modules/zod/src/v4/classic/tests/to-json-schema.test.ts [2m([22m[2m48 tests[22m[2m)[22m
 [32m✓[39m [44m[1m TS [22m[49m node_modules/.pnpm/zod-to-json-schema@3.24.6_zod@3.25.76/node_modules/zod/src/v4/classic/tests/transform.test.ts [2m([22m[2m16 tests[22m[2m)[22m
 [32m✓[39m [44m[1m TS [22m[49m node_modules/.pnpm/zod-to-json-schema@3.24.6_zod@3.25.76/node_modules/zod/src/v4/classic/tests/tuple.test.ts [2m([22m[2m6 tests[22m[2m)[22m
 [32m✓[39m [44m[1m TS [22m[49m node_modules/.pnpm/zod-to-json-schema@3.24.6_zod@3.25.76/node_modules/zod/src/v4/classic/tests/union.test.ts [2m([22m[2m8 tests[22m[2m)[22m
 [32m✓[39m [44m[1m TS [22m[49m node_modules/.pnpm/zod-to-json-schema@3.24.6_zod@3.25.76/node_modules/zod/src/v4/classic/tests/validations.test.ts [2m([22m[2m13 tests[22m[2m)[22m
 [32m✓[39m [44m[1m TS [22m[49m node_modules/.pnpm/zod-to-json-schema@3.24.6_zod@3.25.76/node_modules/zod/src/v4/classic/tests/void.test.ts [2m([22m[2m1 test[22m[2m)[22m
 [32m✓[39m [44m[1m TS [22m[49m node_modules/.pnpm/zod-to-json-schema@3.24.6_zod@3.25.76/node_modules/zod/src/v4/core/tests/index.test.ts [2m([22m[2m3 tests[22m[2m)[22m
 [32m✓[39m [44m[1m TS [22m[49m node_modules/.pnpm/zod-to-json-schema@3.24.6_zod@3.25.76/node_modules/zod/src/v4/mini/tests/assignability.test.ts [2m([22m[2m2 tests[22m[2m)[22m
 [32m✓[39m [44m[1m TS [22m[49m node_modules/.pnpm/zod-to-json-schema@3.24.6_zod@3.25.76/node_modules/zod/src/v4/mini/tests/brand.test.ts [2m([22m[2m1 test[22m[2m)[22m
 [32m✓[39m [44m[1m TS [22m[49m node_modules/.pnpm/zod-to-json-schema@3.24.6_zod@3.25.76/node_modules/zod/src/v4/mini/tests/checks.test.ts [2m([22m[2m17 tests[22m[2m)[22m
 [32m✓[39m [44m[1m TS [22m[49m node_modules/.pnpm/zod-to-json-schema@3.24.6_zod@3.25.76/node_modules/zod/src/v4/mini/tests/computed.test.ts [2m([22m[2m5 tests[22m[2m)[22m
 [32m✓[39m [44m[1m TS [22m[49m node_modules/.pnpm/zod-to-json-schema@3.24.6_zod@3.25.76/node_modules/zod/src/v4/mini/tests/error.test.ts [2m([22m[2m2 tests[22m[2m)[22m
 [32m✓[39m [44m[1m TS [22m[49m node_modules/.pnpm/zod-to-json-schema@3.24.6_zod@3.25.76/node_modules/zod/src/v4/mini/tests/functions.test.ts [2m([22m[2m1 test[22m[2m)[22m
 [32m✓[39m [44m[1m TS [22m[49m node_modules/.pnpm/zod-to-json-schema@3.24.6_zod@3.25.76/node_modules/zod/src/v4/mini/tests/index.test.ts [2m([22m[2m56 tests[22m[2m)[22m
 [32m✓[39m [44m[1m TS [22m[49m node_modules/.pnpm/zod-to-json-schema@3.24.6_zod@3.25.76/node_modules/zod/src/v4/mini/tests/number.test.ts [2m([22m[2m9 tests[22m[2m)[22m
 [32m✓[39m [44m[1m TS [22m[49m node_modules/.pnpm/zod-to-json-schema@3.24.6_zod@3.25.76/node_modules/zod/src/v4/mini/tests/object.test.ts [2m([22m[2m11 tests[22m[2m)[22m
 [32m✓[39m [44m[1m TS [22m[49m node_modules/.pnpm/zod-to-json-schema@3.24.6_zod@3.25.76/node_modules/zod/src/v4/mini/tests/prototypes.test.ts [2m([22m[2m2 tests[22m[2m)[22m
 [32m✓[39m [44m[1m TS [22m[49m node_modules/.pnpm/zod-to-json-schema@3.24.6_zod@3.25.76/node_modules/zod/src/v4/mini/tests/recursive-types.test.ts [2m([22m[2m6 tests[22m[2m)[22m
 [32m✓[39m [44m[1m TS [22m[49m node_modules/.pnpm/zod-to-json-schema@3.24.6_zod@3.25.76/node_modules/zod/src/v4/mini/tests/string.test.ts [2m([22m[2m24 tests[22m[2m)[22m
 [32m✓[39m [44m[1m TS [22m[49m node_modules/.pnpm/zod-to-ts@1.2.0_typescript@5.9.3_zod@3.25.76/node_modules/zod/src/v4/core/tests/index.test.ts [2m([22m[2m3 tests[22m[2m)[22m
 [32m✓[39m [44m[1m TS [22m[49m node_modules/.pnpm/zod-to-ts@1.2.0_typescript@5.9.3_zod@3.25.76/node_modules/zod/src/v4/classic/tests/anyunknown.test.ts [2m([22m[2m3 tests[22m[2m)[22m
 [32m✓[39m [44m[1m TS [22m[49m node_modules/.pnpm/zod-to-ts@1.2.0_typescript@5.9.3_zod@3.25.76/node_modules/zod/src/v4/classic/tests/array.test.ts [2m([22m[2m9 tests[22m[2m)[22m
 [32m✓[39m [44m[1m TS [22m[49m node_modules/.pnpm/zod-to-ts@1.2.0_typescript@5.9.3_zod@3.25.76/node_modules/zod/src/v4/classic/tests/assignability.test.ts [2m([22m[2m5 tests[22m[2m)[22m
 [32m✓[39m [44m[1m TS [22m[49m node_modules/.pnpm/zod-to-ts@1.2.0_typescript@5.9.3_zod@3.25.76/node_modules/zod/src/v4/classic/tests/async-parsing.test.ts [2m([22m[2m23 tests[22m[2m)[22m
 [32m✓[39m [44m[1m TS [22m[49m node_modules/.pnpm/zod-to-ts@1.2.0_typescript@5.9.3_zod@3.25.76/node_modules/zod/src/v4/classic/tests/async-refinements.test.ts [2m([22m[2m4 tests[22m[2m)[22m
 [32m✓[39m [44m[1m TS [22m[49m node_modules/.pnpm/zod-to-ts@1.2.0_typescript@5.9.3_zod@3.25.76/node_modules/zod/src/v4/classic/tests/base.test.ts [2m([22m[2m1 test[22m[2m)[22m
 [32m✓[39m [44m[1m TS [22m[49m node_modules/.pnpm/zod-to-ts@1.2.0_typescript@5.9.3_zod@3.25.76/node_modules/zod/src/v4/classic/tests/bigint.test.ts [2m([22m[2m3 tests[22m[2m)[22m
 [32m✓[39m [44m[1m TS [22m[49m node_modules/.pnpm/zod-to-ts@1.2.0_typescript@5.9.3_zod@3.25.76/node_modules/zod/src/v4/classic/tests/brand.test.ts [2m([22m[2m3 tests[22m[2m)[22m
 [32m✓[39m [44m[1m TS [22m[49m node_modules/.pnpm/zod-to-ts@1.2.0_typescript@5.9.3_zod@3.25.76/node_modules/zod/src/v4/classic/tests/catch.test.ts [2m([22m[2m16 tests[22m[2m)[22m
 [32m✓[39m [44m[1m TS [22m[49m node_modules/.pnpm/zod-to-ts@1.2.0_typescript@5.9.3_zod@3.25.76/node_modules/zod/src/v4/classic/tests/coalesce.test.ts [2m([22m[2m1 test[22m[2m)[22m
 [32m✓[39m [44m[1m TS [22m[49m node_modules/.pnpm/zod-to-ts@1.2.0_typescript@5.9.3_zod@3.25.76/node_modules/zod/src/v4/classic/tests/coerce.test.ts [2m([22m[2m6 tests[22m[2m)[22m
 [32m✓[39m [44m[1m TS [22m[49m node_modules/.pnpm/zod-to-ts@1.2.0_typescript@5.9.3_zod@3.25.76/node_modules/zod/src/v4/classic/tests/continuability.test.ts [2m([22m[2m1 test[22m[2m)[22m
 [32m✓[39m [44m[1m TS [22m[49m node_modules/.pnpm/zod-to-ts@1.2.0_typescript@5.9.3_zod@3.25.76/node_modules/zod/src/v4/classic/tests/custom.test.ts [2m([22m[2m4 tests[22m[2m)[22m
 [32m✓[39m [44m[1m TS [22m[49m node_modules/.pnpm/zod-to-ts@1.2.0_typescript@5.9.3_zod@3.25.76/node_modules/zod/src/v4/classic/tests/date.test.ts [2m([22m[2m3 tests[22m[2m)[22m
 [32m✓[39m [44m[1m TS [22m[49m node_modules/.pnpm/zod-to-ts@1.2.0_typescript@5.9.3_zod@3.25.76/node_modules/zod/src/v4/classic/tests/datetime.test.ts [2m([22m[2m14 tests[22m[2m)[22m
 [32m✓[39m [44m[1m TS [22m[49m node_modules/.pnpm/zod-to-ts@1.2.0_typescript@5.9.3_zod@3.25.76/node_modules/zod/src/v4/classic/tests/default.test.ts [2m([22m[2m13 tests[22m[2m)[22m
 [32m✓[39m [44m[1m TS [22m[49m node_modules/.pnpm/zod-to-ts@1.2.0_typescript@5.9.3_zod@3.25.76/node_modules/zod/src/v4/classic/tests/description.test.ts [2m([22m[2m2 tests[22m[2m)[22m
 [32m✓[39m [44m[1m TS [22m[49m node_modules/.pnpm/zod-to-ts@1.2.0_typescript@5.9.3_zod@3.25.76/node_modules/zod/src/v4/classic/tests/discriminated-unions.test.ts [2m([22m[2m20 tests[22m[2m)[22m
 [32m✓[39m [44m[1m TS [22m[49m node_modules/.pnpm/zod-to-ts@1.2.0_typescript@5.9.3_zod@3.25.76/node_modules/zod/src/v4/classic/tests/enum.test.ts [2m([22m[2m19 tests[22m[2m)[22m
 [32m✓[39m [44m[1m TS [22m[49m node_modules/.pnpm/zod-to-ts@1.2.0_typescript@5.9.3_zod@3.25.76/node_modules/zod/src/v4/classic/tests/error-utils.test.ts [2m([22m[2m12 tests[22m[2m)[22m
 [32m✓[39m [44m[1m TS [22m[49m node_modules/.pnpm/zod-to-ts@1.2.0_typescript@5.9.3_zod@3.25.76/node_modules/zod/src/v4/classic/tests/error.test.ts [2m([22m[2m27 tests[22m[2m)[22m
 [32m✓[39m [44m[1m TS [22m[49m node_modules/.pnpm/zod-to-ts@1.2.0_typescript@5.9.3_zod@3.25.76/node_modules/zod/src/v4/classic/tests/file.test.ts [2m([22m[2m2 tests[22m[2m)[22m
 [32m✓[39m [44m[1m TS [22m[49m node_modules/.pnpm/zod-to-ts@1.2.0_typescript@5.9.3_zod@3.25.76/node_modules/zod/src/v4/classic/tests/firstparty.test.ts [2m([22m[2m2 tests[22m[2m)[22m
 [32m✓[39m [44m[1m TS [22m[49m node_modules/.pnpm/zod-to-ts@1.2.0_typescript@5.9.3_zod@3.25.76/node_modules/zod/src/v4/classic/tests/function.test.ts [2m([22m[2m13 tests[22m[2m)[22m
 [32m✓[39m [44m[1m TS [22m[49m node_modules/.pnpm/zod-to-ts@1.2.0_typescript@5.9.3_zod@3.25.76/node_modules/zod/src/v4/classic/tests/generics.test.ts [2m([22m[2m4 tests[22m[2m)[22m
 [32m✓[39m [44m[1m TS [22m[49m node_modules/.pnpm/zod-to-ts@1.2.0_typescript@5.9.3_zod@3.25.76/node_modules/zod/src/v4/classic/tests/index.test.ts [2m([22m[2m56 tests[22m[2m)[22m
 [32m✓[39m [44m[1m TS [22m[49m node_modules/.pnpm/zod-to-ts@1.2.0_typescript@5.9.3_zod@3.25.76/node_modules/zod/src/v4/classic/tests/instanceof.test.ts [2m([22m[2m2 tests[22m[2m)[22m
 [32m✓[39m [44m[1m TS [22m[49m node_modules/.pnpm/zod-to-ts@1.2.0_typescript@5.9.3_zod@3.25.76/node_modules/zod/src/v4/classic/tests/intersection.test.ts [2m([22m[2m10 tests[22m[2m)[22m
 [32m✓[39m [44m[1m TS [22m[49m node_modules/.pnpm/zod-to-ts@1.2.0_typescript@5.9.3_zod@3.25.76/node_modules/zod/src/v4/classic/tests/json.test.ts [2m([22m[2m1 test[22m[2m)[22m
 [32m✓[39m [44m[1m TS [22m[49m node_modules/.pnpm/zod-to-ts@1.2.0_typescript@5.9.3_zod@3.25.76/node_modules/zod/src/v4/classic/tests/lazy.test.ts [2m([22m[2m9 tests[22m[2m)[22m
 [32m✓[39m [44m[1m TS [22m[49m node_modules/.pnpm/zod-to-ts@1.2.0_typescript@5.9.3_zod@3.25.76/node_modules/zod/src/v4/classic/tests/literal.test.ts [2m([22m[2m9 tests[22m[2m)[22m
 [32m✓[39m [44m[1m TS [22m[49m node_modules/.pnpm/zod-to-ts@1.2.0_typescript@5.9.3_zod@3.25.76/node_modules/zod/src/v4/classic/tests/map.test.ts [2m([22m[2m8 tests[22m[2m)[22m
 [32m✓[39m [44m[1m TS [22m[49m node_modules/.pnpm/zod-to-ts@1.2.0_typescript@5.9.3_zod@3.25.76/node_modules/zod/src/v4/classic/tests/nan.test.ts [2m([22m[2m2 tests[22m[2m)[22m
 [32m✓[39m [44m[1m TS [22m[49m node_modules/.pnpm/zod-to-ts@1.2.0_typescript@5.9.3_zod@3.25.76/node_modules/zod/src/v4/classic/tests/nested-refine.test.ts [2m([22m[2m1 test[22m[2m)[22m
 [32m✓[39m [44m[1m TS [22m[49m node_modules/.pnpm/zod-to-ts@1.2.0_typescript@5.9.3_zod@3.25.76/node_modules/zod/src/v4/classic/tests/nonoptional.test.ts [2m([22m[2m3 tests[22m[2m)[22m
 [32m✓[39m [44m[1m TS [22m[49m node_modules/.pnpm/zod-to-ts@1.2.0_typescript@5.9.3_zod@3.25.76/node_modules/zod/src/v4/classic/tests/nullable.test.ts [2m([22m[2m3 tests[22m[2m)[22m
 [32m✓[39m [44m[1m TS [22m[49m node_modules/.pnpm/zod-to-ts@1.2.0_typescript@5.9.3_zod@3.25.76/node_modules/zod/src/v4/classic/tests/number.test.ts [2m([22m[2m25 tests[22m[2m)[22m
 [32m✓[39m [44m[1m TS [22m[49m node_modules/.pnpm/zod-to-ts@1.2.0_typescript@5.9.3_zod@3.25.76/node_modules/zod/src/v4/classic/tests/object.test.ts [2m([22m[2m45 tests[22m[2m)[22m
 [32m✓[39m [44m[1m TS [22m[49m node_modules/.pnpm/zod-to-ts@1.2.0_typescript@5.9.3_zod@3.25.76/node_modules/zod/src/v4/classic/tests/optional.test.ts [2m([22m[2m5 tests[22m[2m)[22m
 [32m✓[39m [44m[1m TS [22m[49m node_modules/.pnpm/zod-to-ts@1.2.0_typescript@5.9.3_zod@3.25.76/node_modules/zod/src/v4/classic/tests/partial.test.ts [2m([22m[2m8 tests[22m[2m)[22m
 [32m✓[39m [44m[1m TS [22m[49m node_modules/.pnpm/zod-to-ts@1.2.0_typescript@5.9.3_zod@3.25.76/node_modules/zod/src/v4/classic/tests/pickomit.test.ts [2m([22m[2m12 tests[22m[2m)[22m
 [32m✓[39m [44m[1m TS [22m[49m node_modules/.pnpm/zod-to-ts@1.2.0_typescript@5.9.3_zod@3.25.76/node_modules/zod/src/v4/classic/tests/pipe.test.ts [2m([22m[2m5 tests[22m[2m)[22m
 [32m✓[39m [44m[1m TS [22m[49m node_modules/.pnpm/zod-to-ts@1.2.0_typescript@5.9.3_zod@3.25.76/node_modules/zod/src/v4/classic/tests/prefault.test.ts [2m([22m[2m2 tests[22m[2m)[22m
 [32m✓[39m [44m[1m TS [22m[49m node_modules/.pnpm/zod-to-ts@1.2.0_typescript@5.9.3_zod@3.25.76/node_modules/zod/src/v4/classic/tests/preprocess.test.ts [2m([22m[2m11 tests[22m[2m)[22m
 [32m✓[39m [44m[1m TS [22m[49m node_modules/.pnpm/zod-to-ts@1.2.0_typescript@5.9.3_zod@3.25.76/node_modules/zod/src/v4/classic/tests/primitive.test.ts [2m([22m[2m14 tests[22m[2m)[22m
 [32m✓[39m [44m[1m TS [22m[49m node_modules/.pnpm/zod-to-ts@1.2.0_typescript@5.9.3_zod@3.25.76/node_modules/zod/src/v4/classic/tests/promise.test.ts [2m([22m[2m10 tests[22m[2m)[22m
 [32m✓[39m [44m[1m TS [22m[49m node_modules/.pnpm/zod-to-ts@1.2.0_typescript@5.9.3_zod@3.25.76/node_modules/zod/src/v4/classic/tests/prototypes.test.ts [2m([22m[2m1 test[22m[2m)[22m
 [32m✓[39m [44m[1m TS [22m[49m node_modules/.pnpm/zod-to-ts@1.2.0_typescript@5.9.3_zod@3.25.76/node_modules/zod/src/v4/classic/tests/readonly.test.ts [2m([22m[2m7 tests[22m[2m)[22m
 [32m✓[39m [44m[1m TS [22m[49m node_modules/.pnpm/zod-to-ts@1.2.0_typescript@5.9.3_zod@3.25.76/node_modules/zod/src/v4/classic/tests/record.test.ts [2m([22m[2m13 tests[22m[2m)[22m
 [32m✓[39m [44m[1m TS [22m[49m node_modules/.pnpm/zod-to-ts@1.2.0_typescript@5.9.3_zod@3.25.76/node_modules/zod/src/v4/classic/tests/recursive-types.test.ts [2m([22m[2m8 tests[22m[2m)[22m
 [32m✓[39m [44m[1m TS [22m[49m node_modules/.pnpm/zod-to-ts@1.2.0_typescript@5.9.3_zod@3.25.76/node_modules/zod/src/v4/classic/tests/refine.test.ts [2m([22m[2m15 tests[22m[2m)[22m
 [32m✓[39m [44m[1m TS [22m[49m node_modules/.pnpm/zod-to-ts@1.2.0_typescript@5.9.3_zod@3.25.76/node_modules/zod/src/v4/classic/tests/registries.test.ts [2m([22m[2m16 tests[22m[2m)[22m
 [32m✓[39m [44m[1m TS [22m[49m node_modules/.pnpm/zod-to-ts@1.2.0_typescript@5.9.3_zod@3.25.76/node_modules/zod/src/v4/classic/tests/set.test.ts [2m([22m[2m12 tests[22m[2m)[22m
 [32m✓[39m [44m[1m TS [22m[49m node_modules/.pnpm/zod-to-ts@1.2.0_typescript@5.9.3_zod@3.25.76/node_modules/zod/src/v4/classic/tests/standard-schema.test.ts [2m([22m[2m4 tests[22m[2m)[22m
 [32m✓[39m [44m[1m TS [22m[49m node_modules/.pnpm/zod-to-ts@1.2.0_typescript@5.9.3_zod@3.25.76/node_modules/zod/src/v4/classic/tests/string-formats.test.ts [2m([22m[2m2 tests[22m[2m)[22m
 [32m✓[39m [44m[1m TS [22m[49m node_modules/.pnpm/zod-to-ts@1.2.0_typescript@5.9.3_zod@3.25.76/node_modules/zod/src/v4/classic/tests/string.test.ts [2m([22m[2m36 tests[22m[2m)[22m
 [32m✓[39m [44m[1m TS [22m[49m node_modules/.pnpm/zod-to-ts@1.2.0_typescript@5.9.3_zod@3.25.76/node_modules/zod/src/v4/classic/tests/stringbool.test.ts [2m([22m[2m4 tests[22m[2m)[22m
 [32m✓[39m [44m[1m TS [22m[49m node_modules/.pnpm/zod-to-ts@1.2.0_typescript@5.9.3_zod@3.25.76/node_modules/zod/src/v4/classic/tests/template-literal.test.ts [2m([22m[2m8 tests[22m[2m)[22m
 [32m✓[39m [44m[1m TS [22m[49m node_modules/.pnpm/zod-to-ts@1.2.0_typescript@5.9.3_zod@3.25.76/node_modules/zod/src/v4/classic/tests/to-json-schema.test.ts [2m([22m[2m48 tests[22m[2m)[22m
 [32m✓[39m [44m[1m TS [22m[49m node_modules/.pnpm/zod-to-ts@1.2.0_typescript@5.9.3_zod@3.25.76/node_modules/zod/src/v4/classic/tests/transform.test.ts [2m([22m[2m16 tests[22m[2m)[22m
 [32m✓[39m [44m[1m TS [22m[49m node_modules/.pnpm/zod-to-ts@1.2.0_typescript@5.9.3_zod@3.25.76/node_modules/zod/src/v4/classic/tests/tuple.test.ts [2m([22m[2m6 tests[22m[2m)[22m
 [32m✓[39m [44m[1m TS [22m[49m node_modules/.pnpm/zod-to-ts@1.2.0_typescript@5.9.3_zod@3.25.76/node_modules/zod/src/v4/classic/tests/union.test.ts [2m([22m[2m8 tests[22m[2m)[22m
 [32m✓[39m [44m[1m TS [22m[49m node_modules/.pnpm/zod-to-ts@1.2.0_typescript@5.9.3_zod@3.25.76/node_modules/zod/src/v4/classic/tests/validations.test.ts [2m([22m[2m13 tests[22m[2m)[22m
 [32m✓[39m [44m[1m TS [22m[49m node_modules/.pnpm/zod-to-ts@1.2.0_typescript@5.9.3_zod@3.25.76/node_modules/zod/src/v4/classic/tests/void.test.ts [2m([22m[2m1 test[22m[2m)[22m
 [32m✓[39m [44m[1m TS [22m[49m node_modules/.pnpm/zod-to-ts@1.2.0_typescript@5.9.3_zod@3.25.76/node_modules/zod/src/v4/mini/tests/assignability.test.ts [2m([22m[2m2 tests[22m[2m)[22m
 [32m✓[39m [44m[1m TS [22m[49m node_modules/.pnpm/zod-to-ts@1.2.0_typescript@5.9.3_zod@3.25.76/node_modules/zod/src/v4/mini/tests/brand.test.ts [2m([22m[2m1 test[22m[2m)[22m
 [32m✓[39m [44m[1m TS [22m[49m node_modules/.pnpm/zod-to-ts@1.2.0_typescript@5.9.3_zod@3.25.76/node_modules/zod/src/v4/mini/tests/checks.test.ts [2m([22m[2m17 tests[22m[2m)[22m
 [32m✓[39m [44m[1m TS [22m[49m node_modules/.pnpm/zod-to-ts@1.2.0_typescript@5.9.3_zod@3.25.76/node_modules/zod/src/v4/mini/tests/computed.test.ts [2m([22m[2m5 tests[22m[2m)[22m
 [32m✓[39m [44m[1m TS [22m[49m node_modules/.pnpm/zod-to-ts@1.2.0_typescript@5.9.3_zod@3.25.76/node_modules/zod/src/v4/mini/tests/error.test.ts [2m([22m[2m2 tests[22m[2m)[22m
 [32m✓[39m [44m[1m TS [22m[49m node_modules/.pnpm/zod-to-ts@1.2.0_typescript@5.9.3_zod@3.25.76/node_modules/zod/src/v4/mini/tests/functions.test.ts [2m([22m[2m1 test[22m[2m)[22m
 [32m✓[39m [44m[1m TS [22m[49m node_modules/.pnpm/zod-to-ts@1.2.0_typescript@5.9.3_zod@3.25.76/node_modules/zod/src/v4/mini/tests/index.test.ts [2m([22m[2m56 tests[22m[2m)[22m
 [32m✓[39m [44m[1m TS [22m[49m node_modules/.pnpm/zod-to-ts@1.2.0_typescript@5.9.3_zod@3.25.76/node_modules/zod/src/v4/mini/tests/number.test.ts [2m([22m[2m9 tests[22m[2m)[22m
 [32m✓[39m [44m[1m TS [22m[49m node_modules/.pnpm/zod-to-ts@1.2.0_typescript@5.9.3_zod@3.25.76/node_modules/zod/src/v4/mini/tests/object.test.ts [2m([22m[2m11 tests[22m[2m)[22m
 [32m✓[39m [44m[1m TS [22m[49m node_modules/.pnpm/zod-to-ts@1.2.0_typescript@5.9.3_zod@3.25.76/node_modules/zod/src/v4/mini/tests/prototypes.test.ts [2m([22m[2m2 tests[22m[2m)[22m
 [32m✓[39m [44m[1m TS [22m[49m node_modules/.pnpm/zod-to-ts@1.2.0_typescript@5.9.3_zod@3.25.76/node_modules/zod/src/v4/mini/tests/recursive-types.test.ts [2m([22m[2m6 tests[22m[2m)[22m
 [32m✓[39m [44m[1m TS [22m[49m node_modules/.pnpm/zod-to-ts@1.2.0_typescript@5.9.3_zod@3.25.76/node_modules/zod/src/v4/mini/tests/string.test.ts [2m([22m[2m24 tests[22m[2m)[22m
 [32m✓[39m [44m[1m TS [22m[49m node_modules/.pnpm/zod-validation-error@4.0.2_zod@4.1.12/node_modules/zod/src/v4/core/tests/extend.test.ts [2m([22m[2m1 test[22m[2m)[22m
 [32m✓[39m [44m[1m TS [22m[49m node_modules/.pnpm/zod-validation-error@4.0.2_zod@4.1.12/node_modules/zod/src/v4/core/tests/index.test.ts [2m([22m[2m3 tests[22m[2m)[22m
 [32m✓[39m [44m[1m TS [22m[49m node_modules/.pnpm/zod-validation-error@4.0.2_zod@4.1.12/node_modules/zod/src/v4/mini/tests/assignability.test.ts [2m([22m[2m2 tests[22m[2m)[22m
 [32m✓[39m [44m[1m TS [22m[49m node_modules/.pnpm/zod-validation-error@4.0.2_zod@4.1.12/node_modules/zod/src/v4/mini/tests/brand.test.ts [2m([22m[2m1 test[22m[2m)[22m
 [32m✓[39m [44m[1m TS [22m[49m node_modules/.pnpm/zod-validation-error@4.0.2_zod@4.1.12/node_modules/zod/src/v4/mini/tests/checks.test.ts [2m([22m[2m17 tests[22m[2m)[22m
 [32m✓[39m [44m[1m TS [22m[49m node_modules/.pnpm/zod-validation-error@4.0.2_zod@4.1.12/node_modules/zod/src/v4/mini/tests/codec.test.ts [2m([22m[2m13 tests[22m[2m)[22m
 [32m✓[39m [44m[1m TS [22m[49m node_modules/.pnpm/zod-validation-error@4.0.2_zod@4.1.12/node_modules/zod/src/v4/mini/tests/computed.test.ts [2m([22m[2m5 tests[22m[2m)[22m
 [32m✓[39m [44m[1m TS [22m[49m node_modules/.pnpm/zod-validation-error@4.0.2_zod@4.1.12/node_modules/zod/src/v4/mini/tests/error.test.ts [2m([22m[2m2 tests[22m[2m)[22m
 [32m✓[39m [44m[1m TS [22m[49m node_modules/.pnpm/zod-validation-error@4.0.2_zod@4.1.12/node_modules/zod/src/v4/mini/tests/functions.test.ts [2m([22m[2m1 test[22m[2m)[22m
 [32m✓[39m [44m[1m TS [22m[49m node_modules/.pnpm/zod-validation-error@4.0.2_zod@4.1.12/node_modules/zod/src/v4/mini/tests/index.test.ts [2m([22m[2m59 tests[22m[2m)[22m
 [32m✓[39m [44m[1m TS [22m[49m node_modules/.pnpm/zod-validation-error@4.0.2_zod@4.1.12/node_modules/zod/src/v4/mini/tests/number.test.ts [2m([22m[2m9 tests[22m[2m)[22m
 [32m✓[39m [44m[1m TS [22m[49m node_modules/.pnpm/zod-validation-error@4.0.2_zod@4.1.12/node_modules/zod/src/v4/mini/tests/object.test.ts [2m([22m[2m12 tests[22m[2m)[22m
 [32m✓[39m [44m[1m TS [22m[49m node_modules/.pnpm/zod-validation-error@4.0.2_zod@4.1.12/node_modules/zod/src/v4/mini/tests/prototypes.test.ts [2m([22m[2m2 tests[22m[2m)[22m
 [32m✓[39m [44m[1m TS [22m[49m node_modules/.pnpm/zod-validation-error@4.0.2_zod@4.1.12/node_modules/zod/src/v4/mini/tests/recursive-types.test.ts [2m([22m[2m6 tests[22m[2m)[22m
 [32m✓[39m [44m[1m TS [22m[49m node_modules/.pnpm/zod-validation-error@4.0.2_zod@4.1.12/node_modules/zod/src/v4/mini/tests/string.test.ts [2m([22m[2m25 tests[22m[2m)[22m
 [32m✓[39m [44m[1m TS [22m[49m node_modules/.pnpm/zod-validation-error@4.0.2_zod@4.1.12/node_modules/zod/src/v4/classic/tests/anyunknown.test.ts [2m([22m[2m3 tests[22m[2m)[22m
 [32m✓[39m [44m[1m TS [22m[49m node_modules/.pnpm/zod-validation-error@4.0.2_zod@4.1.12/node_modules/zod/src/v4/classic/tests/array.test.ts [2m([22m[2m9 tests[22m[2m)[22m
 [32m✓[39m [44m[1m TS [22m[49m node_modules/.pnpm/zod-validation-error@4.0.2_zod@4.1.12/node_modules/zod/src/v4/classic/tests/assignability.test.ts [2m([22m[2m5 tests[22m[2m)[22m
 [32m✓[39m [44m[1m TS [22m[49m node_modules/.pnpm/zod-validation-error@4.0.2_zod@4.1.12/node_modules/zod/src/v4/classic/tests/async-parsing.test.ts [2m([22m[2m23 tests[22m[2m)[22m
 [32m✓[39m [44m[1m TS [22m[49m node_modules/.pnpm/zod-validation-error@4.0.2_zod@4.1.12/node_modules/zod/src/v4/classic/tests/async-refinements.test.ts [2m([22m[2m4 tests[22m[2m)[22m
 [32m✓[39m [44m[1m TS [22m[49m node_modules/.pnpm/zod-validation-error@4.0.2_zod@4.1.12/node_modules/zod/src/v4/classic/tests/base.test.ts [2m([22m[2m1 test[22m[2m)[22m
 [32m✓[39m [44m[1m TS [22m[49m node_modules/.pnpm/zod-validation-error@4.0.2_zod@4.1.12/node_modules/zod/src/v4/classic/tests/bigint.test.ts [2m([22m[2m3 tests[22m[2m)[22m
 [32m✓[39m [44m[1m TS [22m[49m node_modules/.pnpm/zod-validation-error@4.0.2_zod@4.1.12/node_modules/zod/src/v4/classic/tests/brand.test.ts [2m([22m[2m3 tests[22m[2m)[22m
 [32m✓[39m [44m[1m TS [22m[49m node_modules/.pnpm/zod-validation-error@4.0.2_zod@4.1.12/node_modules/zod/src/v4/classic/tests/catch.test.ts [2m([22m[2m17 tests[22m[2m)[22m
 [32m✓[39m [44m[1m TS [22m[49m node_modules/.pnpm/zod-validation-error@4.0.2_zod@4.1.12/node_modules/zod/src/v4/classic/tests/coalesce.test.ts [2m([22m[2m1 test[22m[2m)[22m
 [32m✓[39m [44m[1m TS [22m[49m node_modules/.pnpm/zod-validation-error@4.0.2_zod@4.1.12/node_modules/zod/src/v4/classic/tests/codec-examples.test.ts [2m([22m[2m19 tests[22m[2m)[22m
 [32m✓[39m [44m[1m TS [22m[49m node_modules/.pnpm/zod-validation-error@4.0.2_zod@4.1.12/node_modules/zod/src/v4/classic/tests/codec.test.ts [2m([22m[2m14 tests[22m[2m)[22m
 [32m✓[39m [44m[1m TS [22m[49m node_modules/.pnpm/zod-validation-error@4.0.2_zod@4.1.12/node_modules/zod/src/v4/classic/tests/coerce.test.ts [2m([22m[2m6 tests[22m[2m)[22m
 [32m✓[39m [44m[1m TS [22m[49m node_modules/.pnpm/zod-validation-error@4.0.2_zod@4.1.12/node_modules/zod/src/v4/classic/tests/continuability.test.ts [2m([22m[2m1 test[22m[2m)[22m
 [32m✓[39m [44m[1m TS [22m[49m node_modules/.pnpm/zod-validation-error@4.0.2_zod@4.1.12/node_modules/zod/src/v4/classic/tests/custom.test.ts [2m([22m[2m4 tests[22m[2m)[22m
 [32m✓[39m [44m[1m TS [22m[49m node_modules/.pnpm/zod-validation-error@4.0.2_zod@4.1.12/node_modules/zod/src/v4/classic/tests/date.test.ts [2m([22m[2m3 tests[22m[2m)[22m
 [32m✓[39m [44m[1m TS [22m[49m node_modules/.pnpm/zod-validation-error@4.0.2_zod@4.1.12/node_modules/zod/src/v4/classic/tests/datetime.test.ts [2m([22m[2m14 tests[22m[2m)[22m
 [32m✓[39m [44m[1m TS [22m[49m node_modules/.pnpm/zod-validation-error@4.0.2_zod@4.1.12/node_modules/zod/src/v4/classic/tests/default.test.ts [2m([22m[2m16 tests[22m[2m)[22m
 [32m✓[39m [44m[1m TS [22m[49m node_modules/.pnpm/zod-validation-error@4.0.2_zod@4.1.12/node_modules/zod/src/v4/classic/tests/description.test.ts [2m([22m[2m2 tests[22m[2m)[22m
 [32m✓[39m [44m[1m TS [22m[49m node_modules/.pnpm/zod-validation-error@4.0.2_zod@4.1.12/node_modules/zod/src/v4/classic/tests/discriminated-unions.test.ts [2m([22m[2m22 tests[22m[2m)[22m
 [32m✓[39m [44m[1m TS [22m[49m node_modules/.pnpm/zod-validation-error@4.0.2_zod@4.1.12/node_modules/zod/src/v4/classic/tests/enum.test.ts [2m([22m[2m19 tests[22m[2m)[22m
 [32m✓[39m [44m[1m TS [22m[49m node_modules/.pnpm/zod-validation-error@4.0.2_zod@4.1.12/node_modules/zod/src/v4/classic/tests/error-utils.test.ts [2m([22m[2m13 tests[22m[2m)[22m
 [32m✓[39m [44m[1m TS [22m[49m node_modules/.pnpm/zod-validation-error@4.0.2_zod@4.1.12/node_modules/zod/src/v4/classic/tests/error.test.ts [2m([22m[2m27 tests[22m[2m)[22m
 [32m✓[39m [44m[1m TS [22m[49m node_modules/.pnpm/zod-validation-error@4.0.2_zod@4.1.12/node_modules/zod/src/v4/classic/tests/file.test.ts [2m([22m[2m3 tests[22m[2m)[22m
 [32m✓[39m [44m[1m TS [22m[49m node_modules/.pnpm/zod-validation-error@4.0.2_zod@4.1.12/node_modules/zod/src/v4/classic/tests/firstparty.test.ts [2m([22m[2m2 tests[22m[2m)[22m
 [32m✓[39m [44m[1m TS [22m[49m node_modules/.pnpm/zod-validation-error@4.0.2_zod@4.1.12/node_modules/zod/src/v4/classic/tests/function.test.ts [2m([22m[2m17 tests[22m[2m)[22m
 [32m✓[39m [44m[1m TS [22m[49m node_modules/.pnpm/zod-validation-error@4.0.2_zod@4.1.12/node_modules/zod/src/v4/classic/tests/generics.test.ts [2m([22m[2m4 tests[22m[2m)[22m
 [32m✓[39m [44m[1m TS [22m[49m node_modules/.pnpm/zod-validation-error@4.0.2_zod@4.1.12/node_modules/zod/src/v4/classic/tests/hash.test.ts [2m([22m[2m1 test[22m[2m)[22m
 [32m✓[39m [44m[1m TS [22m[49m node_modules/.pnpm/zod-validation-error@4.0.2_zod@4.1.12/node_modules/zod/src/v4/classic/tests/index.test.ts [2m([22m[2m58 tests[22m[2m)[22m
 [32m✓[39m [44m[1m TS [22m[49m node_modules/.pnpm/zod-validation-error@4.0.2_zod@4.1.12/node_modules/zod/src/v4/classic/tests/instanceof.test.ts [2m([22m[2m2 tests[22m[2m)[22m
 [32m✓[39m [44m[1m TS [22m[49m node_modules/.pnpm/zod-validation-error@4.0.2_zod@4.1.12/node_modules/zod/src/v4/classic/tests/intersection.test.ts [2m([22m[2m10 tests[22m[2m)[22m
 [32m✓[39m [44m[1m TS [22m[49m node_modules/.pnpm/zod-validation-error@4.0.2_zod@4.1.12/node_modules/zod/src/v4/classic/tests/json.test.ts [2m([22m[2m1 test[22m[2m)[22m
 [32m✓[39m [44m[1m TS [22m[49m node_modules/.pnpm/zod-validation-error@4.0.2_zod@4.1.12/node_modules/zod/src/v4/classic/tests/lazy.test.ts [2m([22m[2m9 tests[22m[2m)[22m
 [32m✓[39m [44m[1m TS [22m[49m node_modules/.pnpm/zod-validation-error@4.0.2_zod@4.1.12/node_modules/zod/src/v4/classic/tests/literal.test.ts [2m([22m[2m10 tests[22m[2m)[22m
 [32m✓[39m [44m[1m TS [22m[49m node_modules/.pnpm/zod-validation-error@4.0.2_zod@4.1.12/node_modules/zod/src/v4/classic/tests/map.test.ts [2m([22m[2m8 tests[22m[2m)[22m
 [32m✓[39m [44m[1m TS [22m[49m node_modules/.pnpm/zod-validation-error@4.0.2_zod@4.1.12/node_modules/zod/src/v4/classic/tests/nan.test.ts [2m([22m[2m2 tests[22m[2m)[22m
 [32m✓[39m [44m[1m TS [22m[49m node_modules/.pnpm/zod-validation-error@4.0.2_zod@4.1.12/node_modules/zod/src/v4/classic/tests/nested-refine.test.ts [2m([22m[2m1 test[22m[2m)[22m
 [32m✓[39m [44m[1m TS [22m[49m node_modules/.pnpm/zod-validation-error@4.0.2_zod@4.1.12/node_modules/zod/src/v4/classic/tests/nonoptional.test.ts [2m([22m[2m4 tests[22m[2m)[22m
 [32m✓[39m [44m[1m TS [22m[49m node_modules/.pnpm/zod-validation-error@4.0.2_zod@4.1.12/node_modules/zod/src/v4/classic/tests/nullable.test.ts [2m([22m[2m3 tests[22m[2m)[22m
 [32m✓[39m [44m[1m TS [22m[49m node_modules/.pnpm/zod-validation-error@4.0.2_zod@4.1.12/node_modules/zod/src/v4/classic/tests/number.test.ts [2m([22m[2m26 tests[22m[2m)[22m
 [32m✓[39m [44m[1m TS [22m[49m node_modules/.pnpm/zod-validation-error@4.0.2_zod@4.1.12/node_modules/zod/src/v4/classic/tests/object.test.ts [2m([22m[2m49 tests[22m[2m)[22m
 [32m✓[39m [44m[1m TS [22m[49m node_modules/.pnpm/zod-validation-error@4.0.2_zod@4.1.12/node_modules/zod/src/v4/classic/tests/optional.test.ts [2m([22m[2m6 tests[22m[2m)[22m
 [32m✓[39m [44m[1m TS [22m[49m node_modules/.pnpm/zod-validation-error@4.0.2_zod@4.1.12/node_modules/zod/src/v4/classic/tests/partial.test.ts [2m([22m[2m12 tests[22m[2m)[22m
 [32m✓[39m [44m[1m TS [22m[49m node_modules/.pnpm/zod-validation-error@4.0.2_zod@4.1.12/node_modules/zod/src/v4/classic/tests/pickomit.test.ts [2m([22m[2m12 tests[22m[2m)[22m
 [32m✓[39m [44m[1m TS [22m[49m node_modules/.pnpm/zod-validation-error@4.0.2_zod@4.1.12/node_modules/zod/src/v4/classic/tests/pipe.test.ts [2m([22m[2m7 tests[22m[2m)[22m
 [32m✓[39m [44m[1m TS [22m[49m node_modules/.pnpm/zod-validation-error@4.0.2_zod@4.1.12/node_modules/zod/src/v4/classic/tests/prefault.test.ts [2m([22m[2m4 tests[22m[2m)[22m
 [32m✓[39m [44m[1m TS [22m[49m node_modules/.pnpm/zod-validation-error@4.0.2_zod@4.1.12/node_modules/zod/src/v4/classic/tests/preprocess.test.ts [2m([22m[2m11 tests[22m[2m)[22m
 [32m✓[39m [44m[1m TS [22m[49m node_modules/.pnpm/zod-validation-error@4.0.2_zod@4.1.12/node_modules/zod/src/v4/classic/tests/primitive.test.ts [2m([22m[2m14 tests[22m[2m)[22m
 [32m✓[39m [44m[1m TS [22m[49m node_modules/.pnpm/zod-validation-error@4.0.2_zod@4.1.12/node_modules/zod/src/v4/classic/tests/promise.test.ts [2m([22m[2m10 tests[22m[2m)[22m
 [32m✓[39m [44m[1m TS [22m[49m node_modules/.pnpm/zod-validation-error@4.0.2_zod@4.1.12/node_modules/zod/src/v4/classic/tests/prototypes.test.ts [2m([22m[2m1 test[22m[2m)[22m
 [32m✓[39m [44m[1m TS [22m[49m node_modules/.pnpm/zod-validation-error@4.0.2_zod@4.1.12/node_modules/zod/src/v4/classic/tests/readonly.test.ts [2m([22m[2m7 tests[22m[2m)[22m
 [32m✓[39m [44m[1m TS [22m[49m node_modules/.pnpm/zod-validation-error@4.0.2_zod@4.1.12/node_modules/zod/src/v4/classic/tests/record.test.ts [2m([22m[2m13 tests[22m[2m)[22m
 [32m✓[39m [44m[1m TS [22m[49m node_modules/.pnpm/zod-validation-error@4.0.2_zod@4.1.12/node_modules/zod/src/v4/classic/tests/recursive-types.test.ts [2m([22m[2m13 tests[22m[2m)[22m
 [32m✓[39m [44m[1m TS [22m[49m node_modules/.pnpm/zod-validation-error@4.0.2_zod@4.1.12/node_modules/zod/src/v4/classic/tests/refine.test.ts [2m([22m[2m16 tests[22m[2m)[22m
 [32m✓[39m [44m[1m TS [22m[49m node_modules/.pnpm/zod-validation-error@4.0.2_zod@4.1.12/node_modules/zod/src/v4/classic/tests/registries.test.ts [2m([22m[2m16 tests[22m[2m)[22m
 [32m✓[39m [44m[1m TS [22m[49m node_modules/.pnpm/zod-validation-error@4.0.2_zod@4.1.12/node_modules/zod/src/v4/classic/tests/set.test.ts [2m([22m[2m12 tests[22m[2m)[22m
 [32m✓[39m [44m[1m TS [22m[49m node_modules/.pnpm/zod-validation-error@4.0.2_zod@4.1.12/node_modules/zod/src/v4/classic/tests/standard-schema.test.ts [2m([22m[2m4 tests[22m[2m)[22m
 [32m✓[39m [44m[1m TS [22m[49m node_modules/.pnpm/zod-validation-error@4.0.2_zod@4.1.12/node_modules/zod/src/v4/classic/tests/string-formats.test.ts [2m([22m[2m3 tests[22m[2m)[22m
 [32m✓[39m [44m[1m TS [22m[49m node_modules/.pnpm/zod-validation-error@4.0.2_zod@4.1.12/node_modules/zod/src/v4/classic/tests/string.test.ts [2m([22m[2m42 tests[22m[2m)[22m
 [32m✓[39m [44m[1m TS [22m[49m node_modules/.pnpm/zod-validation-error@4.0.2_zod@4.1.12/node_modules/zod/src/v4/classic/tests/stringbool.test.ts [2m([22m[2m7 tests[22m[2m)[22m
 [32m✓[39m [44m[1m TS [22m[49m node_modules/.pnpm/zod-validation-error@4.0.2_zod@4.1.12/node_modules/zod/src/v4/classic/tests/template-literal.test.ts [2m([22m[2m8 tests[22m[2m)[22m
 [32m✓[39m [44m[1m TS [22m[49m node_modules/.pnpm/zod-validation-error@4.0.2_zod@4.1.12/node_modules/zod/src/v4/classic/tests/to-json-schema.test.ts [2m([22m[2m61 tests[22m[2m)[22m
 [32m✓[39m [44m[1m TS [22m[49m node_modules/.pnpm/zod-validation-error@4.0.2_zod@4.1.12/node_modules/zod/src/v4/classic/tests/transform.test.ts [2m([22m[2m18 tests[22m[2m)[22m
 [32m✓[39m [44m[1m TS [22m[49m node_modules/.pnpm/zod-validation-error@4.0.2_zod@4.1.12/node_modules/zod/src/v4/classic/tests/tuple.test.ts [2m([22m[2m6 tests[22m[2m)[22m
 [32m✓[39m [44m[1m TS [22m[49m node_modules/.pnpm/zod-validation-error@4.0.2_zod@4.1.12/node_modules/zod/src/v4/classic/tests/union.test.ts [2m([22m[2m10 tests[22m[2m)[22m
 [32m✓[39m [44m[1m TS [22m[49m node_modules/.pnpm/zod-validation-error@4.0.2_zod@4.1.12/node_modules/zod/src/v4/classic/tests/validations.test.ts [2m([22m[2m13 tests[22m[2m)[22m
 [32m✓[39m [44m[1m TS [22m[49m node_modules/.pnpm/zod-validation-error@4.0.2_zod@4.1.12/node_modules/zod/src/v4/classic/tests/void.test.ts [2m([22m[2m1 test[22m[2m)[22m
 [32m✓[39m [44m[1m TS [22m[49m node_modules/.pnpm/@ai-sdk+provider-utils@3.0.11_zod@4.1.12/node_modules/zod/src/v4/core/tests/locales/be.test.ts [2m([22m[2m4 tests[22m[2m)[22m
 [32m✓[39m [44m[1m TS [22m[49m node_modules/.pnpm/@ai-sdk+provider-utils@3.0.11_zod@4.1.12/node_modules/zod/src/v4/core/tests/locales/en.test.ts [2m([22m[2m1 test[22m[2m)[22m
 [32m✓[39m [44m[1m TS [22m[49m node_modules/.pnpm/@ai-sdk+provider-utils@3.0.11_zod@4.1.12/node_modules/zod/src/v4/core/tests/locales/es.test.ts [2m([22m[2m5 tests[22m[2m)[22m
 [32m✓[39m [44m[1m TS [22m[49m node_modules/.pnpm/@ai-sdk+provider-utils@3.0.11_zod@4.1.12/node_modules/zod/src/v4/core/tests/locales/ru.test.ts [2m([22m[2m4 tests[22m[2m)[22m
 [32m✓[39m [44m[1m TS [22m[49m node_modules/.pnpm/@ai-sdk+provider-utils@3.0.11_zod@4.1.12/node_modules/zod/src/v4/core/tests/locales/tr.test.ts [2m([22m[2m2 tests[22m[2m)[22m
 [32m✓[39m [44m[1m TS [22m[49m node_modules/.pnpm/@ai-sdk+google@2.0.19_zod@4.1.12/node_modules/zod/src/v4/core/tests/locales/be.test.ts [2m([22m[2m4 tests[22m[2m)[22m
 [32m✓[39m [44m[1m TS [22m[49m node_modules/.pnpm/@ai-sdk+google@2.0.19_zod@4.1.12/node_modules/zod/src/v4/core/tests/locales/en.test.ts [2m([22m[2m1 test[22m[2m)[22m
 [32m✓[39m [44m[1m TS [22m[49m node_modules/.pnpm/@ai-sdk+google@2.0.19_zod@4.1.12/node_modules/zod/src/v4/core/tests/locales/es.test.ts [2m([22m[2m5 tests[22m[2m)[22m
 [32m✓[39m [44m[1m TS [22m[49m node_modules/.pnpm/@ai-sdk+google@2.0.19_zod@4.1.12/node_modules/zod/src/v4/core/tests/locales/ru.test.ts [2m([22m[2m4 tests[22m[2m)[22m
 [32m✓[39m [44m[1m TS [22m[49m node_modules/.pnpm/@ai-sdk+google@2.0.19_zod@4.1.12/node_modules/zod/src/v4/core/tests/locales/tr.test.ts [2m([22m[2m2 tests[22m[2m)[22m
 [32m✓[39m [44m[1m TS [22m[49m node_modules/.pnpm/@ai-sdk+react@2.0.65_react@19.2.0_zod@4.1.12/node_modules/zod/src/v4/core/tests/locales/be.test.ts [2m([22m[2m4 tests[22m[2m)[22m
 [32m✓[39m [44m[1m TS [22m[49m node_modules/.pnpm/@ai-sdk+react@2.0.65_react@19.2.0_zod@4.1.12/node_modules/zod/src/v4/core/tests/locales/en.test.ts [2m([22m[2m1 test[22m[2m)[22m
 [32m✓[39m [44m[1m TS [22m[49m node_modules/.pnpm/@ai-sdk+react@2.0.65_react@19.2.0_zod@4.1.12/node_modules/zod/src/v4/core/tests/locales/es.test.ts [2m([22m[2m5 tests[22m[2m)[22m
 [32m✓[39m [44m[1m TS [22m[49m node_modules/.pnpm/@ai-sdk+react@2.0.65_react@19.2.0_zod@4.1.12/node_modules/zod/src/v4/core/tests/locales/ru.test.ts [2m([22m[2m4 tests[22m[2m)[22m
 [32m✓[39m [44m[1m TS [22m[49m node_modules/.pnpm/@ai-sdk+react@2.0.65_react@19.2.0_zod@4.1.12/node_modules/zod/src/v4/core/tests/locales/tr.test.ts [2m([22m[2m2 tests[22m[2m)[22m
 [32m✓[39m [44m[1m TS [22m[49m node_modules/.pnpm/@ai-sdk+gateway@1.0.36_zod@4.1.12/node_modules/zod/src/v4/core/tests/locales/be.test.ts [2m([22m[2m4 tests[22m[2m)[22m
 [32m✓[39m [44m[1m TS [22m[49m node_modules/.pnpm/@ai-sdk+gateway@1.0.36_zod@4.1.12/node_modules/zod/src/v4/core/tests/locales/en.test.ts [2m([22m[2m1 test[22m[2m)[22m
 [32m✓[39m [44m[1m TS [22m[49m node_modules/.pnpm/@ai-sdk+gateway@1.0.36_zod@4.1.12/node_modules/zod/src/v4/core/tests/locales/es.test.ts [2m([22m[2m5 tests[22m[2m)[22m
 [32m✓[39m [44m[1m TS [22m[49m node_modules/.pnpm/@ai-sdk+gateway@1.0.36_zod@4.1.12/node_modules/zod/src/v4/core/tests/locales/ru.test.ts [2m([22m[2m4 tests[22m[2m)[22m
 [32m✓[39m [44m[1m TS [22m[49m node_modules/.pnpm/@ai-sdk+gateway@1.0.36_zod@4.1.12/node_modules/zod/src/v4/core/tests/locales/tr.test.ts [2m([22m[2m2 tests[22m[2m)[22m
 [32m✓[39m [44m[1m TS [22m[49m node_modules/.pnpm/@hono+zod-validator@0.7.3_hono@4.9.10_zod@4.1.12/node_modules/zod/src/v4/core/tests/locales/be.test.ts [2m([22m[2m4 tests[22m[2m)[22m
 [32m✓[39m [44m[1m TS [22m[49m node_modules/.pnpm/@hono+zod-validator@0.7.3_hono@4.9.10_zod@4.1.12/node_modules/zod/src/v4/core/tests/locales/en.test.ts [2m([22m[2m1 test[22m[2m)[22m
 [32m✓[39m [44m[1m TS [22m[49m node_modules/.pnpm/@hono+zod-validator@0.7.3_hono@4.9.10_zod@4.1.12/node_modules/zod/src/v4/core/tests/locales/es.test.ts [2m([22m[2m5 tests[22m[2m)[22m
 [32m✓[39m [44m[1m TS [22m[49m node_modules/.pnpm/@hono+zod-validator@0.7.3_hono@4.9.10_zod@4.1.12/node_modules/zod/src/v4/core/tests/locales/ru.test.ts [2m([22m[2m4 tests[22m[2m)[22m
 [32m✓[39m [44m[1m TS [22m[49m node_modules/.pnpm/@hono+zod-validator@0.7.3_hono@4.9.10_zod@4.1.12/node_modules/zod/src/v4/core/tests/locales/tr.test.ts [2m([22m[2m2 tests[22m[2m)[22m
 [32m✓[39m [44m[1m TS [22m[49m node_modules/.pnpm/@tanstack+router-plugin@1.132.51_@tanstack+react-router@1.132.47_react-dom@19.2.0_react_660d50cac44df64599fe155647fcb824/node_modules/zod/src/v4/core/tests/locales/be.test.ts [2m([22m[2m4 tests[22m[2m)[22m
 [32m✓[39m [44m[1m TS [22m[49m node_modules/.pnpm/@tanstack+router-plugin@1.132.51_@tanstack+react-router@1.132.47_react-dom@19.2.0_react_660d50cac44df64599fe155647fcb824/node_modules/zod/src/v4/core/tests/locales/en.test.ts [2m([22m[2m1 test[22m[2m)[22m
 [32m✓[39m [44m[1m TS [22m[49m node_modules/.pnpm/@tanstack+router-plugin@1.132.51_@tanstack+react-router@1.132.47_react-dom@19.2.0_react_660d50cac44df64599fe155647fcb824/node_modules/zod/src/v4/core/tests/locales/ru.test.ts [2m([22m[2m4 tests[22m[2m)[22m
 [32m✓[39m [44m[1m TS [22m[49m node_modules/.pnpm/@tanstack+router-plugin@1.132.51_@tanstack+react-router@1.132.47_react-dom@19.2.0_react_660d50cac44df64599fe155647fcb824/node_modules/zod/src/v4/core/tests/locales/tr.test.ts [2m([22m[2m2 tests[22m[2m)[22m
 [32m✓[39m [44m[1m TS [22m[49m node_modules/.pnpm/@tanstack+router-generator@1.132.51/node_modules/zod/src/v4/core/tests/locales/be.test.ts [2m([22m[2m4 tests[22m[2m)[22m
 [32m✓[39m [44m[1m TS [22m[49m node_modules/.pnpm/@tanstack+router-generator@1.132.51/node_modules/zod/src/v4/core/tests/locales/en.test.ts [2m([22m[2m1 test[22m[2m)[22m
 [32m✓[39m [44m[1m TS [22m[49m node_modules/.pnpm/@tanstack+router-generator@1.132.51/node_modules/zod/src/v4/core/tests/locales/ru.test.ts [2m([22m[2m4 tests[22m[2m)[22m
 [32m✓[39m [44m[1m TS [22m[49m node_modules/.pnpm/@tanstack+router-generator@1.132.51/node_modules/zod/src/v4/core/tests/locales/tr.test.ts [2m([22m[2m2 tests[22m[2m)[22m
 [32m✓[39m [44m[1m TS [22m[49m node_modules/.pnpm/ai@5.0.65_zod@4.1.12/node_modules/zod/src/v4/core/tests/locales/be.test.ts [2m([22m[2m4 tests[22m[2m)[22m
 [32m✓[39m [44m[1m TS [22m[49m node_modules/.pnpm/ai@5.0.65_zod@4.1.12/node_modules/zod/src/v4/core/tests/locales/en.test.ts [2m([22m[2m1 test[22m[2m)[22m
 [32m✓[39m [44m[1m TS [22m[49m node_modules/.pnpm/ai@5.0.65_zod@4.1.12/node_modules/zod/src/v4/core/tests/locales/es.test.ts [2m([22m[2m5 tests[22m[2m)[22m
 [32m✓[39m [44m[1m TS [22m[49m node_modules/.pnpm/ai@5.0.65_zod@4.1.12/node_modules/zod/src/v4/core/tests/locales/ru.test.ts [2m([22m[2m4 tests[22m[2m)[22m
 [32m✓[39m [44m[1m TS [22m[49m node_modules/.pnpm/ai@5.0.65_zod@4.1.12/node_modules/zod/src/v4/core/tests/locales/tr.test.ts [2m([22m[2m2 tests[22m[2m)[22m
 [32m✓[39m [44m[1m TS [22m[49m node_modules/.pnpm/astro@5.14.3_@types+node@22.18.9_@vercel+blob@1.0.2_@vercel+functions@2.2.13_idb-keyval_e74648c81971f273d9a39f121e250003/node_modules/zod/src/v4/core/tests/locales/be.test.ts [2m([22m[2m4 tests[22m[2m)[22m
 [32m✓[39m [44m[1m TS [22m[49m node_modules/.pnpm/astro@5.14.3_@types+node@22.18.9_@vercel+blob@1.0.2_@vercel+functions@2.2.13_idb-keyval_e74648c81971f273d9a39f121e250003/node_modules/zod/src/v4/core/tests/locales/en.test.ts [2m([22m[2m1 test[22m[2m)[22m
 [32m✓[39m [44m[1m TS [22m[49m node_modules/.pnpm/astro@5.14.3_@types+node@22.18.9_@vercel+blob@1.0.2_@vercel+functions@2.2.13_idb-keyval_e74648c81971f273d9a39f121e250003/node_modules/zod/src/v4/core/tests/locales/ru.test.ts [2m([22m[2m4 tests[22m[2m)[22m
 [32m✓[39m [44m[1m TS [22m[49m node_modules/.pnpm/astro@5.14.3_@types+node@22.18.9_@vercel+blob@1.0.2_@vercel+functions@2.2.13_idb-keyval_e74648c81971f273d9a39f121e250003/node_modules/zod/src/v4/core/tests/locales/tr.test.ts [2m([22m[2m2 tests[22m[2m)[22m
 [32m✓[39m [44m[1m TS [22m[49m node_modules/.pnpm/eslint-plugin-react-hooks@7.0.0_eslint@9.37.0_jiti@2.6.1_/node_modules/zod/src/v4/core/tests/locales/be.test.ts [2m([22m[2m4 tests[22m[2m)[22m
 [32m✓[39m [44m[1m TS [22m[49m node_modules/.pnpm/eslint-plugin-react-hooks@7.0.0_eslint@9.37.0_jiti@2.6.1_/node_modules/zod/src/v4/core/tests/locales/en.test.ts [2m([22m[2m1 test[22m[2m)[22m
 [32m✓[39m [44m[1m TS [22m[49m node_modules/.pnpm/eslint-plugin-react-hooks@7.0.0_eslint@9.37.0_jiti@2.6.1_/node_modules/zod/src/v4/core/tests/locales/es.test.ts [2m([22m[2m5 tests[22m[2m)[22m
 [32m✓[39m [44m[1m TS [22m[49m node_modules/.pnpm/eslint-plugin-react-hooks@7.0.0_eslint@9.37.0_jiti@2.6.1_/node_modules/zod/src/v4/core/tests/locales/ru.test.ts [2m([22m[2m4 tests[22m[2m)[22m
 [32m✓[39m [44m[1m TS [22m[49m node_modules/.pnpm/eslint-plugin-react-hooks@7.0.0_eslint@9.37.0_jiti@2.6.1_/node_modules/zod/src/v4/core/tests/locales/tr.test.ts [2m([22m[2m2 tests[22m[2m)[22m
 [32m✓[39m [44m[1m TS [22m[49m node_modules/.pnpm/jazz-tools@0.19.3_@tiptap+pm@2.26.2_csstype@3.1.3_react-dom@19.2.0_react@19.2.0__react@19.2.0/node_modules/zod/src/v4/core/tests/locales/be.test.ts [2m([22m[2m4 tests[22m[2m)[22m
 [32m✓[39m [44m[1m TS [22m[49m node_modules/.pnpm/jazz-tools@0.19.3_@tiptap+pm@2.26.2_csstype@3.1.3_react-dom@19.2.0_react@19.2.0__react@19.2.0/node_modules/zod/src/v4/core/tests/locales/en.test.ts [2m([22m[2m1 test[22m[2m)[22m
 [32m✓[39m [44m[1m TS [22m[49m node_modules/.pnpm/jazz-tools@0.19.3_@tiptap+pm@2.26.2_csstype@3.1.3_react-dom@19.2.0_react@19.2.0__react@19.2.0/node_modules/zod/src/v4/core/tests/locales/es.test.ts [2m([22m[2m5 tests[22m[2m)[22m
 [32m✓[39m [44m[1m TS [22m[49m node_modules/.pnpm/jazz-tools@0.19.3_@tiptap+pm@2.26.2_csstype@3.1.3_react-dom@19.2.0_react@19.2.0__react@19.2.0/node_modules/zod/src/v4/core/tests/locales/ru.test.ts [2m([22m[2m4 tests[22m[2m)[22m
 [32m✓[39m [44m[1m TS [22m[49m node_modules/.pnpm/jazz-tools@0.19.3_@tiptap+pm@2.26.2_csstype@3.1.3_react-dom@19.2.0_react@19.2.0__react@19.2.0/node_modules/zod/src/v4/core/tests/locales/tr.test.ts [2m([22m[2m2 tests[22m[2m)[22m
 [32m✓[39m [44m[1m TS [22m[49m node_modules/.pnpm/jazz-tools@0.18.24_@tiptap+pm@2.26.2_csstype@3.1.3_react-dom@19.2.0_react@19.2.0__react@19.2.0/node_modules/zod/src/v4/core/tests/locales/be.test.ts [2m([22m[2m4 tests[22m[2m)[22m
 [32m✓[39m [44m[1m TS [22m[49m node_modules/.pnpm/jazz-tools@0.18.24_@tiptap+pm@2.26.2_csstype@3.1.3_react-dom@19.2.0_react@19.2.0__react@19.2.0/node_modules/zod/src/v4/core/tests/locales/en.test.ts [2m([22m[2m1 test[22m[2m)[22m
 [32m✓[39m [44m[1m TS [22m[49m node_modules/.pnpm/jazz-tools@0.18.24_@tiptap+pm@2.26.2_csstype@3.1.3_react-dom@19.2.0_react@19.2.0__react@19.2.0/node_modules/zod/src/v4/core/tests/locales/es.test.ts [2m([22m[2m5 tests[22m[2m)[22m
 [32m✓[39m [44m[1m TS [22m[49m node_modules/.pnpm/jazz-tools@0.18.24_@tiptap+pm@2.26.2_csstype@3.1.3_react-dom@19.2.0_react@19.2.0__react@19.2.0/node_modules/zod/src/v4/core/tests/locales/ru.test.ts [2m([22m[2m4 tests[22m[2m)[22m
 [32m✓[39m [44m[1m TS [22m[49m node_modules/.pnpm/jazz-tools@0.18.24_@tiptap+pm@2.26.2_csstype@3.1.3_react-dom@19.2.0_react@19.2.0__react@19.2.0/node_modules/zod/src/v4/core/tests/locales/tr.test.ts [2m([22m[2m2 tests[22m[2m)[22m
 [32m✓[39m [44m[1m TS [22m[49m node_modules/.pnpm/zod-to-json-schema@3.24.6_zod@3.25.76/node_modules/zod/src/v4/core/tests/locales/be.test.ts [2m([22m[2m4 tests[22m[2m)[22m
 [32m✓[39m [44m[1m TS [22m[49m node_modules/.pnpm/zod-to-json-schema@3.24.6_zod@3.25.76/node_modules/zod/src/v4/core/tests/locales/en.test.ts [2m([22m[2m1 test[22m[2m)[22m
 [32m✓[39m [44m[1m TS [22m[49m node_modules/.pnpm/zod-to-json-schema@3.24.6_zod@3.25.76/node_modules/zod/src/v4/core/tests/locales/ru.test.ts [2m([22m[2m4 tests[22m[2m)[22m
 [32m✓[39m [44m[1m TS [22m[49m node_modules/.pnpm/zod-to-json-schema@3.24.6_zod@3.25.76/node_modules/zod/src/v4/core/tests/locales/tr.test.ts [2m([22m[2m2 tests[22m[2m)[22m
 [32m✓[39m [44m[1m TS [22m[49m node_modules/.pnpm/zod-to-ts@1.2.0_typescript@5.9.3_zod@3.25.76/node_modules/zod/src/v4/core/tests/locales/be.test.ts [2m([22m[2m4 tests[22m[2m)[22m
 [32m✓[39m [44m[1m TS [22m[49m node_modules/.pnpm/zod-to-ts@1.2.0_typescript@5.9.3_zod@3.25.76/node_modules/zod/src/v4/core/tests/locales/en.test.ts [2m([22m[2m1 test[22m[2m)[22m
 [32m✓[39m [44m[1m TS [22m[49m node_modules/.pnpm/zod-to-ts@1.2.0_typescript@5.9.3_zod@3.25.76/node_modules/zod/src/v4/core/tests/locales/ru.test.ts [2m([22m[2m4 tests[22m[2m)[22m
 [32m✓[39m [44m[1m TS [22m[49m node_modules/.pnpm/zod-to-ts@1.2.0_typescript@5.9.3_zod@3.25.76/node_modules/zod/src/v4/core/tests/locales/tr.test.ts [2m([22m[2m2 tests[22m[2m)[22m
 [32m✓[39m [44m[1m TS [22m[49m node_modules/.pnpm/zod-validation-error@4.0.2_zod@4.1.12/node_modules/zod/src/v4/core/tests/locales/be.test.ts [2m([22m[2m4 tests[22m[2m)[22m
 [32m✓[39m [44m[1m TS [22m[49m node_modules/.pnpm/zod-validation-error@4.0.2_zod@4.1.12/node_modules/zod/src/v4/core/tests/locales/en.test.ts [2m([22m[2m1 test[22m[2m)[22m
 [32m✓[39m [44m[1m TS [22m[49m node_modules/.pnpm/zod-validation-error@4.0.2_zod@4.1.12/node_modules/zod/src/v4/core/tests/locales/es.test.ts [2m([22m[2m5 tests[22m[2m)[22m
 [32m✓[39m [44m[1m TS [22m[49m node_modules/.pnpm/zod-validation-error@4.0.2_zod@4.1.12/node_modules/zod/src/v4/core/tests/locales/ru.test.ts [2m([22m[2m4 tests[22m[2m)[22m
 [32m✓[39m [44m[1m TS [22m[49m node_modules/.pnpm/zod-validation-error@4.0.2_zod@4.1.12/node_modules/zod/src/v4/core/tests/locales/tr.test.ts [2m([22m[2m2 tests[22m[2m)[22m
[90mstderr[2m | tests/integration/auth-flows.test.ts[2m > [22m[2mAuthentication Flows Integration Tests[2m > [22m[2mlogin loads correct account data
[22m[39mSyntaxError: Expected ',' or '}' after property value in JSON at position 35 (line 1 column 36)
    at JSON.parse (<anonymous>)
    at PureJSSessionLog.decryptNextTransactionChangesJson [90m(file:///home/reader/develop/tilly/[39mnode_modules/[4m.pnpm[24m/cojson@0.19.3/node_modules/[4mcojson[24m/src/crypto/PureJSCrypto.ts:375:21[90m)[39m
    at SessionMap.decryptTransaction [90m(file:///home/reader/develop/tilly/[39mnode_modules/[4m.pnpm[24m/cojson@0.19.3/node_modules/[4mcojson[24m/src/coValueCore/SessionMap.ts:281:39[90m)[39m
    at VerifiedState.decryptTransaction [90m(file:///home/reader/develop/tilly/[39mnode_modules/[4m.pnpm[24m/cojson@0.19.3/node_modules/[4mcojson[24m/src/coValueCore/verifiedState.ts:334:26[90m)[39m
    at decryptTransactionChangesAndMeta [90m(file:///home/reader/develop/tilly/[39mnode_modules/[4m.pnpm[24m/cojson@0.19.3/node_modules/[4mcojson[24m/src/coValueCore/decryptTransactionChangesAndMeta.ts:28:38[90m)[39m
    at CoValueCore.parseNewTransactions [90m(file:///home/reader/develop/tilly/[39mnode_modules/[4m.pnpm[24m/cojson@0.19.3/node_modules/[4mcojson[24m/src/coValueCore/coValueCore.ts:1076:9[90m)[39m
    at CoValueCore.getValidTransactions [90m(file:///home/reader/develop/tilly/[39mnode_modules/[4m.pnpm[24m/cojson@0.19.3/node_modules/[4mcojson[24m/src/coValueCore/coValueCore.ts:1105:10[90m)[39m
    at RawCoMap.processNewTransactions [90m(file:///home/reader/develop/tilly/[39mnode_modules/[4m.pnpm[24m/cojson@0.19.3/node_modules/[4mcojson[24m/src/coValues/coMap.ts:102:44[90m)[39m
    at new RawCoMap [90m(file:///home/reader/develop/tilly/[39mnode_modules/[4m.pnpm[24m/cojson@0.19.3/node_modules/[4mcojson[24m/src/coValues/coMap.ts:94:10[90m)[39m
    at coreToCoValue [90m(file:///home/reader/develop/tilly/[39mnode_modules/[4m.pnpm[24m/cojson@0.19.3/node_modules/[4mcojson[24m/src/coreToCoValue.ts:25:14[90m)[39m
The value is unavailable from co_zQkDaH9SoW4MajvqHiM6Km1Naik on path profile

[90mstderr[2m | tests/integration/auth-flows.test.ts[2m > [22m[2mAuthentication Flows Integration Tests[2m > [22m[2mfailed login shows error
[22m[39mThe value is unavailable from co_zinvalidaccountid123

 [31m❯[39m tests/integration/auth-flows.test.ts [2m([22m[2m7 tests[22m[2m | [22m[31m2 failed[39m[2m)[22m[33m 6066[2mms[22m[39m
   [33m[2m✓[22m[39m Authentication Flows Integration Tests[2m > [22mcomplete signup creates new account [33m 1177[2mms[22m[39m
[31m   [31m×[31m Authentication Flows Integration Tests[2m > [22mprofile is publicly readable[39m[33m 1536[2mms[22m[39m
[31m     → expected false to be true // Object.is equality[39m
   [33m[2m✓[22m[39m Authentication Flows Integration Tests[2m > [22maccount data persists after refresh [33m 742[2mms[22m[39m
   [33m[2m✓[22m[39m Authentication Flows Integration Tests[2m > [22mlogin with existing passkey succeeds [33m 979[2mms[22m[39m
[31m   [31m×[31m Authentication Flows Integration Tests[2m > [22mlogin loads correct account data[39m[33m 1000[2mms[22m[39m
[31m     → Failed to deeply load CoValue co_zQkDaH9SoW4MajvqHiM6Km1Naik[39m
   [32m✓[39m Authentication Flows Integration Tests[2m > [22mfailed login shows error[32m 73[2mms[22m[39m
   [33m[2m✓[22m[39m Authentication Flows Integration Tests[2m > [22muser is redirected after signup [33m 536[2mms[22m[39m
 [32m✓[39m tests/integration/static-build.test.ts [2m([22m[2m22 tests[22m[2m)[22m[33m 10367[2mms[22m[39m
   [33m[2m✓[22m[39m Static Build Integration Tests[2m > [22mApp loads in static mode[2m > [22maccount creation works without server environment variables [33m 1289[2mms[22m[39m
   [33m[2m✓[22m[39m Static Build Integration Tests[2m > [22mApp loads in static mode[2m > [22muser can create and access data in static mode [33m 592[2mms[22m[39m
   [33m[2m✓[22m[39m Static Build Integration Tests[2m > [22mJazz sync works in static mode[2m > [22maccount can be created and data accessed without server features [33m 568[2mms[22m[39m
   [33m[2m✓[22m[39m Static Build Integration Tests[2m > [22mJazz sync works in static mode[2m > [22maccount data persists across sessions [33m 1201[2mms[22m[39m
   [33m[2m✓[22m[39m Static Build Integration Tests[2m > [22mFeature detection works correctly in static mode[2m > [22mhasServerFeatures returns false when no server URL configured [33m 901[2mms[22m[39m
   [33m[2m✓[22m[39m Static Build Integration Tests[2m > [22mFeature detection works correctly in static mode[2m > [22mhasServerFeatures returns true when user configures server URL [33m 742[2mms[22m[39m
   [33m[2m✓[22m[39m Static Build Integration Tests[2m > [22mFeature detection works correctly in static mode[2m > [22mhasAIChat returns false when server not configured [33m 400[2mms[22m[39m
   [33m[2m✓[22m[39m Static Build Integration Tests[2m > [22mFeature detection works correctly in static mode[2m > [22mhasAIChat returns true when server configured and AI enabled [33m 861[2mms[22m[39m
   [33m[2m✓[22m[39m Static Build Integration Tests[2m > [22mFeature detection works correctly in static mode[2m > [22mhasPushNotifications returns false when server not configured [33m 491[2mms[22m[39m
   [33m[2m✓[22m[39m Static Build Integration Tests[2m > [22mFeature detection works correctly in static mode[2m > [22mgetFeatureStatus returns correct status for unconfigured server [33m 627[2mms[22m[39m
   [33m[2m✓[22m[39m Static Build Integration Tests[2m > [22mFeature detection works correctly in static mode[2m > [22mgetFeatureStatus returns correct status after user configures server [33m 456[2mms[22m[39m
   [33m[2m✓[22m[39m Static Build Integration Tests[2m > [22mAPI client works correctly in static mode[2m > [22mgetServerUrl returns null when no server configured [33m 367[2mms[22m[39m
   [33m[2m✓[22m[39m Static Build Integration Tests[2m > [22mAPI client works correctly in static mode[2m > [22mgetServerUrl returns user-configured URL [33m 422[2mms[22m[39m
   [33m[2m✓[22m[39m Static Build Integration Tests[2m > [22mAPI client works correctly in static mode[2m > [22mcreateApiClient returns unconfigured client when no server [33m 483[2mms[22m[39m
   [33m[2m✓[22m[39m Static Build Integration Tests[2m > [22mAPI client works correctly in static mode[2m > [22mcreateApiClient returns configured client after user sets server URL [33m 307[2mms[22m[39m
 [32m✓[39m src/shared/intl/messages.test.ts [2m([22m[2m2 tests[22m[2m)[22m[32m 64[2mms[22m[39m
[90mstderr[2m | tests/integration/api-auth.test.ts[2m > [22m[2mAPI Authentication Integration Tests[2m > [22m[2mmalformed authorization header returns 401
[22m[39mAn Authorization header was found, but it did not start with 'Jazz '. If this is intentional, you can specify the location of the token using the `getToken` option.

[90mstderr[2m | tests/integration/api-auth.test.ts[2m > [22m[2mAPI Authentication Integration Tests[2m > [22m[2mmalformed authorization header returns 401
[22m[39mAn Authorization header was found, but it did not start with 'Jazz '. If this is intentional, you can specify the location of the token using the `getToken` option.

[90mstderr[2m | tests/integration/api-auth.test.ts[2m > [22m[2mAPI Authentication Integration Tests[2m > [22m[2mmalformed authorization header returns 401
[22m[39mAn Authorization header was found, but it did not start with 'Jazz '. If this is intentional, you can specify the location of the token using the `getToken` option.

 [32m✓[39m tests/integration/api-auth.test.ts [2m([22m[2m7 tests[22m[2m)[22m[33m 1829[2mms[22m[39m
   [33m[2m✓[22m[39m API Authentication Integration Tests[2m > [22mauthenticated requests succeed [33m 596[2mms[22m[39m
   [33m[2m✓[22m[39m API Authentication Integration Tests[2m > [22mexpired tokens return 401 [33m 309[2mms[22m[39m
   [33m[2m✓[22m[39m API Authentication Integration Tests[2m > [22mtokens work across different accounts [33m 511[2mms[22m[39m
 [32m✓[39m src/app/lib/api-client-with-fallback.test.ts [2m([22m[2m22 tests[22m[2m)[22m[32m 41[2mms[22m[39m
 [32m✓[39m src/shared/schema/user.test.ts [2m([22m[2m4 tests[22m[2m)[22m[33m 1378[2mms[22m[39m
   [33m[2m✓[22m[39m UserAccount migration[2m > [22mroot initialization creates expected structure [33m 528[2mms[22m[39m
   [33m[2m✓[22m[39m UserAccount migration[2m > [22meveryone reader permission is set [33m 314[2mms[22m[39m
   [33m[2m✓[22m[39m UserAccount migration[2m > [22mmigration is idempotent [33m 305[2mms[22m[39m
 [32m✓[39m src/app/lib/feature-detection.test.ts [2m([22m[2m22 tests[22m[2m)[22m[32m 15[2mms[22m[39m

[31m⎯⎯⎯⎯⎯⎯⎯[39m[1m[41m Failed Tests 2 [49m[22m[31m⎯⎯⎯⎯⎯⎯⎯[39m

[41m[1m FAIL [22m[49m tests/integration/auth-flows.test.ts[2m > [22mAuthentication Flows Integration Tests[2m > [22mprofile is publicly readable
[31m[1mAssertionError[22m: expected false to be true // Object.is equality[39m

[32m- Expected[39m
[31m+ Received[39m

[32m- true[39m
[31m+ false[39m

[36m [2m❯[22m tests/integration/auth-flows.test.ts:[2m92:42[22m[39m
    [90m 90| [39m
    [90m 91| [39m  [90m// Verify profile is readable[39m
    [90m 92| [39m  [34mexpect[39m(profile1FromAccount2[33m.[39m$isLoaded)[33m.[39m[34mtoBe[39m([35mtrue[39m)
    [90m   | [39m                                         [31m^[39m
    [90m 93| [39m  [35mif[39m ([33m![39mprofile1FromAccount2[33m.[39m$isLoaded) [35mreturn[39m
    [90m 94| [39m

[31m[2m⎯⎯⎯⎯⎯⎯⎯⎯⎯⎯⎯⎯⎯⎯⎯⎯⎯⎯⎯⎯⎯⎯⎯⎯[1/2]⎯[22m[39m

[41m[1m FAIL [22m[49m tests/integration/auth-flows.test.ts[2m > [22mAuthentication Flows Integration Tests[2m > [22mlogin loads correct account data
[31m[1mError[22m: Failed to deeply load CoValue co_zQkDaH9SoW4MajvqHiM6Km1Naik[39m
[36m [2m❯[22m ensureCoValueLoaded node_modules/.pnpm/jazz-tools@0.19.3_@tiptap+pm@2.26.2_csstype@3.1.3_react-dom@19.2.0_react@19.2.0__react@19.2.0/node_modules/jazz-tools/src/tools/coValues/interfaces.ts:[2m201:11[22m[39m
    [90m199| [39m
    [90m200| [39m  [35mif[39m ([33m![39mresponse[33m.[39m$isLoaded) {
    [90m201| [39m    throw new Error("Failed to deeply load CoValue " + existing.$jazz.…
    [90m   | [39m          [31m^[39m
    [90m202| [39m  }
    [90m203| [39m
[90m [2m❯[22m tests/integration/auth-flows.test.ts:[2m250:31[22m[39m

[31m[2m⎯⎯⎯⎯⎯⎯⎯⎯⎯⎯⎯⎯⎯⎯⎯⎯⎯⎯⎯⎯⎯⎯⎯⎯[2/2]⎯[22m[39m

[31m⎯⎯⎯⎯⎯⎯[39m[1m[41m Unhandled Errors [49m[22m[31m⎯⎯⎯⎯⎯⎯[39m
[31m[1m
Vitest caught 1 unhandled error during the test run.
This might cause false positive tests. Resolve unhandled errors to make sure your tests are not affected.[22m[39m

[31m⎯⎯⎯⎯⎯⎯[39m[1m[41m Typecheck Error [49m[22m[31m⎯⎯⎯⎯⎯⎯⎯[39m
[31m[1mError[22m: error TS2688: Cannot find type definition file for 'vite/client'.
  The file is in the program because:
    Entry point of type library 'vite/client' specified in compilerOptions
[39m
[31m⎯⎯⎯⎯⎯⎯⎯⎯⎯⎯⎯⎯⎯⎯⎯⎯⎯⎯⎯⎯⎯⎯⎯⎯⎯⎯⎯⎯⎯⎯[39m


[2m Test Files [22m [1m[31m1 failed[39m[22m[2m | [22m[1m[32m3538 passed[39m[22m[90m (3539)[39m
[2m      Tests [22m [1m[31m2 failed[39m[22m[2m | [22m[1m[32m37424 passed[39m[22m[2m | [22m[33m96 skipped[39m[2m | [22m[90m3 todo[39m[90m (37530)[39m
[2mType Errors [22m [2mno errors[22m
[2m     Errors [22m [1m[31m1 error[39m[22m
[2m   Start at [22m 15:34:16
[2m   Duration [22m 61.67s[2m (transform 28.29s, setup 83.31s, collect 20.02s, tests 25.19s, environment 19.41s, prepare 9.58s, typecheck 12.05s)[22m

 ELIFECYCLE  Test failed. See above for more details.
